<html>
<body>
<pre>
<h1>µVision Build Log</h1>
<h2>Tool Versions:</h2>
IDE-Version: ¦ÌVision V5.15
Copyright (C) 2015 ARM Ltd and ARM Germany GmbH. All rights reserved.
License Information: hxx hxx, hxx, LIC=R4HTG-VFFHN-XBSEC-7UNYP-8GH9H-U5787
 
Tool Versions:
Toolchain:       MDK-ARM Professional  Version: 5.15.0
Toolchain Path:  C:\Keil_v5\ARM\ARMCC\Bin
C Compiler:      Armcc.exe V5.05 update 2 (build 169)
Assembler:       Armasm.exe V5.05 update 2 (build 169)
Linker/Locator:  ArmLink.exe V5.05 update 2 (build 169)
Library Manager: ArmAr.exe V5.05 update 2 (build 169)
Hex Converter:   FromElf.exe V5.05 update 2 (build 169)
CPU DLL:         SARMCM3.DLL V5.15.0
Dialog DLL:      DCM.DLL V1.13.2.0
Target DLL:      Segger\JL2CM3.dll V2.99.15.0
Dialog DLL:      TCM.DLL V1.14.5.0
 
<h2>Project:</h2>
Z:\fc\Bootloader\lib\imxrt\sdk_2.4.1_mimxrt1052\boards\evkbimxrt1050\usb_examples\usb_device_composite_cdc_vcom_cdc_vcom\bm\mdk\dev_composite_cdc_vcom_cdc_vcom_bm.uvprojx
Project File Date:  05/24/2018

<h2>Output:</h2>
*** Using Compiler 'V5.05 update 2 (build 169)', folder: 'C:\Keil_v5\ARM\ARMCC\Bin'
Build target 'dev_composite_cdc_vcom_cdc_vcom_bm flexspi_nor_release'
compiling composite.c...
compiling usb_device_descriptor.c...
compiling virtual_com.c...
compiling usb_device_ehci.c...
compiling usb_device_dci.c...
compiling usb_device_ch9.c...
compiling usb_device_class.c...
compiling usb_device_cdc_acm.c...
linking...
Program Size: Code=15416 RO-data=3084 RW-data=644 ZI-data=21428  
FromELF: creating hex file...
"flexspi_nor_release\dev_composite_cdc_vcom_cdc_vcom_bm.out" - 0 Error(s), 0 Warning(s).

<h2>Collection of Component include folders:</h2>
  Z:\fc\Bootloader\lib\imxrt\sdk_2.4.1_mimxrt1052\boards\evkbimxrt1050\usb_examples\usb_device_composite_cdc_vcom_cdc_vcom\bm\mdk\RTE
  C:\Keil_v5\ARM\PACK\NXP\MIMXRT1052_DFP\10.0.1

<h2>Collection of Component Files used:</h2>
</pre>
</body>
</html>
