Archive member included because of file (symbol)

/opt/gcc-arm-none-eabi-4_9-2015q3/bin/../lib/gcc/arm-none-eabi/4.9.3/cortex-m7/fpu/fpv5-sp-d16/libgcc.a(_aeabi_ldivmod.o)
                              build/imxrt1052_bl/lib/imxrt/sdk_2.4.1_mimxrt1052/devices/MIMXRT1052/utilities/str/fsl_str.o (__aeabi_ldivmod)
/opt/gcc-arm-none-eabi-4_9-2015q3/bin/../lib/gcc/arm-none-eabi/4.9.3/cortex-m7/fpu/fpv5-sp-d16/libgcc.a(_aeabi_uldivmod.o)
                              build/imxrt1052_bl/lib/imxrt/sdk_2.4.1_mimxrt1052/devices/MIMXRT1052/system_MIMXRT1052.o (__aeabi_uldivmod)
/opt/gcc-arm-none-eabi-4_9-2015q3/bin/../lib/gcc/arm-none-eabi/4.9.3/cortex-m7/fpu/fpv5-sp-d16/libgcc.a(bpabi.o)
                              /opt/gcc-arm-none-eabi-4_9-2015q3/bin/../lib/gcc/arm-none-eabi/4.9.3/cortex-m7/fpu/fpv5-sp-d16/libgcc.a(_aeabi_ldivmod.o) (__gnu_ldivmod_helper)
/opt/gcc-arm-none-eabi-4_9-2015q3/bin/../lib/gcc/arm-none-eabi/4.9.3/cortex-m7/fpu/fpv5-sp-d16/libgcc.a(_dvmd_tls.o)
                              /opt/gcc-arm-none-eabi-4_9-2015q3/bin/../lib/gcc/arm-none-eabi/4.9.3/cortex-m7/fpu/fpv5-sp-d16/libgcc.a(_aeabi_ldivmod.o) (__aeabi_ldiv0)
/opt/gcc-arm-none-eabi-4_9-2015q3/bin/../lib/gcc/arm-none-eabi/4.9.3/cortex-m7/fpu/fpv5-sp-d16/libgcc.a(_divdi3.o)
                              /opt/gcc-arm-none-eabi-4_9-2015q3/bin/../lib/gcc/arm-none-eabi/4.9.3/cortex-m7/fpu/fpv5-sp-d16/libgcc.a(bpabi.o) (__divdi3)
/opt/gcc-arm-none-eabi-4_9-2015q3/bin/../lib/gcc/arm-none-eabi/4.9.3/cortex-m7/fpu/fpv5-sp-d16/libgcc.a(_udivdi3.o)
                              /opt/gcc-arm-none-eabi-4_9-2015q3/bin/../lib/gcc/arm-none-eabi/4.9.3/cortex-m7/fpu/fpv5-sp-d16/libgcc.a(bpabi.o) (__udivdi3)
/opt/gcc-arm-none-eabi-4_9-2015q3/bin/../lib/gcc/arm-none-eabi/4.9.3/../../../../arm-none-eabi/lib/cortex-m7/fpu/fpv5-sp-d16/libg_nano.a(lib_a-errno.o)
                              build/imxrt1052_bl/lib/imxrt/sdk_2.4.1_mimxrt1052/devices/MIMXRT1052/utilities/fsl_sbrk.o (__errno)
/opt/gcc-arm-none-eabi-4_9-2015q3/bin/../lib/gcc/arm-none-eabi/4.9.3/../../../../arm-none-eabi/lib/cortex-m7/fpu/fpv5-sp-d16/libg_nano.a(lib_a-impure.o)
                              /opt/gcc-arm-none-eabi-4_9-2015q3/bin/../lib/gcc/arm-none-eabi/4.9.3/../../../../arm-none-eabi/lib/cortex-m7/fpu/fpv5-sp-d16/libg_nano.a(lib_a-errno.o) (_impure_ptr)
/opt/gcc-arm-none-eabi-4_9-2015q3/bin/../lib/gcc/arm-none-eabi/4.9.3/../../../../arm-none-eabi/lib/cortex-m7/fpu/fpv5-sp-d16/libg_nano.a(lib_a-malloc.o)
                              build/imxrt1052_bl/lib/imxrt/sdk_2.4.1_mimxrt1052/devices/MIMXRT1052/drivers/fsl_common.o (malloc)
/opt/gcc-arm-none-eabi-4_9-2015q3/bin/../lib/gcc/arm-none-eabi/4.9.3/../../../../arm-none-eabi/lib/cortex-m7/fpu/fpv5-sp-d16/libg_nano.a(lib_a-memcmp.o)
                              build/imxrt1052_bl/lib/imxrt/sdk_2.4.1_mimxrt1052/boards/uavrs_v2/demo_apps/test/board.o (memcmp)
/opt/gcc-arm-none-eabi-4_9-2015q3/bin/../lib/gcc/arm-none-eabi/4.9.3/../../../../arm-none-eabi/lib/cortex-m7/fpu/fpv5-sp-d16/libg_nano.a(lib_a-memmove.o)
                              build/imxrt1052_bl/lib/imxrt/sdk_2.4.1_mimxrt1052/devices/MIMXRT1052/utilities/fsl_shell.o (memmove)
/opt/gcc-arm-none-eabi-4_9-2015q3/bin/../lib/gcc/arm-none-eabi/4.9.3/../../../../arm-none-eabi/lib/cortex-m7/fpu/fpv5-sp-d16/libg_nano.a(lib_a-memset.o)
                              build/imxrt1052_bl/lib/imxrt/sdk_2.4.1_mimxrt1052/devices/MIMXRT1052/drivers/fsl_lpuart.o (memset)
/opt/gcc-arm-none-eabi-4_9-2015q3/bin/../lib/gcc/arm-none-eabi/4.9.3/../../../../arm-none-eabi/lib/cortex-m7/fpu/fpv5-sp-d16/libg_nano.a(lib_a-nano-freer.o)
                              /opt/gcc-arm-none-eabi-4_9-2015q3/bin/../lib/gcc/arm-none-eabi/4.9.3/../../../../arm-none-eabi/lib/cortex-m7/fpu/fpv5-sp-d16/libg_nano.a(lib_a-malloc.o) (_free_r)
/opt/gcc-arm-none-eabi-4_9-2015q3/bin/../lib/gcc/arm-none-eabi/4.9.3/../../../../arm-none-eabi/lib/cortex-m7/fpu/fpv5-sp-d16/libg_nano.a(lib_a-nano-mallocr.o)
                              /opt/gcc-arm-none-eabi-4_9-2015q3/bin/../lib/gcc/arm-none-eabi/4.9.3/../../../../arm-none-eabi/lib/cortex-m7/fpu/fpv5-sp-d16/libg_nano.a(lib_a-malloc.o) (_malloc_r)
/opt/gcc-arm-none-eabi-4_9-2015q3/bin/../lib/gcc/arm-none-eabi/4.9.3/../../../../arm-none-eabi/lib/cortex-m7/fpu/fpv5-sp-d16/libg_nano.a(lib_a-sbrkr.o)
                              /opt/gcc-arm-none-eabi-4_9-2015q3/bin/../lib/gcc/arm-none-eabi/4.9.3/../../../../arm-none-eabi/lib/cortex-m7/fpu/fpv5-sp-d16/libg_nano.a(lib_a-nano-mallocr.o) (_sbrk_r)
/opt/gcc-arm-none-eabi-4_9-2015q3/bin/../lib/gcc/arm-none-eabi/4.9.3/../../../../arm-none-eabi/lib/cortex-m7/fpu/fpv5-sp-d16/libg_nano.a(lib_a-strlen.o)
                              build/imxrt1052_bl/lib/imxrt/sdk_2.4.1_mimxrt1052/devices/MIMXRT1052/utilities/str/fsl_str.o (strlen)
/opt/gcc-arm-none-eabi-4_9-2015q3/bin/../lib/gcc/arm-none-eabi/4.9.3/../../../../arm-none-eabi/lib/cortex-m7/fpu/fpv5-sp-d16/libg_nano.a(lib_a-reent.o)
[...]
Memory Configuration

Name             Origin             Length             Attributes
m_flash_config   0x60000000         0x00001000         xr
m_ivt            0x60001000         0x00001000         xr
m_interrupts     0x60002000         0x00000400         xr
m_text           0x60002400         0x03ffdc00         xr
m_ram_interrupts 0x00000000         0x00000400         xrw
m_ram_text       0x00000400         0x0001fc00         xrw
m_data           0x20000000         0x00020000         rw
m_data2          0x20200000         0x00040000         rw
*default*        0x00000000         0xffffffff

Linker script and memory map

LOAD build/imxrt1052_bl/bl.o
LOAD build/imxrt1052_bl/imxrt/cdcacm.o
LOAD build/imxrt1052_bl/imxrt/usart.o
LOAD build/imxrt1052_bl/lib/imxrt/sdk_2.4.1_mimxrt1052/devices/MIMXRT1052/system_MIMXRT1052.o
LOAD build/imxrt1052_bl/lib/imxrt/sdk_2.4.1_mimxrt1052/devices/MIMXRT1052/drivers/fsl_clock.o
LOAD build/imxrt1052_bl/lib/imxrt/sdk_2.4.1_mimxrt1052/devices/MIMXRT1052/drivers/fsl_gpio.o
LOAD build/imxrt1052_bl/lib/imxrt/sdk_2.4.1_mimxrt1052/devices/MIMXRT1052/drivers/fsl_lpuart.o
LOAD build/imxrt1052_bl/lib/imxrt/sdk_2.4.1_mimxrt1052/devices/MIMXRT1052/drivers/fsl_common.o
LOAD build/imxrt1052_bl/lib/imxrt/sdk_2.4.1_mimxrt1052/devices/MIMXRT1052/drivers/fsl_flexspi.o
LOAD build/imxrt1052_bl/lib/imxrt/sdk_2.4.1_mimxrt1052/devices/MIMXRT1052/utilities/fsl_assert.o
LOAD build/imxrt1052_bl/lib/imxrt/sdk_2.4.1_mimxrt1052/devices/MIMXRT1052/utilities/fsl_notifier.o
LOAD build/imxrt1052_bl/lib/imxrt/sdk_2.4.1_mimxrt1052/devices/MIMXRT1052/utilities/fsl_shell.o
LOAD build/imxrt1052_bl/lib/imxrt/sdk_2.4.1_mimxrt1052/devices/MIMXRT1052/utilities/fsl_sbrk.o
LOAD build/imxrt1052_bl/lib/imxrt/sdk_2.4.1_mimxrt1052/devices/MIMXRT1052/utilities/fsl_debug_console.o
LOAD build/imxrt1052_bl/lib/imxrt/sdk_2.4.1_mimxrt1052/devices/MIMXRT1052/utilities/str/fsl_str.o
LOAD build/imxrt1052_bl/lib/imxrt/sdk_2.4.1_mimxrt1052/devices/MIMXRT1052/utilities/log/fsl_log.o
LOAD build/imxrt1052_bl/lib/imxrt/sdk_2.4.1_mimxrt1052/devices/MIMXRT1052/utilities/io/fsl_io.o
LOAD build/imxrt1052_bl/lib/imxrt/sdk_2.4.1_mimxrt1052/boards/uavrs_v2/demo_apps/test/board.o
LOAD build/imxrt1052_bl/lib/imxrt/sdk_2.4.1_mimxrt1052/boards/uavrs_v2/demo_apps/test/clock_config.o
LOAD build/imxrt1052_bl/lib/imxrt/sdk_2.4.1_mimxrt1052/boards/uavrs_v2/demo_apps/test/pin_mux.o
LOAD build/imxrt1052_bl/lib/imxrt/sdk_2.4.1_mimxrt1052/boards/uavrs_v2/demo_apps/test/bsp/led/bsp_led.o
LOAD build/imxrt1052_bl/lib/imxrt/sdk_2.4.1_mimxrt1052/boards/uavrs_v2/demo_apps/test/xip/uavrs_v2_sdram_ini_dcd.o
LOAD build/imxrt1052_bl/lib/imxrt/sdk_2.4.1_mimxrt1052/boards/uavrs_v2/demo_apps/test/xip/fsl_flexspi_nor_boot.o
LOAD build/imxrt1052_bl/lib/imxrt/sdk_2.4.1_mimxrt1052/boards/uavrs_v2/demo_apps/test/xip/uavrs_v2_flexspi_nor_flash.o
LOAD build/imxrt1052_bl/lib/imxrt/sdk_2.4.1_mimxrt1052/boards/evkbimxrt1050/usb_examples/usb_device_cdc_vcom/bm/usb_device_descriptor.o
LOAD build/imxrt1052_bl/lib/imxrt/sdk_2.4.1_mimxrt1052/boards/evkbimxrt1050/usb_examples/usb_device_cdc_vcom/bm/usb_device_ch9.o
LOAD build/imxrt1052_bl/lib/imxrt/sdk_2.4.1_mimxrt1052/boards/evkbimxrt1050/usb_examples/usb_device_cdc_vcom/bm/usb_device_class.o
LOAD build/imxrt1052_bl/lib/imxrt/sdk_2.4.1_mimxrt1052/boards/evkbimxrt1050/usb_examples/usb_device_cdc_vcom/bm/usb_device_cdc_acm.o
LOAD build/imxrt1052_bl/lib/imxrt/sdk_2.4.1_mimxrt1052/middleware/usb/device/usb_device_ehci.o
LOAD build/imxrt1052_bl/lib/imxrt/sdk_2.4.1_mimxrt1052/middleware/usb/device/usb_device_dci.o
LOAD build/imxrt1052_bl/lib/imxrt/sdk_2.4.1_mimxrt1052/middleware/usb/osa/usb_osa_bm.o
LOAD build/imxrt1052_bl/lib/imxrt/sdk_2.4.1_mimxrt1052/middleware/usb/phy/usb_phy.o
LOAD build/imxrt1052_bl/main_imxrt1052.o
LOAD build/imxrt1052_bl/imxrt.o
LOAD build/imxrt1052_bl/lib/imxrt/sdk_2.4.1_mimxrt1052/devices/MIMXRT1052/gcc/startup_MIMXRT1052.o
LOAD /opt/gcc-arm-none-eabi-4_9-2015q3/bin/../lib/gcc/arm-none-eabi/4.9.3/../../../../arm-none-eabi/lib/cortex-m7/fpu/fpv5-sp-d16/libnosys.a
START GROUP
LOAD /opt/gcc-arm-none-eabi-4_9-2015q3/bin/../lib/gcc/arm-none-eabi/4.9.3/cortex-m7/fpu/fpv5-sp-d16/libgcc.a
LOAD /opt/gcc-arm-none-eabi-4_9-2015q3/bin/../lib/gcc/arm-none-eabi/4.9.3/../../../../arm-none-eabi/lib/cortex-m7/fpu/fpv5-sp-d16/libg_nano.a
LOAD /opt/gcc-arm-none-eabi-4_9-2015q3/bin/../lib/gcc/arm-none-eabi/4.9.3/../../../../arm-none-eabi/lib/cortex-m7/fpu/fpv5-sp-d16/libc_nano.a
END GROUP
START GROUP
LOAD /opt/gcc-arm-none-eabi-4_9-2015q3/bin/../lib/gcc/arm-none-eabi/4.9.3/cortex-m7/fpu/fpv5-sp-d16/libgcc.a
LOAD /opt/gcc-arm-none-eabi-4_9-2015q3/bin/../lib/gcc/arm-none-eabi/4.9.3/../../../../arm-none-eabi/lib/cortex-m7/fpu/fpv5-sp-d16/libc_nano.a
LOAD /opt/gcc-arm-none-eabi-4_9-2015q3/bin/../lib/gcc/arm-none-eabi/4.9.3/../../../../arm-none-eabi/lib/cortex-m7/fpu/fpv5-sp-d16/libnosys.a
END GROUP
START GROUP
LOAD /opt/gcc-arm-none-eabi-4_9-2015q3/bin/../lib/gcc/arm-none-eabi/4.9.3/cortex-m7/fpu/fpv5-sp-d16/libgcc.a
LOAD /opt/gcc-arm-none-eabi-4_9-2015q3/bin/../lib/gcc/arm-none-eabi/4.9.3/../../../../arm-none-eabi/lib/cortex-m7/fpu/fpv5-sp-d16/libc_nano.a
LOAD /opt/gcc-arm-none-eabi-4_9-2015q3/bin/../lib/gcc/arm-none-eabi/4.9.3/../../../../arm-none-eabi/lib/cortex-m7/fpu/fpv5-sp-d16/libnosys.a
END GROUP
                0x00002000                HEAP_SIZE = DEFINED (__heap_size__)?__heap_size__:0x2000
                0x00002000                STACK_SIZE = DEFINED (__stack_size__)?__stack_size__:0x2000

.flash_config   0x60000000      0x200
                0x60000000                . = ALIGN (0x4)
                0x60000000                __FLASH_BASE = .
 *(.boot_hdr.conf)
 .boot_hdr.conf
                0x60000000      0x200 build/imxrt1052_bl/lib/imxrt/sdk_2.4.1_mimxrt1052/boards/uavrs_v2/demo_apps/test/xip/uavrs_v2_flexspi_nor_flash.o
                0x60000000                g_flash_config
                0x60000200                . = ALIGN (0x4)
                0x60001000                ivt_begin = (ORIGIN (m_flash_config) + 0x1000)

.ivt            0x60001000      0x460
                0x60001000                . = ALIGN (0x4)
 *(.boot_hdr.ivt)
 .boot_hdr.ivt  0x60001000       0x20 build/imxrt1052_bl/lib/imxrt/sdk_2.4.1_mimxrt1052/boards/uavrs_v2/demo_apps/test/xip/fsl_flexspi_nor_boot.o
                0x60001000                image_vector_table
 *(.boot_hdr.boot_data)
 .boot_hdr.boot_data
                0x60001020       0x10 build/imxrt1052_bl/lib/imxrt/sdk_2.4.1_mimxrt1052/boards/uavrs_v2/demo_apps/test/xip/fsl_flexspi_nor_boot.o
                0x60001020                boot_data
 *(.boot_hdr.dcd_data)
 .boot_hdr.dcd_data
                0x60001030      0x430 build/imxrt1052_bl/lib/imxrt/sdk_2.4.1_mimxrt1052/boards/uavrs_v2/demo_apps/test/xip/uavrs_v2_sdram_ini_dcd.o
                0x60001030                dcd_data
                0x60001460                . = ALIGN (0x4)

.interrupts     0x60002000      0x400
                0x60002000                __VECTOR_TABLE = .
                0x60002000                . = ALIGN (0x4)
 *(.isr_vector)
 .isr_vector    0x60002000      0x400 build/imxrt1052_bl/lib/imxrt/sdk_2.4.1_mimxrt1052/devices/MIMXRT1052/gcc/startup_MIMXRT1052.o
                0x60002000                __isr_vector
                0x60002400                . = ALIGN (0x4)
                0x00000400                __RAM_VECTOR_TABLE_SIZE_BYTES = 0x400

.ram_interrupts
                0x00000000      0x400
                0x00000000                __VECTOR_RAM = .
                0x00000400                . = (. + __RAM_VECTOR_TABLE_SIZE_BYTES)
 *fill*         0x00000000      0x400 

.text           0x60002400     0x31e4
                0x60002400                . = ALIGN (0x4)
                0x60002400                flash_text_start = .
 *(.text)
 .text          0x60002400      0x1f4 build/imxrt1052_bl/lib/imxrt/sdk_2.4.1_mimxrt1052/devices/MIMXRT1052/gcc/startup_MIMXRT1052.o
                0x60002400                Reset_Handler
                0x60002448                USB_PHY1_IRQHandler
                0x60002448                LPSPI2_DriverIRQHandler
                0x60002448                SJC_IRQHandler
                0x60002448                ADC_ETC_IRQ0_IRQHandler
                0x60002448                DebugMon_Handler
                0x60002448                SAI3_RX_DriverIRQHandler
                0x60002448                PXP_IRQHandler
                0x60002448                DMA13_DMA29_DriverIRQHandler
                0x60002448                Reserved86_IRQHandler
                0x60002448                SRC_IRQHandler
                0x60002448                LPSPI4_DriverIRQHandler
                0x60002448                GPIO2_Combined_0_15_IRQHandler
                0x60002448                SPDIF_DriverIRQHandler
                0x60002448                GPIO1_INT2_IRQHandler
                0x60002448                CSI_IRQHandler
                0x60002448                SNVS_LP_WRAPPER_IRQHandler
                0x60002448                ENC2_IRQHandler
                0x60002448                PWM2_2_IRQHandler
                0x60002448                ANATOP_TEMP_PANIC_IRQHandler
                0x60002448                Reserved168_IRQHandler
                0x60002448                PWM4_FAULT_IRQHandler
                0x60002448                GPIO1_INT7_IRQHandler
                0x60002448                CCM_1_IRQHandler
                0x60002448                ADC_ETC_IRQ1_IRQHandler
                0x60002448                DMA7_DMA23_DriverIRQHandler
                0x60002448                CTI0_ERROR_IRQHandler
                0x60002448                GPIO5_Combined_0_15_IRQHandler
                0x60002448                PWM1_0_IRQHandler
                0x60002448                Reserved68_IRQHandler
                0x60002448                LPI2C3_DriverIRQHandler
                0x60002448                USB_PHY2_IRQHandler
                0x60002448                TSC_DIG_IRQHandler
                0x60002448                GPIO4_Combined_0_15_IRQHandler
                0x60002448                PWM2_0_IRQHandler
                0x60002448                DCP_VMI_IRQHandler
                0x60002448                DMA14_DMA30_DriverIRQHandler
                0x60002448                ENET_1588_Timer_DriverIRQHandler
                0x60002448                PWM2_1_IRQHandler
                0x60002448                PWM2_FAULT_IRQHandler
                0x60002448                FLEXIO2_DriverIRQHandler
                0x60002448                UsageFault_Handler
                0x60002448                WDOG1_IRQHandler
                0x60002448                GPT1_IRQHandler
                0x60002448                PWM4_1_IRQHandler
                0x60002448                ACMP4_IRQHandler
                0x60002448                SEMC_IRQHandler
                0x60002448                DMA0_DMA16_DriverIRQHandler
                0x60002448                DefaultISR
                0x60002448                PWM1_1_IRQHandler
                0x60002448                DMA2_DMA18_DriverIRQHandler
                0x60002448                PWM3_0_IRQHandler
                0x60002448                USDHC1_DriverIRQHandler
                0x60002448                PWM3_3_IRQHandler
                0x60002448                GPIO1_INT0_IRQHandler
                0x60002448                CSU_IRQHandler
                0x60002448                ADC1_IRQHandler
                0x60002448                FLEXIO1_DriverIRQHandler
                0x60002448                ENET_DriverIRQHandler
                0x60002448                GPIO1_Combined_16_31_IRQHandler
                0x60002448                RTWDOG_IRQHandler
                0x60002448                SAI1_DriverIRQHandler
                0x60002448                DMA12_DMA28_DriverIRQHandler
                0x60002448                ENC3_IRQHandler
                0x60002448                GPIO3_Combined_16_31_IRQHandler
                0x60002448                EWM_IRQHandler
                0x60002448                WDOG2_IRQHandler
                0x60002448                GPIO1_INT5_IRQHandler
                0x60002448                PWM3_1_IRQHandler
                0x60002448                ANATOP_TAMP_LOW_HIGH_IRQHandler
                0x60002448                PWM2_3_IRQHandler
                0x60002448                CORE_IRQHandler
                0x60002448                DMA10_DMA26_DriverIRQHandler
                0x60002448                Reserved172_IRQHandler
                0x60002448                GPIO1_INT6_IRQHandler
                0x60002448                PWM1_2_IRQHandler
                0x60002448                Reserved144_IRQHandler
                0x60002448                GPR_IRQ_IRQHandler
                0x60002448                GPC_IRQHandler
                0x60002448                DCDC_IRQHandler
                0x60002448                GPIO3_Combined_0_15_IRQHandler
                0x60002448                PWM4_3_IRQHandler
                0x60002448                Reserved173_IRQHandler
                0x60002448                DMA1_DMA17_DriverIRQHandler
                0x60002448                CAN2_DriverIRQHandler
                0x60002448                GPIO5_Combined_16_31_IRQHandler
                0x60002448                TMR2_IRQHandler
                0x60002448                ADC_ETC_ERROR_IRQ_IRQHandler
                0x60002448                DMA8_DMA24_DriverIRQHandler
                0x60002448                PWM4_2_IRQHandler
                0x60002448                DMA6_DMA22_DriverIRQHandler
                0x60002448                BEE_IRQHandler
                0x60002448                GPIO1_INT1_IRQHandler
                0x60002448                ADC_ETC_IRQ2_IRQHandler
                0x60002448                GPIO1_INT4_IRQHandler
                0x60002448                CCM_2_IRQHandler
                0x60002448                KPP_IRQHandler
                0x60002448                ADC2_IRQHandler
                0x60002448                USDHC2_DriverIRQHandler
                0x60002448                MemManage_Handler
                0x60002448                SAI2_DriverIRQHandler
                0x60002448                PIT_IRQHandler
                0x60002448                Reserved115_IRQHandler
                0x60002448                SNVS_HP_WRAPPER_IRQHandler
                0x60002448                DMA11_DMA27_DriverIRQHandler
                0x60002448                XBAR1_IRQ_2_3_IRQHandler
                0x60002448                PWM3_2_IRQHandler
                0x60002448                LPI2C1_DriverIRQHandler
                0x60002448                DCP_IRQHandler
                0x60002448                Reserved171_IRQHandler
                0x60002448                Reserved123_IRQHandler
                0x60002448                DMA4_DMA20_DriverIRQHandler
                0x60002448                GPIO1_INT3_IRQHandler
                0x60002448                SJC_ARM_DEBUG_IRQHandler
                0x60002448                DMA9_DMA25_DriverIRQHandler
                0x60002448                GPIO1_Combined_0_15_IRQHandler
                0x60002448                LPSPI1_DriverIRQHandler
                0x60002448                DMA3_DMA19_DriverIRQHandler
                0x60002448                TMR4_IRQHandler
                0x60002448                ACMP3_IRQHandler
                0x60002448                ENC1_IRQHandler
                0x60002448                PWM1_FAULT_IRQHandler
                0x60002448                Reserved143_IRQHandler
                0x60002448                ANATOP_EVENT0_IRQHandler
                0x60002448                GPIO2_Combined_16_31_IRQHandler
                0x60002448                LPI2C4_DriverIRQHandler
                0x60002448                TMR3_IRQHandler
                0x60002448                XBAR1_IRQ_0_1_IRQHandler
                0x60002448                Reserved169_IRQHandler
                0x60002448                SNVS_HP_WRAPPER_TZ_IRQHandler
                0x60002448                SAI3_TX_DriverIRQHandler
                0x60002448                Reserved170_IRQHandler
                0x60002448                ACMP2_IRQHandler
                0x60002448                GPT2_IRQHandler
                0x60002448                FLEXRAM_IRQHandler
                0x60002448                DMA5_DMA21_DriverIRQHandler
                0x60002448                ACMP1_IRQHandler
                0x60002448                BusFault_Handler
                0x60002448                Reserved87_IRQHandler
                0x60002448                DMA15_DMA31_DriverIRQHandler
                0x60002448                GPIO4_Combined_16_31_IRQHandler
                0x60002448                LPSPI3_DriverIRQHandler
                0x60002448                ENC4_IRQHandler
                0x60002448                LPI2C2_DriverIRQHandler
                0x60002448                DMA_ERROR_DriverIRQHandler
                0x60002448                PWM4_0_IRQHandler
                0x60002448                CAN1_DriverIRQHandler
                0x60002448                TMR1_IRQHandler
                0x60002448                TRNG_IRQHandler
                0x60002448                LCDIF_IRQHandler
                0x60002448                PWM3_FAULT_IRQHandler
                0x60002448                ANATOP_EVENT1_IRQHandler
                0x60002448                CTI1_ERROR_IRQHandler
                0x60002448                PWM1_3_IRQHandler
                0x6000244c                NMI_Handler
                0x60002450                HardFault_Handler
                0x60002454                SVC_Handler
                0x60002458                PendSV_Handler
                0x6000245c                SysTick_Handler
                0x60002460                NMI_WAKEUP_IRQHandler
                0x60002464                DMA0_DMA16_IRQHandler
                0x60002468                DMA1_DMA17_IRQHandler
                0x6000246c                DMA2_DMA18_IRQHandler
                0x60002470                DMA3_DMA19_IRQHandler
                0x60002474                DMA4_DMA20_IRQHandler
                0x60002478                DMA5_DMA21_IRQHandler
                0x6000247c                DMA6_DMA22_IRQHandler
                0x60002480                DMA7_DMA23_IRQHandler
                0x60002484                DMA8_DMA24_IRQHandler
                0x60002488                DMA9_DMA25_IRQHandler
                0x6000248c                DMA10_DMA26_IRQHandler
                0x60002490                DMA11_DMA27_IRQHandler
                0x60002494                DMA12_DMA28_IRQHandler
                0x60002498                DMA13_DMA29_IRQHandler
                0x6000249c                DMA14_DMA30_IRQHandler
                0x600024a0                DMA15_DMA31_IRQHandler
                0x600024a4                DMA_ERROR_IRQHandler
                0x600024a8                LPUART1_IRQHandler
                0x600024ac                LPUART2_IRQHandler
                0x600024b0                LPUART3_IRQHandler
                0x600024b4                LPUART4_IRQHandler
                0x600024b8                LPUART5_IRQHandler
                0x600024bc                LPUART6_IRQHandler
                0x600024c0                LPUART7_IRQHandler
                0x600024c4                LPUART8_IRQHandler
                0x600024c8                LPI2C1_IRQHandler
                0x600024cc                LPI2C2_IRQHandler
                0x600024d0                LPI2C3_IRQHandler
                0x600024d4                LPI2C4_IRQHandler
                0x600024d8                LPSPI1_IRQHandler
                0x600024dc                LPSPI2_IRQHandler
                0x600024e0                LPSPI3_IRQHandler
                0x600024e4                LPSPI4_IRQHandler
                0x600024e8                CAN1_IRQHandler
                0x600024ec                CAN2_IRQHandler
                0x600024f0                SAI1_IRQHandler
                0x600024f4                SAI2_IRQHandler
                0x600024f8                SAI3_RX_IRQHandler
                0x600024fc                SAI3_TX_IRQHandler
                0x60002500                SPDIF_IRQHandler
                0x60002504                FLEXIO1_IRQHandler
                0x60002508                FLEXIO2_IRQHandler
                0x6000250c                FLEXSPI_IRQHandler
                0x60002510                USDHC1_IRQHandler
                0x60002514                USDHC2_IRQHandler
                0x60002518                ENET_IRQHandler
                0x6000251c                ENET_1588_Timer_IRQHandler
 .text          0x600025f4       0x38 /opt/gcc-arm-none-eabi-4_9-2015q3/bin/../lib/gcc/arm-none-eabi/4.9.3/cortex-m7/fpu/fpv5-sp-d16/libgcc.a(_aeabi_ldivmod.o)
                0x600025f4                __aeabi_ldivmod
 .text          0x6000262c       0x30 /opt/gcc-arm-none-eabi-4_9-2015q3/bin/../lib/gcc/arm-none-eabi/4.9.3/cortex-m7/fpu/fpv5-sp-d16/libgcc.a(_aeabi_uldivmod.o)
                0x6000262c                __aeabi_uldivmod
 .text          0x6000265c       0x60 /opt/gcc-arm-none-eabi-4_9-2015q3/bin/../lib/gcc/arm-none-eabi/4.9.3/cortex-m7/fpu/fpv5-sp-d16/libgcc.a(bpabi.o)
                0x6000265c                __gnu_ldivmod_helper
                0x6000268c                __gnu_uldivmod_helper
 .text          0x600026bc        0x4 /opt/gcc-arm-none-eabi-4_9-2015q3/bin/../lib/gcc/arm-none-eabi/4.9.3/cortex-m7/fpu/fpv5-sp-d16/libgcc.a(_dvmd_tls.o)
                0x600026bc                __aeabi_ldiv0
                0x600026bc                __aeabi_idiv0
 .text          0x600026c0      0x284 /opt/gcc-arm-none-eabi-4_9-2015q3/bin/../lib/gcc/arm-none-eabi/4.9.3/cortex-m7/fpu/fpv5-sp-d16/libgcc.a(_divdi3.o)
                0x600026c0                __divdi3
 .text          0x60002944      0x248 /opt/gcc-arm-none-eabi-4_9-2015q3/bin/../lib/gcc/arm-none-eabi/4.9.3/cortex-m7/fpu/fpv5-sp-d16/libgcc.a(_udivdi3.o)
                0x60002944                __udivdi3
 *(.text*)
 .text.USB_OTG1_IRQHandler
                0x60002b8c        0xc build/imxrt1052_bl/imxrt/cdcacm.o
                0x60002b8c                USB_OTG1_IRQHandler
 .text.USB_OTG2_IRQHandler
                0x60002b98        0xc build/imxrt1052_bl/imxrt/cdcacm.o
                0x60002b98                USB_OTG2_IRQHandler
 .text.SystemInitHook
                0x60002ba4        0x2 build/imxrt1052_bl/lib/imxrt/sdk_2.4.1_mimxrt1052/devices/MIMXRT1052/system_MIMXRT1052.o
                0x60002ba4                SystemInitHook
 *fill*         0x60002ba6        0x2 
 .text.SystemInit
                0x60002ba8      0x118 build/imxrt1052_bl/lib/imxrt/sdk_2.4.1_mimxrt1052/devices/MIMXRT1052/system_MIMXRT1052.o
                0x60002ba8                SystemInit
 .text.CLOCK_GetOscFreq
                0x60002cc0       0x20 build/imxrt1052_bl/lib/imxrt/sdk_2.4.1_mimxrt1052/devices/MIMXRT1052/drivers/fsl_clock.o
 .text.CLOCK_InitArmPll
                0x60002ce0       0x44 build/imxrt1052_bl/lib/imxrt/sdk_2.4.1_mimxrt1052/devices/MIMXRT1052/drivers/fsl_clock.o
                0x60002ce0                CLOCK_InitArmPll
 .text.CLOCK_InitSysPll
                0x60002d24       0x44 build/imxrt1052_bl/lib/imxrt/sdk_2.4.1_mimxrt1052/devices/MIMXRT1052/drivers/fsl_clock.o
                0x60002d24                CLOCK_InitSysPll
 .text.CLOCK_InitUsb1Pll
                0x60002d68       0x48 build/imxrt1052_bl/lib/imxrt/sdk_2.4.1_mimxrt1052/devices/MIMXRT1052/drivers/fsl_clock.o
                0x60002d68                CLOCK_InitUsb1Pll
 .text.CLOCK_GetPllFreq
                0x60002db0      0x1a0 build/imxrt1052_bl/lib/imxrt/sdk_2.4.1_mimxrt1052/devices/MIMXRT1052/drivers/fsl_clock.o
                0x60002db0                CLOCK_GetPllFreq
 .text.CLOCK_InitUsb1Pfd
                0x60002f50       0x30 build/imxrt1052_bl/lib/imxrt/sdk_2.4.1_mimxrt1052/devices/MIMXRT1052/drivers/fsl_clock.o
                0x60002f50                CLOCK_InitUsb1Pfd
 .text.CLOCK_GetSysPfdFreq
                0x60002f80       0x5c build/imxrt1052_bl/lib/imxrt/sdk_2.4.1_mimxrt1052/devices/MIMXRT1052/drivers/fsl_clock.o
                0x60002f80                CLOCK_GetSysPfdFreq
 .text.CLOCK_GetPeriphClkFreq
                0x60002fdc       0x94 build/imxrt1052_bl/lib/imxrt/sdk_2.4.1_mimxrt1052/devices/MIMXRT1052/drivers/fsl_clock.o
 .text.CLOCK_GetUsb1PfdFreq
                0x60003070       0x5c build/imxrt1052_bl/lib/imxrt/sdk_2.4.1_mimxrt1052/devices/MIMXRT1052/drivers/fsl_clock.o
                0x60003070                CLOCK_GetUsb1PfdFreq
 .text.CLOCK_GetFreq
                0x600030cc      0x104 build/imxrt1052_bl/lib/imxrt/sdk_2.4.1_mimxrt1052/devices/MIMXRT1052/drivers/fsl_clock.o
                0x600030cc                CLOCK_GetFreq
 .text.GPIO_PinWrite
                0x600031d0       0x18 build/imxrt1052_bl/lib/imxrt/sdk_2.4.1_mimxrt1052/devices/MIMXRT1052/drivers/fsl_gpio.o
                0x600031d0                GPIO_PinWrite
 .text.GPIO_PinSetInterruptConfig
                0x600031e8       0x76 build/imxrt1052_bl/lib/imxrt/sdk_2.4.1_mimxrt1052/devices/MIMXRT1052/drivers/fsl_gpio.o
                0x600031e8                GPIO_PinSetInterruptConfig
 *fill*         0x6000325e        0x2 
 .text.GPIO_PinInit
                0x60003260       0x78 build/imxrt1052_bl/lib/imxrt/sdk_2.4.1_mimxrt1052/devices/MIMXRT1052/drivers/fsl_gpio.o
                0x60003260                GPIO_PinInit
 .text.CLOCK_ControlGate
                0x600032d8       0x24 build/imxrt1052_bl/lib/imxrt/sdk_2.4.1_mimxrt1052/devices/MIMXRT1052/drivers/fsl_lpuart.o
 .text.LPUART_GetInstance
                0x600032fc       0x1c build/imxrt1052_bl/lib/imxrt/sdk_2.4.1_mimxrt1052/devices/MIMXRT1052/drivers/fsl_lpuart.o
                0x600032fc                LPUART_GetInstance
 .text.LPUART_Init
                0x60003318      0x1a4 build/imxrt1052_bl/lib/imxrt/sdk_2.4.1_mimxrt1052/devices/MIMXRT1052/drivers/fsl_lpuart.o
                0x60003318                LPUART_Init
 .text.LPUART_GetDefaultConfig
                0x600034bc       0x26 build/imxrt1052_bl/lib/imxrt/sdk_2.4.1_mimxrt1052/devices/MIMXRT1052/drivers/fsl_lpuart.o
                0x600034bc                LPUART_GetDefaultConfig
 .text.LPUART_GetStatusFlags
                0x600034e2        0xe build/imxrt1052_bl/lib/imxrt/sdk_2.4.1_mimxrt1052/devices/MIMXRT1052/drivers/fsl_lpuart.o
                0x600034e2                LPUART_GetStatusFlags
 .text.LPUART_ClearStatusFlags
                0x600034f0       0x4c build/imxrt1052_bl/lib/imxrt/sdk_2.4.1_mimxrt1052/devices/MIMXRT1052/drivers/fsl_lpuart.o
                0x600034f0                LPUART_ClearStatusFlags
 .text.LPUART_WriteBlocking
                0x6000353c       0x16 build/imxrt1052_bl/lib/imxrt/sdk_2.4.1_mimxrt1052/devices/MIMXRT1052/drivers/fsl_lpuart.o
                0x6000353c                LPUART_WriteBlocking
 .text.LPUART_ReadBlocking
                0x60003552       0x94 build/imxrt1052_bl/lib/imxrt/sdk_2.4.1_mimxrt1052/devices/MIMXRT1052/drivers/fsl_lpuart.o
                0x60003552                LPUART_ReadBlocking
 *fill*         0x600035e6        0x2 
 .text.LPUART1_DriverIRQHandler
                0x600035e8       0x14 build/imxrt1052_bl/lib/imxrt/sdk_2.4.1_mimxrt1052/devices/MIMXRT1052/drivers/fsl_lpuart.o
                0x600035e8                LPUART1_DriverIRQHandler
 .text.LPUART2_DriverIRQHandler
                0x600035fc       0x14 build/imxrt1052_bl/lib/imxrt/sdk_2.4.1_mimxrt1052/devices/MIMXRT1052/drivers/fsl_lpuart.o
                0x600035fc                LPUART2_DriverIRQHandler
 .text.LPUART3_DriverIRQHandler
                0x60003610       0x14 build/imxrt1052_bl/lib/imxrt/sdk_2.4.1_mimxrt1052/devices/MIMXRT1052/drivers/fsl_lpuart.o
                0x60003610                LPUART3_DriverIRQHandler
 .text.LPUART4_DriverIRQHandler
                0x60003624       0x14 build/imxrt1052_bl/lib/imxrt/sdk_2.4.1_mimxrt1052/devices/MIMXRT1052/drivers/fsl_lpuart.o
                0x60003624                LPUART4_DriverIRQHandler
 .text.LPUART5_DriverIRQHandler
                0x60003638       0x14 build/imxrt1052_bl/lib/imxrt/sdk_2.4.1_mimxrt1052/devices/MIMXRT1052/drivers/fsl_lpuart.o
                0x60003638                LPUART5_DriverIRQHandler
 .text.LPUART6_DriverIRQHandler
                0x6000364c       0x14 build/imxrt1052_bl/lib/imxrt/sdk_2.4.1_mimxrt1052/devices/MIMXRT1052/drivers/fsl_lpuart.o
                0x6000364c                LPUART6_DriverIRQHandler
 .text.LPUART7_DriverIRQHandler
                0x60003660       0x14 build/imxrt1052_bl/lib/imxrt/sdk_2.4.1_mimxrt1052/devices/MIMXRT1052/drivers/fsl_lpuart.o
                0x60003660                LPUART7_DriverIRQHandler
 .text.LPUART8_DriverIRQHandler
                0x60003674       0x14 build/imxrt1052_bl/lib/imxrt/sdk_2.4.1_mimxrt1052/devices/MIMXRT1052/drivers/fsl_lpuart.o
                0x60003674                LPUART8_DriverIRQHandler
 .text.FLEXSPI_GetBusIdleStatus
                0x60003688       0x1c build/imxrt1052_bl/lib/imxrt/sdk_2.4.1_mimxrt1052/devices/MIMXRT1052/drivers/fsl_flexspi.o
 .text.FLEXSPI_CheckAndClearError
                0x600036a4       0x4e build/imxrt1052_bl/lib/imxrt/sdk_2.4.1_mimxrt1052/devices/MIMXRT1052/drivers/fsl_flexspi.o
                0x600036a4                FLEXSPI_CheckAndClearError
 *fill*         0x600036f2        0x2 
 .text.FLEXSPI_Init
                0x600036f4      0x17c build/imxrt1052_bl/lib/imxrt/sdk_2.4.1_mimxrt1052/devices/MIMXRT1052/drivers/fsl_flexspi.o
                0x600036f4                FLEXSPI_Init
 .text.FLEXSPI_GetDefaultConfig
                0x60003870       0x78 build/imxrt1052_bl/lib/imxrt/sdk_2.4.1_mimxrt1052/devices/MIMXRT1052/drivers/fsl_flexspi.o
                0x60003870                FLEXSPI_GetDefaultConfig
 .text.FLEXSPI_SetFlashConfig
                0x600038e8      0x144 build/imxrt1052_bl/lib/imxrt/sdk_2.4.1_mimxrt1052/devices/MIMXRT1052/drivers/fsl_flexspi.o
                0x600038e8                FLEXSPI_SetFlashConfig
 .text.FLEXSPI_UpdateLUT
                0x60003a2c       0x50 build/imxrt1052_bl/lib/imxrt/sdk_2.4.1_mimxrt1052/devices/MIMXRT1052/drivers/fsl_flexspi.o
                0x60003a2c                FLEXSPI_UpdateLUT
 .text.FLEXSPI_WriteBlocking
                0x60003a7c       0x7e build/imxrt1052_bl/lib/imxrt/sdk_2.4.1_mimxrt1052/devices/MIMXRT1052/drivers/fsl_flexspi.o
                0x60003a7c                FLEXSPI_WriteBlocking
 .text.FLEXSPI_ReadBlocking
                0x60003afa       0xb0 build/imxrt1052_bl/lib/imxrt/sdk_2.4.1_mimxrt1052/devices/MIMXRT1052/drivers/fsl_flexspi.o
                0x60003afa                FLEXSPI_ReadBlocking
 .text.FLEXSPI_TransferBlocking
                0x60003baa       0xb8 build/imxrt1052_bl/lib/imxrt/sdk_2.4.1_mimxrt1052/devices/MIMXRT1052/drivers/fsl_flexspi.o
                0x60003baa                FLEXSPI_TransferBlocking
 .text.FLEXSPI_TransferHandleIRQ
                0x60003c62      0x14e build/imxrt1052_bl/lib/imxrt/sdk_2.4.1_mimxrt1052/devices/MIMXRT1052/drivers/fsl_flexspi.o
                0x60003c62                FLEXSPI_TransferHandleIRQ
 .text.FLEXSPI_DriverIRQHandler
                0x60003db0       0x14 build/imxrt1052_bl/lib/imxrt/sdk_2.4.1_mimxrt1052/devices/MIMXRT1052/drivers/fsl_flexspi.o
                0x60003db0                FLEXSPI_DriverIRQHandler
 .text.DbgConsole_RelocateLog
                0x60003dc4       0x38 build/imxrt1052_bl/lib/imxrt/sdk_2.4.1_mimxrt1052/devices/MIMXRT1052/utilities/fsl_debug_console.o
 .text.DbgConsole_Init
                0x60003dfc       0x10 build/imxrt1052_bl/lib/imxrt/sdk_2.4.1_mimxrt1052/devices/MIMXRT1052/utilities/fsl_debug_console.o
                0x60003dfc                DbgConsole_Init
 .text.DbgConsole_Printf
                0x60003e0c       0x3c build/imxrt1052_bl/lib/imxrt/sdk_2.4.1_mimxrt1052/devices/MIMXRT1052/utilities/fsl_debug_console.o
                0x60003e0c                DbgConsole_Printf
 .text.StrFormatPrintf
                0x60003e48      0x57e build/imxrt1052_bl/lib/imxrt/sdk_2.4.1_mimxrt1052/devices/MIMXRT1052/utilities/str/fsl_str.o
                0x60003e48                StrFormatPrintf
 .text.LOG_Init
                0x600043c6       0x1c build/imxrt1052_bl/lib/imxrt/sdk_2.4.1_mimxrt1052/devices/MIMXRT1052/utilities/log/fsl_log.o
                0x600043c6                LOG_Init
 .text.LOG_Pop  0x600043e2       0x18 build/imxrt1052_bl/lib/imxrt/sdk_2.4.1_mimxrt1052/devices/MIMXRT1052/utilities/log/fsl_log.o
                0x600043e2                LOG_Pop
 .text.LOG_Push
                0x600043fa        0x4 build/imxrt1052_bl/lib/imxrt/sdk_2.4.1_mimxrt1052/devices/MIMXRT1052/utilities/log/fsl_log.o
                0x600043fa                LOG_Push
 *fill*         0x600043fe        0x2 
 .text.IO_Init  0x60004400       0x44 build/imxrt1052_bl/lib/imxrt/sdk_2.4.1_mimxrt1052/devices/MIMXRT1052/utilities/io/fsl_io.o
                0x60004400                IO_Init
 .text.IO_Transfer
                0x60004444       0x30 build/imxrt1052_bl/lib/imxrt/sdk_2.4.1_mimxrt1052/devices/MIMXRT1052/utilities/io/fsl_io.o
                0x60004444                IO_Transfer
 .text.SCB_DisableDCache
                0x60004474       0x54 build/imxrt1052_bl/lib/imxrt/sdk_2.4.1_mimxrt1052/boards/uavrs_v2/demo_apps/test/board.o
 .text.FLEXSPI_SoftwareReset.constprop.6
                0x600044c8       0x18 build/imxrt1052_bl/lib/imxrt/sdk_2.4.1_mimxrt1052/boards/uavrs_v2/demo_apps/test/board.o
 .text.flexspi_nor_hyperbus_read
                0x600044e0       0x2a build/imxrt1052_bl/lib/imxrt/sdk_2.4.1_mimxrt1052/boards/uavrs_v2/demo_apps/test/board.o
                0x600044e0                flexspi_nor_hyperbus_read
 .text.flexspi_nor_hyperbus_write
                0x6000450a       0x2c build/imxrt1052_bl/lib/imxrt/sdk_2.4.1_mimxrt1052/boards/uavrs_v2/demo_apps/test/board.o
                0x6000450a                flexspi_nor_hyperbus_write
 *fill*         0x60004536        0x2 
 .text.flexspi_nor_hyperflash_cfi
                0x60004538       0x8c build/imxrt1052_bl/lib/imxrt/sdk_2.4.1_mimxrt1052/boards/uavrs_v2/demo_apps/test/board.o
                0x60004538                flexspi_nor_hyperflash_cfi
 .text.board_init_power
                0x600045c4       0x34 build/imxrt1052_bl/lib/imxrt/sdk_2.4.1_mimxrt1052/boards/uavrs_v2/demo_apps/test/board.o
                0x600045c4                board_init_power
 .text.board_init_led
                0x600045f8       0x38 build/imxrt1052_bl/lib/imxrt/sdk_2.4.1_mimxrt1052/boards/uavrs_v2/demo_apps/test/board.o
                0x600045f8                board_init_led
 .text.board_init_hyperflash
                0x60004630       0x90 build/imxrt1052_bl/lib/imxrt/sdk_2.4.1_mimxrt1052/boards/uavrs_v2/demo_apps/test/board.o
                0x60004630                board_init_hyperflash
 .text.system_clock_info
                0x600046c0       0xac build/imxrt1052_bl/lib/imxrt/sdk_2.4.1_mimxrt1052/boards/uavrs_v2/demo_apps/test/board.o
                0x600046c0                system_clock_info
 .text.BOARD_DebugConsoleSrcFreq
                0x6000476c       0x5c build/imxrt1052_bl/lib/imxrt/sdk_2.4.1_mimxrt1052/boards/uavrs_v2/demo_apps/test/board.o
                0x6000476c                BOARD_DebugConsoleSrcFreq
 .text.BOARD_InitDebugConsole
                0x600047c8       0x1c build/imxrt1052_bl/lib/imxrt/sdk_2.4.1_mimxrt1052/boards/uavrs_v2/demo_apps/test/board.o
                0x600047c8                BOARD_InitDebugConsole
 .text.CopyAndUseRAMVectorTable
                0x600047e4       0x48 build/imxrt1052_bl/lib/imxrt/sdk_2.4.1_mimxrt1052/boards/uavrs_v2/demo_apps/test/board.o
                0x600047e4                CopyAndUseRAMVectorTable
 .text.BOARD_ConfigMPU
                0x6000482c      0x160 build/imxrt1052_bl/lib/imxrt/sdk_2.4.1_mimxrt1052/boards/uavrs_v2/demo_apps/test/board.o
                0x6000482c                BOARD_ConfigMPU
 .text.CLOCK_SetMux
                0x6000498c       0x40 build/imxrt1052_bl/lib/imxrt/sdk_2.4.1_mimxrt1052/boards/uavrs_v2/demo_apps/test/clock_config.o
 .text.CLOCK_SetDiv
                0x600049cc       0x40 build/imxrt1052_bl/lib/imxrt/sdk_2.4.1_mimxrt1052/boards/uavrs_v2/demo_apps/test/clock_config.o
 .text.BOARD_BootClockRUN
                0x60004a0c      0x2fc build/imxrt1052_bl/lib/imxrt/sdk_2.4.1_mimxrt1052/boards/uavrs_v2/demo_apps/test/clock_config.o
                0x60004a0c                BOARD_BootClockRUN
 .text.BOARD_InitPins
                0x60004d08       0x28 build/imxrt1052_bl/lib/imxrt/sdk_2.4.1_mimxrt1052/boards/uavrs_v2/demo_apps/test/pin_mux.o
                0x60004d08                BOARD_InitPins
 .text.USB_DeviceEhciCancelControlPipe
                0x60004d30       0xcc build/imxrt1052_bl/lib/imxrt/sdk_2.4.1_mimxrt1052/middleware/usb/device/usb_device_ehci.o
 .text.USB_DeviceEhciIsrFunction
                0x60004dfc      0x2d4 build/imxrt1052_bl/lib/imxrt/sdk_2.4.1_mimxrt1052/middleware/usb/device/usb_device_ehci.o
                0x60004dfc                USB_DeviceEhciIsrFunction
 .text.USB_DeviceControl
                0x600050d0       0x14 build/imxrt1052_bl/lib/imxrt/sdk_2.4.1_mimxrt1052/middleware/usb/device/usb_device_dci.o
 .text.USB_DeviceNotificationTrigger
                0x600050e4       0xaa build/imxrt1052_bl/lib/imxrt/sdk_2.4.1_mimxrt1052/middleware/usb/device/usb_device_dci.o
                0x600050e4                USB_DeviceNotificationTrigger
 .text.board_init
                0x6000518e       0x24 build/imxrt1052_bl/main_imxrt1052.o
 .text._start   0x600051b2        0x6 build/imxrt1052_bl/main_imxrt1052.o
                0x600051b2                _start
 .text.memset   0x600051b8       0x10 /opt/gcc-arm-none-eabi-4_9-2015q3/bin/../lib/gcc/arm-none-eabi/4.9.3/../../../../arm-none-eabi/lib/cortex-m7/fpu/fpv5-sp-d16/libg_nano.a(lib_a-memset.o)
                0x600051b8                memset
 .text.strlen   0x600051c8       0x10 /opt/gcc-arm-none-eabi-4_9-2015q3/bin/../lib/gcc/arm-none-eabi/4.9.3/../../../../arm-none-eabi/lib/cortex-m7/fpu/fpv5-sp-d16/libg_nano.a(lib_a-strlen.o)
                0x600051c8                strlen
 *(.rodata)
 .rodata        0x600051d8       0x10 build/imxrt1052_bl/lib/imxrt/sdk_2.4.1_mimxrt1052/devices/MIMXRT1052/drivers/fsl_clock.o
 .rodata        0x600051e8       0x24 build/imxrt1052_bl/lib/imxrt/sdk_2.4.1_mimxrt1052/devices/MIMXRT1052/drivers/fsl_gpio.o
 .rodata        0x6000520c       0x48 build/imxrt1052_bl/lib/imxrt/sdk_2.4.1_mimxrt1052/devices/MIMXRT1052/drivers/fsl_lpuart.o
 .rodata        0x60005254       0xc0 build/imxrt1052_bl/lib/imxrt/sdk_2.4.1_mimxrt1052/boards/uavrs_v2/demo_apps/test/board.o
                0x60005254                customLUT
 .rodata        0x60005314       0x1a build/imxrt1052_bl/lib/imxrt/sdk_2.4.1_mimxrt1052/boards/uavrs_v2/demo_apps/test/clock_config.o
                0x60005314                armPllConfig_BOARD_BootClockRUN
                0x6000531c                sysPllConfig_BOARD_BootClockRUN
                0x6000532c                usb1PllConfig_BOARD_BootClockRUN
 *(.rodata*)
 .rodata.str1.1
                0x6000532e      0x2b6 build/imxrt1052_bl/lib/imxrt/sdk_2.4.1_mimxrt1052/boards/uavrs_v2/demo_apps/test/board.o
                                0x2b9 (size before relaxing)
 *(.glue_7)
 .glue_7        0x00000000        0x0 linker stubs
 *(.glue_7t)
 .glue_7t       0x00000000        0x0 linker stubs
 *(.eh_frame)
 *(.init)
 *(.fini)
                0x600055e4                . = ALIGN (0x4)

.vfp11_veneer   0x600055e4        0x0
 .vfp11_veneer  0x00000000        0x0 linker stubs

.v4_bx          0x600055e4        0x0
 .v4_bx         0x00000000        0x0 linker stubs

.iplt           0x600055e4        0x0
 .iplt          0x00000000        0x0 build/imxrt1052_bl/bl.o

.ARM.extab
 *(.ARM.extab* .gnu.linkonce.armextab.*)

.ARM            0x600055e4        0x8
                0x600055e4                __exidx_start = .
 *(.ARM.exidx*)
 .ARM.exidx     0x600055e4        0x8 /opt/gcc-arm-none-eabi-4_9-2015q3/bin/../lib/gcc/arm-none-eabi/4.9.3/cortex-m7/fpu/fpv5-sp-d16/libgcc.a(_divdi3.o)
 .ARM.exidx     0x600055ec        0x0 /opt/gcc-arm-none-eabi-4_9-2015q3/bin/../lib/gcc/arm-none-eabi/4.9.3/cortex-m7/fpu/fpv5-sp-d16/libgcc.a(_udivdi3.o)
                                  0x8 (size before relaxing)
                0x600055ec                __exidx_end = .
                0x600055ec                flash_text_end = .
                0x00000400                itcm_text_start = 0x400

.rel.dyn        0x600055ec        0x0
 .rel.iplt      0x00000000        0x0 build/imxrt1052_bl/bl.o

.ctors          0x600055ec        0x0
                0x600055ec                __CTOR_LIST__ = .
 *crtbegin.o(.ctors)
 *crtbegin?.o(.ctors)
 *(EXCLUDE_FILE(*crtend.o *crtend?.o) .ctors)
 *(SORT(.ctors.*))
 *(.ctors)
                0x600055ec                __CTOR_END__ = .

.dtors          0x600055ec        0x0
                0x600055ec                __DTOR_LIST__ = .
 *crtbegin.o(.dtors)
 *crtbegin?.o(.dtors)
 *(EXCLUDE_FILE(*crtend.o *crtend?.o) .dtors)
 *(SORT(.dtors.*))
 *(.dtors)
                0x600055ec                __DTOR_END__ = .
                0x600055ec                __etext = .
                0x600055ec                __DATA_ROM = .

.data           0x20000000       0x24 load address 0x600055ec
                0x20000000                . = ALIGN (0x4)
                0x20000000                __DATA_RAM = .
                0x20000000                __data_start__ = .
 *(m_usb_dma_init_data)
 *(.data)
 .data          0x20000000        0x4 build/imxrt1052_bl/lib/imxrt/sdk_2.4.1_mimxrt1052/devices/MIMXRT1052/system_MIMXRT1052.o
                0x20000000                SystemCoreClock
 .data          0x20000004       0x20 build/imxrt1052_bl/lib/imxrt/sdk_2.4.1_mimxrt1052/boards/uavrs_v2/demo_apps/test/board.o
                0x20000004                deviceconfig
 *(.data*)
 *(.jcr*)
                0x20000024                . = ALIGN (0x4)
                0x20000024                __data_end__ = .
                0x60005610                __NDATA_ROM = (__DATA_ROM + (__data_end__ - __data_start__))

.igot.plt       0x20000024        0x0 load address 0x60005610
 .igot.plt      0x00000000        0x0 build/imxrt1052_bl/bl.o

.ncache.init    0x20000024        0x0 load address 0x60005610
                0x20000024                __noncachedata_start__ = .
 *(NonCacheable.init)
                0x20000024                . = ALIGN (0x4)
                0x20000024                __noncachedata_init_end__ = .
                0x20000024                . = __noncachedata_init_end__

.ncache         0x20000024        0x0
 *(NonCacheable)
                0x20000024                . = ALIGN (0x4)
                0x20000024                __noncachedata_end__ = .
                0x60005610                __DATA_END = (__NDATA_ROM + (__noncachedata_init_end__ - __noncachedata_start__))
                0x64000000                text_end = (ORIGIN (m_text) + 0x3ffdc00)
                0x00000001                ASSERT ((__DATA_END <= text_end), region m_text overflowed with text and data)

.bss            0x20000024       0x4c load address 0x60005610
                0x20000024                . = ALIGN (0x4)
                0x20000024                __START_BSS = .
                0x20000024                __bss_start__ = .
 *(m_usb_dma_noninit_data)
 *(.bss)
 .bss           0x20000024       0x28 build/imxrt1052_bl/lib/imxrt/sdk_2.4.1_mimxrt1052/devices/MIMXRT1052/drivers/fsl_lpuart.o
 .bss           0x2000004c        0x4 build/imxrt1052_bl/lib/imxrt/sdk_2.4.1_mimxrt1052/devices/MIMXRT1052/drivers/fsl_flexspi.o
 .bss           0x20000050        0x8 build/imxrt1052_bl/lib/imxrt/sdk_2.4.1_mimxrt1052/devices/MIMXRT1052/utilities/io/fsl_io.o
 *(.bss*)
 *(COMMON)
 COMMON         0x20000058       0x10 build/imxrt1052_bl/imxrt/cdcacm.o
                0x20000058                s_cdcVcom
 COMMON         0x20000068        0x8 build/imxrt1052_bl/lib/imxrt/sdk_2.4.1_mimxrt1052/devices/MIMXRT1052/drivers/fsl_clock.o
                0x20000068                g_xtalFreq
                0x2000006c                g_rtcXtalFreq
                0x20000070                . = ALIGN (0x4)
                0x20000070                __bss_end__ = .
                0x20000070                __END_BSS = .

.heap           0x20000070     0x2000 load address 0x6000565c
                0x20000070                . = ALIGN (0x8)
                0x20000070                __end__ = .
                0x20000070                PROVIDE (end, .)
                0x20000070                __HeapBase = .
                0x20002070                . = (. + HEAP_SIZE)
 *fill*         0x20000070     0x2000 
                0x20002070                __HeapLimit = .
                0x20002070                __heap_limit = .

.stack          0x20002070     0x2000 load address 0x6000765c
                0x20002070                . = ALIGN (0x8)
                0x20004070                . = (. + STACK_SIZE)
 *fill*         0x20002070     0x2000 
                0x20020000                __StackTop = (ORIGIN (m_data) + 0x20000)
                0x2001e000                __StackLimit = (__StackTop - STACK_SIZE)
                0x20020000                PROVIDE (__stack, __StackTop)

.ARM.attributes
                0x00000000       0x37
 *(.ARM.attributes)
 .ARM.attributes
                0x00000000       0x39 build/imxrt1052_bl/imxrt/cdcacm.o
 .ARM.attributes
                0x00000039       0x39 build/imxrt1052_bl/lib/imxrt/sdk_2.4.1_mimxrt1052/devices/MIMXRT1052/system_MIMXRT1052.o
 .ARM.attributes
                0x00000072       0x39 build/imxrt1052_bl/lib/imxrt/sdk_2.4.1_mimxrt1052/devices/MIMXRT1052/drivers/fsl_clock.o
 .ARM.attributes
                0x000000ab       0x39 build/imxrt1052_bl/lib/imxrt/sdk_2.4.1_mimxrt1052/devices/MIMXRT1052/drivers/fsl_gpio.o
 .ARM.attributes
                0x000000e4       0x39 build/imxrt1052_bl/lib/imxrt/sdk_2.4.1_mimxrt1052/devices/MIMXRT1052/drivers/fsl_lpuart.o
 .ARM.attributes
                0x0000011d       0x39 build/imxrt1052_bl/lib/imxrt/sdk_2.4.1_mimxrt1052/devices/MIMXRT1052/drivers/fsl_flexspi.o
 .ARM.attributes
                0x00000156       0x39 build/imxrt1052_bl/lib/imxrt/sdk_2.4.1_mimxrt1052/devices/MIMXRT1052/utilities/fsl_debug_console.o
 .ARM.attributes
                0x0000018f       0x39 build/imxrt1052_bl/lib/imxrt/sdk_2.4.1_mimxrt1052/devices/MIMXRT1052/utilities/str/fsl_str.o
 .ARM.attributes
                0x000001c8       0x39 build/imxrt1052_bl/lib/imxrt/sdk_2.4.1_mimxrt1052/devices/MIMXRT1052/utilities/log/fsl_log.o
 .ARM.attributes
                0x00000201       0x39 build/imxrt1052_bl/lib/imxrt/sdk_2.4.1_mimxrt1052/devices/MIMXRT1052/utilities/io/fsl_io.o
 .ARM.attributes
                0x0000023a       0x39 build/imxrt1052_bl/lib/imxrt/sdk_2.4.1_mimxrt1052/boards/uavrs_v2/demo_apps/test/board.o
 .ARM.attributes
                0x00000273       0x39 build/imxrt1052_bl/lib/imxrt/sdk_2.4.1_mimxrt1052/boards/uavrs_v2/demo_apps/test/clock_config.o
 .ARM.attributes
                0x000002ac       0x39 build/imxrt1052_bl/lib/imxrt/sdk_2.4.1_mimxrt1052/boards/uavrs_v2/demo_apps/test/pin_mux.o
 .ARM.attributes
                0x000002e5       0x39 build/imxrt1052_bl/lib/imxrt/sdk_2.4.1_mimxrt1052/boards/uavrs_v2/demo_apps/test/xip/uavrs_v2_sdram_ini_dcd.o
 .ARM.attributes
                0x0000031e       0x39 build/imxrt1052_bl/lib/imxrt/sdk_2.4.1_mimxrt1052/boards/uavrs_v2/demo_apps/test/xip/fsl_flexspi_nor_boot.o
 .ARM.attributes
                0x00000357       0x39 build/imxrt1052_bl/lib/imxrt/sdk_2.4.1_mimxrt1052/boards/uavrs_v2/demo_apps/test/xip/uavrs_v2_flexspi_nor_flash.o
 .ARM.attributes
                0x00000390       0x39 build/imxrt1052_bl/lib/imxrt/sdk_2.4.1_mimxrt1052/middleware/usb/device/usb_device_ehci.o
 .ARM.attributes
                0x000003c9       0x39 build/imxrt1052_bl/lib/imxrt/sdk_2.4.1_mimxrt1052/middleware/usb/device/usb_device_dci.o
 .ARM.attributes
                0x00000402       0x39 build/imxrt1052_bl/main_imxrt1052.o
 .ARM.attributes
                0x0000043b       0x1f build/imxrt1052_bl/lib/imxrt/sdk_2.4.1_mimxrt1052/devices/MIMXRT1052/gcc/startup_MIMXRT1052.o
 .ARM.attributes
                0x0000045a       0x27 /opt/gcc-arm-none-eabi-4_9-2015q3/bin/../lib/gcc/arm-none-eabi/4.9.3/cortex-m7/fpu/fpv5-sp-d16/libgcc.a(_aeabi_ldivmod.o)
 .ARM.attributes
                0x00000481       0x27 /opt/gcc-arm-none-eabi-4_9-2015q3/bin/../lib/gcc/arm-none-eabi/4.9.3/cortex-m7/fpu/fpv5-sp-d16/libgcc.a(_aeabi_uldivmod.o)
 .ARM.attributes
                0x000004a8       0x39 /opt/gcc-arm-none-eabi-4_9-2015q3/bin/../lib/gcc/arm-none-eabi/4.9.3/cortex-m7/fpu/fpv5-sp-d16/libgcc.a(bpabi.o)
 .ARM.attributes
                0x000004e1       0x27 /opt/gcc-arm-none-eabi-4_9-2015q3/bin/../lib/gcc/arm-none-eabi/4.9.3/cortex-m7/fpu/fpv5-sp-d16/libgcc.a(_dvmd_tls.o)
 .ARM.attributes
                0x00000508       0x39 /opt/gcc-arm-none-eabi-4_9-2015q3/bin/../lib/gcc/arm-none-eabi/4.9.3/cortex-m7/fpu/fpv5-sp-d16/libgcc.a(_divdi3.o)
 .ARM.attributes
                0x00000541       0x39 /opt/gcc-arm-none-eabi-4_9-2015q3/bin/../lib/gcc/arm-none-eabi/4.9.3/cortex-m7/fpu/fpv5-sp-d16/libgcc.a(_udivdi3.o)
 .ARM.attributes
                0x0000057a       0x39 /opt/gcc-arm-none-eabi-4_9-2015q3/bin/../lib/gcc/arm-none-eabi/4.9.3/../../../../arm-none-eabi/lib/cortex-m7/fpu/fpv5-sp-d16/libg_nano.a(lib_a-memset.o)
 .ARM.attributes
                0x000005b3       0x39 /opt/gcc-arm-none-eabi-4_9-2015q3/bin/../lib/gcc/arm-none-eabi/4.9.3/../../../../arm-none-eabi/lib/cortex-m7/fpu/fpv5-sp-d16/libg_nano.a(lib_a-strlen.o)
                0x00000001                ASSERT ((__StackLimit >= __HeapLimit), region m_data overflowed with stack and heap)
OUTPUT(build/imxrt1052_bl/imxrt1052_bl.elf elf32-littlearm)

.debug_info     0x00000000    0x17ad7
 .debug_info    0x00000000     0x2149 build/imxrt1052_bl/imxrt/cdcacm.o
 .debug_info    0x00002149      0xc68 build/imxrt1052_bl/lib/imxrt/sdk_2.4.1_mimxrt1052/devices/MIMXRT1052/system_MIMXRT1052.o
 .debug_info    0x00002db1     0x1c66 build/imxrt1052_bl/lib/imxrt/sdk_2.4.1_mimxrt1052/devices/MIMXRT1052/drivers/fsl_clock.o
 .debug_info    0x00004a17      0xfe7 build/imxrt1052_bl/lib/imxrt/sdk_2.4.1_mimxrt1052/devices/MIMXRT1052/drivers/fsl_gpio.o
 .debug_info    0x000059fe     0x2836 build/imxrt1052_bl/lib/imxrt/sdk_2.4.1_mimxrt1052/devices/MIMXRT1052/drivers/fsl_lpuart.o
 .debug_info    0x00008234     0x24f2 build/imxrt1052_bl/lib/imxrt/sdk_2.4.1_mimxrt1052/devices/MIMXRT1052/drivers/fsl_flexspi.o
 .debug_info    0x0000a726      0x672 build/imxrt1052_bl/lib/imxrt/sdk_2.4.1_mimxrt1052/devices/MIMXRT1052/utilities/fsl_debug_console.o
 .debug_info    0x0000ad98      0xa56 build/imxrt1052_bl/lib/imxrt/sdk_2.4.1_mimxrt1052/devices/MIMXRT1052/utilities/str/fsl_str.o
 .debug_info    0x0000b7ee      0x459 build/imxrt1052_bl/lib/imxrt/sdk_2.4.1_mimxrt1052/devices/MIMXRT1052/utilities/log/fsl_log.o
 .debug_info    0x0000bc47      0xeaa build/imxrt1052_bl/lib/imxrt/sdk_2.4.1_mimxrt1052/devices/MIMXRT1052/utilities/io/fsl_io.o
 .debug_info    0x0000caf1     0x3545 build/imxrt1052_bl/lib/imxrt/sdk_2.4.1_mimxrt1052/boards/uavrs_v2/demo_apps/test/board.o
 .debug_info    0x00010036     0x1304 build/imxrt1052_bl/lib/imxrt/sdk_2.4.1_mimxrt1052/boards/uavrs_v2/demo_apps/test/clock_config.o
 .debug_info    0x0001133a      0x8b5 build/imxrt1052_bl/lib/imxrt/sdk_2.4.1_mimxrt1052/boards/uavrs_v2/demo_apps/test/pin_mux.o
 .debug_info    0x00011bef       0xa8 build/imxrt1052_bl/lib/imxrt/sdk_2.4.1_mimxrt1052/boards/uavrs_v2/demo_apps/test/xip/uavrs_v2_sdram_ini_dcd.o
 .debug_info    0x00011c97      0x938 build/imxrt1052_bl/lib/imxrt/sdk_2.4.1_mimxrt1052/boards/uavrs_v2/demo_apps/test/xip/fsl_flexspi_nor_boot.o
 .debug_info    0x000125cf      0xca4 build/imxrt1052_bl/lib/imxrt/sdk_2.4.1_mimxrt1052/boards/uavrs_v2/demo_apps/test/xip/uavrs_v2_flexspi_nor_flash.o
 .debug_info    0x00013273     0x2206 build/imxrt1052_bl/lib/imxrt/sdk_2.4.1_mimxrt1052/middleware/usb/device/usb_device_ehci.o
 .debug_info    0x00015479     0x1925 build/imxrt1052_bl/lib/imxrt/sdk_2.4.1_mimxrt1052/middleware/usb/device/usb_device_dci.o
 .debug_info    0x00016d9e      0xca4 build/imxrt1052_bl/main_imxrt1052.o
 .debug_info    0x00017a42       0x95 build/imxrt1052_bl/lib/imxrt/sdk_2.4.1_mimxrt1052/devices/MIMXRT1052/gcc/startup_MIMXRT1052.o

.debug_abbrev   0x00000000     0x3312
 .debug_abbrev  0x00000000      0x39e build/imxrt1052_bl/imxrt/cdcacm.o
 .debug_abbrev  0x0000039e      0x192 build/imxrt1052_bl/lib/imxrt/sdk_2.4.1_mimxrt1052/devices/MIMXRT1052/system_MIMXRT1052.o
 .debug_abbrev  0x00000530      0x3b9 build/imxrt1052_bl/lib/imxrt/sdk_2.4.1_mimxrt1052/devices/MIMXRT1052/drivers/fsl_clock.o
 .debug_abbrev  0x000008e9      0x2ae build/imxrt1052_bl/lib/imxrt/sdk_2.4.1_mimxrt1052/devices/MIMXRT1052/drivers/fsl_gpio.o
 .debug_abbrev  0x00000b97      0x3f1 build/imxrt1052_bl/lib/imxrt/sdk_2.4.1_mimxrt1052/devices/MIMXRT1052/drivers/fsl_lpuart.o
 .debug_abbrev  0x00000f88      0x45a build/imxrt1052_bl/lib/imxrt/sdk_2.4.1_mimxrt1052/devices/MIMXRT1052/drivers/fsl_flexspi.o
 .debug_abbrev  0x000013e2      0x244 build/imxrt1052_bl/lib/imxrt/sdk_2.4.1_mimxrt1052/devices/MIMXRT1052/utilities/fsl_debug_console.o
 .debug_abbrev  0x00001626      0x278 build/imxrt1052_bl/lib/imxrt/sdk_2.4.1_mimxrt1052/devices/MIMXRT1052/utilities/str/fsl_str.o
 .debug_abbrev  0x0000189e      0x1dd build/imxrt1052_bl/lib/imxrt/sdk_2.4.1_mimxrt1052/devices/MIMXRT1052/utilities/log/fsl_log.o
 .debug_abbrev  0x00001a7b      0x272 build/imxrt1052_bl/lib/imxrt/sdk_2.4.1_mimxrt1052/devices/MIMXRT1052/utilities/io/fsl_io.o
 .debug_abbrev  0x00001ced      0x4b2 build/imxrt1052_bl/lib/imxrt/sdk_2.4.1_mimxrt1052/boards/uavrs_v2/demo_apps/test/board.o
 .debug_abbrev  0x0000219f      0x21a build/imxrt1052_bl/lib/imxrt/sdk_2.4.1_mimxrt1052/boards/uavrs_v2/demo_apps/test/clock_config.o
 .debug_abbrev  0x000023b9      0x1a0 build/imxrt1052_bl/lib/imxrt/sdk_2.4.1_mimxrt1052/boards/uavrs_v2/demo_apps/test/pin_mux.o
 .debug_abbrev  0x00002559       0x5d build/imxrt1052_bl/lib/imxrt/sdk_2.4.1_mimxrt1052/boards/uavrs_v2/demo_apps/test/xip/uavrs_v2_sdram_ini_dcd.o
 .debug_abbrev  0x000025b6      0x131 build/imxrt1052_bl/lib/imxrt/sdk_2.4.1_mimxrt1052/boards/uavrs_v2/demo_apps/test/xip/fsl_flexspi_nor_boot.o
 .debug_abbrev  0x000026e7      0x110 build/imxrt1052_bl/lib/imxrt/sdk_2.4.1_mimxrt1052/boards/uavrs_v2/demo_apps/test/xip/uavrs_v2_flexspi_nor_flash.o
 .debug_abbrev  0x000027f7      0x419 build/imxrt1052_bl/lib/imxrt/sdk_2.4.1_mimxrt1052/middleware/usb/device/usb_device_ehci.o
 .debug_abbrev  0x00002c10      0x3c1 build/imxrt1052_bl/lib/imxrt/sdk_2.4.1_mimxrt1052/middleware/usb/device/usb_device_dci.o
 .debug_abbrev  0x00002fd1      0x32d build/imxrt1052_bl/main_imxrt1052.o
 .debug_abbrev  0x000032fe       0x14 build/imxrt1052_bl/lib/imxrt/sdk_2.4.1_mimxrt1052/devices/MIMXRT1052/gcc/startup_MIMXRT1052.o

.debug_loc      0x00000000     0x7aaf
 .debug_loc     0x00000000      0x5a5 build/imxrt1052_bl/imxrt/cdcacm.o
 .debug_loc     0x000005a5       0xe9 build/imxrt1052_bl/lib/imxrt/sdk_2.4.1_mimxrt1052/devices/MIMXRT1052/system_MIMXRT1052.o
 .debug_loc     0x0000068e      0xa79 build/imxrt1052_bl/lib/imxrt/sdk_2.4.1_mimxrt1052/devices/MIMXRT1052/drivers/fsl_clock.o
 .debug_loc     0x00001107      0x468 build/imxrt1052_bl/lib/imxrt/sdk_2.4.1_mimxrt1052/devices/MIMXRT1052/drivers/fsl_gpio.o
 .debug_loc     0x0000156f     0x1228 build/imxrt1052_bl/lib/imxrt/sdk_2.4.1_mimxrt1052/devices/MIMXRT1052/drivers/fsl_lpuart.o
 .debug_loc     0x00002797      0xde3 build/imxrt1052_bl/lib/imxrt/sdk_2.4.1_mimxrt1052/devices/MIMXRT1052/drivers/fsl_flexspi.o
 .debug_loc     0x0000357a      0x2ec build/imxrt1052_bl/lib/imxrt/sdk_2.4.1_mimxrt1052/devices/MIMXRT1052/utilities/fsl_debug_console.o
 .debug_loc     0x00003866     0x10ac build/imxrt1052_bl/lib/imxrt/sdk_2.4.1_mimxrt1052/devices/MIMXRT1052/utilities/str/fsl_str.o
 .debug_loc     0x00004912      0x232 build/imxrt1052_bl/lib/imxrt/sdk_2.4.1_mimxrt1052/devices/MIMXRT1052/utilities/log/fsl_log.o
 .debug_loc     0x00004b44      0x1f7 build/imxrt1052_bl/lib/imxrt/sdk_2.4.1_mimxrt1052/devices/MIMXRT1052/utilities/io/fsl_io.o
 .debug_loc     0x00004d3b      0x7ce build/imxrt1052_bl/lib/imxrt/sdk_2.4.1_mimxrt1052/boards/uavrs_v2/demo_apps/test/board.o
 .debug_loc     0x00005509       0xca build/imxrt1052_bl/lib/imxrt/sdk_2.4.1_mimxrt1052/boards/uavrs_v2/demo_apps/test/clock_config.o
 .debug_loc     0x000055d3       0x50 build/imxrt1052_bl/lib/imxrt/sdk_2.4.1_mimxrt1052/boards/uavrs_v2/demo_apps/test/pin_mux.o
 .debug_loc     0x00005623     0x1522 build/imxrt1052_bl/lib/imxrt/sdk_2.4.1_mimxrt1052/middleware/usb/device/usb_device_ehci.o
 .debug_loc     0x00006b45      0xe8e build/imxrt1052_bl/lib/imxrt/sdk_2.4.1_mimxrt1052/middleware/usb/device/usb_device_dci.o
 .debug_loc     0x000079d3       0xdc build/imxrt1052_bl/main_imxrt1052.o

.debug_aranges  0x00000000      0x818
 .debug_aranges
                0x00000000       0x58 build/imxrt1052_bl/imxrt/cdcacm.o
 .debug_aranges
                0x00000058       0x30 build/imxrt1052_bl/lib/imxrt/sdk_2.4.1_mimxrt1052/devices/MIMXRT1052/system_MIMXRT1052.o
 .debug_aranges
                0x00000088      0x130 build/imxrt1052_bl/lib/imxrt/sdk_2.4.1_mimxrt1052/devices/MIMXRT1052/drivers/fsl_clock.o
 .debug_aranges
                0x000001b8       0x30 build/imxrt1052_bl/lib/imxrt/sdk_2.4.1_mimxrt1052/devices/MIMXRT1052/drivers/fsl_gpio.o
 .debug_aranges
                0x000001e8      0x128 build/imxrt1052_bl/lib/imxrt/sdk_2.4.1_mimxrt1052/devices/MIMXRT1052/drivers/fsl_lpuart.o
 .debug_aranges
                0x00000310       0xa0 build/imxrt1052_bl/lib/imxrt/sdk_2.4.1_mimxrt1052/devices/MIMXRT1052/drivers/fsl_flexspi.o
 .debug_aranges
                0x000003b0       0x68 build/imxrt1052_bl/lib/imxrt/sdk_2.4.1_mimxrt1052/devices/MIMXRT1052/utilities/fsl_debug_console.o
 .debug_aranges
                0x00000418       0x30 build/imxrt1052_bl/lib/imxrt/sdk_2.4.1_mimxrt1052/devices/MIMXRT1052/utilities/str/fsl_str.o
 .debug_aranges
                0x00000448       0x50 build/imxrt1052_bl/lib/imxrt/sdk_2.4.1_mimxrt1052/devices/MIMXRT1052/utilities/log/fsl_log.o
 .debug_aranges
                0x00000498       0x38 build/imxrt1052_bl/lib/imxrt/sdk_2.4.1_mimxrt1052/devices/MIMXRT1052/utilities/io/fsl_io.o
 .debug_aranges
                0x000004d0       0xb0 build/imxrt1052_bl/lib/imxrt/sdk_2.4.1_mimxrt1052/boards/uavrs_v2/demo_apps/test/board.o
 .debug_aranges
                0x00000580       0x38 build/imxrt1052_bl/lib/imxrt/sdk_2.4.1_mimxrt1052/boards/uavrs_v2/demo_apps/test/clock_config.o
 .debug_aranges
                0x000005b8       0x28 build/imxrt1052_bl/lib/imxrt/sdk_2.4.1_mimxrt1052/boards/uavrs_v2/demo_apps/test/pin_mux.o
 .debug_aranges
                0x000005e0       0x18 build/imxrt1052_bl/lib/imxrt/sdk_2.4.1_mimxrt1052/boards/uavrs_v2/demo_apps/test/xip/uavrs_v2_sdram_ini_dcd.o
 .debug_aranges
                0x000005f8       0x18 build/imxrt1052_bl/lib/imxrt/sdk_2.4.1_mimxrt1052/boards/uavrs_v2/demo_apps/test/xip/fsl_flexspi_nor_boot.o
 .debug_aranges
                0x00000610       0x18 build/imxrt1052_bl/lib/imxrt/sdk_2.4.1_mimxrt1052/boards/uavrs_v2/demo_apps/test/xip/uavrs_v2_flexspi_nor_flash.o
 .debug_aranges
                0x00000628       0x70 build/imxrt1052_bl/lib/imxrt/sdk_2.4.1_mimxrt1052/middleware/usb/device/usb_device_ehci.o
 .debug_aranges
                0x00000698       0xa8 build/imxrt1052_bl/lib/imxrt/sdk_2.4.1_mimxrt1052/middleware/usb/device/usb_device_dci.o
 .debug_aranges
                0x00000740       0xb8 build/imxrt1052_bl/main_imxrt1052.o
 .debug_aranges
                0x000007f8       0x20 build/imxrt1052_bl/lib/imxrt/sdk_2.4.1_mimxrt1052/devices/MIMXRT1052/gcc/startup_MIMXRT1052.o

.debug_ranges   0x00000000      0x9c0
 .debug_ranges  0x00000000       0x60 build/imxrt1052_bl/imxrt/cdcacm.o
 .debug_ranges  0x00000060       0x20 build/imxrt1052_bl/lib/imxrt/sdk_2.4.1_mimxrt1052/devices/MIMXRT1052/system_MIMXRT1052.o
 .debug_ranges  0x00000080      0x160 build/imxrt1052_bl/lib/imxrt/sdk_2.4.1_mimxrt1052/devices/MIMXRT1052/drivers/fsl_clock.o
 .debug_ranges  0x000001e0       0x58 build/imxrt1052_bl/lib/imxrt/sdk_2.4.1_mimxrt1052/devices/MIMXRT1052/drivers/fsl_gpio.o
 .debug_ranges  0x00000238      0x160 build/imxrt1052_bl/lib/imxrt/sdk_2.4.1_mimxrt1052/devices/MIMXRT1052/drivers/fsl_lpuart.o
 .debug_ranges  0x00000398      0x140 build/imxrt1052_bl/lib/imxrt/sdk_2.4.1_mimxrt1052/devices/MIMXRT1052/drivers/fsl_flexspi.o
 .debug_ranges  0x000004d8       0x58 build/imxrt1052_bl/lib/imxrt/sdk_2.4.1_mimxrt1052/devices/MIMXRT1052/utilities/fsl_debug_console.o
 .debug_ranges  0x00000530       0x20 build/imxrt1052_bl/lib/imxrt/sdk_2.4.1_mimxrt1052/devices/MIMXRT1052/utilities/str/fsl_str.o
 .debug_ranges  0x00000550       0x40 build/imxrt1052_bl/lib/imxrt/sdk_2.4.1_mimxrt1052/devices/MIMXRT1052/utilities/log/fsl_log.o
 .debug_ranges  0x00000590       0x28 build/imxrt1052_bl/lib/imxrt/sdk_2.4.1_mimxrt1052/devices/MIMXRT1052/utilities/io/fsl_io.o
 .debug_ranges  0x000005b8      0x170 build/imxrt1052_bl/lib/imxrt/sdk_2.4.1_mimxrt1052/boards/uavrs_v2/demo_apps/test/board.o
 .debug_ranges  0x00000728       0x40 build/imxrt1052_bl/lib/imxrt/sdk_2.4.1_mimxrt1052/boards/uavrs_v2/demo_apps/test/clock_config.o
 .debug_ranges  0x00000768       0x18 build/imxrt1052_bl/lib/imxrt/sdk_2.4.1_mimxrt1052/boards/uavrs_v2/demo_apps/test/pin_mux.o
 .debug_ranges  0x00000780       0xc8 build/imxrt1052_bl/lib/imxrt/sdk_2.4.1_mimxrt1052/middleware/usb/device/usb_device_ehci.o
 .debug_ranges  0x00000848       0xd0 build/imxrt1052_bl/lib/imxrt/sdk_2.4.1_mimxrt1052/middleware/usb/device/usb_device_dci.o
 .debug_ranges  0x00000918       0xa8 build/imxrt1052_bl/main_imxrt1052.o

.debug_line     0x00000000     0x4f4a
 .debug_line    0x00000000      0x511 build/imxrt1052_bl/imxrt/cdcacm.o
 .debug_line    0x00000511      0x236 build/imxrt1052_bl/lib/imxrt/sdk_2.4.1_mimxrt1052/devices/MIMXRT1052/system_MIMXRT1052.o
 .debug_line    0x00000747      0x62b build/imxrt1052_bl/lib/imxrt/sdk_2.4.1_mimxrt1052/devices/MIMXRT1052/drivers/fsl_clock.o
 .debug_line    0x00000d72      0x243 build/imxrt1052_bl/lib/imxrt/sdk_2.4.1_mimxrt1052/devices/MIMXRT1052/drivers/fsl_gpio.o
 .debug_line    0x00000fb5      0x7fb build/imxrt1052_bl/lib/imxrt/sdk_2.4.1_mimxrt1052/devices/MIMXRT1052/drivers/fsl_lpuart.o
 .debug_line    0x000017b0      0x6c3 build/imxrt1052_bl/lib/imxrt/sdk_2.4.1_mimxrt1052/devices/MIMXRT1052/drivers/fsl_flexspi.o
 .debug_line    0x00001e73      0x39a build/imxrt1052_bl/lib/imxrt/sdk_2.4.1_mimxrt1052/devices/MIMXRT1052/utilities/fsl_debug_console.o
 .debug_line    0x0000220d      0x537 build/imxrt1052_bl/lib/imxrt/sdk_2.4.1_mimxrt1052/devices/MIMXRT1052/utilities/str/fsl_str.o
 .debug_line    0x00002744      0x2f4 build/imxrt1052_bl/lib/imxrt/sdk_2.4.1_mimxrt1052/devices/MIMXRT1052/utilities/log/fsl_log.o
 .debug_line    0x00002a38      0x2d9 build/imxrt1052_bl/lib/imxrt/sdk_2.4.1_mimxrt1052/devices/MIMXRT1052/utilities/io/fsl_io.o
 .debug_line    0x00002d11      0x728 build/imxrt1052_bl/lib/imxrt/sdk_2.4.1_mimxrt1052/boards/uavrs_v2/demo_apps/test/board.o
 .debug_line    0x00003439      0x2bc build/imxrt1052_bl/lib/imxrt/sdk_2.4.1_mimxrt1052/boards/uavrs_v2/demo_apps/test/clock_config.o
 .debug_line    0x000036f5      0x20a build/imxrt1052_bl/lib/imxrt/sdk_2.4.1_mimxrt1052/boards/uavrs_v2/demo_apps/test/pin_mux.o
 .debug_line    0x000038ff      0x118 build/imxrt1052_bl/lib/imxrt/sdk_2.4.1_mimxrt1052/boards/uavrs_v2/demo_apps/test/xip/uavrs_v2_sdram_ini_dcd.o
 .debug_line    0x00003a17      0x206 build/imxrt1052_bl/lib/imxrt/sdk_2.4.1_mimxrt1052/boards/uavrs_v2/demo_apps/test/xip/fsl_flexspi_nor_boot.o
 .debug_line    0x00003c1d      0x212 build/imxrt1052_bl/lib/imxrt/sdk_2.4.1_mimxrt1052/boards/uavrs_v2/demo_apps/test/xip/uavrs_v2_flexspi_nor_flash.o
 .debug_line    0x00003e2f      0x6d0 build/imxrt1052_bl/lib/imxrt/sdk_2.4.1_mimxrt1052/middleware/usb/device/usb_device_ehci.o
 .debug_line    0x000044ff      0x510 build/imxrt1052_bl/lib/imxrt/sdk_2.4.1_mimxrt1052/middleware/usb/device/usb_device_dci.o
 .debug_line    0x00004a0f      0x38e build/imxrt1052_bl/main_imxrt1052.o
 .debug_line    0x00004d9d      0x1ad build/imxrt1052_bl/lib/imxrt/sdk_2.4.1_mimxrt1052/devices/MIMXRT1052/gcc/startup_MIMXRT1052.o

.debug_str      0x00000000     0x8cdf
 .debug_str     0x00000000     0x2a71 build/imxrt1052_bl/imxrt/cdcacm.o
                               0x2b19 (size before relaxing)
 .debug_str     0x00002a71      0x125 build/imxrt1052_bl/lib/imxrt/sdk_2.4.1_mimxrt1052/devices/MIMXRT1052/system_MIMXRT1052.o
                                0x7d9 (size before relaxing)
 .debug_str     0x00002b96      0xc2a build/imxrt1052_bl/lib/imxrt/sdk_2.4.1_mimxrt1052/devices/MIMXRT1052/drivers/fsl_clock.o
                               0x17fb (size before relaxing)
 .debug_str     0x000037c0      0x8f4 build/imxrt1052_bl/lib/imxrt/sdk_2.4.1_mimxrt1052/devices/MIMXRT1052/drivers/fsl_gpio.o
                               0x13ce (size before relaxing)
 .debug_str     0x000040b4     0x103c build/imxrt1052_bl/lib/imxrt/sdk_2.4.1_mimxrt1052/devices/MIMXRT1052/drivers/fsl_lpuart.o
                               0x2cd9 (size before relaxing)
 .debug_str     0x000050f0      0xde6 build/imxrt1052_bl/lib/imxrt/sdk_2.4.1_mimxrt1052/devices/MIMXRT1052/drivers/fsl_flexspi.o
                               0x2acf (size before relaxing)
 .debug_str     0x00005ed6      0x1b8 build/imxrt1052_bl/lib/imxrt/sdk_2.4.1_mimxrt1052/devices/MIMXRT1052/utilities/fsl_debug_console.o
                                0x478 (size before relaxing)
 .debug_str     0x0000608e      0x309 build/imxrt1052_bl/lib/imxrt/sdk_2.4.1_mimxrt1052/devices/MIMXRT1052/utilities/str/fsl_str.o
                                0x58a (size before relaxing)
 .debug_str     0x00006397       0xbb build/imxrt1052_bl/lib/imxrt/sdk_2.4.1_mimxrt1052/devices/MIMXRT1052/utilities/log/fsl_log.o
                                0x3a5 (size before relaxing)
 .debug_str     0x00006452       0x79 build/imxrt1052_bl/lib/imxrt/sdk_2.4.1_mimxrt1052/devices/MIMXRT1052/utilities/io/fsl_io.o
                               0x1315 (size before relaxing)
 .debug_str     0x000064cb      0xb5f build/imxrt1052_bl/lib/imxrt/sdk_2.4.1_mimxrt1052/boards/uavrs_v2/demo_apps/test/board.o
                               0x2de9 (size before relaxing)
 .debug_str     0x0000702a      0x108 build/imxrt1052_bl/lib/imxrt/sdk_2.4.1_mimxrt1052/boards/uavrs_v2/demo_apps/test/clock_config.o
                               0x1075 (size before relaxing)
 .debug_str     0x00007132       0x6a build/imxrt1052_bl/lib/imxrt/sdk_2.4.1_mimxrt1052/boards/uavrs_v2/demo_apps/test/pin_mux.o
                                0xa43 (size before relaxing)
 .debug_str     0x0000719c       0x64 build/imxrt1052_bl/lib/imxrt/sdk_2.4.1_mimxrt1052/boards/uavrs_v2/demo_apps/test/xip/uavrs_v2_sdram_ini_dcd.o
                                0x1df (size before relaxing)
 .debug_str     0x00007200       0xd3 build/imxrt1052_bl/lib/imxrt/sdk_2.4.1_mimxrt1052/boards/uavrs_v2/demo_apps/test/xip/fsl_flexspi_nor_boot.o
                                0xba9 (size before relaxing)
 .debug_str     0x000072d3      0x707 build/imxrt1052_bl/lib/imxrt/sdk_2.4.1_mimxrt1052/boards/uavrs_v2/demo_apps/test/xip/uavrs_v2_flexspi_nor_flash.o
                               0x11f8 (size before relaxing)
 .debug_str     0x000079da      0xd09 build/imxrt1052_bl/lib/imxrt/sdk_2.4.1_mimxrt1052/middleware/usb/device/usb_device_ehci.o
                               0x1e55 (size before relaxing)
 .debug_str     0x000086e3      0x45b build/imxrt1052_bl/lib/imxrt/sdk_2.4.1_mimxrt1052/middleware/usb/device/usb_device_dci.o
                               0x1d1d (size before relaxing)
 .debug_str     0x00008b3e      0x1a1 build/imxrt1052_bl/main_imxrt1052.o
                                0xd23 (size before relaxing)

.comment        0x00000000       0x70
 .comment       0x00000000       0x70 build/imxrt1052_bl/imxrt/cdcacm.o
                                 0x71 (size before relaxing)
 .comment       0x00000000       0x71 build/imxrt1052_bl/lib/imxrt/sdk_2.4.1_mimxrt1052/devices/MIMXRT1052/system_MIMXRT1052.o
 .comment       0x00000000       0x71 build/imxrt1052_bl/lib/imxrt/sdk_2.4.1_mimxrt1052/devices/MIMXRT1052/drivers/fsl_clock.o
 .comment       0x00000000       0x71 build/imxrt1052_bl/lib/imxrt/sdk_2.4.1_mimxrt1052/devices/MIMXRT1052/drivers/fsl_gpio.o
 .comment       0x00000000       0x71 build/imxrt1052_bl/lib/imxrt/sdk_2.4.1_mimxrt1052/devices/MIMXRT1052/drivers/fsl_lpuart.o
 .comment       0x00000000       0x71 build/imxrt1052_bl/lib/imxrt/sdk_2.4.1_mimxrt1052/devices/MIMXRT1052/drivers/fsl_flexspi.o
 .comment       0x00000000       0x71 build/imxrt1052_bl/lib/imxrt/sdk_2.4.1_mimxrt1052/devices/MIMXRT1052/utilities/fsl_debug_console.o
 .comment       0x00000000       0x71 build/imxrt1052_bl/lib/imxrt/sdk_2.4.1_mimxrt1052/devices/MIMXRT1052/utilities/str/fsl_str.o
 .comment       0x00000000       0x71 build/imxrt1052_bl/lib/imxrt/sdk_2.4.1_mimxrt1052/devices/MIMXRT1052/utilities/log/fsl_log.o
 .comment       0x00000000       0x71 build/imxrt1052_bl/lib/imxrt/sdk_2.4.1_mimxrt1052/devices/MIMXRT1052/utilities/io/fsl_io.o
 .comment       0x00000000       0x71 build/imxrt1052_bl/lib/imxrt/sdk_2.4.1_mimxrt1052/boards/uavrs_v2/demo_apps/test/board.o
 .comment       0x00000000       0x71 build/imxrt1052_bl/lib/imxrt/sdk_2.4.1_mimxrt1052/boards/uavrs_v2/demo_apps/test/clock_config.o
 .comment       0x00000000       0x71 build/imxrt1052_bl/lib/imxrt/sdk_2.4.1_mimxrt1052/boards/uavrs_v2/demo_apps/test/pin_mux.o
 .comment       0x00000000       0x71 build/imxrt1052_bl/lib/imxrt/sdk_2.4.1_mimxrt1052/boards/uavrs_v2/demo_apps/test/xip/uavrs_v2_sdram_ini_dcd.o
 .comment       0x00000000       0x71 build/imxrt1052_bl/lib/imxrt/sdk_2.4.1_mimxrt1052/boards/uavrs_v2/demo_apps/test/xip/fsl_flexspi_nor_boot.o
 .comment       0x00000000       0x71 build/imxrt1052_bl/lib/imxrt/sdk_2.4.1_mimxrt1052/boards/uavrs_v2/demo_apps/test/xip/uavrs_v2_flexspi_nor_flash.o
 .comment       0x00000000       0x71 build/imxrt1052_bl/lib/imxrt/sdk_2.4.1_mimxrt1052/middleware/usb/device/usb_device_ehci.o
 .comment       0x00000000       0x71 build/imxrt1052_bl/lib/imxrt/sdk_2.4.1_mimxrt1052/middleware/usb/device/usb_device_dci.o
 .comment       0x00000000       0x71 build/imxrt1052_bl/main_imxrt1052.o

.debug_frame    0x00000000     0x1518
 .debug_frame   0x00000000      0x110 build/imxrt1052_bl/imxrt/cdcacm.o
 .debug_frame   0x00000110       0x58 build/imxrt1052_bl/lib/imxrt/sdk_2.4.1_mimxrt1052/devices/MIMXRT1052/system_MIMXRT1052.o
 .debug_frame   0x00000168      0x2ec build/imxrt1052_bl/lib/imxrt/sdk_2.4.1_mimxrt1052/devices/MIMXRT1052/drivers/fsl_clock.o
 .debug_frame   0x00000454       0x60 build/imxrt1052_bl/lib/imxrt/sdk_2.4.1_mimxrt1052/devices/MIMXRT1052/drivers/fsl_gpio.o
 .debug_frame   0x000004b4      0x2f8 build/imxrt1052_bl/lib/imxrt/sdk_2.4.1_mimxrt1052/devices/MIMXRT1052/drivers/fsl_lpuart.o
 .debug_frame   0x000007ac      0x1d8 build/imxrt1052_bl/lib/imxrt/sdk_2.4.1_mimxrt1052/devices/MIMXRT1052/drivers/fsl_flexspi.o
 .debug_frame   0x00000984      0x13c build/imxrt1052_bl/lib/imxrt/sdk_2.4.1_mimxrt1052/devices/MIMXRT1052/utilities/fsl_debug_console.o
 .debug_frame   0x00000ac0       0x74 build/imxrt1052_bl/lib/imxrt/sdk_2.4.1_mimxrt1052/devices/MIMXRT1052/utilities/str/fsl_str.o
 .debug_frame   0x00000b34       0xb0 build/imxrt1052_bl/lib/imxrt/sdk_2.4.1_mimxrt1052/devices/MIMXRT1052/utilities/log/fsl_log.o
 .debug_frame   0x00000be4       0x8c build/imxrt1052_bl/lib/imxrt/sdk_2.4.1_mimxrt1052/devices/MIMXRT1052/utilities/io/fsl_io.o
 .debug_frame   0x00000c70      0x214 build/imxrt1052_bl/lib/imxrt/sdk_2.4.1_mimxrt1052/boards/uavrs_v2/demo_apps/test/board.o
 .debug_frame   0x00000e84       0x70 build/imxrt1052_bl/lib/imxrt/sdk_2.4.1_mimxrt1052/boards/uavrs_v2/demo_apps/test/clock_config.o
 .debug_frame   0x00000ef4       0x30 build/imxrt1052_bl/lib/imxrt/sdk_2.4.1_mimxrt1052/boards/uavrs_v2/demo_apps/test/pin_mux.o
 .debug_frame   0x00000f24      0x178 build/imxrt1052_bl/lib/imxrt/sdk_2.4.1_mimxrt1052/middleware/usb/device/usb_device_ehci.o
 .debug_frame   0x0000109c      0x1b4 build/imxrt1052_bl/lib/imxrt/sdk_2.4.1_mimxrt1052/middleware/usb/device/usb_device_dci.o
 .debug_frame   0x00001250      0x17c build/imxrt1052_bl/main_imxrt1052.o
 .debug_frame   0x000013cc       0x28 /opt/gcc-arm-none-eabi-4_9-2015q3/bin/../lib/gcc/arm-none-eabi/4.9.3/cortex-m7/fpu/fpv5-sp-d16/libgcc.a(_aeabi_ldivmod.o)
 .debug_frame   0x000013f4       0x28 /opt/gcc-arm-none-eabi-4_9-2015q3/bin/../lib/gcc/arm-none-eabi/4.9.3/cortex-m7/fpu/fpv5-sp-d16/libgcc.a(_aeabi_uldivmod.o)
 .debug_frame   0x0000141c       0x54 /opt/gcc-arm-none-eabi-4_9-2015q3/bin/../lib/gcc/arm-none-eabi/4.9.3/cortex-m7/fpu/fpv5-sp-d16/libgcc.a(bpabi.o)
 .debug_frame   0x00001470       0x34 /opt/gcc-arm-none-eabi-4_9-2015q3/bin/../lib/gcc/arm-none-eabi/4.9.3/cortex-m7/fpu/fpv5-sp-d16/libgcc.a(_divdi3.o)
 .debug_frame   0x000014a4       0x34 /opt/gcc-arm-none-eabi-4_9-2015q3/bin/../lib/gcc/arm-none-eabi/4.9.3/cortex-m7/fpu/fpv5-sp-d16/libgcc.a(_udivdi3.o)
 .debug_frame   0x000014d8       0x20 /opt/gcc-arm-none-eabi-4_9-2015q3/bin/../lib/gcc/arm-none-eabi/4.9.3/../../../../arm-none-eabi/lib/cortex-m7/fpu/fpv5-sp-d16/libg_nano.a(lib_a-memset.o)
 .debug_frame   0x000014f8       0x20 /opt/gcc-arm-none-eabi-4_9-2015q3/bin/../lib/gcc/arm-none-eabi/4.9.3/../../../../arm-none-eabi/lib/cortex-m7/fpu/fpv5-sp-d16/libg_nano.a(lib_a-strlen.o)
