<html>
<body>
<pre>
<h1>µVision Build Log</h1>
<h2>Tool Versions:</h2>
IDE-Version: ¦ÌVision V5.15
Copyright (C) 2015 ARM Ltd and ARM Germany GmbH. All rights reserved.
License Information: hxx hxx, hxx, LIC=R4HTG-VFFHN-XBSEC-7UNYP-8GH9H-U5787
 
Tool Versions:
Toolchain:       MDK-ARM Professional  Version: 5.15.0
Toolchain Path:  C:\Keil_v5\ARM\ARMCC\Bin
C Compiler:      Armcc.exe V5.05 update 2 (build 169)
Assembler:       Armasm.exe V5.05 update 2 (build 169)
Linker/Locator:  ArmLink.exe V5.05 update 2 (build 169)
Library Manager: ArmAr.exe V5.05 update 2 (build 169)
Hex Converter:   FromElf.exe V5.05 update 2 (build 169)
CPU DLL:         SARMCM3.DLL V5.15.0
Dialog DLL:      DCM.DLL V1.13.2.0
Target DLL:      Segger\JL2CM3.dll V2.99.15.0
Dialog DLL:      TCM.DLL V1.14.5.0
 
<h2>Project:</h2>
Z:\fc\Bootloader\lib\imxrt\sdk_2.4.1_mimxrt1052\boards\evkbimxrt1050\driver_examples\flexspi\nor\polling_transfer\mdk\flexspi_nor_polling_transfer.uvprojx
Project File Date:  10/18/2019

<h2>Output:</h2>
*** Using Compiler 'V5.05 update 2 (build 169)', folder: 'C:\Keil_v5\ARM\ARMCC\Bin'
Rebuild target 'flexspi_nor_polling_transfer release'
compiling flexspi_nor_polling_transfer.c...
compiling pin_mux.c...
compiling board.c...
compiling clock_config.c...
compiling fsl_clock.c...
compiling fsl_common.c...
compiling fsl_lpuart.c...
compiling fsl_gpio.c...
compiling fsl_flexspi.c...
compiling system_MIMXRT1052.c...
assembling startup_MIMXRT1052.s...
compiling fsl_io.c...
compiling fsl_log.c...
compiling fsl_str.c...
compiling fsl_debug_console.c...
compiling fsl_assert.c...
linking...
Program Size: Code=8352 RO-data=1420 RW-data=60 ZI-data=2596  
"release\flexspi_nor_polling_transfer.out" - 0 Error(s), 0 Warning(s).

<h2>Collection of Component include folders:</h2>
  Z:\fc\Bootloader\lib\imxrt\sdk_2.4.1_mimxrt1052\boards\evkbimxrt1050\driver_examples\flexspi\nor\polling_transfer\mdk\RTE
  C:\Keil_v5\ARM\PACK\NXP\MIMXRT1052_DFP\10.0.1

<h2>Collection of Component Files used:</h2>
</pre>
</body>
</html>
