<!doctype html public "-//w3c//dtd html 4.0 transitional//en">
<html><head>
<title>Static Call Graph - [.\Objects\uavrs_v2_bootloader.axf]</title></head>
<body><HR>
<H1>Static Call Graph for image .\Objects\uavrs_v2_bootloader.axf</H1><HR>
<BR><P>#&#060CALLGRAPH&#062# ARM Linker, 5050169: Last Updated: Mon Oct 28 14:22:29 2019
<BR><P>
<H3>Maximum Stack Usage =        760 bytes + Unknown(Cycles, Untraceable Function Pointers)</H3><H3>
Call chain for Maximum Stack Depth:</H3>
main &rArr; board_init_hyperflash &rArr; flexspi_nor_hyperflash_cfi &rArr; DbgConsole_Printf &rArr; StrFormatPrintf &rArr; ConvertFloatRadixNumToString &rArr; __hardfp_pow &rArr; sqrt
<P>
<H3>
Mutually Recursive functions
</H3> <LI><a href="#[3]">NMI_Handler</a>&nbsp;&nbsp;&nbsp;&rArr;&nbsp;&nbsp;&nbsp;<a href="#[3]">NMI_Handler</a><BR>
 <LI><a href="#[4]">HardFault_Handler</a>&nbsp;&nbsp;&nbsp;&rArr;&nbsp;&nbsp;&nbsp;<a href="#[4]">HardFault_Handler</a><BR>
 <LI><a href="#[5]">MemManage_Handler</a>&nbsp;&nbsp;&nbsp;&rArr;&nbsp;&nbsp;&nbsp;<a href="#[5]">MemManage_Handler</a><BR>
 <LI><a href="#[6]">BusFault_Handler</a>&nbsp;&nbsp;&nbsp;&rArr;&nbsp;&nbsp;&nbsp;<a href="#[6]">BusFault_Handler</a><BR>
 <LI><a href="#[7]">UsageFault_Handler</a>&nbsp;&nbsp;&nbsp;&rArr;&nbsp;&nbsp;&nbsp;<a href="#[7]">UsageFault_Handler</a><BR>
 <LI><a href="#[8]">SVC_Handler</a>&nbsp;&nbsp;&nbsp;&rArr;&nbsp;&nbsp;&nbsp;<a href="#[8]">SVC_Handler</a><BR>
 <LI><a href="#[9]">DebugMon_Handler</a>&nbsp;&nbsp;&nbsp;&rArr;&nbsp;&nbsp;&nbsp;<a href="#[9]">DebugMon_Handler</a><BR>
 <LI><a href="#[a]">PendSV_Handler</a>&nbsp;&nbsp;&nbsp;&rArr;&nbsp;&nbsp;&nbsp;<a href="#[a]">PendSV_Handler</a><BR>
 <LI><a href="#[b]">SysTick_Handler</a>&nbsp;&nbsp;&nbsp;&rArr;&nbsp;&nbsp;&nbsp;<a href="#[b]">SysTick_Handler</a><BR>
</UL>
<P>
<H3>
Function Pointers
</H3><UL>
 <LI><a href="#[87]">ACMP1_IRQHandler</a> from startup_mimxrt1052.o(.text) referenced from startup_mimxrt1052.o(RESET)
 <LI><a href="#[88]">ACMP2_IRQHandler</a> from startup_mimxrt1052.o(.text) referenced from startup_mimxrt1052.o(RESET)
 <LI><a href="#[89]">ACMP3_IRQHandler</a> from startup_mimxrt1052.o(.text) referenced from startup_mimxrt1052.o(RESET)
 <LI><a href="#[8a]">ACMP4_IRQHandler</a> from startup_mimxrt1052.o(.text) referenced from startup_mimxrt1052.o(RESET)
 <LI><a href="#[4f]">ADC1_IRQHandler</a> from startup_mimxrt1052.o(.text) referenced from startup_mimxrt1052.o(RESET)
 <LI><a href="#[50]">ADC2_IRQHandler</a> from startup_mimxrt1052.o(.text) referenced from startup_mimxrt1052.o(RESET)
 <LI><a href="#[85]">ADC_ETC_ERROR_IRQ_IRQHandler</a> from startup_mimxrt1052.o(.text) referenced from startup_mimxrt1052.o(RESET)
 <LI><a href="#[82]">ADC_ETC_IRQ0_IRQHandler</a> from startup_mimxrt1052.o(.text) referenced from startup_mimxrt1052.o(RESET)
 <LI><a href="#[83]">ADC_ETC_IRQ1_IRQHandler</a> from startup_mimxrt1052.o(.text) referenced from startup_mimxrt1052.o(RESET)
 <LI><a href="#[84]">ADC_ETC_IRQ2_IRQHandler</a> from startup_mimxrt1052.o(.text) referenced from startup_mimxrt1052.o(RESET)
 <LI><a href="#[49]">ANATOP_EVENT0_IRQHandler</a> from startup_mimxrt1052.o(.text) referenced from startup_mimxrt1052.o(RESET)
 <LI><a href="#[4a]">ANATOP_EVENT1_IRQHandler</a> from startup_mimxrt1052.o(.text) referenced from startup_mimxrt1052.o(RESET)
 <LI><a href="#[4b]">ANATOP_TAMP_LOW_HIGH_IRQHandler</a> from startup_mimxrt1052.o(.text) referenced from startup_mimxrt1052.o(RESET)
 <LI><a href="#[4c]">ANATOP_TEMP_PANIC_IRQHandler</a> from startup_mimxrt1052.o(.text) referenced from startup_mimxrt1052.o(RESET)
 <LI><a href="#[43]">BEE_IRQHandler</a> from startup_mimxrt1052.o(.text) referenced from startup_mimxrt1052.o(RESET)
 <LI><a href="#[6]">BusFault_Handler</a> from startup_mimxrt1052.o(.text) referenced from startup_mimxrt1052.o(RESET)
 <LI><a href="#[d1]">CAN1_DriverIRQHandler</a> from startup_mimxrt1052.o(.text) referenced from startup_mimxrt1052.o(.text)
 <LI><a href="#[30]">CAN1_IRQHandler</a> from startup_mimxrt1052.o(.text) referenced from startup_mimxrt1052.o(RESET)
 <LI><a href="#[d2]">CAN2_DriverIRQHandler</a> from startup_mimxrt1052.o(.text) referenced from startup_mimxrt1052.o(.text)
 <LI><a href="#[31]">CAN2_IRQHandler</a> from startup_mimxrt1052.o(.text) referenced from startup_mimxrt1052.o(RESET)
 <LI><a href="#[6b]">CCM_1_IRQHandler</a> from startup_mimxrt1052.o(.text) referenced from startup_mimxrt1052.o(RESET)
 <LI><a href="#[6c]">CCM_2_IRQHandler</a> from startup_mimxrt1052.o(.text) referenced from startup_mimxrt1052.o(RESET)
 <LI><a href="#[1f]">CORE_IRQHandler</a> from startup_mimxrt1052.o(.text) referenced from startup_mimxrt1052.o(RESET)
 <LI><a href="#[37]">CSI_IRQHandler</a> from startup_mimxrt1052.o(.text) referenced from startup_mimxrt1052.o(RESET)
 <LI><a href="#[3d]">CSU_IRQHandler</a> from startup_mimxrt1052.o(.text) referenced from startup_mimxrt1052.o(RESET)
 <LI><a href="#[1d]">CTI0_ERROR_IRQHandler</a> from startup_mimxrt1052.o(.text) referenced from startup_mimxrt1052.o(RESET)
 <LI><a href="#[1e]">CTI1_ERROR_IRQHandler</a> from startup_mimxrt1052.o(.text) referenced from startup_mimxrt1052.o(RESET)
 <LI><a href="#[51]">DCDC_IRQHandler</a> from startup_mimxrt1052.o(.text) referenced from startup_mimxrt1052.o(RESET)
 <LI><a href="#[3e]">DCP_IRQHandler</a> from startup_mimxrt1052.o(.text) referenced from startup_mimxrt1052.o(RESET)
 <LI><a href="#[3f]">DCP_VMI_IRQHandler</a> from startup_mimxrt1052.o(.text) referenced from startup_mimxrt1052.o(RESET)
 <LI><a href="#[b0]">DMA0_DMA16_DriverIRQHandler</a> from startup_mimxrt1052.o(.text) referenced from startup_mimxrt1052.o(.text)
 <LI><a href="#[c]">DMA0_DMA16_IRQHandler</a> from startup_mimxrt1052.o(.text) referenced from startup_mimxrt1052.o(RESET)
 <LI><a href="#[ba]">DMA10_DMA26_DriverIRQHandler</a> from startup_mimxrt1052.o(.text) referenced from startup_mimxrt1052.o(.text)
 <LI><a href="#[16]">DMA10_DMA26_IRQHandler</a> from startup_mimxrt1052.o(.text) referenced from startup_mimxrt1052.o(RESET)
 <LI><a href="#[bb]">DMA11_DMA27_DriverIRQHandler</a> from startup_mimxrt1052.o(.text) referenced from startup_mimxrt1052.o(.text)
 <LI><a href="#[17]">DMA11_DMA27_IRQHandler</a> from startup_mimxrt1052.o(.text) referenced from startup_mimxrt1052.o(RESET)
 <LI><a href="#[bc]">DMA12_DMA28_DriverIRQHandler</a> from startup_mimxrt1052.o(.text) referenced from startup_mimxrt1052.o(.text)
 <LI><a href="#[18]">DMA12_DMA28_IRQHandler</a> from startup_mimxrt1052.o(.text) referenced from startup_mimxrt1052.o(RESET)
 <LI><a href="#[bd]">DMA13_DMA29_DriverIRQHandler</a> from startup_mimxrt1052.o(.text) referenced from startup_mimxrt1052.o(.text)
 <LI><a href="#[19]">DMA13_DMA29_IRQHandler</a> from startup_mimxrt1052.o(.text) referenced from startup_mimxrt1052.o(RESET)
 <LI><a href="#[be]">DMA14_DMA30_DriverIRQHandler</a> from startup_mimxrt1052.o(.text) referenced from startup_mimxrt1052.o(.text)
 <LI><a href="#[1a]">DMA14_DMA30_IRQHandler</a> from startup_mimxrt1052.o(.text) referenced from startup_mimxrt1052.o(RESET)
 <LI><a href="#[bf]">DMA15_DMA31_DriverIRQHandler</a> from startup_mimxrt1052.o(.text) referenced from startup_mimxrt1052.o(.text)
 <LI><a href="#[1b]">DMA15_DMA31_IRQHandler</a> from startup_mimxrt1052.o(.text) referenced from startup_mimxrt1052.o(RESET)
 <LI><a href="#[b1]">DMA1_DMA17_DriverIRQHandler</a> from startup_mimxrt1052.o(.text) referenced from startup_mimxrt1052.o(.text)
 <LI><a href="#[d]">DMA1_DMA17_IRQHandler</a> from startup_mimxrt1052.o(.text) referenced from startup_mimxrt1052.o(RESET)
 <LI><a href="#[b2]">DMA2_DMA18_DriverIRQHandler</a> from startup_mimxrt1052.o(.text) referenced from startup_mimxrt1052.o(.text)
 <LI><a href="#[e]">DMA2_DMA18_IRQHandler</a> from startup_mimxrt1052.o(.text) referenced from startup_mimxrt1052.o(RESET)
 <LI><a href="#[b3]">DMA3_DMA19_DriverIRQHandler</a> from startup_mimxrt1052.o(.text) referenced from startup_mimxrt1052.o(.text)
 <LI><a href="#[f]">DMA3_DMA19_IRQHandler</a> from startup_mimxrt1052.o(.text) referenced from startup_mimxrt1052.o(RESET)
 <LI><a href="#[b4]">DMA4_DMA20_DriverIRQHandler</a> from startup_mimxrt1052.o(.text) referenced from startup_mimxrt1052.o(.text)
 <LI><a href="#[10]">DMA4_DMA20_IRQHandler</a> from startup_mimxrt1052.o(.text) referenced from startup_mimxrt1052.o(RESET)
 <LI><a href="#[b5]">DMA5_DMA21_DriverIRQHandler</a> from startup_mimxrt1052.o(.text) referenced from startup_mimxrt1052.o(.text)
 <LI><a href="#[11]">DMA5_DMA21_IRQHandler</a> from startup_mimxrt1052.o(.text) referenced from startup_mimxrt1052.o(RESET)
 <LI><a href="#[b6]">DMA6_DMA22_DriverIRQHandler</a> from startup_mimxrt1052.o(.text) referenced from startup_mimxrt1052.o(.text)
 <LI><a href="#[12]">DMA6_DMA22_IRQHandler</a> from startup_mimxrt1052.o(.text) referenced from startup_mimxrt1052.o(RESET)
 <LI><a href="#[b7]">DMA7_DMA23_DriverIRQHandler</a> from startup_mimxrt1052.o(.text) referenced from startup_mimxrt1052.o(.text)
 <LI><a href="#[13]">DMA7_DMA23_IRQHandler</a> from startup_mimxrt1052.o(.text) referenced from startup_mimxrt1052.o(RESET)
 <LI><a href="#[b8]">DMA8_DMA24_DriverIRQHandler</a> from startup_mimxrt1052.o(.text) referenced from startup_mimxrt1052.o(.text)
 <LI><a href="#[14]">DMA8_DMA24_IRQHandler</a> from startup_mimxrt1052.o(.text) referenced from startup_mimxrt1052.o(RESET)
 <LI><a href="#[b9]">DMA9_DMA25_DriverIRQHandler</a> from startup_mimxrt1052.o(.text) referenced from startup_mimxrt1052.o(.text)
 <LI><a href="#[15]">DMA9_DMA25_IRQHandler</a> from startup_mimxrt1052.o(.text) referenced from startup_mimxrt1052.o(RESET)
 <LI><a href="#[c0]">DMA_ERROR_DriverIRQHandler</a> from startup_mimxrt1052.o(.text) referenced from startup_mimxrt1052.o(.text)
 <LI><a href="#[1c]">DMA_ERROR_IRQHandler</a> from startup_mimxrt1052.o(.text) referenced from startup_mimxrt1052.o(RESET)
 <LI><a href="#[df]">DbgConsole_RelocateLog</a> from fsl_debug_console.o(i.DbgConsole_RelocateLog) referenced from fsl_debug_console.o(i.DbgConsole_Printf)
 <LI><a href="#[9]">DebugMon_Handler</a> from startup_mimxrt1052.o(.text) referenced from startup_mimxrt1052.o(RESET)
 <LI><a href="#[ac]">DefaultISR</a> from startup_mimxrt1052.o(.text) referenced from startup_mimxrt1052.o(.text)
 <LI><a href="#[ac]">DefaultISR</a> from startup_mimxrt1052.o(.text) referenced 79 times from startup_mimxrt1052.o(RESET)
 <LI><a href="#[8d]">ENC1_IRQHandler</a> from startup_mimxrt1052.o(.text) referenced from startup_mimxrt1052.o(RESET)
 <LI><a href="#[8e]">ENC2_IRQHandler</a> from startup_mimxrt1052.o(.text) referenced from startup_mimxrt1052.o(RESET)
 <LI><a href="#[8f]">ENC3_IRQHandler</a> from startup_mimxrt1052.o(.text) referenced from startup_mimxrt1052.o(RESET)
 <LI><a href="#[90]">ENC4_IRQHandler</a> from startup_mimxrt1052.o(.text) referenced from startup_mimxrt1052.o(RESET)
 <LI><a href="#[de]">ENET_1588_Timer_DriverIRQHandler</a> from startup_mimxrt1052.o(.text) referenced from startup_mimxrt1052.o(.text)
 <LI><a href="#[7f]">ENET_1588_Timer_IRQHandler</a> from startup_mimxrt1052.o(.text) referenced from startup_mimxrt1052.o(RESET)
 <LI><a href="#[dd]">ENET_DriverIRQHandler</a> from startup_mimxrt1052.o(.text) referenced from startup_mimxrt1052.o(.text)
 <LI><a href="#[7e]">ENET_IRQHandler</a> from startup_mimxrt1052.o(.text) referenced from startup_mimxrt1052.o(RESET)
 <LI><a href="#[6a]">EWM_IRQHandler</a> from startup_mimxrt1052.o(.text) referenced from startup_mimxrt1052.o(RESET)
 <LI><a href="#[d8]">FLEXIO1_DriverIRQHandler</a> from startup_mimxrt1052.o(.text) referenced from startup_mimxrt1052.o(.text)
 <LI><a href="#[66]">FLEXIO1_IRQHandler</a> from startup_mimxrt1052.o(.text) referenced from startup_mimxrt1052.o(RESET)
 <LI><a href="#[d9]">FLEXIO2_DriverIRQHandler</a> from startup_mimxrt1052.o(.text) referenced from startup_mimxrt1052.o(.text)
 <LI><a href="#[67]">FLEXIO2_IRQHandler</a> from startup_mimxrt1052.o(.text) referenced from startup_mimxrt1052.o(RESET)
 <LI><a href="#[32]">FLEXRAM_IRQHandler</a> from startup_mimxrt1052.o(.text) referenced from startup_mimxrt1052.o(RESET)
 <LI><a href="#[da]">FLEXSPI_DriverIRQHandler</a> from fsl_flexspi.o(i.FLEXSPI_DriverIRQHandler) referenced from startup_mimxrt1052.o(.text)
 <LI><a href="#[78]">FLEXSPI_IRQHandler</a> from startup_mimxrt1052.o(.text) referenced from startup_mimxrt1052.o(RESET)
 <LI><a href="#[6d]">GPC_IRQHandler</a> from startup_mimxrt1052.o(.text) referenced from startup_mimxrt1052.o(RESET)
 <LI><a href="#[5c]">GPIO1_Combined_0_15_IRQHandler</a> from startup_mimxrt1052.o(.text) referenced from startup_mimxrt1052.o(RESET)
 <LI><a href="#[5d]">GPIO1_Combined_16_31_IRQHandler</a> from startup_mimxrt1052.o(.text) referenced from startup_mimxrt1052.o(RESET)
 <LI><a href="#[54]">GPIO1_INT0_IRQHandler</a> from startup_mimxrt1052.o(.text) referenced from startup_mimxrt1052.o(RESET)
 <LI><a href="#[55]">GPIO1_INT1_IRQHandler</a> from startup_mimxrt1052.o(.text) referenced from startup_mimxrt1052.o(RESET)
 <LI><a href="#[56]">GPIO1_INT2_IRQHandler</a> from startup_mimxrt1052.o(.text) referenced from startup_mimxrt1052.o(RESET)
 <LI><a href="#[57]">GPIO1_INT3_IRQHandler</a> from startup_mimxrt1052.o(.text) referenced from startup_mimxrt1052.o(RESET)
 <LI><a href="#[58]">GPIO1_INT4_IRQHandler</a> from startup_mimxrt1052.o(.text) referenced from startup_mimxrt1052.o(RESET)
 <LI><a href="#[59]">GPIO1_INT5_IRQHandler</a> from startup_mimxrt1052.o(.text) referenced from startup_mimxrt1052.o(RESET)
 <LI><a href="#[5a]">GPIO1_INT6_IRQHandler</a> from startup_mimxrt1052.o(.text) referenced from startup_mimxrt1052.o(RESET)
 <LI><a href="#[5b]">GPIO1_INT7_IRQHandler</a> from startup_mimxrt1052.o(.text) referenced from startup_mimxrt1052.o(RESET)
 <LI><a href="#[5e]">GPIO2_Combined_0_15_IRQHandler</a> from startup_mimxrt1052.o(.text) referenced from startup_mimxrt1052.o(RESET)
 <LI><a href="#[5f]">GPIO2_Combined_16_31_IRQHandler</a> from startup_mimxrt1052.o(.text) referenced from startup_mimxrt1052.o(RESET)
 <LI><a href="#[60]">GPIO3_Combined_0_15_IRQHandler</a> from startup_mimxrt1052.o(.text) referenced from startup_mimxrt1052.o(RESET)
 <LI><a href="#[61]">GPIO3_Combined_16_31_IRQHandler</a> from startup_mimxrt1052.o(.text) referenced from startup_mimxrt1052.o(RESET)
 <LI><a href="#[62]">GPIO4_Combined_0_15_IRQHandler</a> from startup_mimxrt1052.o(.text) referenced from startup_mimxrt1052.o(RESET)
 <LI><a href="#[63]">GPIO4_Combined_16_31_IRQHandler</a> from startup_mimxrt1052.o(.text) referenced from startup_mimxrt1052.o(RESET)
 <LI><a href="#[64]">GPIO5_Combined_0_15_IRQHandler</a> from startup_mimxrt1052.o(.text) referenced from startup_mimxrt1052.o(RESET)
 <LI><a href="#[65]">GPIO5_Combined_16_31_IRQHandler</a> from startup_mimxrt1052.o(.text) referenced from startup_mimxrt1052.o(RESET)
 <LI><a href="#[35]">GPR_IRQ_IRQHandler</a> from startup_mimxrt1052.o(.text) referenced from startup_mimxrt1052.o(RESET)
 <LI><a href="#[70]">GPT1_IRQHandler</a> from startup_mimxrt1052.o(.text) referenced from startup_mimxrt1052.o(RESET)
 <LI><a href="#[71]">GPT2_IRQHandler</a> from startup_mimxrt1052.o(.text) referenced from startup_mimxrt1052.o(RESET)
 <LI><a href="#[4]">HardFault_Handler</a> from startup_mimxrt1052.o(.text) referenced from startup_mimxrt1052.o(RESET)
 <LI><a href="#[33]">KPP_IRQHandler</a> from startup_mimxrt1052.o(.text) referenced from startup_mimxrt1052.o(RESET)
 <LI><a href="#[36]">LCDIF_IRQHandler</a> from startup_mimxrt1052.o(.text) referenced from startup_mimxrt1052.o(RESET)
 <LI><a href="#[c9]">LPI2C1_DriverIRQHandler</a> from startup_mimxrt1052.o(.text) referenced from startup_mimxrt1052.o(.text)
 <LI><a href="#[28]">LPI2C1_IRQHandler</a> from startup_mimxrt1052.o(.text) referenced from startup_mimxrt1052.o(RESET)
 <LI><a href="#[ca]">LPI2C2_DriverIRQHandler</a> from startup_mimxrt1052.o(.text) referenced from startup_mimxrt1052.o(.text)
 <LI><a href="#[29]">LPI2C2_IRQHandler</a> from startup_mimxrt1052.o(.text) referenced from startup_mimxrt1052.o(RESET)
 <LI><a href="#[cb]">LPI2C3_DriverIRQHandler</a> from startup_mimxrt1052.o(.text) referenced from startup_mimxrt1052.o(.text)
 <LI><a href="#[2a]">LPI2C3_IRQHandler</a> from startup_mimxrt1052.o(.text) referenced from startup_mimxrt1052.o(RESET)
 <LI><a href="#[cc]">LPI2C4_DriverIRQHandler</a> from startup_mimxrt1052.o(.text) referenced from startup_mimxrt1052.o(.text)
 <LI><a href="#[2b]">LPI2C4_IRQHandler</a> from startup_mimxrt1052.o(.text) referenced from startup_mimxrt1052.o(RESET)
 <LI><a href="#[cd]">LPSPI1_DriverIRQHandler</a> from startup_mimxrt1052.o(.text) referenced from startup_mimxrt1052.o(.text)
 <LI><a href="#[2c]">LPSPI1_IRQHandler</a> from startup_mimxrt1052.o(.text) referenced from startup_mimxrt1052.o(RESET)
 <LI><a href="#[ce]">LPSPI2_DriverIRQHandler</a> from startup_mimxrt1052.o(.text) referenced from startup_mimxrt1052.o(.text)
 <LI><a href="#[2d]">LPSPI2_IRQHandler</a> from startup_mimxrt1052.o(.text) referenced from startup_mimxrt1052.o(RESET)
 <LI><a href="#[cf]">LPSPI3_DriverIRQHandler</a> from startup_mimxrt1052.o(.text) referenced from startup_mimxrt1052.o(.text)
 <LI><a href="#[2e]">LPSPI3_IRQHandler</a> from startup_mimxrt1052.o(.text) referenced from startup_mimxrt1052.o(RESET)
 <LI><a href="#[d0]">LPSPI4_DriverIRQHandler</a> from startup_mimxrt1052.o(.text) referenced from startup_mimxrt1052.o(.text)
 <LI><a href="#[2f]">LPSPI4_IRQHandler</a> from startup_mimxrt1052.o(.text) referenced from startup_mimxrt1052.o(RESET)
 <LI><a href="#[c1]">LPUART1_DriverIRQHandler</a> from fsl_lpuart.o(i.LPUART1_DriverIRQHandler) referenced from startup_mimxrt1052.o(.text)
 <LI><a href="#[20]">LPUART1_IRQHandler</a> from startup_mimxrt1052.o(.text) referenced from startup_mimxrt1052.o(RESET)
 <LI><a href="#[c2]">LPUART2_DriverIRQHandler</a> from fsl_lpuart.o(i.LPUART2_DriverIRQHandler) referenced from startup_mimxrt1052.o(.text)
 <LI><a href="#[21]">LPUART2_IRQHandler</a> from startup_mimxrt1052.o(.text) referenced from startup_mimxrt1052.o(RESET)
 <LI><a href="#[c3]">LPUART3_DriverIRQHandler</a> from fsl_lpuart.o(i.LPUART3_DriverIRQHandler) referenced from startup_mimxrt1052.o(.text)
 <LI><a href="#[22]">LPUART3_IRQHandler</a> from startup_mimxrt1052.o(.text) referenced from startup_mimxrt1052.o(RESET)
 <LI><a href="#[c4]">LPUART4_DriverIRQHandler</a> from fsl_lpuart.o(i.LPUART4_DriverIRQHandler) referenced from startup_mimxrt1052.o(.text)
 <LI><a href="#[23]">LPUART4_IRQHandler</a> from startup_mimxrt1052.o(.text) referenced from startup_mimxrt1052.o(RESET)
 <LI><a href="#[c5]">LPUART5_DriverIRQHandler</a> from fsl_lpuart.o(i.LPUART5_DriverIRQHandler) referenced from startup_mimxrt1052.o(.text)
 <LI><a href="#[24]">LPUART5_IRQHandler</a> from startup_mimxrt1052.o(.text) referenced from startup_mimxrt1052.o(RESET)
 <LI><a href="#[c6]">LPUART6_DriverIRQHandler</a> from fsl_lpuart.o(i.LPUART6_DriverIRQHandler) referenced from startup_mimxrt1052.o(.text)
 <LI><a href="#[25]">LPUART6_IRQHandler</a> from startup_mimxrt1052.o(.text) referenced from startup_mimxrt1052.o(RESET)
 <LI><a href="#[c7]">LPUART7_DriverIRQHandler</a> from fsl_lpuart.o(i.LPUART7_DriverIRQHandler) referenced from startup_mimxrt1052.o(.text)
 <LI><a href="#[26]">LPUART7_IRQHandler</a> from startup_mimxrt1052.o(.text) referenced from startup_mimxrt1052.o(RESET)
 <LI><a href="#[c8]">LPUART8_DriverIRQHandler</a> from fsl_lpuart.o(i.LPUART8_DriverIRQHandler) referenced from startup_mimxrt1052.o(.text)
 <LI><a href="#[27]">LPUART8_IRQHandler</a> from startup_mimxrt1052.o(.text) referenced from startup_mimxrt1052.o(RESET)
 <LI><a href="#[5]">MemManage_Handler</a> from startup_mimxrt1052.o(.text) referenced from startup_mimxrt1052.o(RESET)
 <LI><a href="#[3]">NMI_Handler</a> from startup_mimxrt1052.o(.text) referenced from startup_mimxrt1052.o(RESET)
 <LI><a href="#[ab]">NMI_WAKEUP_IRQHandler</a> from startup_mimxrt1052.o(.text) referenced from startup_mimxrt1052.o(RESET)
 <LI><a href="#[86]">PIT_IRQHandler</a> from startup_mimxrt1052.o(.text) referenced from startup_mimxrt1052.o(RESET)
 <LI><a href="#[72]">PWM1_0_IRQHandler</a> from startup_mimxrt1052.o(.text) referenced from startup_mimxrt1052.o(RESET)
 <LI><a href="#[73]">PWM1_1_IRQHandler</a> from startup_mimxrt1052.o(.text) referenced from startup_mimxrt1052.o(RESET)
 <LI><a href="#[74]">PWM1_2_IRQHandler</a> from startup_mimxrt1052.o(.text) referenced from startup_mimxrt1052.o(RESET)
 <LI><a href="#[75]">PWM1_3_IRQHandler</a> from startup_mimxrt1052.o(.text) referenced from startup_mimxrt1052.o(RESET)
 <LI><a href="#[76]">PWM1_FAULT_IRQHandler</a> from startup_mimxrt1052.o(.text) referenced from startup_mimxrt1052.o(RESET)
 <LI><a href="#[95]">PWM2_0_IRQHandler</a> from startup_mimxrt1052.o(.text) referenced from startup_mimxrt1052.o(RESET)
 <LI><a href="#[96]">PWM2_1_IRQHandler</a> from startup_mimxrt1052.o(.text) referenced from startup_mimxrt1052.o(RESET)
 <LI><a href="#[97]">PWM2_2_IRQHandler</a> from startup_mimxrt1052.o(.text) referenced from startup_mimxrt1052.o(RESET)
 <LI><a href="#[98]">PWM2_3_IRQHandler</a> from startup_mimxrt1052.o(.text) referenced from startup_mimxrt1052.o(RESET)
 <LI><a href="#[99]">PWM2_FAULT_IRQHandler</a> from startup_mimxrt1052.o(.text) referenced from startup_mimxrt1052.o(RESET)
 <LI><a href="#[9a]">PWM3_0_IRQHandler</a> from startup_mimxrt1052.o(.text) referenced from startup_mimxrt1052.o(RESET)
 <LI><a href="#[9b]">PWM3_1_IRQHandler</a> from startup_mimxrt1052.o(.text) referenced from startup_mimxrt1052.o(RESET)
 <LI><a href="#[9c]">PWM3_2_IRQHandler</a> from startup_mimxrt1052.o(.text) referenced from startup_mimxrt1052.o(RESET)
 <LI><a href="#[9d]">PWM3_3_IRQHandler</a> from startup_mimxrt1052.o(.text) referenced from startup_mimxrt1052.o(RESET)
 <LI><a href="#[9e]">PWM3_FAULT_IRQHandler</a> from startup_mimxrt1052.o(.text) referenced from startup_mimxrt1052.o(RESET)
 <LI><a href="#[9f]">PWM4_0_IRQHandler</a> from startup_mimxrt1052.o(.text) referenced from startup_mimxrt1052.o(RESET)
 <LI><a href="#[a0]">PWM4_1_IRQHandler</a> from startup_mimxrt1052.o(.text) referenced from startup_mimxrt1052.o(RESET)
 <LI><a href="#[a1]">PWM4_2_IRQHandler</a> from startup_mimxrt1052.o(.text) referenced from startup_mimxrt1052.o(RESET)
 <LI><a href="#[a2]">PWM4_3_IRQHandler</a> from startup_mimxrt1052.o(.text) referenced from startup_mimxrt1052.o(RESET)
 <LI><a href="#[a3]">PWM4_FAULT_IRQHandler</a> from startup_mimxrt1052.o(.text) referenced from startup_mimxrt1052.o(RESET)
 <LI><a href="#[38]">PXP_IRQHandler</a> from startup_mimxrt1052.o(.text) referenced from startup_mimxrt1052.o(RESET)
 <LI><a href="#[a]">PendSV_Handler</a> from startup_mimxrt1052.o(.text) referenced from startup_mimxrt1052.o(RESET)
 <LI><a href="#[69]">RTWDOG_IRQHandler</a> from startup_mimxrt1052.o(.text) referenced from startup_mimxrt1052.o(RESET)
 <LI><a href="#[6f]">Reserved115_IRQHandler</a> from startup_mimxrt1052.o(.text) referenced from startup_mimxrt1052.o(RESET)
 <LI><a href="#[77]">Reserved123_IRQHandler</a> from startup_mimxrt1052.o(.text) referenced from startup_mimxrt1052.o(RESET)
 <LI><a href="#[8b]">Reserved143_IRQHandler</a> from startup_mimxrt1052.o(.text) referenced from startup_mimxrt1052.o(RESET)
 <LI><a href="#[8c]">Reserved144_IRQHandler</a> from startup_mimxrt1052.o(.text) referenced from startup_mimxrt1052.o(RESET)
 <LI><a href="#[a4]">Reserved168_IRQHandler</a> from startup_mimxrt1052.o(.text) referenced from startup_mimxrt1052.o(RESET)
 <LI><a href="#[a5]">Reserved169_IRQHandler</a> from startup_mimxrt1052.o(.text) referenced from startup_mimxrt1052.o(RESET)
 <LI><a href="#[a6]">Reserved170_IRQHandler</a> from startup_mimxrt1052.o(.text) referenced from startup_mimxrt1052.o(RESET)
 <LI><a href="#[a7]">Reserved171_IRQHandler</a> from startup_mimxrt1052.o(.text) referenced from startup_mimxrt1052.o(RESET)
 <LI><a href="#[a8]">Reserved172_IRQHandler</a> from startup_mimxrt1052.o(.text) referenced from startup_mimxrt1052.o(RESET)
 <LI><a href="#[a9]">Reserved173_IRQHandler</a> from startup_mimxrt1052.o(.text) referenced from startup_mimxrt1052.o(RESET)
 <LI><a href="#[40]">Reserved68_IRQHandler</a> from startup_mimxrt1052.o(.text) referenced from startup_mimxrt1052.o(RESET)
 <LI><a href="#[52]">Reserved86_IRQHandler</a> from startup_mimxrt1052.o(.text) referenced from startup_mimxrt1052.o(RESET)
 <LI><a href="#[53]">Reserved87_IRQHandler</a> from startup_mimxrt1052.o(.text) referenced from startup_mimxrt1052.o(RESET)
 <LI><a href="#[2]">Reset_Handler</a> from startup_mimxrt1052.o(.text) referenced from startup_mimxrt1052.o(RESET)
 <LI><a href="#[d3]">SAI1_DriverIRQHandler</a> from startup_mimxrt1052.o(.text) referenced from startup_mimxrt1052.o(.text)
 <LI><a href="#[44]">SAI1_IRQHandler</a> from startup_mimxrt1052.o(.text) referenced from startup_mimxrt1052.o(RESET)
 <LI><a href="#[d4]">SAI2_DriverIRQHandler</a> from startup_mimxrt1052.o(.text) referenced from startup_mimxrt1052.o(.text)
 <LI><a href="#[45]">SAI2_IRQHandler</a> from startup_mimxrt1052.o(.text) referenced from startup_mimxrt1052.o(RESET)
 <LI><a href="#[d5]">SAI3_RX_DriverIRQHandler</a> from startup_mimxrt1052.o(.text) referenced from startup_mimxrt1052.o(.text)
 <LI><a href="#[46]">SAI3_RX_IRQHandler</a> from startup_mimxrt1052.o(.text) referenced from startup_mimxrt1052.o(RESET)
 <LI><a href="#[d6]">SAI3_TX_DriverIRQHandler</a> from startup_mimxrt1052.o(.text) referenced from startup_mimxrt1052.o(.text)
 <LI><a href="#[47]">SAI3_TX_IRQHandler</a> from startup_mimxrt1052.o(.text) referenced from startup_mimxrt1052.o(RESET)
 <LI><a href="#[79]">SEMC_IRQHandler</a> from startup_mimxrt1052.o(.text) referenced from startup_mimxrt1052.o(RESET)
 <LI><a href="#[aa]">SJC_ARM_DEBUG_IRQHandler</a> from startup_mimxrt1052.o(.text) referenced from startup_mimxrt1052.o(RESET)
 <LI><a href="#[42]">SJC_IRQHandler</a> from startup_mimxrt1052.o(.text) referenced from startup_mimxrt1052.o(RESET)
 <LI><a href="#[3a]">SNVS_HP_WRAPPER_IRQHandler</a> from startup_mimxrt1052.o(.text) referenced from startup_mimxrt1052.o(RESET)
 <LI><a href="#[3b]">SNVS_HP_WRAPPER_TZ_IRQHandler</a> from startup_mimxrt1052.o(.text) referenced from startup_mimxrt1052.o(RESET)
 <LI><a href="#[3c]">SNVS_LP_WRAPPER_IRQHandler</a> from startup_mimxrt1052.o(.text) referenced from startup_mimxrt1052.o(RESET)
 <LI><a href="#[d7]">SPDIF_DriverIRQHandler</a> from startup_mimxrt1052.o(.text) referenced from startup_mimxrt1052.o(.text)
 <LI><a href="#[48]">SPDIF_IRQHandler</a> from startup_mimxrt1052.o(.text) referenced from startup_mimxrt1052.o(RESET)
 <LI><a href="#[6e]">SRC_IRQHandler</a> from startup_mimxrt1052.o(.text) referenced from startup_mimxrt1052.o(RESET)
 <LI><a href="#[8]">SVC_Handler</a> from startup_mimxrt1052.o(.text) referenced from startup_mimxrt1052.o(RESET)
 <LI><a href="#[b]">SysTick_Handler</a> from startup_mimxrt1052.o(.text) referenced from startup_mimxrt1052.o(RESET)
 <LI><a href="#[ae]">SystemInit</a> from system_mimxrt1052.o(i.SystemInit) referenced from startup_mimxrt1052.o(.text)
 <LI><a href="#[91]">TMR1_IRQHandler</a> from startup_mimxrt1052.o(.text) referenced from startup_mimxrt1052.o(RESET)
 <LI><a href="#[92]">TMR2_IRQHandler</a> from startup_mimxrt1052.o(.text) referenced from startup_mimxrt1052.o(RESET)
 <LI><a href="#[93]">TMR3_IRQHandler</a> from startup_mimxrt1052.o(.text) referenced from startup_mimxrt1052.o(RESET)
 <LI><a href="#[94]">TMR4_IRQHandler</a> from startup_mimxrt1052.o(.text) referenced from startup_mimxrt1052.o(RESET)
 <LI><a href="#[41]">TRNG_IRQHandler</a> from startup_mimxrt1052.o(.text) referenced from startup_mimxrt1052.o(RESET)
 <LI><a href="#[34]">TSC_DIG_IRQHandler</a> from startup_mimxrt1052.o(.text) referenced from startup_mimxrt1052.o(RESET)
 <LI><a href="#[1]">USB_DeviceCallback</a> from cdcacm.o(i.USB_DeviceCallback) referenced 2 times from cdcacm.o(.data)
 <LI><a href="#[e1]">USB_DeviceCdcAcmBulkIn</a> from usb_device_cdc_acm.o(i.USB_DeviceCdcAcmBulkIn) referenced from usb_device_cdc_acm.o(i.USB_DeviceCdcAcmEndpointsInit)
 <LI><a href="#[e2]">USB_DeviceCdcAcmBulkOut</a> from usb_device_cdc_acm.o(i.USB_DeviceCdcAcmBulkOut) referenced from usb_device_cdc_acm.o(i.USB_DeviceCdcAcmEndpointsInit)
 <LI><a href="#[ef]">USB_DeviceCdcAcmDeinit</a> from usb_device_cdc_acm.o(i.USB_DeviceCdcAcmDeinit) referenced from usb_device_class.o(.constdata)
 <LI><a href="#[f0]">USB_DeviceCdcAcmEvent</a> from usb_device_cdc_acm.o(i.USB_DeviceCdcAcmEvent) referenced from usb_device_class.o(.constdata)
 <LI><a href="#[ee]">USB_DeviceCdcAcmInit</a> from usb_device_cdc_acm.o(i.USB_DeviceCdcAcmInit) referenced from usb_device_class.o(.constdata)
 <LI><a href="#[e0]">USB_DeviceCdcAcmInterruptIn</a> from usb_device_cdc_acm.o(i.USB_DeviceCdcAcmInterruptIn) referenced from usb_device_cdc_acm.o(i.USB_DeviceCdcAcmEndpointsInit)
 <LI><a href="#[0]">USB_DeviceCdcVcomCallback</a> from cdcacm.o(i.USB_DeviceCdcVcomCallback) referenced 2 times from cdcacm.o(.data)
 <LI><a href="#[e9]">USB_DeviceCh9GetConfiguration</a> from usb_device_ch9.o(i.USB_DeviceCh9GetConfiguration) referenced from usb_device_ch9.o(.constdata)
 <LI><a href="#[e8]">USB_DeviceCh9GetDescriptor</a> from usb_device_ch9.o(i.USB_DeviceCh9GetDescriptor) referenced from usb_device_ch9.o(.constdata)
 <LI><a href="#[eb]">USB_DeviceCh9GetInterface</a> from usb_device_ch9.o(i.USB_DeviceCh9GetInterface) referenced from usb_device_ch9.o(.constdata)
 <LI><a href="#[e5]">USB_DeviceCh9GetStatus</a> from usb_device_ch9.o(i.USB_DeviceCh9GetStatus) referenced from usb_device_ch9.o(.constdata)
 <LI><a href="#[e7]">USB_DeviceCh9SetAddress</a> from usb_device_ch9.o(i.USB_DeviceCh9SetAddress) referenced from usb_device_ch9.o(.constdata)
 <LI><a href="#[e6]">USB_DeviceCh9SetClearFeature</a> from usb_device_ch9.o(i.USB_DeviceCh9SetClearFeature) referenced 2 times from usb_device_ch9.o(.constdata)
 <LI><a href="#[ea]">USB_DeviceCh9SetConfiguration</a> from usb_device_ch9.o(i.USB_DeviceCh9SetConfiguration) referenced from usb_device_ch9.o(.constdata)
 <LI><a href="#[ec]">USB_DeviceCh9SetInterface</a> from usb_device_ch9.o(i.USB_DeviceCh9SetInterface) referenced from usb_device_ch9.o(.constdata)
 <LI><a href="#[ed]">USB_DeviceCh9SynchFrame</a> from usb_device_ch9.o(i.USB_DeviceCh9SynchFrame) referenced from usb_device_ch9.o(.constdata)
 <LI><a href="#[e3]">USB_DeviceClassCallback</a> from usb_device_class.o(i.USB_DeviceClassCallback) referenced from usb_device_class.o(i.USB_DeviceClassInit)
 <LI><a href="#[e4]">USB_DeviceControlCallback</a> from usb_device_ch9.o(i.USB_DeviceControlCallback) referenced from usb_device_ch9.o(i.USB_DeviceControlPipeInit)
 <LI><a href="#[f5]">USB_DeviceEhciCancel</a> from usb_device_ehci.o(i.USB_DeviceEhciCancel) referenced from usb_device_dci.o(.constdata)
 <LI><a href="#[f6]">USB_DeviceEhciControl</a> from usb_device_ehci.o(i.USB_DeviceEhciControl) referenced from usb_device_dci.o(.constdata)
 <LI><a href="#[f2]">USB_DeviceEhciDeinit</a> from usb_device_ehci.o(i.USB_DeviceEhciDeinit) referenced from usb_device_dci.o(.constdata)
 <LI><a href="#[f1]">USB_DeviceEhciInit</a> from usb_device_ehci.o(i.USB_DeviceEhciInit) referenced from usb_device_dci.o(.constdata)
 <LI><a href="#[f4]">USB_DeviceEhciRecv</a> from usb_device_ehci.o(i.USB_DeviceEhciRecv) referenced from usb_device_dci.o(.constdata)
 <LI><a href="#[f3]">USB_DeviceEhciSend</a> from usb_device_ehci.o(i.USB_DeviceEhciSend) referenced from usb_device_dci.o(.constdata)
 <LI><a href="#[7d]">USB_OTG1_IRQHandler</a> from cdcacm.o(i.USB_OTG1_IRQHandler) referenced from startup_mimxrt1052.o(RESET)
 <LI><a href="#[7c]">USB_OTG2_IRQHandler</a> from cdcacm.o(i.USB_OTG2_IRQHandler) referenced from startup_mimxrt1052.o(RESET)
 <LI><a href="#[4d]">USB_PHY1_IRQHandler</a> from startup_mimxrt1052.o(.text) referenced from startup_mimxrt1052.o(RESET)
 <LI><a href="#[4e]">USB_PHY2_IRQHandler</a> from startup_mimxrt1052.o(.text) referenced from startup_mimxrt1052.o(RESET)
 <LI><a href="#[db]">USDHC1_DriverIRQHandler</a> from startup_mimxrt1052.o(.text) referenced from startup_mimxrt1052.o(.text)
 <LI><a href="#[7a]">USDHC1_IRQHandler</a> from startup_mimxrt1052.o(.text) referenced from startup_mimxrt1052.o(RESET)
 <LI><a href="#[dc]">USDHC2_DriverIRQHandler</a> from startup_mimxrt1052.o(.text) referenced from startup_mimxrt1052.o(.text)
 <LI><a href="#[7b]">USDHC2_IRQHandler</a> from startup_mimxrt1052.o(.text) referenced from startup_mimxrt1052.o(RESET)
 <LI><a href="#[7]">UsageFault_Handler</a> from startup_mimxrt1052.o(.text) referenced from startup_mimxrt1052.o(RESET)
 <LI><a href="#[68]">WDOG1_IRQHandler</a> from startup_mimxrt1052.o(.text) referenced from startup_mimxrt1052.o(RESET)
 <LI><a href="#[39]">WDOG2_IRQHandler</a> from startup_mimxrt1052.o(.text) referenced from startup_mimxrt1052.o(RESET)
 <LI><a href="#[80]">XBAR1_IRQ_0_1_IRQHandler</a> from startup_mimxrt1052.o(.text) referenced from startup_mimxrt1052.o(RESET)
 <LI><a href="#[81]">XBAR1_IRQ_2_3_IRQHandler</a> from startup_mimxrt1052.o(.text) referenced from startup_mimxrt1052.o(RESET)
 <LI><a href="#[af]">__main</a> from entry.o(.ARM.Collect$$$$00000000) referenced from startup_mimxrt1052.o(.text)
 <LI><a href="#[ad]">main</a> from main_imxrt1052.o(i.main) referenced from entry9a.o(.ARM.Collect$$$$0000000B)
</UL>
<P>
<H3>
Global Symbols
</H3>
<P><STRONG><a name="[f7]"></a>__aeabi_uldivmod</STRONG> (Thumb, 98 bytes, Stack size 40 bytes, uldiv.o(.text))
<BR><BR>[Stack]<UL><LI>Max Depth = 40<LI>Call Chain = __aeabi_uldivmod
</UL>
<BR>[Calls]<UL><LI><a href="#[f8]">&gt;&gt;</a>&nbsp;&nbsp;&nbsp;__aeabi_llsr
<LI><a href="#[f9]">&gt;&gt;</a>&nbsp;&nbsp;&nbsp;__aeabi_llsl
</UL>
<BR>[Called By]<UL><LI><a href="#[10f]">&gt;&gt;</a>&nbsp;&nbsp;&nbsp;CLOCK_GetPllFreq
<LI><a href="#[120]">&gt;&gt;</a>&nbsp;&nbsp;&nbsp;ConvertRadixNumToString
<LI><a href="#[fa]">&gt;&gt;</a>&nbsp;&nbsp;&nbsp;__aeabi_ldivmod
</UL>

<P><STRONG><a name="[fa]"></a>__aeabi_ldivmod</STRONG> (Thumb, 98 bytes, Stack size 24 bytes, ldiv.o(.text))
<BR><BR>[Stack]<UL><LI>Max Depth = 64<LI>Call Chain = __aeabi_ldivmod &rArr; __aeabi_uldivmod
</UL>
<BR>[Calls]<UL><LI><a href="#[f7]">&gt;&gt;</a>&nbsp;&nbsp;&nbsp;__aeabi_uldivmod
</UL>
<BR>[Called By]<UL><LI><a href="#[120]">&gt;&gt;</a>&nbsp;&nbsp;&nbsp;ConvertRadixNumToString
</UL>

<P><STRONG><a name="[fc]"></a>__aeabi_memset</STRONG> (Thumb, 14 bytes, Stack size 0 bytes, memseta.o(.text))
<BR><BR>[Called By]<UL><LI><a href="#[fd]">&gt;&gt;</a>&nbsp;&nbsp;&nbsp;_memset$wrapper
<LI><a href="#[fb]">&gt;&gt;</a>&nbsp;&nbsp;&nbsp;__aeabi_memclr
</UL>

<P><STRONG><a name="[19d]"></a>__aeabi_memset4</STRONG> (Thumb, 0 bytes, Stack size 0 bytes, memseta.o(.text), UNUSED)

<P><STRONG><a name="[19e]"></a>__aeabi_memset8</STRONG> (Thumb, 0 bytes, Stack size 0 bytes, memseta.o(.text), UNUSED)

<P><STRONG><a name="[fb]"></a>__aeabi_memclr</STRONG> (Thumb, 4 bytes, Stack size 0 bytes, memseta.o(.text))
<BR><BR>[Calls]<UL><LI><a href="#[fc]">&gt;&gt;</a>&nbsp;&nbsp;&nbsp;__aeabi_memset
</UL>
<BR>[Called By]<UL><LI><a href="#[127]">&gt;&gt;</a>&nbsp;&nbsp;&nbsp;FLEXSPI_GetDefaultConfig
</UL>

<P><STRONG><a name="[123]"></a>__aeabi_memclr4</STRONG> (Thumb, 0 bytes, Stack size 0 bytes, memseta.o(.text))
<BR><BR>[Called By]<UL><LI><a href="#[122]">&gt;&gt;</a>&nbsp;&nbsp;&nbsp;DbgConsole_Printf
</UL>

<P><STRONG><a name="[19f]"></a>__aeabi_memclr8</STRONG> (Thumb, 0 bytes, Stack size 0 bytes, memseta.o(.text), UNUSED)

<P><STRONG><a name="[fd]"></a>_memset$wrapper</STRONG> (Thumb, 18 bytes, Stack size 8 bytes, memseta.o(.text), UNUSED)
<BR><BR>[Calls]<UL><LI><a href="#[fc]">&gt;&gt;</a>&nbsp;&nbsp;&nbsp;__aeabi_memset
</UL>

<P><STRONG><a name="[143]"></a>strlen</STRONG> (Thumb, 14 bytes, Stack size 0 bytes, strlen.o(.text))
<BR><BR>[Called By]<UL><LI><a href="#[124]">&gt;&gt;</a>&nbsp;&nbsp;&nbsp;StrFormatPrintf
</UL>

<P><STRONG><a name="[fe]"></a>__aeabi_l2d</STRONG> (Thumb, 40 bytes, Stack size 24 bytes, dfltl.o(.text))
<BR><BR>[Stack]<UL><LI>Max Depth = 64<LI>Call Chain = __aeabi_l2d &rArr; _double_epilogue &rArr; _double_round
</UL>
<BR>[Calls]<UL><LI><a href="#[ff]">&gt;&gt;</a>&nbsp;&nbsp;&nbsp;_double_epilogue
</UL>
<BR>[Called By]<UL><LI><a href="#[11d]">&gt;&gt;</a>&nbsp;&nbsp;&nbsp;ConvertFloatRadixNumToString
</UL>

<P><STRONG><a name="[100]"></a>__aeabi_d2lz</STRONG> (Thumb, 74 bytes, Stack size 16 bytes, dfixl.o(.text))
<BR><BR>[Stack]<UL><LI>Max Depth = 16<LI>Call Chain = __aeabi_d2lz
</UL>
<BR>[Calls]<UL><LI><a href="#[f8]">&gt;&gt;</a>&nbsp;&nbsp;&nbsp;__aeabi_llsr
<LI><a href="#[f9]">&gt;&gt;</a>&nbsp;&nbsp;&nbsp;__aeabi_llsl
</UL>
<BR>[Called By]<UL><LI><a href="#[11d]">&gt;&gt;</a>&nbsp;&nbsp;&nbsp;ConvertFloatRadixNumToString
</UL>

<P><STRONG><a name="[f9]"></a>__aeabi_llsl</STRONG> (Thumb, 30 bytes, Stack size 0 bytes, llshl.o(.text))
<BR><BR>[Called By]<UL><LI><a href="#[100]">&gt;&gt;</a>&nbsp;&nbsp;&nbsp;__aeabi_d2lz
<LI><a href="#[ff]">&gt;&gt;</a>&nbsp;&nbsp;&nbsp;_double_epilogue
<LI><a href="#[f7]">&gt;&gt;</a>&nbsp;&nbsp;&nbsp;__aeabi_uldivmod
</UL>

<P><STRONG><a name="[1a0]"></a>_ll_shift_l</STRONG> (Thumb, 0 bytes, Stack size 0 bytes, llshl.o(.text), UNUSED)

<P><STRONG><a name="[f8]"></a>__aeabi_llsr</STRONG> (Thumb, 32 bytes, Stack size 0 bytes, llushr.o(.text))
<BR><BR>[Called By]<UL><LI><a href="#[100]">&gt;&gt;</a>&nbsp;&nbsp;&nbsp;__aeabi_d2lz
<LI><a href="#[ff]">&gt;&gt;</a>&nbsp;&nbsp;&nbsp;_double_epilogue
<LI><a href="#[f7]">&gt;&gt;</a>&nbsp;&nbsp;&nbsp;__aeabi_uldivmod
</UL>

<P><STRONG><a name="[1a1]"></a>_ll_ushift_r</STRONG> (Thumb, 0 bytes, Stack size 0 bytes, llushr.o(.text), UNUSED)

<P><STRONG><a name="[1a2]"></a>__I$use$fp</STRONG> (Thumb, 0 bytes, Stack size 8 bytes, iusefp.o(.text), UNUSED)

<P><STRONG><a name="[101]"></a>_double_round</STRONG> (Thumb, 30 bytes, Stack size 8 bytes, depilogue.o(.text))
<BR><BR>[Stack]<UL><LI>Max Depth = 8<LI>Call Chain = _double_round
</UL>
<BR>[Called By]<UL><LI><a href="#[ff]">&gt;&gt;</a>&nbsp;&nbsp;&nbsp;_double_epilogue
</UL>

<P><STRONG><a name="[ff]"></a>_double_epilogue</STRONG> (Thumb, 156 bytes, Stack size 32 bytes, depilogue.o(.text))
<BR><BR>[Stack]<UL><LI>Max Depth = 40<LI>Call Chain = _double_epilogue &rArr; _double_round
</UL>
<BR>[Calls]<UL><LI><a href="#[101]">&gt;&gt;</a>&nbsp;&nbsp;&nbsp;_double_round
<LI><a href="#[f8]">&gt;&gt;</a>&nbsp;&nbsp;&nbsp;__aeabi_llsr
<LI><a href="#[f9]">&gt;&gt;</a>&nbsp;&nbsp;&nbsp;__aeabi_llsl
</UL>
<BR>[Called By]<UL><LI><a href="#[fe]">&gt;&gt;</a>&nbsp;&nbsp;&nbsp;__aeabi_l2d
</UL>

<P><STRONG><a name="[18a]"></a>__ARM_scalbn</STRONG> (Thumb, 46 bytes, Stack size 16 bytes, dscalb.o(.text))
<BR><BR>[Stack]<UL><LI>Max Depth = 16<LI>Call Chain = __ARM_scalbn
</UL>
<BR>[Called By]<UL><LI><a href="#[11f]">&gt;&gt;</a>&nbsp;&nbsp;&nbsp;__hardfp_pow
</UL>

<P><STRONG><a name="[1a3]"></a>scalbn</STRONG> (Thumb, 0 bytes, Stack size 16 bytes, dscalb.o(.text), UNUSED)

<P><STRONG><a name="[1a4]"></a>__decompress</STRONG> (Thumb, 0 bytes, Stack size unknown bytes, __dczerorl2.o(.text), UNUSED)

<P><STRONG><a name="[1a5]"></a>__decompress1</STRONG> (Thumb, 86 bytes, Stack size unknown bytes, __dczerorl2.o(.text), UNUSED)

<P><STRONG><a name="[102]"></a>APPTask</STRONG> (Thumb, 112 bytes, Stack size 16 bytes, cdcacm.o(i.APPTask))
<BR><BR>[Stack]<UL><LI>Max Depth = 120<LI>Call Chain = APPTask &rArr; USB_DeviceCdcAcmSend &rArr; USB_DeviceSendRequest &rArr; USB_DeviceTransfer
</UL>
<BR>[Calls]<UL><LI><a href="#[103]">&gt;&gt;</a>&nbsp;&nbsp;&nbsp;USB_DeviceCdcAcmSend
</UL>
<BR>[Called By]<UL><LI><a href="#[ad]">&gt;&gt;</a>&nbsp;&nbsp;&nbsp;main
</UL>

<P><STRONG><a name="[104]"></a>BOARD_BootClockRUN</STRONG> (Thumb, 598 bytes, Stack size 8 bytes, clock_config.o(i.BOARD_BootClockRUN))
<BR><BR>[Stack]<UL><LI>Max Depth = 24<LI>Call Chain = BOARD_BootClockRUN &rArr; CLOCK_SetMux
</UL>
<BR>[Calls]<UL><LI><a href="#[107]">&gt;&gt;</a>&nbsp;&nbsp;&nbsp;CLOCK_InitSysPll
<LI><a href="#[106]">&gt;&gt;</a>&nbsp;&nbsp;&nbsp;CLOCK_InitArmPll
<LI><a href="#[105]">&gt;&gt;</a>&nbsp;&nbsp;&nbsp;CLOCK_SetMux
<LI><a href="#[108]">&gt;&gt;</a>&nbsp;&nbsp;&nbsp;CLOCK_SetDiv
</UL>
<BR>[Called By]<UL><LI><a href="#[ad]">&gt;&gt;</a>&nbsp;&nbsp;&nbsp;main
</UL>

<P><STRONG><a name="[109]"></a>BOARD_ConfigMPU</STRONG> (Thumb, 394 bytes, Stack size 8 bytes, board.o(i.BOARD_ConfigMPU))
<BR><BR>[Stack]<UL><LI>Max Depth = 16<LI>Call Chain = BOARD_ConfigMPU &rArr; SCB_EnableDCache
</UL>
<BR>[Calls]<UL><LI><a href="#[10c]">&gt;&gt;</a>&nbsp;&nbsp;&nbsp;SCB_EnableICache
<LI><a href="#[10b]">&gt;&gt;</a>&nbsp;&nbsp;&nbsp;SCB_EnableDCache
<LI><a href="#[10a]">&gt;&gt;</a>&nbsp;&nbsp;&nbsp;SCB_DisableDCache
<LI><a href="#[10d]">&gt;&gt;</a>&nbsp;&nbsp;&nbsp;CopyAndUseRAMVectorTable
</UL>
<BR>[Called By]<UL><LI><a href="#[ad]">&gt;&gt;</a>&nbsp;&nbsp;&nbsp;main
</UL>

<P><STRONG><a name="[10e]"></a>BOARD_DebugConsoleSrcFreq</STRONG> (Thumb, 92 bytes, Stack size 16 bytes, board.o(i.BOARD_DebugConsoleSrcFreq))
<BR><BR>[Stack]<UL><LI>Max Depth = 104<LI>Call Chain = BOARD_DebugConsoleSrcFreq &rArr; CLOCK_GetPllFreq &rArr; __aeabi_uldivmod
</UL>
<BR>[Calls]<UL><LI><a href="#[10f]">&gt;&gt;</a>&nbsp;&nbsp;&nbsp;CLOCK_GetPllFreq
<LI><a href="#[110]">&gt;&gt;</a>&nbsp;&nbsp;&nbsp;CLOCK_GetDiv
</UL>
<BR>[Called By]<UL><LI><a href="#[111]">&gt;&gt;</a>&nbsp;&nbsp;&nbsp;BOARD_InitDebugConsole
</UL>

<P><STRONG><a name="[111]"></a>BOARD_InitDebugConsole</STRONG> (Thumb, 24 bytes, Stack size 8 bytes, board.o(i.BOARD_InitDebugConsole))
<BR><BR>[Stack]<UL><LI>Max Depth = 176<LI>Call Chain = BOARD_InitDebugConsole &rArr; DbgConsole_Init &rArr; LOG_Init &rArr; IO_Init &rArr; LPUART_Init &rArr; CLOCK_ControlGate
</UL>
<BR>[Calls]<UL><LI><a href="#[112]">&gt;&gt;</a>&nbsp;&nbsp;&nbsp;DbgConsole_Init
<LI><a href="#[10e]">&gt;&gt;</a>&nbsp;&nbsp;&nbsp;BOARD_DebugConsoleSrcFreq
</UL>
<BR>[Called By]<UL><LI><a href="#[ad]">&gt;&gt;</a>&nbsp;&nbsp;&nbsp;main
</UL>

<P><STRONG><a name="[113]"></a>BOARD_InitPins</STRONG> (Thumb, 134 bytes, Stack size 24 bytes, pin_mux.o(i.BOARD_InitPins))
<BR><BR>[Stack]<UL><LI>Max Depth = 44<LI>Call Chain = BOARD_InitPins &rArr; IOMUXC_SetPinMux
</UL>
<BR>[Calls]<UL><LI><a href="#[114]">&gt;&gt;</a>&nbsp;&nbsp;&nbsp;IOMUXC_SetPinMux
<LI><a href="#[115]">&gt;&gt;</a>&nbsp;&nbsp;&nbsp;IOMUXC_SetPinConfig
</UL>
<BR>[Called By]<UL><LI><a href="#[ad]">&gt;&gt;</a>&nbsp;&nbsp;&nbsp;main
</UL>

<P><STRONG><a name="[169]"></a>CLOCK_EnableUsbhs0Clock</STRONG> (Thumb, 82 bytes, Stack size 8 bytes, fsl_clock.o(i.CLOCK_EnableUsbhs0Clock))
<BR><BR>[Stack]<UL><LI>Max Depth = 8<LI>Call Chain = CLOCK_EnableUsbhs0Clock
</UL>
<BR>[Called By]<UL><LI><a href="#[148]">&gt;&gt;</a>&nbsp;&nbsp;&nbsp;USB_DeviceClockInit
</UL>

<P><STRONG><a name="[116]"></a>CLOCK_EnableUsbhs0PhyPllClock</STRONG> (Thumb, 80 bytes, Stack size 16 bytes, fsl_clock.o(i.CLOCK_EnableUsbhs0PhyPllClock))
<BR><BR>[Stack]<UL><LI>Max Depth = 16<LI>Call Chain = CLOCK_EnableUsbhs0PhyPllClock
</UL>
<BR>[Calls]<UL><LI><a href="#[117]">&gt;&gt;</a>&nbsp;&nbsp;&nbsp;CLOCK_InitUsb1Pll
</UL>
<BR>[Called By]<UL><LI><a href="#[148]">&gt;&gt;</a>&nbsp;&nbsp;&nbsp;USB_DeviceClockInit
</UL>

<P><STRONG><a name="[118]"></a>CLOCK_GetFreq</STRONG> (Thumb, 344 bytes, Stack size 16 bytes, fsl_clock.o(i.CLOCK_GetFreq))
<BR><BR>[Stack]<UL><LI>Max Depth = 128<LI>Call Chain = CLOCK_GetFreq &rArr; CLOCK_GetPeriphClkFreq &rArr; CLOCK_GetSysPfdFreq &rArr; CLOCK_GetPllFreq &rArr; __aeabi_uldivmod
</UL>
<BR>[Calls]<UL><LI><a href="#[11a]">&gt;&gt;</a>&nbsp;&nbsp;&nbsp;CLOCK_GetUsb1PfdFreq
<LI><a href="#[11b]">&gt;&gt;</a>&nbsp;&nbsp;&nbsp;CLOCK_GetSysPfdFreq
<LI><a href="#[10f]">&gt;&gt;</a>&nbsp;&nbsp;&nbsp;CLOCK_GetPllFreq
<LI><a href="#[119]">&gt;&gt;</a>&nbsp;&nbsp;&nbsp;CLOCK_GetPeriphClkFreq
<LI><a href="#[11c]">&gt;&gt;</a>&nbsp;&nbsp;&nbsp;CLOCK_GetOscFreq
</UL>
<BR>[Called By]<UL><LI><a href="#[196]">&gt;&gt;</a>&nbsp;&nbsp;&nbsp;system_clock_info
</UL>

<P><STRONG><a name="[10f]"></a>CLOCK_GetPllFreq</STRONG> (Thumb, 530 bytes, Stack size 48 bytes, fsl_clock.o(i.CLOCK_GetPllFreq))
<BR><BR>[Stack]<UL><LI>Max Depth = 88<LI>Call Chain = CLOCK_GetPllFreq &rArr; __aeabi_uldivmod
</UL>
<BR>[Calls]<UL><LI><a href="#[11c]">&gt;&gt;</a>&nbsp;&nbsp;&nbsp;CLOCK_GetOscFreq
<LI><a href="#[f7]">&gt;&gt;</a>&nbsp;&nbsp;&nbsp;__aeabi_uldivmod
</UL>
<BR>[Called By]<UL><LI><a href="#[11a]">&gt;&gt;</a>&nbsp;&nbsp;&nbsp;CLOCK_GetUsb1PfdFreq
<LI><a href="#[11b]">&gt;&gt;</a>&nbsp;&nbsp;&nbsp;CLOCK_GetSysPfdFreq
<LI><a href="#[118]">&gt;&gt;</a>&nbsp;&nbsp;&nbsp;CLOCK_GetFreq
<LI><a href="#[119]">&gt;&gt;</a>&nbsp;&nbsp;&nbsp;CLOCK_GetPeriphClkFreq
<LI><a href="#[10e]">&gt;&gt;</a>&nbsp;&nbsp;&nbsp;BOARD_DebugConsoleSrcFreq
</UL>

<P><STRONG><a name="[11b]"></a>CLOCK_GetSysPfdFreq</STRONG> (Thumb, 100 bytes, Stack size 16 bytes, fsl_clock.o(i.CLOCK_GetSysPfdFreq))
<BR><BR>[Stack]<UL><LI>Max Depth = 104<LI>Call Chain = CLOCK_GetSysPfdFreq &rArr; CLOCK_GetPllFreq &rArr; __aeabi_uldivmod
</UL>
<BR>[Calls]<UL><LI><a href="#[10f]">&gt;&gt;</a>&nbsp;&nbsp;&nbsp;CLOCK_GetPllFreq
</UL>
<BR>[Called By]<UL><LI><a href="#[118]">&gt;&gt;</a>&nbsp;&nbsp;&nbsp;CLOCK_GetFreq
<LI><a href="#[119]">&gt;&gt;</a>&nbsp;&nbsp;&nbsp;CLOCK_GetPeriphClkFreq
</UL>

<P><STRONG><a name="[11a]"></a>CLOCK_GetUsb1PfdFreq</STRONG> (Thumb, 100 bytes, Stack size 16 bytes, fsl_clock.o(i.CLOCK_GetUsb1PfdFreq))
<BR><BR>[Stack]<UL><LI>Max Depth = 104<LI>Call Chain = CLOCK_GetUsb1PfdFreq &rArr; CLOCK_GetPllFreq &rArr; __aeabi_uldivmod
</UL>
<BR>[Calls]<UL><LI><a href="#[10f]">&gt;&gt;</a>&nbsp;&nbsp;&nbsp;CLOCK_GetPllFreq
</UL>
<BR>[Called By]<UL><LI><a href="#[118]">&gt;&gt;</a>&nbsp;&nbsp;&nbsp;CLOCK_GetFreq
</UL>

<P><STRONG><a name="[106]"></a>CLOCK_InitArmPll</STRONG> (Thumb, 82 bytes, Stack size 0 bytes, fsl_clock.o(i.CLOCK_InitArmPll))
<BR><BR>[Called By]<UL><LI><a href="#[104]">&gt;&gt;</a>&nbsp;&nbsp;&nbsp;BOARD_BootClockRUN
</UL>

<P><STRONG><a name="[107]"></a>CLOCK_InitSysPll</STRONG> (Thumb, 82 bytes, Stack size 0 bytes, fsl_clock.o(i.CLOCK_InitSysPll))
<BR><BR>[Called By]<UL><LI><a href="#[104]">&gt;&gt;</a>&nbsp;&nbsp;&nbsp;BOARD_BootClockRUN
</UL>

<P><STRONG><a name="[18d]"></a>CLOCK_InitUsb1Pfd</STRONG> (Thumb, 52 bytes, Stack size 16 bytes, fsl_clock.o(i.CLOCK_InitUsb1Pfd))
<BR><BR>[Stack]<UL><LI>Max Depth = 16<LI>Call Chain = CLOCK_InitUsb1Pfd
</UL>
<BR>[Called By]<UL><LI><a href="#[18c]">&gt;&gt;</a>&nbsp;&nbsp;&nbsp;board_init_hyperflash
</UL>

<P><STRONG><a name="[117]"></a>CLOCK_InitUsb1Pll</STRONG> (Thumb, 82 bytes, Stack size 0 bytes, fsl_clock.o(i.CLOCK_InitUsb1Pll))
<BR><BR>[Called By]<UL><LI><a href="#[116]">&gt;&gt;</a>&nbsp;&nbsp;&nbsp;CLOCK_EnableUsbhs0PhyPllClock
<LI><a href="#[18c]">&gt;&gt;</a>&nbsp;&nbsp;&nbsp;board_init_hyperflash
</UL>

<P><STRONG><a name="[10d]"></a>CopyAndUseRAMVectorTable</STRONG> (Thumb, 78 bytes, Stack size 8 bytes, board.o(i.CopyAndUseRAMVectorTable))
<BR><BR>[Stack]<UL><LI>Max Depth = 8<LI>Call Chain = CopyAndUseRAMVectorTable
</UL>
<BR>[Called By]<UL><LI><a href="#[109]">&gt;&gt;</a>&nbsp;&nbsp;&nbsp;BOARD_ConfigMPU
</UL>

<P><STRONG><a name="[112]"></a>DbgConsole_Init</STRONG> (Thumb, 28 bytes, Stack size 24 bytes, fsl_debug_console.o(i.DbgConsole_Init))
<BR><BR>[Stack]<UL><LI>Max Depth = 168<LI>Call Chain = DbgConsole_Init &rArr; LOG_Init &rArr; IO_Init &rArr; LPUART_Init &rArr; CLOCK_ControlGate
</UL>
<BR>[Calls]<UL><LI><a href="#[121]">&gt;&gt;</a>&nbsp;&nbsp;&nbsp;LOG_Init
</UL>
<BR>[Called By]<UL><LI><a href="#[111]">&gt;&gt;</a>&nbsp;&nbsp;&nbsp;BOARD_InitDebugConsole
</UL>

<P><STRONG><a name="[122]"></a>DbgConsole_Printf</STRONG> (Thumb, 60 bytes, Stack size 160 bytes, fsl_debug_console.o(i.DbgConsole_Printf))
<BR><BR>[Stack]<UL><LI>Max Depth = 656<LI>Call Chain = DbgConsole_Printf &rArr; StrFormatPrintf &rArr; ConvertFloatRadixNumToString &rArr; __hardfp_pow &rArr; sqrt
</UL>
<BR>[Calls]<UL><LI><a href="#[124]">&gt;&gt;</a>&nbsp;&nbsp;&nbsp;StrFormatPrintf
<LI><a href="#[125]">&gt;&gt;</a>&nbsp;&nbsp;&nbsp;LOG_Push
<LI><a href="#[123]">&gt;&gt;</a>&nbsp;&nbsp;&nbsp;__aeabi_memclr4
</UL>
<BR>[Called By]<UL><LI><a href="#[ee]">&gt;&gt;</a>&nbsp;&nbsp;&nbsp;USB_DeviceCdcAcmInit
<LI><a href="#[f0]">&gt;&gt;</a>&nbsp;&nbsp;&nbsp;USB_DeviceCdcAcmEvent
<LI><a href="#[ef]">&gt;&gt;</a>&nbsp;&nbsp;&nbsp;USB_DeviceCdcAcmDeinit
<LI><a href="#[0]">&gt;&gt;</a>&nbsp;&nbsp;&nbsp;USB_DeviceCdcVcomCallback
<LI><a href="#[196]">&gt;&gt;</a>&nbsp;&nbsp;&nbsp;system_clock_info
<LI><a href="#[147]">&gt;&gt;</a>&nbsp;&nbsp;&nbsp;USB_DeviceApplicationInit
<LI><a href="#[190]">&gt;&gt;</a>&nbsp;&nbsp;&nbsp;flexspi_nor_hyperflash_cfi
</UL>

<P><STRONG><a name="[12c]"></a>FLEXSPI_CheckAndClearError</STRONG> (Thumb, 86 bytes, Stack size 0 bytes, fsl_flexspi.o(i.FLEXSPI_CheckAndClearError))
<BR><BR>[Called By]<UL><LI><a href="#[131]">&gt;&gt;</a>&nbsp;&nbsp;&nbsp;FLEXSPI_WriteBlocking
<LI><a href="#[126]">&gt;&gt;</a>&nbsp;&nbsp;&nbsp;FLEXSPI_TransferHandleIRQ
<LI><a href="#[130]">&gt;&gt;</a>&nbsp;&nbsp;&nbsp;FLEXSPI_TransferBlocking
<LI><a href="#[12b]">&gt;&gt;</a>&nbsp;&nbsp;&nbsp;FLEXSPI_ReadBlocking
</UL>

<P><STRONG><a name="[da]"></a>FLEXSPI_DriverIRQHandler</STRONG> (Thumb, 14 bytes, Stack size 8 bytes, fsl_flexspi.o(i.FLEXSPI_DriverIRQHandler))
<BR><BR>[Stack]<UL><LI>Max Depth = 40<LI>Call Chain = FLEXSPI_DriverIRQHandler &rArr; FLEXSPI_TransferHandleIRQ
</UL>
<BR>[Calls]<UL><LI><a href="#[126]">&gt;&gt;</a>&nbsp;&nbsp;&nbsp;FLEXSPI_TransferHandleIRQ
</UL>
<BR>[Address Reference Count : 1]<UL><LI> startup_mimxrt1052.o(.text)
</UL>
<P><STRONG><a name="[127]"></a>FLEXSPI_GetDefaultConfig</STRONG> (Thumb, 126 bytes, Stack size 8 bytes, fsl_flexspi.o(i.FLEXSPI_GetDefaultConfig))
<BR><BR>[Stack]<UL><LI>Max Depth = 8<LI>Call Chain = FLEXSPI_GetDefaultConfig
</UL>
<BR>[Calls]<UL><LI><a href="#[fb]">&gt;&gt;</a>&nbsp;&nbsp;&nbsp;__aeabi_memclr
</UL>
<BR>[Called By]<UL><LI><a href="#[18c]">&gt;&gt;</a>&nbsp;&nbsp;&nbsp;board_init_hyperflash
</UL>

<P><STRONG><a name="[129]"></a>FLEXSPI_GetInstance</STRONG> (Thumb, 28 bytes, Stack size 0 bytes, fsl_flexspi.o(i.FLEXSPI_GetInstance))
<BR><BR>[Called By]<UL><LI><a href="#[128]">&gt;&gt;</a>&nbsp;&nbsp;&nbsp;FLEXSPI_Init
</UL>

<P><STRONG><a name="[128]"></a>FLEXSPI_Init</STRONG> (Thumb, 500 bytes, Stack size 32 bytes, fsl_flexspi.o(i.FLEXSPI_Init))
<BR><BR>[Stack]<UL><LI>Max Depth = 32<LI>Call Chain = FLEXSPI_Init
</UL>
<BR>[Calls]<UL><LI><a href="#[129]">&gt;&gt;</a>&nbsp;&nbsp;&nbsp;FLEXSPI_GetInstance
<LI><a href="#[12a]">&gt;&gt;</a>&nbsp;&nbsp;&nbsp;FLEXSPI_SoftwareReset
</UL>
<BR>[Called By]<UL><LI><a href="#[18c]">&gt;&gt;</a>&nbsp;&nbsp;&nbsp;board_init_hyperflash
</UL>

<P><STRONG><a name="[12b]"></a>FLEXSPI_ReadBlocking</STRONG> (Thumb, 214 bytes, Stack size 32 bytes, fsl_flexspi.o(i.FLEXSPI_ReadBlocking))
<BR><BR>[Stack]<UL><LI>Max Depth = 32<LI>Call Chain = FLEXSPI_ReadBlocking
</UL>
<BR>[Calls]<UL><LI><a href="#[12c]">&gt;&gt;</a>&nbsp;&nbsp;&nbsp;FLEXSPI_CheckAndClearError
</UL>
<BR>[Called By]<UL><LI><a href="#[130]">&gt;&gt;</a>&nbsp;&nbsp;&nbsp;FLEXSPI_TransferBlocking
</UL>

<P><STRONG><a name="[12d]"></a>FLEXSPI_SetFlashConfig</STRONG> (Thumb, 330 bytes, Stack size 24 bytes, fsl_flexspi.o(i.FLEXSPI_SetFlashConfig))
<BR><BR>[Stack]<UL><LI>Max Depth = 44<LI>Call Chain = FLEXSPI_SetFlashConfig &rArr; FLEXSPI_ConfigureDll
</UL>
<BR>[Calls]<UL><LI><a href="#[12e]">&gt;&gt;</a>&nbsp;&nbsp;&nbsp;FLEXSPI_GetBusIdleStatus
<LI><a href="#[12f]">&gt;&gt;</a>&nbsp;&nbsp;&nbsp;FLEXSPI_ConfigureDll
</UL>
<BR>[Called By]<UL><LI><a href="#[18c]">&gt;&gt;</a>&nbsp;&nbsp;&nbsp;board_init_hyperflash
</UL>

<P><STRONG><a name="[132]"></a>FLEXSPI_TransferAbort</STRONG> (Thumb, 18 bytes, Stack size 0 bytes, fsl_flexspi.o(i.FLEXSPI_TransferAbort))
<BR><BR>[Called By]<UL><LI><a href="#[126]">&gt;&gt;</a>&nbsp;&nbsp;&nbsp;FLEXSPI_TransferHandleIRQ
</UL>

<P><STRONG><a name="[130]"></a>FLEXSPI_TransferBlocking</STRONG> (Thumb, 210 bytes, Stack size 24 bytes, fsl_flexspi.o(i.FLEXSPI_TransferBlocking))
<BR><BR>[Stack]<UL><LI>Max Depth = 56<LI>Call Chain = FLEXSPI_TransferBlocking &rArr; FLEXSPI_WriteBlocking
</UL>
<BR>[Calls]<UL><LI><a href="#[131]">&gt;&gt;</a>&nbsp;&nbsp;&nbsp;FLEXSPI_WriteBlocking
<LI><a href="#[12b]">&gt;&gt;</a>&nbsp;&nbsp;&nbsp;FLEXSPI_ReadBlocking
<LI><a href="#[12c]">&gt;&gt;</a>&nbsp;&nbsp;&nbsp;FLEXSPI_CheckAndClearError
<LI><a href="#[12e]">&gt;&gt;</a>&nbsp;&nbsp;&nbsp;FLEXSPI_GetBusIdleStatus
</UL>
<BR>[Called By]<UL><LI><a href="#[195]">&gt;&gt;</a>&nbsp;&nbsp;&nbsp;flexspi_nor_hyperbus_write
<LI><a href="#[194]">&gt;&gt;</a>&nbsp;&nbsp;&nbsp;flexspi_nor_hyperbus_read
</UL>

<P><STRONG><a name="[126]"></a>FLEXSPI_TransferHandleIRQ</STRONG> (Thumb, 362 bytes, Stack size 32 bytes, fsl_flexspi.o(i.FLEXSPI_TransferHandleIRQ))
<BR><BR>[Stack]<UL><LI>Max Depth = 32<LI>Call Chain = FLEXSPI_TransferHandleIRQ
</UL>
<BR>[Calls]<UL><LI><a href="#[132]">&gt;&gt;</a>&nbsp;&nbsp;&nbsp;FLEXSPI_TransferAbort
<LI><a href="#[12c]">&gt;&gt;</a>&nbsp;&nbsp;&nbsp;FLEXSPI_CheckAndClearError
</UL>
<BR>[Called By]<UL><LI><a href="#[da]">&gt;&gt;</a>&nbsp;&nbsp;&nbsp;FLEXSPI_DriverIRQHandler
</UL>

<P><STRONG><a name="[133]"></a>FLEXSPI_UpdateLUT</STRONG> (Thumb, 78 bytes, Stack size 32 bytes, fsl_flexspi.o(i.FLEXSPI_UpdateLUT))
<BR><BR>[Stack]<UL><LI>Max Depth = 32<LI>Call Chain = FLEXSPI_UpdateLUT
</UL>
<BR>[Calls]<UL><LI><a href="#[12e]">&gt;&gt;</a>&nbsp;&nbsp;&nbsp;FLEXSPI_GetBusIdleStatus
</UL>
<BR>[Called By]<UL><LI><a href="#[18c]">&gt;&gt;</a>&nbsp;&nbsp;&nbsp;board_init_hyperflash
</UL>

<P><STRONG><a name="[131]"></a>FLEXSPI_WriteBlocking</STRONG> (Thumb, 150 bytes, Stack size 32 bytes, fsl_flexspi.o(i.FLEXSPI_WriteBlocking))
<BR><BR>[Stack]<UL><LI>Max Depth = 32<LI>Call Chain = FLEXSPI_WriteBlocking
</UL>
<BR>[Calls]<UL><LI><a href="#[12c]">&gt;&gt;</a>&nbsp;&nbsp;&nbsp;FLEXSPI_CheckAndClearError
</UL>
<BR>[Called By]<UL><LI><a href="#[130]">&gt;&gt;</a>&nbsp;&nbsp;&nbsp;FLEXSPI_TransferBlocking
</UL>

<P><STRONG><a name="[134]"></a>GPIO_PinInit</STRONG> (Thumb, 132 bytes, Stack size 24 bytes, fsl_gpio.o(i.GPIO_PinInit))
<BR><BR>[Stack]<UL><LI>Max Depth = 44<LI>Call Chain = GPIO_PinInit &rArr; GPIO_PinSetInterruptConfig
</UL>
<BR>[Calls]<UL><LI><a href="#[136]">&gt;&gt;</a>&nbsp;&nbsp;&nbsp;GPIO_PinWrite
<LI><a href="#[137]">&gt;&gt;</a>&nbsp;&nbsp;&nbsp;GPIO_PinSetInterruptConfig
<LI><a href="#[135]">&gt;&gt;</a>&nbsp;&nbsp;&nbsp;GPIO_GetInstance
</UL>
<BR>[Called By]<UL><LI><a href="#[191]">&gt;&gt;</a>&nbsp;&nbsp;&nbsp;board_init_power
</UL>

<P><STRONG><a name="[137]"></a>GPIO_PinSetInterruptConfig</STRONG> (Thumb, 138 bytes, Stack size 20 bytes, fsl_gpio.o(i.GPIO_PinSetInterruptConfig))
<BR><BR>[Stack]<UL><LI>Max Depth = 20<LI>Call Chain = GPIO_PinSetInterruptConfig
</UL>
<BR>[Called By]<UL><LI><a href="#[134]">&gt;&gt;</a>&nbsp;&nbsp;&nbsp;GPIO_PinInit
</UL>

<P><STRONG><a name="[136]"></a>GPIO_PinWrite</STRONG> (Thumb, 28 bytes, Stack size 8 bytes, fsl_gpio.o(i.GPIO_PinWrite))
<BR><BR>[Stack]<UL><LI>Max Depth = 8<LI>Call Chain = GPIO_PinWrite
</UL>
<BR>[Called By]<UL><LI><a href="#[134]">&gt;&gt;</a>&nbsp;&nbsp;&nbsp;GPIO_PinInit
</UL>

<P><STRONG><a name="[138]"></a>IO_Init</STRONG> (Thumb, 116 bytes, Stack size 40 bytes, fsl_io.o(i.IO_Init))
<BR><BR>[Stack]<UL><LI>Max Depth = 112<LI>Call Chain = IO_Init &rArr; LPUART_Init &rArr; CLOCK_ControlGate
</UL>
<BR>[Calls]<UL><LI><a href="#[13a]">&gt;&gt;</a>&nbsp;&nbsp;&nbsp;LPUART_Init
<LI><a href="#[139]">&gt;&gt;</a>&nbsp;&nbsp;&nbsp;LPUART_GetDefaultConfig
</UL>
<BR>[Called By]<UL><LI><a href="#[121]">&gt;&gt;</a>&nbsp;&nbsp;&nbsp;LOG_Init
</UL>

<P><STRONG><a name="[13b]"></a>IO_Transfer</STRONG> (Thumb, 64 bytes, Stack size 24 bytes, fsl_io.o(i.IO_Transfer))
<BR><BR>[Stack]<UL><LI>Max Depth = 68<LI>Call Chain = IO_Transfer &rArr; LPUART_ReadBlocking &rArr; LPUART_ClearStatusFlags
</UL>
<BR>[Calls]<UL><LI><a href="#[13c]">&gt;&gt;</a>&nbsp;&nbsp;&nbsp;LPUART_WriteBlocking
<LI><a href="#[13d]">&gt;&gt;</a>&nbsp;&nbsp;&nbsp;LPUART_ReadBlocking
</UL>
<BR>[Called By]<UL><LI><a href="#[13e]">&gt;&gt;</a>&nbsp;&nbsp;&nbsp;LOG_Pop
</UL>

<P><STRONG><a name="[121]"></a>LOG_Init</STRONG> (Thumb, 36 bytes, Stack size 32 bytes, fsl_log.o(i.LOG_Init))
<BR><BR>[Stack]<UL><LI>Max Depth = 144<LI>Call Chain = LOG_Init &rArr; IO_Init &rArr; LPUART_Init &rArr; CLOCK_ControlGate
</UL>
<BR>[Calls]<UL><LI><a href="#[138]">&gt;&gt;</a>&nbsp;&nbsp;&nbsp;IO_Init
</UL>
<BR>[Called By]<UL><LI><a href="#[112]">&gt;&gt;</a>&nbsp;&nbsp;&nbsp;DbgConsole_Init
</UL>

<P><STRONG><a name="[13e]"></a>LOG_Pop</STRONG> (Thumb, 34 bytes, Stack size 16 bytes, fsl_log.o(i.LOG_Pop))
<BR><BR>[Stack]<UL><LI>Max Depth = 84<LI>Call Chain = LOG_Pop &rArr; IO_Transfer &rArr; LPUART_ReadBlocking &rArr; LPUART_ClearStatusFlags
</UL>
<BR>[Calls]<UL><LI><a href="#[13b]">&gt;&gt;</a>&nbsp;&nbsp;&nbsp;IO_Transfer
</UL>
<BR>[Called By]<UL><LI><a href="#[125]">&gt;&gt;</a>&nbsp;&nbsp;&nbsp;LOG_Push
</UL>

<P><STRONG><a name="[125]"></a>LOG_Push</STRONG> (Thumb, 16 bytes, Stack size 16 bytes, fsl_log.o(i.LOG_Push))
<BR><BR>[Stack]<UL><LI>Max Depth = 100<LI>Call Chain = LOG_Push &rArr; LOG_Pop &rArr; IO_Transfer &rArr; LPUART_ReadBlocking &rArr; LPUART_ClearStatusFlags
</UL>
<BR>[Calls]<UL><LI><a href="#[13e]">&gt;&gt;</a>&nbsp;&nbsp;&nbsp;LOG_Pop
</UL>
<BR>[Called By]<UL><LI><a href="#[122]">&gt;&gt;</a>&nbsp;&nbsp;&nbsp;DbgConsole_Printf
<LI><a href="#[df]">&gt;&gt;</a>&nbsp;&nbsp;&nbsp;DbgConsole_RelocateLog
</UL>

<P><STRONG><a name="[c1]"></a>LPUART1_DriverIRQHandler</STRONG> (Thumb, 16 bytes, Stack size 8 bytes, fsl_lpuart.o(i.LPUART1_DriverIRQHandler))
<BR><BR>[Stack]<UL><LI>Max Depth = 8<LI>Call Chain = LPUART1_DriverIRQHandler
</UL>
<BR>[Address Reference Count : 1]<UL><LI> startup_mimxrt1052.o(.text)
</UL>
<P><STRONG><a name="[c2]"></a>LPUART2_DriverIRQHandler</STRONG> (Thumb, 16 bytes, Stack size 8 bytes, fsl_lpuart.o(i.LPUART2_DriverIRQHandler))
<BR><BR>[Stack]<UL><LI>Max Depth = 8<LI>Call Chain = LPUART2_DriverIRQHandler
</UL>
<BR>[Address Reference Count : 1]<UL><LI> startup_mimxrt1052.o(.text)
</UL>
<P><STRONG><a name="[c3]"></a>LPUART3_DriverIRQHandler</STRONG> (Thumb, 16 bytes, Stack size 8 bytes, fsl_lpuart.o(i.LPUART3_DriverIRQHandler))
<BR><BR>[Stack]<UL><LI>Max Depth = 8<LI>Call Chain = LPUART3_DriverIRQHandler
</UL>
<BR>[Address Reference Count : 1]<UL><LI> startup_mimxrt1052.o(.text)
</UL>
<P><STRONG><a name="[c4]"></a>LPUART4_DriverIRQHandler</STRONG> (Thumb, 16 bytes, Stack size 8 bytes, fsl_lpuart.o(i.LPUART4_DriverIRQHandler))
<BR><BR>[Stack]<UL><LI>Max Depth = 8<LI>Call Chain = LPUART4_DriverIRQHandler
</UL>
<BR>[Address Reference Count : 1]<UL><LI> startup_mimxrt1052.o(.text)
</UL>
<P><STRONG><a name="[c5]"></a>LPUART5_DriverIRQHandler</STRONG> (Thumb, 16 bytes, Stack size 8 bytes, fsl_lpuart.o(i.LPUART5_DriverIRQHandler))
<BR><BR>[Stack]<UL><LI>Max Depth = 8<LI>Call Chain = LPUART5_DriverIRQHandler
</UL>
<BR>[Address Reference Count : 1]<UL><LI> startup_mimxrt1052.o(.text)
</UL>
<P><STRONG><a name="[c6]"></a>LPUART6_DriverIRQHandler</STRONG> (Thumb, 16 bytes, Stack size 8 bytes, fsl_lpuart.o(i.LPUART6_DriverIRQHandler))
<BR><BR>[Stack]<UL><LI>Max Depth = 8<LI>Call Chain = LPUART6_DriverIRQHandler
</UL>
<BR>[Address Reference Count : 1]<UL><LI> startup_mimxrt1052.o(.text)
</UL>
<P><STRONG><a name="[c7]"></a>LPUART7_DriverIRQHandler</STRONG> (Thumb, 16 bytes, Stack size 8 bytes, fsl_lpuart.o(i.LPUART7_DriverIRQHandler))
<BR><BR>[Stack]<UL><LI>Max Depth = 8<LI>Call Chain = LPUART7_DriverIRQHandler
</UL>
<BR>[Address Reference Count : 1]<UL><LI> startup_mimxrt1052.o(.text)
</UL>
<P><STRONG><a name="[c8]"></a>LPUART8_DriverIRQHandler</STRONG> (Thumb, 16 bytes, Stack size 8 bytes, fsl_lpuart.o(i.LPUART8_DriverIRQHandler))
<BR><BR>[Stack]<UL><LI>Max Depth = 8<LI>Call Chain = LPUART8_DriverIRQHandler
</UL>
<BR>[Address Reference Count : 1]<UL><LI> startup_mimxrt1052.o(.text)
</UL>
<P><STRONG><a name="[13f]"></a>LPUART_ClearStatusFlags</STRONG> (Thumb, 82 bytes, Stack size 16 bytes, fsl_lpuart.o(i.LPUART_ClearStatusFlags))
<BR><BR>[Stack]<UL><LI>Max Depth = 16<LI>Call Chain = LPUART_ClearStatusFlags
</UL>
<BR>[Calls]<UL><LI><a href="#[140]">&gt;&gt;</a>&nbsp;&nbsp;&nbsp;LPUART_GetStatusFlags
</UL>
<BR>[Called By]<UL><LI><a href="#[13d]">&gt;&gt;</a>&nbsp;&nbsp;&nbsp;LPUART_ReadBlocking
</UL>

<P><STRONG><a name="[139]"></a>LPUART_GetDefaultConfig</STRONG> (Thumb, 38 bytes, Stack size 0 bytes, fsl_lpuart.o(i.LPUART_GetDefaultConfig))
<BR><BR>[Called By]<UL><LI><a href="#[138]">&gt;&gt;</a>&nbsp;&nbsp;&nbsp;IO_Init
</UL>

<P><STRONG><a name="[141]"></a>LPUART_GetInstance</STRONG> (Thumb, 28 bytes, Stack size 0 bytes, fsl_lpuart.o(i.LPUART_GetInstance))
<BR><BR>[Called By]<UL><LI><a href="#[13a]">&gt;&gt;</a>&nbsp;&nbsp;&nbsp;LPUART_Init
</UL>

<P><STRONG><a name="[140]"></a>LPUART_GetStatusFlags</STRONG> (Thumb, 16 bytes, Stack size 0 bytes, fsl_lpuart.o(i.LPUART_GetStatusFlags))
<BR><BR>[Called By]<UL><LI><a href="#[13d]">&gt;&gt;</a>&nbsp;&nbsp;&nbsp;LPUART_ReadBlocking
<LI><a href="#[13f]">&gt;&gt;</a>&nbsp;&nbsp;&nbsp;LPUART_ClearStatusFlags
</UL>

<P><STRONG><a name="[13a]"></a>LPUART_Init</STRONG> (Thumb, 482 bytes, Stack size 56 bytes, fsl_lpuart.o(i.LPUART_Init))
<BR><BR>[Stack]<UL><LI>Max Depth = 72<LI>Call Chain = LPUART_Init &rArr; CLOCK_ControlGate
</UL>
<BR>[Calls]<UL><LI><a href="#[142]">&gt;&gt;</a>&nbsp;&nbsp;&nbsp;CLOCK_ControlGate
<LI><a href="#[141]">&gt;&gt;</a>&nbsp;&nbsp;&nbsp;LPUART_GetInstance
</UL>
<BR>[Called By]<UL><LI><a href="#[138]">&gt;&gt;</a>&nbsp;&nbsp;&nbsp;IO_Init
</UL>

<P><STRONG><a name="[13d]"></a>LPUART_ReadBlocking</STRONG> (Thumb, 188 bytes, Stack size 28 bytes, fsl_lpuart.o(i.LPUART_ReadBlocking))
<BR><BR>[Stack]<UL><LI>Max Depth = 44<LI>Call Chain = LPUART_ReadBlocking &rArr; LPUART_ClearStatusFlags
</UL>
<BR>[Calls]<UL><LI><a href="#[140]">&gt;&gt;</a>&nbsp;&nbsp;&nbsp;LPUART_GetStatusFlags
<LI><a href="#[13f]">&gt;&gt;</a>&nbsp;&nbsp;&nbsp;LPUART_ClearStatusFlags
</UL>
<BR>[Called By]<UL><LI><a href="#[13b]">&gt;&gt;</a>&nbsp;&nbsp;&nbsp;IO_Transfer
</UL>

<P><STRONG><a name="[13c]"></a>LPUART_WriteBlocking</STRONG> (Thumb, 32 bytes, Stack size 8 bytes, fsl_lpuart.o(i.LPUART_WriteBlocking))
<BR><BR>[Stack]<UL><LI>Max Depth = 8<LI>Call Chain = LPUART_WriteBlocking
</UL>
<BR>[Called By]<UL><LI><a href="#[13b]">&gt;&gt;</a>&nbsp;&nbsp;&nbsp;IO_Transfer
</UL>

<P><STRONG><a name="[124]"></a>StrFormatPrintf</STRONG> (Thumb, 1576 bytes, Stack size 160 bytes, fsl_str.o(i.StrFormatPrintf))
<BR><BR>[Stack]<UL><LI>Max Depth = 496<LI>Call Chain = StrFormatPrintf &rArr; ConvertFloatRadixNumToString &rArr; __hardfp_pow &rArr; sqrt
</UL>
<BR>[Calls]<UL><LI><a href="#[120]">&gt;&gt;</a>&nbsp;&nbsp;&nbsp;ConvertRadixNumToString
<LI><a href="#[11d]">&gt;&gt;</a>&nbsp;&nbsp;&nbsp;ConvertFloatRadixNumToString
<LI><a href="#[143]">&gt;&gt;</a>&nbsp;&nbsp;&nbsp;strlen
</UL>
<BR>[Called By]<UL><LI><a href="#[122]">&gt;&gt;</a>&nbsp;&nbsp;&nbsp;DbgConsole_Printf
</UL>

<P><STRONG><a name="[147]"></a>USB_DeviceApplicationInit</STRONG> (Thumb, 68 bytes, Stack size 8 bytes, cdcacm.o(i.USB_DeviceApplicationInit))
<BR><BR>[Stack]<UL><LI>Max Depth = 664<LI>Call Chain = USB_DeviceApplicationInit &rArr; DbgConsole_Printf &rArr; StrFormatPrintf &rArr; ConvertFloatRadixNumToString &rArr; __hardfp_pow &rArr; sqrt
</UL>
<BR>[Calls]<UL><LI><a href="#[14b]">&gt;&gt;</a>&nbsp;&nbsp;&nbsp;USB_DeviceRun
<LI><a href="#[149]">&gt;&gt;</a>&nbsp;&nbsp;&nbsp;USB_DeviceClassInit
<LI><a href="#[122]">&gt;&gt;</a>&nbsp;&nbsp;&nbsp;DbgConsole_Printf
<LI><a href="#[14a]">&gt;&gt;</a>&nbsp;&nbsp;&nbsp;USB_DeviceIsrEnable
<LI><a href="#[148]">&gt;&gt;</a>&nbsp;&nbsp;&nbsp;USB_DeviceClockInit
</UL>
<BR>[Called By]<UL><LI><a href="#[ad]">&gt;&gt;</a>&nbsp;&nbsp;&nbsp;main
</UL>

<P><STRONG><a name="[1]"></a>USB_DeviceCallback</STRONG> (Thumb, 202 bytes, Stack size 32 bytes, cdcacm.o(i.USB_DeviceCallback))
<BR><BR>[Stack]<UL><LI>Max Depth = 128<LI>Call Chain = USB_DeviceCallback &rArr; USB_DeviceCdcAcmRecv &rArr; USB_DeviceRecvRequest &rArr; USB_DeviceTransfer
</UL>
<BR>[Calls]<UL><LI><a href="#[14d]">&gt;&gt;</a>&nbsp;&nbsp;&nbsp;USB_DeviceSetSpeed
<LI><a href="#[151]">&gt;&gt;</a>&nbsp;&nbsp;&nbsp;USB_DeviceGetStringDescriptor
<LI><a href="#[14f]">&gt;&gt;</a>&nbsp;&nbsp;&nbsp;USB_DeviceGetDeviceDescriptor
<LI><a href="#[150]">&gt;&gt;</a>&nbsp;&nbsp;&nbsp;USB_DeviceGetConfigurationDescriptor
<LI><a href="#[14c]">&gt;&gt;</a>&nbsp;&nbsp;&nbsp;USB_DeviceClassGetSpeed
<LI><a href="#[14e]">&gt;&gt;</a>&nbsp;&nbsp;&nbsp;USB_DeviceCdcAcmRecv
</UL>
<BR>[Address Reference Count : 1]<UL><LI> cdcacm.o(.data)
</UL>
<P><STRONG><a name="[e1]"></a>USB_DeviceCdcAcmBulkIn</STRONG> (Thumb, 54 bytes, Stack size 24 bytes, usb_device_cdc_acm.o(i.USB_DeviceCdcAcmBulkIn))
<BR><BR>[Stack]<UL><LI>Max Depth = 24<LI>Call Chain = USB_DeviceCdcAcmBulkIn
</UL>
<BR>[Called By]<UL><LI><a href="#[f0]">&gt;&gt;</a>&nbsp;&nbsp;&nbsp;USB_DeviceCdcAcmEvent
</UL>
<BR>[Address Reference Count : 1]<UL><LI> usb_device_cdc_acm.o(i.USB_DeviceCdcAcmEndpointsInit)
</UL>
<P><STRONG><a name="[e2]"></a>USB_DeviceCdcAcmBulkOut</STRONG> (Thumb, 56 bytes, Stack size 24 bytes, usb_device_cdc_acm.o(i.USB_DeviceCdcAcmBulkOut))
<BR><BR>[Stack]<UL><LI>Max Depth = 24<LI>Call Chain = USB_DeviceCdcAcmBulkOut
</UL>
<BR>[Called By]<UL><LI><a href="#[f0]">&gt;&gt;</a>&nbsp;&nbsp;&nbsp;USB_DeviceCdcAcmEvent
</UL>
<BR>[Address Reference Count : 1]<UL><LI> usb_device_cdc_acm.o(i.USB_DeviceCdcAcmEndpointsInit)
</UL>
<P><STRONG><a name="[ef]"></a>USB_DeviceCdcAcmDeinit</STRONG> (Thumb, 74 bytes, Stack size 16 bytes, usb_device_cdc_acm.o(i.USB_DeviceCdcAcmDeinit))
<BR><BR>[Stack]<UL><LI>Max Depth = 672<LI>Call Chain = USB_DeviceCdcAcmDeinit &rArr; DbgConsole_Printf &rArr; StrFormatPrintf &rArr; ConvertFloatRadixNumToString &rArr; __hardfp_pow &rArr; sqrt
</UL>
<BR>[Calls]<UL><LI><a href="#[152]">&gt;&gt;</a>&nbsp;&nbsp;&nbsp;USB_OsaMutexDestroy
<LI><a href="#[153]">&gt;&gt;</a>&nbsp;&nbsp;&nbsp;USB_DeviceCdcAcmEndpointsDeinit
<LI><a href="#[154]">&gt;&gt;</a>&nbsp;&nbsp;&nbsp;USB_DeviceCdcAcmFreeHandle
<LI><a href="#[122]">&gt;&gt;</a>&nbsp;&nbsp;&nbsp;DbgConsole_Printf
</UL>
<BR>[Address Reference Count : 1]<UL><LI> usb_device_class.o(.constdata)
</UL>
<P><STRONG><a name="[153]"></a>USB_DeviceCdcAcmEndpointsDeinit</STRONG> (Thumb, 88 bytes, Stack size 16 bytes, usb_device_cdc_acm.o(i.USB_DeviceCdcAcmEndpointsDeinit))
<BR><BR>[Stack]<UL><LI>Max Depth = 72<LI>Call Chain = USB_DeviceCdcAcmEndpointsDeinit &rArr; USB_DeviceDeinitEndpoint &rArr; USB_DeviceControl
</UL>
<BR>[Calls]<UL><LI><a href="#[155]">&gt;&gt;</a>&nbsp;&nbsp;&nbsp;USB_DeviceDeinitEndpoint
</UL>
<BR>[Called By]<UL><LI><a href="#[f0]">&gt;&gt;</a>&nbsp;&nbsp;&nbsp;USB_DeviceCdcAcmEvent
<LI><a href="#[ef]">&gt;&gt;</a>&nbsp;&nbsp;&nbsp;USB_DeviceCdcAcmDeinit
</UL>

<P><STRONG><a name="[156]"></a>USB_DeviceCdcAcmEndpointsInit</STRONG> (Thumb, 576 bytes, Stack size 48 bytes, usb_device_cdc_acm.o(i.USB_DeviceCdcAcmEndpointsInit))
<BR><BR>[Stack]<UL><LI>Max Depth = 104<LI>Call Chain = USB_DeviceCdcAcmEndpointsInit &rArr; USB_DeviceInitEndpoint &rArr; USB_DeviceControl
</UL>
<BR>[Calls]<UL><LI><a href="#[157]">&gt;&gt;</a>&nbsp;&nbsp;&nbsp;USB_DeviceInitEndpoint
</UL>
<BR>[Called By]<UL><LI><a href="#[f0]">&gt;&gt;</a>&nbsp;&nbsp;&nbsp;USB_DeviceCdcAcmEvent
</UL>

<P><STRONG><a name="[f0]"></a>USB_DeviceCdcAcmEvent</STRONG> (Thumb, 950 bytes, Stack size 72 bytes, usb_device_cdc_acm.o(i.USB_DeviceCdcAcmEvent))
<BR><BR>[Stack]<UL><LI>Max Depth = 728<LI>Call Chain = USB_DeviceCdcAcmEvent &rArr; DbgConsole_Printf &rArr; StrFormatPrintf &rArr; ConvertFloatRadixNumToString &rArr; __hardfp_pow &rArr; sqrt
</UL>
<BR>[Calls]<UL><LI><a href="#[159]">&gt;&gt;</a>&nbsp;&nbsp;&nbsp;USB_DeviceUnstallEndpoint
<LI><a href="#[158]">&gt;&gt;</a>&nbsp;&nbsp;&nbsp;USB_DeviceStallEndpoint
<LI><a href="#[15a]">&gt;&gt;</a>&nbsp;&nbsp;&nbsp;USB_DeviceSendRequest
<LI><a href="#[15b]">&gt;&gt;</a>&nbsp;&nbsp;&nbsp;USB_DeviceRecvRequest
<LI><a href="#[156]">&gt;&gt;</a>&nbsp;&nbsp;&nbsp;USB_DeviceCdcAcmEndpointsInit
<LI><a href="#[153]">&gt;&gt;</a>&nbsp;&nbsp;&nbsp;USB_DeviceCdcAcmEndpointsDeinit
<LI><a href="#[e2]">&gt;&gt;</a>&nbsp;&nbsp;&nbsp;USB_DeviceCdcAcmBulkOut
<LI><a href="#[e1]">&gt;&gt;</a>&nbsp;&nbsp;&nbsp;USB_DeviceCdcAcmBulkIn
<LI><a href="#[122]">&gt;&gt;</a>&nbsp;&nbsp;&nbsp;DbgConsole_Printf
</UL>
<BR>[Address Reference Count : 1]<UL><LI> usb_device_class.o(.constdata)
</UL>
<P><STRONG><a name="[ee]"></a>USB_DeviceCdcAcmInit</STRONG> (Thumb, 126 bytes, Stack size 24 bytes, usb_device_cdc_acm.o(i.USB_DeviceCdcAcmInit))
<BR><BR>[Stack]<UL><LI>Max Depth = 680<LI>Call Chain = USB_DeviceCdcAcmInit &rArr; DbgConsole_Printf &rArr; StrFormatPrintf &rArr; ConvertFloatRadixNumToString &rArr; __hardfp_pow &rArr; sqrt
</UL>
<BR>[Calls]<UL><LI><a href="#[15e]">&gt;&gt;</a>&nbsp;&nbsp;&nbsp;USB_OsaMutexCreate
<LI><a href="#[15d]">&gt;&gt;</a>&nbsp;&nbsp;&nbsp;USB_DeviceClassGetDeviceHandle
<LI><a href="#[15c]">&gt;&gt;</a>&nbsp;&nbsp;&nbsp;USB_DeviceCdcAcmAllocateHandle
<LI><a href="#[122]">&gt;&gt;</a>&nbsp;&nbsp;&nbsp;DbgConsole_Printf
</UL>
<BR>[Address Reference Count : 1]<UL><LI> usb_device_class.o(.constdata)
</UL>
<P><STRONG><a name="[e0]"></a>USB_DeviceCdcAcmInterruptIn</STRONG> (Thumb, 56 bytes, Stack size 24 bytes, usb_device_cdc_acm.o(i.USB_DeviceCdcAcmInterruptIn))
<BR><BR>[Stack]<UL><LI>Max Depth = 24<LI>Call Chain = USB_DeviceCdcAcmInterruptIn
</UL>
<BR>[Address Reference Count : 1]<UL><LI> usb_device_cdc_acm.o(i.USB_DeviceCdcAcmEndpointsInit)
</UL>
<P><STRONG><a name="[14e]"></a>USB_DeviceCdcAcmRecv</STRONG> (Thumb, 100 bytes, Stack size 32 bytes, usb_device_cdc_acm.o(i.USB_DeviceCdcAcmRecv))
<BR><BR>[Stack]<UL><LI>Max Depth = 96<LI>Call Chain = USB_DeviceCdcAcmRecv &rArr; USB_DeviceRecvRequest &rArr; USB_DeviceTransfer
</UL>
<BR>[Calls]<UL><LI><a href="#[146]">&gt;&gt;</a>&nbsp;&nbsp;&nbsp;USB_OsaExitCritical
<LI><a href="#[145]">&gt;&gt;</a>&nbsp;&nbsp;&nbsp;USB_OsaEnterCritical
<LI><a href="#[15b]">&gt;&gt;</a>&nbsp;&nbsp;&nbsp;USB_DeviceRecvRequest
</UL>
<BR>[Called By]<UL><LI><a href="#[0]">&gt;&gt;</a>&nbsp;&nbsp;&nbsp;USB_DeviceCdcVcomCallback
<LI><a href="#[1]">&gt;&gt;</a>&nbsp;&nbsp;&nbsp;USB_DeviceCallback
</UL>

<P><STRONG><a name="[103]"></a>USB_DeviceCdcAcmSend</STRONG> (Thumb, 134 bytes, Stack size 40 bytes, usb_device_cdc_acm.o(i.USB_DeviceCdcAcmSend))
<BR><BR>[Stack]<UL><LI>Max Depth = 104<LI>Call Chain = USB_DeviceCdcAcmSend &rArr; USB_DeviceSendRequest &rArr; USB_DeviceTransfer
</UL>
<BR>[Calls]<UL><LI><a href="#[146]">&gt;&gt;</a>&nbsp;&nbsp;&nbsp;USB_OsaExitCritical
<LI><a href="#[145]">&gt;&gt;</a>&nbsp;&nbsp;&nbsp;USB_OsaEnterCritical
<LI><a href="#[15a]">&gt;&gt;</a>&nbsp;&nbsp;&nbsp;USB_DeviceSendRequest
</UL>
<BR>[Called By]<UL><LI><a href="#[0]">&gt;&gt;</a>&nbsp;&nbsp;&nbsp;USB_DeviceCdcVcomCallback
<LI><a href="#[102]">&gt;&gt;</a>&nbsp;&nbsp;&nbsp;APPTask
<LI><a href="#[ad]">&gt;&gt;</a>&nbsp;&nbsp;&nbsp;main
</UL>

<P><STRONG><a name="[0]"></a>USB_DeviceCdcVcomCallback</STRONG> (Thumb, 552 bytes, Stack size 40 bytes, cdcacm.o(i.USB_DeviceCdcVcomCallback))
<BR><BR>[Stack]<UL><LI>Max Depth = 696<LI>Call Chain = USB_DeviceCdcVcomCallback &rArr; DbgConsole_Printf &rArr; StrFormatPrintf &rArr; ConvertFloatRadixNumToString &rArr; __hardfp_pow &rArr; sqrt
</UL>
<BR>[Calls]<UL><LI><a href="#[14e]">&gt;&gt;</a>&nbsp;&nbsp;&nbsp;USB_DeviceCdcAcmRecv
<LI><a href="#[122]">&gt;&gt;</a>&nbsp;&nbsp;&nbsp;DbgConsole_Printf
<LI><a href="#[103]">&gt;&gt;</a>&nbsp;&nbsp;&nbsp;USB_DeviceCdcAcmSend
</UL>
<BR>[Address Reference Count : 1]<UL><LI> cdcacm.o(.data)
</UL>
<P><STRONG><a name="[e3]"></a>USB_DeviceClassCallback</STRONG> (Thumb, 68 bytes, Stack size 24 bytes, usb_device_class.o(i.USB_DeviceClassCallback))
<BR><BR>[Stack]<UL><LI>Max Depth = 120<LI>Call Chain = USB_DeviceClassCallback &rArr; USB_DeviceControlPipeInit &rArr; USB_DeviceInitEndpoint &rArr; USB_DeviceControl
</UL>
<BR>[Calls]<UL><LI><a href="#[163]">&gt;&gt;</a>&nbsp;&nbsp;&nbsp;USB_DeviceClassGetHandleByDeviceHandle
<LI><a href="#[161]">&gt;&gt;</a>&nbsp;&nbsp;&nbsp;USB_DeviceClassEvent
<LI><a href="#[164]">&gt;&gt;</a>&nbsp;&nbsp;&nbsp;USB_DeviceControlPipeInit
</UL>
<BR>[Called By]<UL><LI><a href="#[e4]">&gt;&gt;</a>&nbsp;&nbsp;&nbsp;USB_DeviceControlCallback
<LI><a href="#[ec]">&gt;&gt;</a>&nbsp;&nbsp;&nbsp;USB_DeviceCh9SetInterface
<LI><a href="#[ea]">&gt;&gt;</a>&nbsp;&nbsp;&nbsp;USB_DeviceCh9SetConfiguration
<LI><a href="#[e6]">&gt;&gt;</a>&nbsp;&nbsp;&nbsp;USB_DeviceCh9SetClearFeature
<LI><a href="#[eb]">&gt;&gt;</a>&nbsp;&nbsp;&nbsp;USB_DeviceCh9GetInterface
<LI><a href="#[e8]">&gt;&gt;</a>&nbsp;&nbsp;&nbsp;USB_DeviceCh9GetDescriptor
<LI><a href="#[e9]">&gt;&gt;</a>&nbsp;&nbsp;&nbsp;USB_DeviceCh9GetConfiguration
</UL>
<BR>[Address Reference Count : 1]<UL><LI> usb_device_class.o(i.USB_DeviceClassInit)
</UL>
<P><STRONG><a name="[161]"></a>USB_DeviceClassEvent</STRONG> (Thumb, 150 bytes, Stack size 40 bytes, usb_device_class.o(i.USB_DeviceClassEvent))
<BR><BR>[Stack]<UL><LI>Max Depth = 64<LI>Call Chain = USB_DeviceClassEvent &rArr; USB_DeviceClassGetHandleByDeviceHandle
</UL>
<BR>[Calls]<UL><LI><a href="#[163]">&gt;&gt;</a>&nbsp;&nbsp;&nbsp;USB_DeviceClassGetHandleByDeviceHandle
</UL>
<BR>[Called By]<UL><LI><a href="#[e3]">&gt;&gt;</a>&nbsp;&nbsp;&nbsp;USB_DeviceClassCallback
<LI><a href="#[e4]">&gt;&gt;</a>&nbsp;&nbsp;&nbsp;USB_DeviceControlCallback
<LI><a href="#[ec]">&gt;&gt;</a>&nbsp;&nbsp;&nbsp;USB_DeviceCh9SetInterface
<LI><a href="#[ea]">&gt;&gt;</a>&nbsp;&nbsp;&nbsp;USB_DeviceCh9SetConfiguration
<LI><a href="#[e6]">&gt;&gt;</a>&nbsp;&nbsp;&nbsp;USB_DeviceCh9SetClearFeature
</UL>

<P><STRONG><a name="[15d]"></a>USB_DeviceClassGetDeviceHandle</STRONG> (Thumb, 74 bytes, Stack size 24 bytes, usb_device_class.o(i.USB_DeviceClassGetDeviceHandle))
<BR><BR>[Stack]<UL><LI>Max Depth = 24<LI>Call Chain = USB_DeviceClassGetDeviceHandle
</UL>
<BR>[Calls]<UL><LI><a href="#[146]">&gt;&gt;</a>&nbsp;&nbsp;&nbsp;USB_OsaExitCritical
<LI><a href="#[145]">&gt;&gt;</a>&nbsp;&nbsp;&nbsp;USB_OsaEnterCritical
</UL>
<BR>[Called By]<UL><LI><a href="#[ee]">&gt;&gt;</a>&nbsp;&nbsp;&nbsp;USB_DeviceCdcAcmInit
</UL>

<P><STRONG><a name="[14c]"></a>USB_DeviceClassGetSpeed</STRONG> (Thumb, 42 bytes, Stack size 24 bytes, usb_device_class.o(i.USB_DeviceClassGetSpeed))
<BR><BR>[Stack]<UL><LI>Max Depth = 72<LI>Call Chain = USB_DeviceClassGetSpeed &rArr; USB_DeviceGetStatus &rArr; USB_DeviceControl
</UL>
<BR>[Calls]<UL><LI><a href="#[166]">&gt;&gt;</a>&nbsp;&nbsp;&nbsp;USB_DeviceClassGetHandleByControllerId
<LI><a href="#[15f]">&gt;&gt;</a>&nbsp;&nbsp;&nbsp;USB_DeviceGetStatus
</UL>
<BR>[Called By]<UL><LI><a href="#[1]">&gt;&gt;</a>&nbsp;&nbsp;&nbsp;USB_DeviceCallback
</UL>

<P><STRONG><a name="[149]"></a>USB_DeviceClassInit</STRONG> (Thumb, 200 bytes, Stack size 32 bytes, usb_device_class.o(i.USB_DeviceClassInit))
<BR><BR>[Stack]<UL><LI>Max Depth = 96<LI>Call Chain = USB_DeviceClassInit &rArr; USB_DeviceInit &rArr; USB_DeviceDeinit &rArr; USB_DeviceFreeHandle
</UL>
<BR>[Calls]<UL><LI><a href="#[167]">&gt;&gt;</a>&nbsp;&nbsp;&nbsp;USB_DeviceInit
<LI><a href="#[168]">&gt;&gt;</a>&nbsp;&nbsp;&nbsp;USB_DeviceDeinit
<LI><a href="#[165]">&gt;&gt;</a>&nbsp;&nbsp;&nbsp;USB_DeviceClassFreeHandle
<LI><a href="#[162]">&gt;&gt;</a>&nbsp;&nbsp;&nbsp;USB_DeviceClassAllocateHandle
</UL>
<BR>[Called By]<UL><LI><a href="#[147]">&gt;&gt;</a>&nbsp;&nbsp;&nbsp;USB_DeviceApplicationInit
</UL>

<P><STRONG><a name="[148]"></a>USB_DeviceClockInit</STRONG> (Thumb, 36 bytes, Stack size 8 bytes, cdcacm.o(i.USB_DeviceClockInit))
<BR><BR>[Stack]<UL><LI>Max Depth = 68<LI>Call Chain = USB_DeviceClockInit &rArr; USB_EhciPhyInit &rArr; USB_EhciPhyGetBase
</UL>
<BR>[Calls]<UL><LI><a href="#[16a]">&gt;&gt;</a>&nbsp;&nbsp;&nbsp;USB_EhciPhyInit
<LI><a href="#[116]">&gt;&gt;</a>&nbsp;&nbsp;&nbsp;CLOCK_EnableUsbhs0PhyPllClock
<LI><a href="#[169]">&gt;&gt;</a>&nbsp;&nbsp;&nbsp;CLOCK_EnableUsbhs0Clock
</UL>
<BR>[Called By]<UL><LI><a href="#[147]">&gt;&gt;</a>&nbsp;&nbsp;&nbsp;USB_DeviceApplicationInit
</UL>

<P><STRONG><a name="[e4]"></a>USB_DeviceControlCallback</STRONG> (Thumb, 560 bytes, Stack size 64 bytes, usb_device_ch9.o(i.USB_DeviceControlCallback))
<BR><BR>[Stack]<UL><LI>Max Depth = 184<LI>Call Chain = USB_DeviceControlCallback &rArr; USB_DeviceClassCallback &rArr; USB_DeviceControlPipeInit &rArr; USB_DeviceInitEndpoint &rArr; USB_DeviceControl
</UL>
<BR>[Calls]<UL><LI><a href="#[15f]">&gt;&gt;</a>&nbsp;&nbsp;&nbsp;USB_DeviceGetStatus
<LI><a href="#[161]">&gt;&gt;</a>&nbsp;&nbsp;&nbsp;USB_DeviceClassEvent
<LI><a href="#[e3]">&gt;&gt;</a>&nbsp;&nbsp;&nbsp;USB_DeviceClassCallback
<LI><a href="#[16b]">&gt;&gt;</a>&nbsp;&nbsp;&nbsp;USB_DeviceControlCallbackFeedback
<LI><a href="#[15b]">&gt;&gt;</a>&nbsp;&nbsp;&nbsp;USB_DeviceRecvRequest
</UL>
<BR>[Address Reference Count : 1]<UL><LI> usb_device_ch9.o(i.USB_DeviceControlPipeInit)
</UL>
<P><STRONG><a name="[164]"></a>USB_DeviceControlPipeInit</STRONG> (Thumb, 94 bytes, Stack size 40 bytes, usb_device_ch9.o(i.USB_DeviceControlPipeInit))
<BR><BR>[Stack]<UL><LI>Max Depth = 96<LI>Call Chain = USB_DeviceControlPipeInit &rArr; USB_DeviceInitEndpoint &rArr; USB_DeviceControl
</UL>
<BR>[Calls]<UL><LI><a href="#[157]">&gt;&gt;</a>&nbsp;&nbsp;&nbsp;USB_DeviceInitEndpoint
<LI><a href="#[155]">&gt;&gt;</a>&nbsp;&nbsp;&nbsp;USB_DeviceDeinitEndpoint
</UL>
<BR>[Called By]<UL><LI><a href="#[e3]">&gt;&gt;</a>&nbsp;&nbsp;&nbsp;USB_DeviceClassCallback
</UL>

<P><STRONG><a name="[168]"></a>USB_DeviceDeinit</STRONG> (Thumb, 38 bytes, Stack size 16 bytes, usb_device_dci.o(i.USB_DeviceDeinit))
<BR><BR>[Stack]<UL><LI>Max Depth = 32<LI>Call Chain = USB_DeviceDeinit &rArr; USB_DeviceFreeHandle
</UL>
<BR>[Calls]<UL><LI><a href="#[16c]">&gt;&gt;</a>&nbsp;&nbsp;&nbsp;USB_DeviceFreeHandle
</UL>
<BR>[Called By]<UL><LI><a href="#[167]">&gt;&gt;</a>&nbsp;&nbsp;&nbsp;USB_DeviceInit
<LI><a href="#[149]">&gt;&gt;</a>&nbsp;&nbsp;&nbsp;USB_DeviceClassInit
</UL>

<P><STRONG><a name="[155]"></a>USB_DeviceDeinitEndpoint</STRONG> (Thumb, 120 bytes, Stack size 32 bytes, usb_device_dci.o(i.USB_DeviceDeinitEndpoint))
<BR><BR>[Stack]<UL><LI>Max Depth = 56<LI>Call Chain = USB_DeviceDeinitEndpoint &rArr; USB_DeviceControl
</UL>
<BR>[Calls]<UL><LI><a href="#[16d]">&gt;&gt;</a>&nbsp;&nbsp;&nbsp;USB_DeviceControl
</UL>
<BR>[Called By]<UL><LI><a href="#[164]">&gt;&gt;</a>&nbsp;&nbsp;&nbsp;USB_DeviceControlPipeInit
<LI><a href="#[153]">&gt;&gt;</a>&nbsp;&nbsp;&nbsp;USB_DeviceCdcAcmEndpointsDeinit
</UL>

<P><STRONG><a name="[f5]"></a>USB_DeviceEhciCancel</STRONG> (Thumb, 362 bytes, Stack size 48 bytes, usb_device_ehci.o(i.USB_DeviceEhciCancel))
<BR><BR>[Stack]<UL><LI>Max Depth = 152<LI>Call Chain = USB_DeviceEhciCancel &rArr; USB_DeviceNotificationTrigger &rArr; USB_DeviceNotification &rArr; USB_DeviceResetNotification &rArr; USB_DeviceControl
</UL>
<BR>[Calls]<UL><LI><a href="#[16e]">&gt;&gt;</a>&nbsp;&nbsp;&nbsp;USB_DeviceNotificationTrigger
<LI><a href="#[146]">&gt;&gt;</a>&nbsp;&nbsp;&nbsp;USB_OsaExitCritical
<LI><a href="#[145]">&gt;&gt;</a>&nbsp;&nbsp;&nbsp;USB_OsaEnterCritical
</UL>
<BR>[Called By]<UL><LI><a href="#[173]">&gt;&gt;</a>&nbsp;&nbsp;&nbsp;USB_DeviceEhciEndpointUnstall
<LI><a href="#[172]">&gt;&gt;</a>&nbsp;&nbsp;&nbsp;USB_DeviceEhciEndpointStall
<LI><a href="#[170]">&gt;&gt;</a>&nbsp;&nbsp;&nbsp;USB_DeviceEhciEndpointInit
<LI><a href="#[171]">&gt;&gt;</a>&nbsp;&nbsp;&nbsp;USB_DeviceEhciEndpointDeinit
</UL>
<BR>[Address Reference Count : 1]<UL><LI> usb_device_dci.o(.constdata)
</UL>
<P><STRONG><a name="[f6]"></a>USB_DeviceEhciControl</STRONG> (Thumb, 372 bytes, Stack size 40 bytes, usb_device_ehci.o(i.USB_DeviceEhciControl))
<BR><BR>[Stack]<UL><LI>Max Depth = 232<LI>Call Chain = USB_DeviceEhciControl &rArr; USB_DeviceEhciEndpointInit &rArr; USB_DeviceEhciCancel &rArr; USB_DeviceNotificationTrigger &rArr; USB_DeviceNotification &rArr; USB_DeviceResetNotification &rArr; USB_DeviceControl
</UL>
<BR>[Calls]<UL><LI><a href="#[174]">&gt;&gt;</a>&nbsp;&nbsp;&nbsp;USB_DeviceEhciSetDefaultState
<LI><a href="#[173]">&gt;&gt;</a>&nbsp;&nbsp;&nbsp;USB_DeviceEhciEndpointUnstall
<LI><a href="#[172]">&gt;&gt;</a>&nbsp;&nbsp;&nbsp;USB_DeviceEhciEndpointStall
<LI><a href="#[170]">&gt;&gt;</a>&nbsp;&nbsp;&nbsp;USB_DeviceEhciEndpointInit
[...]
</UL>

<P><STRONG><a name="[165]"></a>USB_DeviceClassFreeHandle</STRONG> (Thumb, 88 bytes, Stack size 16 bytes, usb_device_class.o(i.USB_DeviceClassFreeHandle))
<BR><BR>[Stack]<UL><LI>Max Depth = 16<LI>Call Chain = USB_DeviceClassFreeHandle
</UL>
<BR>[Calls]<UL><LI><a href="#[146]">&gt;&gt;</a>&nbsp;&nbsp;&nbsp;USB_OsaExitCritical
<LI><a href="#[145]">&gt;&gt;</a>&nbsp;&nbsp;&nbsp;USB_OsaEnterCritical
</UL>
<BR>[Called By]<UL><LI><a href="#[149]">&gt;&gt;</a>&nbsp;&nbsp;&nbsp;USB_DeviceClassInit
</UL>

<P><STRONG><a name="[166]"></a>USB_DeviceClassGetHandleByControllerId</STRONG> (Thumb, 72 bytes, Stack size 24 bytes, usb_device_class.o(i.USB_DeviceClassGetHandleByControllerId))
<BR><BR>[Stack]<UL><LI>Max Depth = 24<LI>Call Chain = USB_DeviceClassGetHandleByControllerId
</UL>
<BR>[Calls]<UL><LI><a href="#[146]">&gt;&gt;</a>&nbsp;&nbsp;&nbsp;USB_OsaExitCritical
<LI><a href="#[145]">&gt;&gt;</a>&nbsp;&nbsp;&nbsp;USB_OsaEnterCritical
</UL>
<BR>[Called By]<UL><LI><a href="#[14c]">&gt;&gt;</a>&nbsp;&nbsp;&nbsp;USB_DeviceClassGetSpeed
</UL>

<P><STRONG><a name="[163]"></a>USB_DeviceClassGetHandleByDeviceHandle</STRONG> (Thumb, 62 bytes, Stack size 24 bytes, usb_device_class.o(i.USB_DeviceClassGetHandleByDeviceHandle))
<BR><BR>[Stack]<UL><LI>Max Depth = 24<LI>Call Chain = USB_DeviceClassGetHandleByDeviceHandle
</UL>
<BR>[Calls]<UL><LI><a href="#[146]">&gt;&gt;</a>&nbsp;&nbsp;&nbsp;USB_OsaExitCritical
<LI><a href="#[145]">&gt;&gt;</a>&nbsp;&nbsp;&nbsp;USB_OsaEnterCritical
</UL>
<BR>[Called By]<UL><LI><a href="#[161]">&gt;&gt;</a>&nbsp;&nbsp;&nbsp;USB_DeviceClassEvent
<LI><a href="#[e3]">&gt;&gt;</a>&nbsp;&nbsp;&nbsp;USB_DeviceClassCallback
</UL>

<P><STRONG><a name="[16f]"></a>USB_DeviceEhciCancelControlPipe</STRONG> (Thumb, 258 bytes, Stack size 40 bytes, usb_device_ehci.o(i.USB_DeviceEhciCancelControlPipe))
<BR><BR>[Stack]<UL><LI>Max Depth = 144<LI>Call Chain = USB_DeviceEhciCancelControlPipe &rArr; USB_DeviceNotificationTrigger &rArr; USB_DeviceNotification &rArr; USB_DeviceResetNotification &rArr; USB_DeviceControl
</UL>
<BR>[Calls]<UL><LI><a href="#[16e]">&gt;&gt;</a>&nbsp;&nbsp;&nbsp;USB_DeviceNotificationTrigger
</UL>
<BR>[Called By]<UL><LI><a href="#[177]">&gt;&gt;</a>&nbsp;&nbsp;&nbsp;USB_DeviceEhciInterruptTokenDone
</UL>

<P><STRONG><a name="[171]"></a>USB_DeviceEhciEndpointDeinit</STRONG> (Thumb, 162 bytes, Stack size 32 bytes, usb_device_ehci.o(i.USB_DeviceEhciEndpointDeinit))
<BR><BR>[Stack]<UL><LI>Max Depth = 184<LI>Call Chain = USB_DeviceEhciEndpointDeinit &rArr; USB_DeviceEhciCancel &rArr; USB_DeviceNotificationTrigger &rArr; USB_DeviceNotification &rArr; USB_DeviceResetNotification &rArr; USB_DeviceControl
</UL>
<BR>[Calls]<UL><LI><a href="#[f5]">&gt;&gt;</a>&nbsp;&nbsp;&nbsp;USB_DeviceEhciCancel
</UL>
<BR>[Called By]<UL><LI><a href="#[f6]">&gt;&gt;</a>&nbsp;&nbsp;&nbsp;USB_DeviceEhciControl
</UL>

<P><STRONG><a name="[170]"></a>USB_DeviceEhciEndpointInit</STRONG> (Thumb, 358 bytes, Stack size 40 bytes, usb_device_ehci.o(i.USB_DeviceEhciEndpointInit))
<BR><BR>[Stack]<UL><LI>Max Depth = 192<LI>Call Chain = USB_DeviceEhciEndpointInit &rArr; USB_DeviceEhciCancel &rArr; USB_DeviceNotificationTrigger &rArr; USB_DeviceNotification &rArr; USB_DeviceResetNotification &rArr; USB_DeviceControl
</UL>
<BR>[Calls]<UL><LI><a href="#[f5]">&gt;&gt;</a>&nbsp;&nbsp;&nbsp;USB_DeviceEhciCancel
</UL>
<BR>[Called By]<UL><LI><a href="#[f6]">&gt;&gt;</a>&nbsp;&nbsp;&nbsp;USB_DeviceEhciControl
</UL>

<P><STRONG><a name="[172]"></a>USB_DeviceEhciEndpointStall</STRONG> (Thumb, 158 bytes, Stack size 24 bytes, usb_device_ehci.o(i.USB_DeviceEhciEndpointStall))
<BR><BR>[Stack]<UL><LI>Max Depth = 176<LI>Call Chain = USB_DeviceEhciEndpointStall &rArr; USB_DeviceEhciCancel &rArr; USB_DeviceNotificationTrigger &rArr; USB_DeviceNotification &rArr; USB_DeviceResetNotification &rArr; USB_DeviceControl
</UL>
<BR>[Calls]<UL><LI><a href="#[f5]">&gt;&gt;</a>&nbsp;&nbsp;&nbsp;USB_DeviceEhciCancel
</UL>
<BR>[Called By]<UL><LI><a href="#[f6]">&gt;&gt;</a>&nbsp;&nbsp;&nbsp;USB_DeviceEhciControl
</UL>

<P><STRONG><a name="[173]"></a>USB_DeviceEhciEndpointUnstall</STRONG> (Thumb, 128 bytes, Stack size 24 bytes, usb_device_ehci.o(i.USB_DeviceEhciEndpointUnstall))
<BR><BR>[Stack]<UL><LI>Max Depth = 176<LI>Call Chain = USB_DeviceEhciEndpointUnstall &rArr; USB_DeviceEhciCancel &rArr; USB_DeviceNotificationTrigger &rArr; USB_DeviceNotification &rArr; USB_DeviceResetNotification &rArr; USB_DeviceControl
</UL>
<BR>[Calls]<UL><LI><a href="#[f5]">&gt;&gt;</a>&nbsp;&nbsp;&nbsp;USB_DeviceEhciCancel
</UL>
<BR>[Called By]<UL><LI><a href="#[f6]">&gt;&gt;</a>&nbsp;&nbsp;&nbsp;USB_DeviceEhciControl
</UL>

<P><STRONG><a name="[178]"></a>USB_DeviceEhciFillSetupBuffer</STRONG> (Thumb, 126 bytes, Stack size 12 bytes, usb_device_ehci.o(i.USB_DeviceEhciFillSetupBuffer))
<BR><BR>[Stack]<UL><LI>Max Depth = 12<LI>Call Chain = USB_DeviceEhciFillSetupBuffer
</UL>
<BR>[Called By]<UL><LI><a href="#[177]">&gt;&gt;</a>&nbsp;&nbsp;&nbsp;USB_DeviceEhciInterruptTokenDone
</UL>

<P><STRONG><a name="[175]"></a>USB_DeviceEhciInterruptPortChange</STRONG> (Thumb, 80 bytes, Stack size 24 bytes, usb_device_ehci.o(i.USB_DeviceEhciInterruptPortChange))
<BR><BR>[Stack]<UL><LI>Max Depth = 128<LI>Call Chain = USB_DeviceEhciInterruptPortChange &rArr; USB_DeviceNotificationTrigger &rArr; USB_DeviceNotification &rArr; USB_DeviceResetNotification &rArr; USB_DeviceControl
</UL>
<BR>[Calls]<UL><LI><a href="#[16e]">&gt;&gt;</a>&nbsp;&nbsp;&nbsp;USB_DeviceNotificationTrigger
</UL>
<BR>[Called By]<UL><LI><a href="#[179]">&gt;&gt;</a>&nbsp;&nbsp;&nbsp;USB_DeviceEhciIsrFunction
</UL>

<P><STRONG><a name="[176]"></a>USB_DeviceEhciInterruptReset</STRONG> (Thumb, 106 bytes, Stack size 24 bytes, usb_device_ehci.o(i.USB_DeviceEhciInterruptReset))
<BR><BR>[Stack]<UL><LI>Max Depth = 128<LI>Call Chain = USB_DeviceEhciInterruptReset &rArr; USB_DeviceNotificationTrigger &rArr; USB_DeviceNotification &rArr; USB_DeviceResetNotification &rArr; USB_DeviceControl
</UL>
<BR>[Calls]<UL><LI><a href="#[16e]">&gt;&gt;</a>&nbsp;&nbsp;&nbsp;USB_DeviceNotificationTrigger
</UL>
<BR>[Called By]<UL><LI><a href="#[179]">&gt;&gt;</a>&nbsp;&nbsp;&nbsp;USB_DeviceEhciIsrFunction
</UL>

<P><STRONG><a name="[17a]"></a>USB_DeviceEhciInterruptSof</STRONG> (Thumb, 2 bytes, Stack size 0 bytes, usb_device_ehci.o(i.USB_DeviceEhciInterruptSof))
<BR><BR>[Called By]<UL><LI><a href="#[179]">&gt;&gt;</a>&nbsp;&nbsp;&nbsp;USB_DeviceEhciIsrFunction
</UL>

<P><STRONG><a name="[177]"></a>USB_DeviceEhciInterruptTokenDone</STRONG> (Thumb, 648 bytes, Stack size 56 bytes, usb_device_ehci.o(i.USB_DeviceEhciInterruptTokenDone))
<BR><BR>[Stack]<UL><LI>Max Depth = 200<LI>Call Chain = USB_DeviceEhciInterruptTokenDone &rArr; USB_DeviceEhciCancelControlPipe &rArr; USB_DeviceNotificationTrigger &rArr; USB_DeviceNotification &rArr; USB_DeviceResetNotification &rArr; USB_DeviceControl
</UL>
<BR>[Calls]<UL><LI><a href="#[16e]">&gt;&gt;</a>&nbsp;&nbsp;&nbsp;USB_DeviceNotificationTrigger
<LI><a href="#[178]">&gt;&gt;</a>&nbsp;&nbsp;&nbsp;USB_DeviceEhciFillSetupBuffer
<LI><a href="#[16f]">&gt;&gt;</a>&nbsp;&nbsp;&nbsp;USB_DeviceEhciCancelControlPipe
</UL>
<BR>[Called By]<UL><LI><a href="#[179]">&gt;&gt;</a>&nbsp;&nbsp;&nbsp;USB_DeviceEhciIsrFunction
</UL>

<P><STRONG><a name="[174]"></a>USB_DeviceEhciSetDefaultState</STRONG> (Thumb, 198 bytes, Stack size 8 bytes, usb_device_ehci.o(i.USB_DeviceEhciSetDefaultState))
<BR><BR>[Stack]<UL><LI>Max Depth = 8<LI>Call Chain = USB_DeviceEhciSetDefaultState
</UL>
<BR>[Called By]<UL><LI><a href="#[f1]">&gt;&gt;</a>&nbsp;&nbsp;&nbsp;USB_DeviceEhciInit
<LI><a href="#[f6]">&gt;&gt;</a>&nbsp;&nbsp;&nbsp;USB_DeviceEhciControl
</UL>

<P><STRONG><a name="[17b]"></a>USB_DeviceEhciTransfer</STRONG> (Thumb, 528 bytes, Stack size 80 bytes, usb_device_ehci.o(i.USB_DeviceEhciTransfer))
<BR><BR>[Stack]<UL><LI>Max Depth = 80<LI>Call Chain = USB_DeviceEhciTransfer
</UL>
<BR>[Calls]<UL><LI><a href="#[146]">&gt;&gt;</a>&nbsp;&nbsp;&nbsp;USB_OsaExitCritical
<LI><a href="#[145]">&gt;&gt;</a>&nbsp;&nbsp;&nbsp;USB_OsaEnterCritical
</UL>
<BR>[Called By]<UL><LI><a href="#[f3]">&gt;&gt;</a>&nbsp;&nbsp;&nbsp;USB_DeviceEhciSend
<LI><a href="#[f4]">&gt;&gt;</a>&nbsp;&nbsp;&nbsp;USB_DeviceEhciRecv
</UL>

<P><STRONG><a name="[144]"></a>USB_DeviceAllocateHandle</STRONG> (Thumb, 128 bytes, Stack size 24 bytes, usb_device_dci.o(i.USB_DeviceAllocateHandle))
<BR><BR>[Stack]<UL><LI>Max Depth = 24<LI>Call Chain = USB_DeviceAllocateHandle
</UL>
<BR>[Calls]<UL><LI><a href="#[146]">&gt;&gt;</a>&nbsp;&nbsp;&nbsp;USB_OsaExitCritical
<LI><a href="#[145]">&gt;&gt;</a>&nbsp;&nbsp;&nbsp;USB_OsaEnterCritical
</UL>
<BR>[Called By]<UL><LI><a href="#[167]">&gt;&gt;</a>&nbsp;&nbsp;&nbsp;USB_DeviceInit
</UL>

<P><STRONG><a name="[16d]"></a>USB_DeviceControl</STRONG> (Thumb, 52 bytes, Stack size 24 bytes, usb_device_dci.o(i.USB_DeviceControl))
<BR><BR>[Stack]<UL><LI>Max Depth = 24<LI>Call Chain = USB_DeviceControl
</UL>
<BR>[Called By]<UL><LI><a href="#[17e]">&gt;&gt;</a>&nbsp;&nbsp;&nbsp;USB_DeviceResetNotification
<LI><a href="#[160]">&gt;&gt;</a>&nbsp;&nbsp;&nbsp;USB_DeviceSetStatus
<LI><a href="#[15f]">&gt;&gt;</a>&nbsp;&nbsp;&nbsp;USB_DeviceGetStatus
<LI><a href="#[159]">&gt;&gt;</a>&nbsp;&nbsp;&nbsp;USB_DeviceUnstallEndpoint
<LI><a href="#[158]">&gt;&gt;</a>&nbsp;&nbsp;&nbsp;USB_DeviceStallEndpoint
<LI><a href="#[157]">&gt;&gt;</a>&nbsp;&nbsp;&nbsp;USB_DeviceInitEndpoint
<LI><a href="#[155]">&gt;&gt;</a>&nbsp;&nbsp;&nbsp;USB_DeviceDeinitEndpoint
<LI><a href="#[14b]">&gt;&gt;</a>&nbsp;&nbsp;&nbsp;USB_DeviceRun
</UL>

<P><STRONG><a name="[16c]"></a>USB_DeviceFreeHandle</STRONG> (Thumb, 28 bytes, Stack size 16 bytes, usb_device_dci.o(i.USB_DeviceFreeHandle))
<BR><BR>[Stack]<UL><LI>Max Depth = 16<LI>Call Chain = USB_DeviceFreeHandle
</UL>
<BR>[Calls]<UL><LI><a href="#[146]">&gt;&gt;</a>&nbsp;&nbsp;&nbsp;USB_OsaExitCritical
<LI><a href="#[145]">&gt;&gt;</a>&nbsp;&nbsp;&nbsp;USB_OsaEnterCritical
</UL>
<BR>[Called By]<UL><LI><a href="#[167]">&gt;&gt;</a>&nbsp;&nbsp;&nbsp;USB_DeviceInit
<LI><a href="#[168]">&gt;&gt;</a>&nbsp;&nbsp;&nbsp;USB_DeviceDeinit
</UL>

<P><STRONG><a name="[17c]"></a>USB_DeviceGetControllerInterface</STRONG> (Thumb, 30 bytes, Stack size 0 bytes, usb_device_dci.o(i.USB_DeviceGetControllerInterface))
<BR><BR>[Called By]<UL><LI><a href="#[167]">&gt;&gt;</a>&nbsp;&nbsp;&nbsp;USB_DeviceInit
</UL>

<P><STRONG><a name="[17d]"></a>USB_DeviceNotification</STRONG> (Thumb, 172 bytes, Stack size 40 bytes, usb_device_dci.o(i.USB_DeviceNotification))
<BR><BR>[Stack]<UL><LI>Max Depth = 80<LI>Call Chain = USB_DeviceNotification &rArr; USB_DeviceResetNotification &rArr; USB_DeviceControl
</UL>
<BR>[Calls]<UL><LI><a href="#[17e]">&gt;&gt;</a>&nbsp;&nbsp;&nbsp;USB_DeviceResetNotification
</UL>
<BR>[Called By]<UL><LI><a href="#[16e]">&gt;&gt;</a>&nbsp;&nbsp;&nbsp;USB_DeviceNotificationTrigger
</UL>

<P><STRONG><a name="[17e]"></a>USB_DeviceResetNotification</STRONG> (Thumb, 100 bytes, Stack size 16 bytes, usb_device_dci.o(i.USB_DeviceResetNotification))
<BR><BR>[Stack]<UL><LI>Max Depth = 40<LI>Call Chain = USB_DeviceResetNotification &rArr; USB_DeviceControl
</UL>
<BR>[Calls]<UL><LI><a href="#[16d]">&gt;&gt;</a>&nbsp;&nbsp;&nbsp;USB_DeviceControl
</UL>
<BR>[Called By]<UL><LI><a href="#[17d]">&gt;&gt;</a>&nbsp;&nbsp;&nbsp;USB_DeviceNotification
</UL>

<P><STRONG><a name="[17f]"></a>USB_DeviceTransfer</STRONG> (Thumb, 194 bytes, Stack size 40 bytes, usb_device_dci.o(i.USB_DeviceTransfer))
<BR><BR>[Stack]<UL><LI>Max Depth = 40<LI>Call Chain = USB_DeviceTransfer
</UL>
<BR>[Calls]<UL><LI><a href="#[146]">&gt;&gt;</a>&nbsp;&nbsp;&nbsp;USB_OsaExitCritical
<LI><a href="#[145]">&gt;&gt;</a>&nbsp;&nbsp;&nbsp;USB_OsaEnterCritical
</UL>
<BR>[Called By]<UL><LI><a href="#[15a]">&gt;&gt;</a>&nbsp;&nbsp;&nbsp;USB_DeviceSendRequest
<LI><a href="#[15b]">&gt;&gt;</a>&nbsp;&nbsp;&nbsp;USB_DeviceRecvRequest
</UL>

<P><STRONG><a name="[19b]"></a>SCB_EnableDCache</STRONG> (Thumb, 148 bytes, Stack size 8 bytes, system_mimxrt1052.o(i.SCB_EnableDCache))
<BR><BR>[Stack]<UL><LI>Max Depth = 8<LI>Call Chain = SCB_EnableDCache
</UL>
<BR>[Called By]<UL><LI><a href="#[ae]">&gt;&gt;</a>&nbsp;&nbsp;&nbsp;SystemInit
</UL>

<P><STRONG><a name="[19a]"></a>SCB_EnableICache</STRONG> (Thumb, 116 bytes, Stack size 0 bytes, system_mimxrt1052.o(i.SCB_EnableICache))
<BR><BR>[Called By]<UL><LI><a href="#[ae]">&gt;&gt;</a>&nbsp;&nbsp;&nbsp;SystemInit
</UL>

<P><STRONG><a name="[11c]"></a>CLOCK_GetOscFreq</STRONG> (Thumb, 20 bytes, Stack size 0 bytes, fsl_clock.o(i.CLOCK_GetOscFreq))
<BR><BR>[Called By]<UL><LI><a href="#[10f]">&gt;&gt;</a>&nbsp;&nbsp;&nbsp;CLOCK_GetPllFreq
<LI><a href="#[118]">&gt;&gt;</a>&nbsp;&nbsp;&nbsp;CLOCK_GetFreq
<LI><a href="#[119]">&gt;&gt;</a>&nbsp;&nbsp;&nbsp;CLOCK_GetPeriphClkFreq
</UL>

<P><STRONG><a name="[119]"></a>CLOCK_GetPeriphClkFreq</STRONG> (Thumb, 186 bytes, Stack size 8 bytes, fsl_clock.o(i.CLOCK_GetPeriphClkFreq))
<BR><BR>[Stack]<UL><LI>Max Depth = 112<LI>Call Chain = CLOCK_GetPeriphClkFreq &rArr; CLOCK_GetSysPfdFreq &rArr; CLOCK_GetPllFreq &rArr; __aeabi_uldivmod
</UL>
<BR>[Calls]<UL><LI><a href="#[11b]">&gt;&gt;</a>&nbsp;&nbsp;&nbsp;CLOCK_GetSysPfdFreq
<LI><a href="#[10f]">&gt;&gt;</a>&nbsp;&nbsp;&nbsp;CLOCK_GetPllFreq
<LI><a href="#[11c]">&gt;&gt;</a>&nbsp;&nbsp;&nbsp;CLOCK_GetOscFreq
</UL>
<BR>[Called By]<UL><LI><a href="#[118]">&gt;&gt;</a>&nbsp;&nbsp;&nbsp;CLOCK_GetFreq
</UL>

<P><STRONG><a name="[12f]"></a>FLEXSPI_ConfigureDll</STRONG> (Thumb, 118 bytes, Stack size 20 bytes, fsl_flexspi.o(i.FLEXSPI_ConfigureDll))
<BR><BR>[Stack]<UL><LI>Max Depth = 20<LI>Call Chain = FLEXSPI_ConfigureDll
</UL>
<BR>[Called By]<UL><LI><a href="#[12d]">&gt;&gt;</a>&nbsp;&nbsp;&nbsp;FLEXSPI_SetFlashConfig
</UL>

<P><STRONG><a name="[12e]"></a>FLEXSPI_GetBusIdleStatus</STRONG> (Thumb, 30 bytes, Stack size 0 bytes, fsl_flexspi.o(i.FLEXSPI_GetBusIdleStatus))
<BR><BR>[Called By]<UL><LI><a href="#[133]">&gt;&gt;</a>&nbsp;&nbsp;&nbsp;FLEXSPI_UpdateLUT
<LI><a href="#[130]">&gt;&gt;</a>&nbsp;&nbsp;&nbsp;FLEXSPI_TransferBlocking
<LI><a href="#[12d]">&gt;&gt;</a>&nbsp;&nbsp;&nbsp;FLEXSPI_SetFlashConfig
</UL>

<P><STRONG><a name="[12a]"></a>FLEXSPI_SoftwareReset</STRONG> (Thumb, 22 bytes, Stack size 0 bytes, fsl_flexspi.o(i.FLEXSPI_SoftwareReset))
<BR><BR>[Called By]<UL><LI><a href="#[128]">&gt;&gt;</a>&nbsp;&nbsp;&nbsp;FLEXSPI_Init
</UL>

<P><STRONG><a name="[135]"></a>GPIO_GetInstance</STRONG> (Thumb, 28 bytes, Stack size 0 bytes, fsl_gpio.o(i.GPIO_GetInstance))
<BR><BR>[Called By]<UL><LI><a href="#[134]">&gt;&gt;</a>&nbsp;&nbsp;&nbsp;GPIO_PinInit
</UL>

<P><STRONG><a name="[142]"></a>CLOCK_ControlGate</STRONG> (Thumb, 32 bytes, Stack size 16 bytes, fsl_lpuart.o(i.CLOCK_ControlGate))
<BR><BR>[Stack]<UL><LI>Max Depth = 16<LI>Call Chain = CLOCK_ControlGate
</UL>
<BR>[Called By]<UL><LI><a href="#[13a]">&gt;&gt;</a>&nbsp;&nbsp;&nbsp;LPUART_Init
</UL>

<P><STRONG><a name="[df]"></a>DbgConsole_RelocateLog</STRONG> (Thumb, 62 bytes, Stack size 24 bytes, fsl_debug_console.o(i.DbgConsole_RelocateLog))
<BR><BR>[Stack]<UL><LI>Max Depth = 124<LI>Call Chain = DbgConsole_RelocateLog &rArr; LOG_Push &rArr; LOG_Pop &rArr; IO_Transfer &rArr; LPUART_ReadBlocking &rArr; LPUART_ClearStatusFlags
</UL>
<BR>[Calls]<UL><LI><a href="#[125]">&gt;&gt;</a>&nbsp;&nbsp;&nbsp;LOG_Push
</UL>
<BR>[Address Reference Count : 1]<UL><LI> fsl_debug_console.o(i.DbgConsole_Printf)
</UL>
<P><STRONG><a name="[11d]"></a>ConvertFloatRadixNumToString</STRONG> (Thumb, 430 bytes, Stack size 120 bytes, fsl_str.o(i.ConvertFloatRadixNumToString))
<BR><BR>[Stack]<UL><LI>Max Depth = 336<LI>Call Chain = ConvertFloatRadixNumToString &rArr; __hardfp_pow &rArr; sqrt
</UL>
<BR>[Calls]<UL><LI><a href="#[fe]">&gt;&gt;</a>&nbsp;&nbsp;&nbsp;__aeabi_l2d
<LI><a href="#[100]">&gt;&gt;</a>&nbsp;&nbsp;&nbsp;__aeabi_d2lz
<LI><a href="#[11f]">&gt;&gt;</a>&nbsp;&nbsp;&nbsp;__hardfp_pow
<LI><a href="#[11e]">&gt;&gt;</a>&nbsp;&nbsp;&nbsp;__hardfp_modf
</UL>
<BR>[Called By]<UL><LI><a href="#[124]">&gt;&gt;</a>&nbsp;&nbsp;&nbsp;StrFormatPrintf
</UL>

<P><STRONG><a name="[120]"></a>ConvertRadixNumToString</STRONG> (Thumb, 332 bytes, Stack size 88 bytes, fsl_str.o(i.ConvertRadixNumToString))
<BR><BR>[Stack]<UL><LI>Max Depth = 152<LI>Call Chain = ConvertRadixNumToString &rArr; __aeabi_ldivmod &rArr; __aeabi_uldivmod
</UL>
<BR>[Calls]<UL><LI><a href="#[fa]">&gt;&gt;</a>&nbsp;&nbsp;&nbsp;__aeabi_ldivmod
<LI><a href="#[f7]">&gt;&gt;</a>&nbsp;&nbsp;&nbsp;__aeabi_uldivmod
</UL>
<BR>[Called By]<UL><LI><a href="#[124]">&gt;&gt;</a>&nbsp;&nbsp;&nbsp;StrFormatPrintf
</UL>

<P><STRONG><a name="[110]"></a>CLOCK_GetDiv</STRONG> (Thumb, 28 bytes, Stack size 0 bytes, board.o(i.CLOCK_GetDiv))
<BR><BR>[Called By]<UL><LI><a href="#[10e]">&gt;&gt;</a>&nbsp;&nbsp;&nbsp;BOARD_DebugConsoleSrcFreq
</UL>

<P><STRONG><a name="[18e]"></a>CLOCK_SetDiv</STRONG> (Thumb, 76 bytes, Stack size 16 bytes, board.o(i.CLOCK_SetDiv))
<BR><BR>[Stack]<UL><LI>Max Depth = 16<LI>Call Chain = CLOCK_SetDiv
</UL>
<BR>[Called By]<UL><LI><a href="#[18c]">&gt;&gt;</a>&nbsp;&nbsp;&nbsp;board_init_hyperflash
</UL>

<P><STRONG><a name="[18f]"></a>FLEXSPI_SoftwareReset</STRONG> (Thumb, 22 bytes, Stack size 0 bytes, board.o(i.FLEXSPI_SoftwareReset))
<BR><BR>[Called By]<UL><LI><a href="#[18c]">&gt;&gt;</a>&nbsp;&nbsp;&nbsp;board_init_hyperflash
</UL>

<P><STRONG><a name="[193]"></a>IOMUXC_SetPinConfig</STRONG> (Thumb, 12 bytes, Stack size 12 bytes, board.o(i.IOMUXC_SetPinConfig))
<BR><BR>[Stack]<UL><LI>Max Depth = 12<LI>Call Chain = IOMUXC_SetPinConfig
</UL>
<BR>[Called By]<UL><LI><a href="#[191]">&gt;&gt;</a>&nbsp;&nbsp;&nbsp;board_init_power
</UL>

<P><STRONG><a name="[192]"></a>IOMUXC_SetPinMux</STRONG> (Thumb, 26 bytes, Stack size 20 bytes, board.o(i.IOMUXC_SetPinMux))
<BR><BR>[Stack]<UL><LI>Max Depth = 20<LI>Call Chain = IOMUXC_SetPinMux
</UL>
<BR>[Called By]<UL><LI><a href="#[191]">&gt;&gt;</a>&nbsp;&nbsp;&nbsp;board_init_power
</UL>

<P><STRONG><a name="[10a]"></a>SCB_DisableDCache</STRONG> (Thumb, 150 bytes, Stack size 8 bytes, board.o(i.SCB_DisableDCache))
<BR><BR>[Stack]<UL><LI>Max Depth = 8<LI>Call Chain = SCB_DisableDCache
</UL>
<BR>[Called By]<UL><LI><a href="#[18c]">&gt;&gt;</a>&nbsp;&nbsp;&nbsp;board_init_hyperflash
<LI><a href="#[109]">&gt;&gt;</a>&nbsp;&nbsp;&nbsp;BOARD_ConfigMPU
</UL>

<P><STRONG><a name="[10b]"></a>SCB_EnableDCache</STRONG> (Thumb, 148 bytes, Stack size 8 bytes, board.o(i.SCB_EnableDCache))
<BR><BR>[Stack]<UL><LI>Max Depth = 8<LI>Call Chain = SCB_EnableDCache
</UL>
<BR>[Called By]<UL><LI><a href="#[109]">&gt;&gt;</a>&nbsp;&nbsp;&nbsp;BOARD_ConfigMPU
</UL>

<P><STRONG><a name="[10c]"></a>SCB_EnableICache</STRONG> (Thumb, 116 bytes, Stack size 0 bytes, board.o(i.SCB_EnableICache))
<BR><BR>[Called By]<UL><LI><a href="#[109]">&gt;&gt;</a>&nbsp;&nbsp;&nbsp;BOARD_ConfigMPU
</UL>

<P><STRONG><a name="[108]"></a>CLOCK_SetDiv</STRONG> (Thumb, 76 bytes, Stack size 16 bytes, clock_config.o(i.CLOCK_SetDiv))
<BR><BR>[Stack]<UL><LI>Max Depth = 16<LI>Call Chain = CLOCK_SetDiv
</UL>
<BR>[Called By]<UL><LI><a href="#[104]">&gt;&gt;</a>&nbsp;&nbsp;&nbsp;BOARD_BootClockRUN
</UL>

<P><STRONG><a name="[105]"></a>CLOCK_SetMux</STRONG> (Thumb, 76 bytes, Stack size 16 bytes, clock_config.o(i.CLOCK_SetMux))
<BR><BR>[Stack]<UL><LI>Max Depth = 16<LI>Call Chain = CLOCK_SetMux
</UL>
<BR>[Called By]<UL><LI><a href="#[104]">&gt;&gt;</a>&nbsp;&nbsp;&nbsp;BOARD_BootClockRUN
</UL>

<P><STRONG><a name="[115]"></a>IOMUXC_SetPinConfig</STRONG> (Thumb, 12 bytes, Stack size 12 bytes, pin_mux.o(i.IOMUXC_SetPinConfig))
<BR><BR>[Stack]<UL><LI>Max Depth = 12<LI>Call Chain = IOMUXC_SetPinConfig
</UL>
<BR>[Called By]<UL><LI><a href="#[113]">&gt;&gt;</a>&nbsp;&nbsp;&nbsp;BOARD_InitPins
</UL>

<P><STRONG><a name="[114]"></a>IOMUXC_SetPinMux</STRONG> (Thumb, 26 bytes, Stack size 20 bytes, pin_mux.o(i.IOMUXC_SetPinMux))
<BR><BR>[Stack]<UL><LI>Max Depth = 20<LI>Call Chain = IOMUXC_SetPinMux
</UL>
<BR>[Called By]<UL><LI><a href="#[113]">&gt;&gt;</a>&nbsp;&nbsp;&nbsp;BOARD_InitPins
</UL>
<P>
<H3>
Undefined Global Symbols
</H3><HR></body></html>
