<html>
<body>
<pre>
<h1>µVision Build Log</h1>
<h2>Tool Versions:</h2>
IDE-Version: ¦ÌVision V5.15
Copyright (C) 2015 ARM Ltd and ARM Germany GmbH. All rights reserved.
License Information: hxx hxx, hxx, LIC=R4HTG-VFFHN-XBSEC-7UNYP-8GH9H-U5787
 
Tool Versions:
Toolchain:       MDK-ARM Professional  Version: 5.15.0
Toolchain Path:  C:\Keil_v5\ARM\ARMCC\Bin
C Compiler:      Armcc.exe V5.05 update 2 (build 169)
Assembler:       Armasm.exe V5.05 update 2 (build 169)
Linker/Locator:  ArmLink.exe V5.05 update 2 (build 169)
Library Manager: ArmAr.exe V5.05 update 2 (build 169)
Hex Converter:   FromElf.exe V5.05 update 2 (build 169)
CPU DLL:         SARMCM3.DLL V5.15.0
Dialog DLL:      DCM.DLL V1.13.2.0
Target DLL:      Segger\JL2CM3.dll V2.99.15.0
Dialog DLL:      TCM.DLL V1.14.5.0
 
<h2>Project:</h2>
Z:\fc\Bootloader\lib\imxrt\sdk_2.4.1_mimxrt1052\boards\uavrs_v2\uavrs_v2_bootloader.uvprojx
Project File Date:  10/25/2019

<h2>Output:</h2>
*** Using Compiler 'V5.05 update 2 (build 169)', folder: 'C:\Keil_v5\ARM\ARMCC\Bin'
Build target 'bootloader'
compiling main_imxrt1052.c...
..\..\..\..\..\main_imxrt1052.c(264): warning:  #111-D: statement is unreachable
          board_init();
..\..\..\..\..\main_imxrt1052.c: 1 warning, 0 errors
linking...
Program Size: Code=26700 RO-data=3288 RW-data=392 ZI-data=44996  
".\Objects\uavrs_v2_bootloader.axf" - 0 Error(s), 1 Warning(s).

<h2>Collection of Component include folders:</h2>
  Z:\fc\Bootloader\lib\imxrt\sdk_2.4.1_mimxrt1052\boards\uavrs_v2\RTE
  C:\Keil_v5\ARM\PACK\NXP\MIMXRT1052_DFP\10.0.1

<h2>Collection of Component Files used:</h2>
</pre>
</body>
</html>
