Component: ARM Compiler 5.05 update 2 (build 169) Tool: armlink [4d0f33]

==============================================================================

Section Cross References

    flexspi_hyper_flash_polling_transfer.o(i.flexspi_nor_flash_erase_sector) refers to flexspi_hyper_flash_polling_transfer.o(i.flexspi_nor_write_enable) for flexspi_nor_write_enable
    flexspi_hyper_flash_polling_transfer.o(i.flexspi_nor_flash_erase_sector) refers to fsl_flexspi.o(i.FLEXSPI_TransferBlocking) for FLEXSPI_TransferBlocking
    flexspi_hyper_flash_polling_transfer.o(i.flexspi_nor_flash_erase_sector) refers to flexspi_hyper_flash_polling_transfer.o(i.flexspi_nor_wait_bus_busy) for flexspi_nor_wait_bus_busy
    flexspi_hyper_flash_polling_transfer.o(i.flexspi_nor_flash_page_program) refers to flexspi_hyper_flash_polling_transfer.o(i.flexspi_nor_write_enable) for flexspi_nor_write_enable
    flexspi_hyper_flash_polling_transfer.o(i.flexspi_nor_flash_page_program) refers to fsl_flexspi.o(i.FLEXSPI_TransferBlocking) for FLEXSPI_TransferBlocking
    flexspi_hyper_flash_polling_transfer.o(i.flexspi_nor_flash_page_program) refers to flexspi_hyper_flash_polling_transfer.o(i.flexspi_nor_wait_bus_busy) for flexspi_nor_wait_bus_busy
    flexspi_hyper_flash_polling_transfer.o(i.flexspi_nor_hyperbus_read) refers to fsl_flexspi.o(i.FLEXSPI_TransferBlocking) for FLEXSPI_TransferBlocking
    flexspi_hyper_flash_polling_transfer.o(i.flexspi_nor_hyperbus_write) refers to fsl_flexspi.o(i.FLEXSPI_TransferBlocking) for FLEXSPI_TransferBlocking
    flexspi_hyper_flash_polling_transfer.o(i.flexspi_nor_hyperflash_cfi) refers to flexspi_hyper_flash_polling_transfer.o(i.flexspi_nor_hyperbus_write) for flexspi_nor_hyperbus_write
    flexspi_hyper_flash_polling_transfer.o(i.flexspi_nor_hyperflash_cfi) refers to fsl_debug_console.o(i.DbgConsole_Printf) for DbgConsole_Printf
    flexspi_hyper_flash_polling_transfer.o(i.flexspi_nor_hyperflash_cfi) refers to flexspi_hyper_flash_polling_transfer.o(i.flexspi_nor_hyperbus_read) for flexspi_nor_hyperbus_read
    flexspi_hyper_flash_polling_transfer.o(i.flexspi_nor_wait_bus_busy) refers to fsl_flexspi.o(i.FLEXSPI_TransferBlocking) for FLEXSPI_TransferBlocking
    flexspi_hyper_flash_polling_transfer.o(i.flexspi_nor_write_enable) refers to fsl_flexspi.o(i.FLEXSPI_TransferBlocking) for FLEXSPI_TransferBlocking
    flexspi_hyper_flash_polling_transfer.o(i.main) refers to board.o(i.BOARD_ConfigMPU) for BOARD_ConfigMPU
    flexspi_hyper_flash_polling_transfer.o(i.main) refers to pin_mux.o(i.BOARD_InitPins) for BOARD_InitPins
    flexspi_hyper_flash_polling_transfer.o(i.main) refers to clock_config.o(i.BOARD_BootClockRUN) for BOARD_BootClockRUN
    flexspi_hyper_flash_polling_transfer.o(i.main) refers to board.o(i.BOARD_InitDebugConsole) for BOARD_InitDebugConsole
    flexspi_hyper_flash_polling_transfer.o(i.main) refers to fsl_clock.o(i.CLOCK_InitUsb1Pll) for CLOCK_InitUsb1Pll
    flexspi_hyper_flash_polling_transfer.o(i.main) refers to fsl_clock.o(i.CLOCK_InitUsb1Pfd) for CLOCK_InitUsb1Pfd
    flexspi_hyper_flash_polling_transfer.o(i.main) refers to flexspi_hyper_flash_polling_transfer.o(i.CLOCK_SetDiv) for CLOCK_SetDiv
    flexspi_hyper_flash_polling_transfer.o(i.main) refers to fsl_debug_console.o(i.DbgConsole_Printf) for DbgConsole_Printf
    flexspi_hyper_flash_polling_transfer.o(i.main) refers to fsl_flexspi.o(i.FLEXSPI_GetDefaultConfig) for FLEXSPI_GetDefaultConfig
    flexspi_hyper_flash_polling_transfer.o(i.main) refers to fsl_flexspi.o(i.FLEXSPI_Init) for FLEXSPI_Init
    flexspi_hyper_flash_polling_transfer.o(i.main) refers to fsl_flexspi.o(i.FLEXSPI_SetFlashConfig) for FLEXSPI_SetFlashConfig
    flexspi_hyper_flash_polling_transfer.o(i.main) refers to fsl_flexspi.o(i.FLEXSPI_UpdateLUT) for FLEXSPI_UpdateLUT
    flexspi_hyper_flash_polling_transfer.o(i.main) refers to flexspi_hyper_flash_polling_transfer.o(i.FLEXSPI_SoftwareReset) for FLEXSPI_SoftwareReset
    flexspi_hyper_flash_polling_transfer.o(i.main) refers to flexspi_hyper_flash_polling_transfer.o(i.flexspi_nor_hyperflash_cfi) for flexspi_nor_hyperflash_cfi
    flexspi_hyper_flash_polling_transfer.o(i.main) refers to flexspi_hyper_flash_polling_transfer.o(i.flexspi_nor_flash_erase_sector) for flexspi_nor_flash_erase_sector
    flexspi_hyper_flash_polling_transfer.o(i.main) refers to memseta.o(.text) for __aeabi_memset
    flexspi_hyper_flash_polling_transfer.o(i.main) refers to memcpya.o(.text) for __aeabi_memcpy
    flexspi_hyper_flash_polling_transfer.o(i.main) refers to memcmp.o(.text) for memcmp
    flexspi_hyper_flash_polling_transfer.o(i.main) refers to flexspi_hyper_flash_polling_transfer.o(i.flexspi_nor_flash_page_program) for flexspi_nor_flash_page_program
    flexspi_hyper_flash_polling_transfer.o(i.main) refers to flexspi_hyper_flash_polling_transfer.o(i.FLEXSPI_Enable) for FLEXSPI_Enable
    flexspi_hyper_flash_polling_transfer.o(i.main) refers to flexspi_hyper_flash_polling_transfer.o(i.CLOCK_ControlGate) for CLOCK_ControlGate
[...]
    fsl_lpuart.o(i.LPUART5_DriverIRQHandler) refers to fsl_lpuart.o(.data) for .data
    fsl_lpuart.o(i.LPUART6_DriverIRQHandler) refers to fsl_lpuart.o(.bss) for .bss
    fsl_lpuart.o(i.LPUART6_DriverIRQHandler) refers to fsl_lpuart.o(.data) for .data
    fsl_lpuart.o(i.LPUART7_DriverIRQHandler) refers to fsl_lpuart.o(.bss) for .bss
    fsl_lpuart.o(i.LPUART7_DriverIRQHandler) refers to fsl_lpuart.o(.data) for .data
    fsl_lpuart.o(i.LPUART8_DriverIRQHandler) refers to fsl_lpuart.o(.bss) for .bss
    fsl_lpuart.o(i.LPUART8_DriverIRQHandler) refers to fsl_lpuart.o(.data) for .data
    fsl_lpuart.o(i.LPUART_ClearStatusFlags) refers to fsl_lpuart.o(i.LPUART_GetStatusFlags) for LPUART_GetStatusFlags
    fsl_lpuart.o(i.LPUART_Deinit) refers to fsl_lpuart.o(i.LPUART_GetInstance) for LPUART_GetInstance
    fsl_lpuart.o(i.LPUART_Deinit) refers to fsl_lpuart.o(i.CLOCK_ControlGate) for CLOCK_ControlGate
    fsl_lpuart.o(i.LPUART_Deinit) refers to fsl_lpuart.o(.constdata) for .constdata
    fsl_lpuart.o(i.LPUART_GetInstance) refers to fsl_lpuart.o(.constdata) for .constdata
    fsl_lpuart.o(i.LPUART_Init) refers to fsl_lpuart.o(i.LPUART_GetInstance) for LPUART_GetInstance
    fsl_lpuart.o(i.LPUART_Init) refers to fsl_lpuart.o(i.CLOCK_ControlGate) for CLOCK_ControlGate
    fsl_lpuart.o(i.LPUART_Init) refers to fsl_lpuart.o(.constdata) for .constdata
    fsl_lpuart.o(i.LPUART_ReadBlocking) refers to fsl_lpuart.o(i.LPUART_GetStatusFlags) for LPUART_GetStatusFlags
    fsl_lpuart.o(i.LPUART_ReadBlocking) refers to fsl_lpuart.o(i.LPUART_ClearStatusFlags) for LPUART_ClearStatusFlags
    fsl_lpuart.o(i.LPUART_TransferAbortReceive) refers to fsl_lpuart.o(i.LPUART_DisableInterrupts) for LPUART_DisableInterrupts
    fsl_lpuart.o(i.LPUART_TransferAbortSend) refers to fsl_lpuart.o(i.LPUART_DisableInterrupts) for LPUART_DisableInterrupts
    fsl_lpuart.o(i.LPUART_TransferCreateHandle) refers to memseta.o(.text) for __aeabi_memclr4
    fsl_lpuart.o(i.LPUART_TransferCreateHandle) refers to fsl_lpuart.o(i.LPUART_GetInstance) for LPUART_GetInstance
    fsl_lpuart.o(i.LPUART_TransferCreateHandle) refers to fsl_lpuart.o(.bss) for .bss
    fsl_lpuart.o(i.LPUART_TransferCreateHandle) refers to fsl_lpuart.o(i.LPUART_TransferHandleIRQ) for LPUART_TransferHandleIRQ
    fsl_lpuart.o(i.LPUART_TransferCreateHandle) refers to fsl_lpuart.o(.data) for .data
    fsl_lpuart.o(i.LPUART_TransferCreateHandle) refers to fsl_lpuart.o(.constdata) for .constdata
    fsl_lpuart.o(i.LPUART_TransferHandleIRQ) refers to fsl_lpuart.o(i.LPUART_ReadNonBlocking) for LPUART_ReadNonBlocking
    fsl_lpuart.o(i.LPUART_TransferHandleIRQ) refers to fsl_lpuart.o(i.LPUART_DisableInterrupts) for LPUART_DisableInterrupts
    fsl_lpuart.o(i.LPUART_TransferHandleIRQ) refers to fsl_lpuart.o(i.LPUART_TransferIsRxRingBufferFull) for LPUART_TransferIsRxRingBufferFull
    fsl_lpuart.o(i.LPUART_TransferIsRxRingBufferFull) refers to fsl_lpuart.o(i.LPUART_TransferGetRxRingBufferLength) for LPUART_TransferGetRxRingBufferLength
    fsl_lpuart.o(i.LPUART_TransferReceiveNonBlocking) refers to fsl_lpuart.o(i.LPUART_DisableInterrupts) for LPUART_DisableInterrupts
    fsl_lpuart.o(i.LPUART_TransferReceiveNonBlocking) refers to fsl_lpuart.o(i.LPUART_TransferGetRxRingBufferLength) for LPUART_TransferGetRxRingBufferLength
    fsl_lpuart.o(i.LPUART_TransferReceiveNonBlocking) refers to fsl_lpuart.o(i.LPUART_EnableInterrupts) for LPUART_EnableInterrupts
    fsl_lpuart.o(i.LPUART_TransferSendNonBlocking) refers to fsl_lpuart.o(i.LPUART_EnableInterrupts) for LPUART_EnableInterrupts
    fsl_lpuart.o(i.LPUART_TransferStartRingBuffer) refers to fsl_lpuart.o(i.LPUART_EnableInterrupts) for LPUART_EnableInterrupts
    fsl_lpuart.o(i.LPUART_TransferStopRingBuffer) refers to fsl_lpuart.o(i.LPUART_DisableInterrupts) for LPUART_DisableInterrupts
    fsl_gpio.o(i.GPIO_PinInit) refers to fsl_gpio.o(i.GPIO_PinWrite) for GPIO_PinWrite
    fsl_gpio.o(i.GPIO_PinInit) refers to fsl_gpio.o(i.GPIO_PinSetInterruptConfig) for GPIO_PinSetInterruptConfig
    fsl_gpio.o(i.GPIO_PinInit) refers to fsl_gpio.o(.constdata) for .constdata
    fsl_flexspi.o(i.FLEXSPI_Deinit) refers to fsl_flexspi.o(i.FLEXSPI_SoftwareReset) for FLEXSPI_SoftwareReset
    fsl_flexspi.o(i.FLEXSPI_DriverIRQHandler) refers to fsl_flexspi.o(i.FLEXSPI_TransferHandleIRQ) for FLEXSPI_TransferHandleIRQ
    fsl_flexspi.o(i.FLEXSPI_DriverIRQHandler) refers to fsl_flexspi.o(.data) for .data
    fsl_flexspi.o(i.FLEXSPI_GetDefaultConfig) refers to memseta.o(.text) for __aeabi_memclr
    fsl_flexspi.o(i.FLEXSPI_GetInstance) refers to fsl_flexspi.o(.constdata) for .constdata
    fsl_flexspi.o(i.FLEXSPI_Init) refers to fsl_flexspi.o(i.FLEXSPI_GetInstance) for FLEXSPI_GetInstance
    fsl_flexspi.o(i.FLEXSPI_Init) refers to fsl_flexspi.o(i.FLEXSPI_SoftwareReset) for FLEXSPI_SoftwareReset
    fsl_flexspi.o(i.FLEXSPI_Init) refers to fsl_flexspi.o(.constdata) for .constdata
    fsl_flexspi.o(i.FLEXSPI_ReadBlocking) refers to fsl_flexspi.o(i.FLEXSPI_CheckAndClearError) for FLEXSPI_CheckAndClearError
    fsl_flexspi.o(i.FLEXSPI_SetFlashConfig) refers to fsl_flexspi.o(i.FLEXSPI_GetBusIdleStatus) for FLEXSPI_GetBusIdleStatus
    fsl_flexspi.o(i.FLEXSPI_TransferBlocking) refers to fsl_flexspi.o(i.FLEXSPI_WriteBlocking) for FLEXSPI_WriteBlocking
    fsl_flexspi.o(i.FLEXSPI_TransferBlocking) refers to fsl_flexspi.o(i.FLEXSPI_ReadBlocking) for FLEXSPI_ReadBlocking
    fsl_flexspi.o(i.FLEXSPI_TransferBlocking) refers to fsl_flexspi.o(i.FLEXSPI_GetBusIdleStatus) for FLEXSPI_GetBusIdleStatus
    fsl_flexspi.o(i.FLEXSPI_TransferBlocking) refers to fsl_flexspi.o(i.FLEXSPI_CheckAndClearError) for FLEXSPI_CheckAndClearError
    fsl_flexspi.o(i.FLEXSPI_TransferCreateHandle) refers to fsl_flexspi.o(i.FLEXSPI_GetInstance) for FLEXSPI_GetInstance
    fsl_flexspi.o(i.FLEXSPI_TransferCreateHandle) refers to memseta.o(.text) for __aeabi_memclr4
    fsl_flexspi.o(i.FLEXSPI_TransferCreateHandle) refers to fsl_flexspi.o(.data) for .data
    fsl_flexspi.o(i.FLEXSPI_TransferCreateHandle) refers to fsl_flexspi.o(.constdata) for .constdata
    fsl_flexspi.o(i.FLEXSPI_TransferHandleIRQ) refers to fsl_flexspi.o(i.FLEXSPI_CheckAndClearError) for FLEXSPI_CheckAndClearError
    fsl_flexspi.o(i.FLEXSPI_TransferHandleIRQ) refers to fsl_flexspi.o(i.FLEXSPI_TransferAbort) for FLEXSPI_TransferAbort
    fsl_flexspi.o(i.FLEXSPI_UpdateLUT) refers to fsl_flexspi.o(i.FLEXSPI_GetBusIdleStatus) for FLEXSPI_GetBusIdleStatus
    fsl_flexspi.o(i.FLEXSPI_WriteBlocking) refers to fsl_flexspi.o(i.FLEXSPI_CheckAndClearError) for FLEXSPI_CheckAndClearError
    system_mimxrt1052.o(i.SystemCoreClockUpdate) refers to uldiv.o(.text) for __aeabi_uldivmod
    system_mimxrt1052.o(i.SystemCoreClockUpdate) refers to system_mimxrt1052.o(.data) for .data
    system_mimxrt1052.o(i.SystemInit) refers to system_mimxrt1052.o(i.SystemInitHook) for SystemInitHook
    startup_mimxrt1052.o(RESET) refers to startup_mimxrt1052.o(.text) for Reset_Handler
    startup_mimxrt1052.o(.text) refers to startup_mimxrt1052.o(RESET) for __Vectors
    startup_mimxrt1052.o(.text) refers to system_mimxrt1052.o(i.SystemInit) for SystemInit
    startup_mimxrt1052.o(.text) refers to entry.o(.ARM.Collect$$$$00000000) for __main
    startup_mimxrt1052.o(.text) refers to fsl_lpuart.o(i.LPUART1_DriverIRQHandler) for LPUART1_DriverIRQHandler
    startup_mimxrt1052.o(.text) refers to fsl_lpuart.o(i.LPUART2_DriverIRQHandler) for LPUART2_DriverIRQHandler
    startup_mimxrt1052.o(.text) refers to fsl_lpuart.o(i.LPUART3_DriverIRQHandler) for LPUART3_DriverIRQHandler
    startup_mimxrt1052.o(.text) refers to fsl_lpuart.o(i.LPUART4_DriverIRQHandler) for LPUART4_DriverIRQHandler
    startup_mimxrt1052.o(.text) refers to fsl_lpuart.o(i.LPUART5_DriverIRQHandler) for LPUART5_DriverIRQHandler
    startup_mimxrt1052.o(.text) refers to fsl_lpuart.o(i.LPUART6_DriverIRQHandler) for LPUART6_DriverIRQHandler
    startup_mimxrt1052.o(.text) refers to fsl_lpuart.o(i.LPUART7_DriverIRQHandler) for LPUART7_DriverIRQHandler
    startup_mimxrt1052.o(.text) refers to fsl_lpuart.o(i.LPUART8_DriverIRQHandler) for LPUART8_DriverIRQHandler
    startup_mimxrt1052.o(.text) refers to fsl_flexspi.o(i.FLEXSPI_DriverIRQHandler) for FLEXSPI_DriverIRQHandler
    fsl_io.o(i.IO_Deinit) refers to fsl_lpuart.o(i.LPUART_Deinit) for LPUART_Deinit
    fsl_io.o(i.IO_Deinit) refers to fsl_io.o(.data) for .data
    fsl_io.o(i.IO_Init) refers to fsl_lpuart.o(i.LPUART_GetDefaultConfig) for LPUART_GetDefaultConfig
    fsl_io.o(i.IO_Init) refers to fsl_lpuart.o(i.LPUART_Init) for LPUART_Init
    fsl_io.o(i.IO_Init) refers to fsl_io.o(.data) for .data
    fsl_io.o(i.IO_Transfer) refers to fsl_lpuart.o(i.LPUART_WriteBlocking) for LPUART_WriteBlocking
    fsl_io.o(i.IO_Transfer) refers to fsl_lpuart.o(i.LPUART_ReadBlocking) for LPUART_ReadBlocking
    fsl_io.o(i.IO_Transfer) refers to fsl_io.o(.data) for .data
    fsl_io.o(i.IO_WaitIdle) refers to fsl_lpuart.o(i.LPUART_GetStatusFlags) for LPUART_GetStatusFlags
    fsl_io.o(i.IO_WaitIdle) refers to fsl_io.o(.data) for .data
    fsl_log.o(i.LOG_Deinit) refers to fsl_io.o(i.IO_Deinit) for IO_Deinit
    fsl_log.o(i.LOG_Init) refers to fsl_io.o(i.IO_Init) for IO_Init
    fsl_log.o(i.LOG_Pop) refers to fsl_io.o(i.IO_Transfer) for IO_Transfer
    fsl_log.o(i.LOG_Push) refers to fsl_log.o(i.LOG_Pop) for LOG_Pop
    fsl_log.o(i.LOG_ReadCharacter) refers to fsl_log.o(i.LOG_ReadOneCharacter) for LOG_ReadOneCharacter
    fsl_log.o(i.LOG_ReadLine) refers to fsl_log.o(i.LOG_ReadOneCharacter) for LOG_ReadOneCharacter
    fsl_log.o(i.LOG_ReadOneCharacter) refers to fsl_io.o(i.IO_Transfer) for IO_Transfer
    fsl_log.o(i.LOG_WaitIdle) refers to fsl_io.o(i.IO_WaitIdle) for IO_WaitIdle
    fsl_str.o(i.StrFormatPrintf) refers to fsl_str.o(i.ConvertRadixNumToString) for ConvertRadixNumToString
    fsl_str.o(i.StrFormatPrintf) refers to strlen.o(.text) for strlen
    fsl_str.o(i.StrFormatScanf) refers to fsl_str.o(i.ScanIgnoreWhiteSpace) for ScanIgnoreWhiteSpace
    fsl_debug_console.o(i.DbgConsole_Deinit) refers to fsl_log.o(i.LOG_Deinit) for LOG_Deinit
    fsl_debug_console.o(i.DbgConsole_Flush) refers to fsl_log.o(i.LOG_WaitIdle) for LOG_WaitIdle
    fsl_debug_console.o(i.DbgConsole_Getchar) refers to fsl_log.o(i.LOG_ReadCharacter) for LOG_ReadCharacter
    fsl_debug_console.o(i.DbgConsole_Init) refers to fsl_log.o(i.LOG_Init) for LOG_Init
    fsl_debug_console.o(i.DbgConsole_Printf) refers to memseta.o(.text) for __aeabi_memclr4
    fsl_debug_console.o(i.DbgConsole_Printf) refers to fsl_str.o(i.StrFormatPrintf) for StrFormatPrintf
    fsl_debug_console.o(i.DbgConsole_Printf) refers to fsl_log.o(i.LOG_Push) for LOG_Push
    fsl_debug_console.o(i.DbgConsole_Printf) refers to fsl_debug_console.o(i.DbgConsole_RelocateLog) for DbgConsole_RelocateLog
    fsl_debug_console.o(i.DbgConsole_Putchar) refers to fsl_log.o(i.LOG_Push) for LOG_Push
    fsl_debug_console.o(i.DbgConsole_RelocateLog) refers to fsl_log.o(i.LOG_Push) for LOG_Push
    fsl_debug_console.o(i.DbgConsole_Scanf) refers to memseta.o(.text) for __aeabi_memclr4
    fsl_debug_console.o(i.DbgConsole_Scanf) refers to fsl_log.o(i.LOG_ReadLine) for LOG_ReadLine
    fsl_debug_console.o(i.DbgConsole_Scanf) refers to fsl_str.o(i.StrFormatScanf) for StrFormatScanf
    fsl_debug_console.o(i.fgetc) refers to fsl_log.o(i.LOG_ReadCharacter) for LOG_ReadCharacter
    fsl_debug_console.o(i.fputc) refers to fsl_log.o(i.LOG_Push) for LOG_Push
    entry.o(.ARM.Collect$$$$00000000) refers (Special) to entry10a.o(.ARM.Collect$$$$0000000D) for __rt_final_cpp
    entry.o(.ARM.Collect$$$$00000000) refers (Special) to entry11a.o(.ARM.Collect$$$$0000000F) for __rt_final_exit
    entry.o(.ARM.Collect$$$$00000000) refers (Special) to entry7b.o(.ARM.Collect$$$$00000008) for _main_clock
    entry.o(.ARM.Collect$$$$00000000) refers (Special) to entry8b.o(.ARM.Collect$$$$0000000A) for _main_cpp_init
    entry.o(.ARM.Collect$$$$00000000) refers (Special) to entry9a.o(.ARM.Collect$$$$0000000B) for _main_init
    entry.o(.ARM.Collect$$$$00000000) refers (Special) to entry5.o(.ARM.Collect$$$$00000004) for _main_scatterload
    entry.o(.ARM.Collect$$$$00000000) refers (Special) to entry4.o(.ARM.Collect$$$$00000003) for _main_stk
    uldiv.o(.text) refers to llushr.o(.text) for __aeabi_llsr
    uldiv.o(.text) refers to llshl.o(.text) for __aeabi_llsl
    malloc2.o(i.__free$2region) refers to mvars.o(.data) for __microlib_freelist
    malloc2.o(i.__malloc$2region) refers to mvars.o(.data) for __microlib_freelist_initialised
    malloc2.o(i.__malloc$2region) refers to mvars.o(.data) for __microlib_freelist
    mallocr2.o(i.__free$realloc$2region) refers to mvars.o(.data) for __microlib_freelist
    mallocr2.o(i.__malloc$realloc$2region) refers to mallocr2.o(i.internal_alloc) for internal_alloc
    mallocr2.o(i.__malloc$realloc$2region) refers to mvars.o(.data) for __microlib_freelist_initialised
    mallocr2.o(i.__malloc$realloc$2region) refers to mvars.o(.data) for __microlib_freelist
    mallocr2.o(i.__realloc$2region) refers to mallocr2.o(i.__free$realloc$2region) for __free$realloc$2region
    mallocr2.o(i.__realloc$2region) refers to mallocr2.o(i.internal_alloc) for internal_alloc
    mallocr2.o(i.__realloc$2region) refers to mallocr2.o(i.__malloc$realloc$2region) for __malloc$realloc$2region
    mallocr2.o(i.__realloc$2region) refers to mvars.o(.data) for __microlib_freelist
    mallocr2.o(i.internal_alloc) refers to memcpya.o(.text) for __aeabi_memcpy
    mallocr2.o(i.internal_alloc) refers to mvars.o(.data) for __microlib_freelist
    malloca2.o(i.__aligned_malloc$2region) refers to mvars.o(.data) for __microlib_freelist_initialised
    malloca2.o(i.__aligned_malloc$2region) refers to mvars.o(.data) for __microlib_freelist
    malloca2.o(i.__free$memalign$2region) refers to mvars.o(.data) for __microlib_freelist
    malloca2.o(i.__malloc$memalign$2region) refers to malloca2.o(i.__aligned_malloc$2region) for __aligned_malloc$2region
    mallocra2.o(i.__aligned_malloc$realloc$2region) refers to mallocra2.o(i.internal_alloc) for internal_alloc
    mallocra2.o(i.__aligned_malloc$realloc$2region) refers to mvars.o(.data) for __microlib_freelist_initialised
    mallocra2.o(i.__aligned_malloc$realloc$2region) refers to mvars.o(.data) for __microlib_freelist
    mallocra2.o(i.__free$realloc$memalign$2region) refers to mvars.o(.data) for __microlib_freelist
    mallocra2.o(i.__malloc$realloc$memalign$2region) refers to mallocra2.o(i.__aligned_malloc$realloc$2region) for __aligned_malloc$realloc$2region
    mallocra2.o(i.__realloc$memalign$2region) refers to mallocra2.o(i.__free$realloc$memalign$2region) for __free$realloc$memalign$2region
    mallocra2.o(i.__realloc$memalign$2region) refers to mallocra2.o(i.internal_alloc) for internal_alloc
    mallocra2.o(i.__realloc$memalign$2region) refers to mallocra2.o(i.__malloc$realloc$memalign$2region) for __malloc$realloc$memalign$2region
    mallocra2.o(i.__realloc$memalign$2region) refers to mvars.o(.data) for __microlib_freelist
    mallocra2.o(i.internal_alloc) refers to memcpya.o(.text) for __aeabi_memcpy
    mallocra2.o(i.internal_alloc) refers to mvars.o(.data) for __microlib_freelist
    entry4.o(.ARM.Collect$$$$00000003) refers to entry4.o(.ARM.Collect$$$$00002714) for __lit__00000000
    entry4.o(__vectab_stack_and_reset_area) refers to entry.o(.ARM.Collect$$$$00000000) for __main
    entry5.o(.ARM.Collect$$$$00000004) refers to init.o(.text) for __scatterload
    entry9a.o(.ARM.Collect$$$$0000000B) refers to flexspi_hyper_flash_polling_transfer.o(i.main) for main
    entry9b.o(.ARM.Collect$$$$0000000C) refers to flexspi_hyper_flash_polling_transfer.o(i.main) for main
    init.o(.text) refers to entry5.o(.ARM.Collect$$$$00000004) for __main_after_scatterload


==============================================================================

Removing Unused input sections from the image.

    Removing flexspi_hyper_flash_polling_transfer.o(.rev16_text), (4 bytes).
    Removing flexspi_hyper_flash_polling_transfer.o(.revsh_text), (4 bytes).
    Removing flexspi_hyper_flash_polling_transfer.o(.rrx_text), (6 bytes).
    Removing pin_mux.o(.rev16_text), (4 bytes).
    Removing pin_mux.o(.revsh_text), (4 bytes).
    Removing pin_mux.o(.rrx_text), (6 bytes).
    Removing pin_mux.o(i.BOARD_InitBootPins), (4 bytes).
    Removing board.o(.rev16_text), (4 bytes).
    Removing board.o(.revsh_text), (4 bytes).
    Removing board.o(.rrx_text), (6 bytes).
    Removing clock_config.o(.rev16_text), (4 bytes).
    Removing clock_config.o(.revsh_text), (4 bytes).
    Removing clock_config.o(.rrx_text), (6 bytes).
    Removing clock_config.o(i.BOARD_InitBootClocks), (4 bytes).
    Removing fsl_clock.o(.rev16_text), (4 bytes).
    Removing fsl_clock.o(.revsh_text), (4 bytes).
    Removing fsl_clock.o(.rrx_text), (6 bytes).
    Removing fsl_clock.o(i.CLOCK_DeinitArmPll), (16 bytes).
    Removing fsl_clock.o(i.CLOCK_DeinitAudioPll), (16 bytes).
    Removing fsl_clock.o(i.CLOCK_DeinitEnetPll), (16 bytes).
    Removing fsl_clock.o(i.CLOCK_DeinitExternalClk), (16 bytes).
    Removing fsl_clock.o(i.CLOCK_DeinitRcOsc24M), (20 bytes).
    Removing fsl_clock.o(i.CLOCK_DeinitSysPfd), (24 bytes).
    Removing fsl_clock.o(i.CLOCK_DeinitSysPll), (16 bytes).
    Removing fsl_clock.o(i.CLOCK_DeinitUsb1Pfd), (24 bytes).
    Removing fsl_clock.o(i.CLOCK_DeinitUsb1Pll), (12 bytes).
    Removing fsl_clock.o(i.CLOCK_DeinitUsb2Pll), (12 bytes).
    Removing fsl_clock.o(i.CLOCK_DeinitVideoPll), (16 bytes).
    Removing fsl_clock.o(i.CLOCK_DisableUsbhs0PhyPllClock), (32 bytes).
    Removing fsl_clock.o(i.CLOCK_DisableUsbhs1PhyPllClock), (32 bytes).
    Removing fsl_clock.o(i.CLOCK_EnableUsbhs0Clock), (88 bytes).
    Removing fsl_clock.o(i.CLOCK_EnableUsbhs0PhyPllClock), (72 bytes).
    Removing fsl_clock.o(i.CLOCK_EnableUsbhs1Clock), (88 bytes).
    Removing fsl_clock.o(i.CLOCK_EnableUsbhs1PhyPllClock), (48 bytes).
    Removing fsl_clock.o(i.CLOCK_GetFreq), (248 bytes).
    Removing fsl_clock.o(i.CLOCK_GetPeriphClkFreq), (140 bytes).
    Removing fsl_clock.o(i.CLOCK_GetSysPfdFreq), (88 bytes).
    Removing fsl_clock.o(i.CLOCK_GetUsb1PfdFreq), (88 bytes).
    Removing fsl_clock.o(i.CLOCK_InitAudioPll), (152 bytes).
    Removing fsl_clock.o(i.CLOCK_InitEnetPll), (88 bytes).
    Removing fsl_clock.o(i.CLOCK_InitExternalClk), (48 bytes).
    Removing fsl_clock.o(i.CLOCK_InitRcOsc24M), (20 bytes).
    Removing fsl_clock.o(i.CLOCK_InitSysPfd), (44 bytes).
    Removing fsl_clock.o(i.CLOCK_InitUsb2Pll), (52 bytes).
    Removing fsl_clock.o(i.CLOCK_InitVideoPll), (160 bytes).
    Removing fsl_clock.o(i.CLOCK_SwitchOsc), (28 bytes).
    Removing fsl_common.o(.rev16_text), (4 bytes).
    Removing fsl_common.o(.revsh_text), (4 bytes).
    Removing fsl_common.o(.rrx_text), (6 bytes).
    Removing fsl_common.o(i.SDK_Free), (22 bytes).
    Removing fsl_common.o(i.SDK_Malloc), (52 bytes).
    Removing fsl_lpuart.o(.rev16_text), (4 bytes).
    Removing fsl_lpuart.o(.revsh_text), (4 bytes).
    Removing fsl_lpuart.o(.rrx_text), (6 bytes).
    Removing fsl_lpuart.o(i.LPUART_Deinit), (56 bytes).
    Removing fsl_lpuart.o(i.LPUART_DisableInterrupts), (46 bytes).
    Removing fsl_lpuart.o(i.LPUART_EnableInterrupts), (44 bytes).
    Removing fsl_lpuart.o(i.LPUART_GetEnabledInterrupts), (32 bytes).
    Removing fsl_lpuart.o(i.LPUART_ReadNonBlocking), (44 bytes).
    Removing fsl_lpuart.o(i.LPUART_SetBaudRate), (168 bytes).
    Removing fsl_lpuart.o(i.LPUART_TransferAbortReceive), (28 bytes).
    Removing fsl_lpuart.o(i.LPUART_TransferAbortSend), (22 bytes).
    Removing fsl_lpuart.o(i.LPUART_TransferCreateHandle), (136 bytes).
    Removing fsl_lpuart.o(i.LPUART_TransferGetReceiveCount), (24 bytes).
    Removing fsl_lpuart.o(i.LPUART_TransferGetRxRingBufferLength), (24 bytes).
    Removing fsl_lpuart.o(i.LPUART_TransferGetSendCount), (22 bytes).
    Removing fsl_lpuart.o(i.LPUART_TransferHandleErrorIRQ), (2 bytes).
    Removing fsl_lpuart.o(i.LPUART_TransferHandleIRQ), (536 bytes).
    Removing fsl_lpuart.o(i.LPUART_TransferIsRxRingBufferFull), (24 bytes).
    Removing fsl_lpuart.o(i.LPUART_TransferReceiveNonBlocking), (208 bytes).
    Removing fsl_lpuart.o(i.LPUART_TransferSendNonBlocking), (44 bytes).
    Removing fsl_lpuart.o(i.LPUART_TransferStartRingBuffer), (22 bytes).
    Removing fsl_lpuart.o(i.LPUART_TransferStopRingBuffer), (32 bytes).
    Removing fsl_gpio.o(.rev16_text), (4 bytes).
    Removing fsl_gpio.o(.revsh_text), (4 bytes).
    Removing fsl_gpio.o(.rrx_text), (6 bytes).
    Removing fsl_gpio.o(i.GPIO_PinInit), (116 bytes).
    Removing fsl_gpio.o(i.GPIO_PinSetInterruptConfig), (110 bytes).
    Removing fsl_gpio.o(i.GPIO_PinWrite), (20 bytes).
    Removing fsl_gpio.o(.constdata), (36 bytes).
    Removing fsl_flexspi.o(.rev16_text), (4 bytes).
    Removing fsl_flexspi.o(.revsh_text), (4 bytes).
    Removing fsl_flexspi.o(.rrx_text), (6 bytes).
    Removing fsl_flexspi.o(i.FLEXSPI_Deinit), (4 bytes).
    Removing fsl_flexspi.o(i.FLEXSPI_TransferCreateHandle), (84 bytes).
    Removing fsl_flexspi.o(i.FLEXSPI_TransferGetCount), (20 bytes).
    Removing fsl_flexspi.o(i.FLEXSPI_TransferNonBlocking), (176 bytes).
    Removing system_mimxrt1052.o(.rev16_text), (4 bytes).
    Removing system_mimxrt1052.o(.revsh_text), (4 bytes).
    Removing system_mimxrt1052.o(.rrx_text), (6 bytes).
    Removing system_mimxrt1052.o(i.SystemCoreClockUpdate), (284 bytes).
    Removing fsl_io.o(.rev16_text), (4 bytes).
    Removing fsl_io.o(.revsh_text), (4 bytes).
    Removing fsl_io.o(.rrx_text), (6 bytes).
    Removing fsl_io.o(i.IO_Deinit), (40 bytes).
    Removing fsl_io.o(i.IO_WaitIdle), (28 bytes).
    Removing fsl_log.o(.rev16_text), (4 bytes).
    Removing fsl_log.o(.revsh_text), (4 bytes).
    Removing fsl_log.o(.rrx_text), (6 bytes).
    Removing fsl_log.o(i.LOG_Deinit), (4 bytes).
    Removing fsl_log.o(i.LOG_ReadCharacter), (18 bytes).
    Removing fsl_log.o(i.LOG_ReadLine), (70 bytes).
    Removing fsl_log.o(i.LOG_ReadOneCharacter), (18 bytes).
    Removing fsl_log.o(i.LOG_WaitIdle), (10 bytes).
    Removing fsl_str.o(.rev16_text), (4 bytes).
    Removing fsl_str.o(.revsh_text), (4 bytes).
    Removing fsl_str.o(.rrx_text), (6 bytes).
    Removing fsl_str.o(i.ScanIgnoreWhiteSpace), (48 bytes).
    Removing fsl_str.o(i.StrFormatScanf), (650 bytes).
    Removing fsl_debug_console.o(.rev16_text), (4 bytes).
    Removing fsl_debug_console.o(.revsh_text), (4 bytes).
    Removing fsl_debug_console.o(.rrx_text), (6 bytes).
    Removing fsl_debug_console.o(i.DbgConsole_Deinit), (10 bytes).
    Removing fsl_debug_console.o(i.DbgConsole_Flush), (4 bytes).
    Removing fsl_debug_console.o(i.DbgConsole_Getchar), (14 bytes).
    Removing fsl_debug_console.o(i.DbgConsole_Putchar), (12 bytes).
    Removing fsl_debug_console.o(i.DbgConsole_Scanf), (38 bytes).
    Removing fsl_debug_console.o(i.fgetc), (14 bytes).
    Removing fsl_debug_console.o(i.fputc), (12 bytes).
    Removing fsl_debug_console.o(.data), (4 bytes).
    Removing fsl_debug_console.o(.data), (4 bytes).
    Removing fsl_assert.o(.rev16_text), (4 bytes).
    Removing fsl_assert.o(.revsh_text), (4 bytes).
    Removing fsl_assert.o(.rrx_text), (6 bytes).

124 unused section(s) (total 5358 bytes) removed from the image.

==============================================================================

Image Symbol Table

    Local Symbols

    Symbol Name                              Value     Ov Type        Size  Object(Section)

    RESET                                    0x00000000   Section     1024  startup_mimxrt1052.o(RESET)
    ../../../../../../../devices/MIMXRT1052/arm/startup_MIMXRT1052.s 0x00000000   Number         0  startup_mimxrt1052.o ABSOLUTE
    ../../../../../../../devices/MIMXRT1052/drivers/fsl_clock.c 0x00000000   Number         0  fsl_clock.o ABSOLUTE
    ../../../../../../../devices/MIMXRT1052/drivers/fsl_common.c 0x00000000   Number         0  fsl_common.o ABSOLUTE
    ../../../../../../../devices/MIMXRT1052/drivers/fsl_flexspi.c 0x00000000   Number         0  fsl_flexspi.o ABSOLUTE
    ../../../../../../../devices/MIMXRT1052/drivers/fsl_gpio.c 0x00000000   Number         0  fsl_gpio.o ABSOLUTE
    ../../../../../../../devices/MIMXRT1052/drivers/fsl_lpuart.c 0x00000000   Number         0  fsl_lpuart.o ABSOLUTE
    ../../../../../../../devices/MIMXRT1052/system_MIMXRT1052.c 0x00000000   Number         0  system_mimxrt1052.o ABSOLUTE
    ../../../../../../../devices/MIMXRT1052/utilities/fsl_assert.c 0x00000000   Number         0  fsl_assert.o ABSOLUTE
    ../../../../../../../devices/MIMXRT1052/utilities/fsl_debug_console.c 0x00000000   Number         0  fsl_debug_console.o ABSOLUTE
    ../../../../../../../devices/MIMXRT1052/utilities/io/fsl_io.c 0x00000000   Number         0  fsl_io.o ABSOLUTE
    ../../../../../../../devices/MIMXRT1052/utilities/log/fsl_log.c 0x00000000   Number         0  fsl_log.o ABSOLUTE
    ../../../../../../../devices/MIMXRT1052/utilities/str/fsl_str.c 0x00000000   Number         0  fsl_str.o ABSOLUTE
    ../board.c                               0x00000000   Number         0  board.o ABSOLUTE
    ../clib/microlib/division.c              0x00000000   Number         0  uldiv.o ABSOLUTE
    ../clib/microlib/init/entry.s            0x00000000   Number         0  entry4.o ABSOLUTE
    ../clib/microlib/init/entry.s            0x00000000   Number         0  entry8b.o ABSOLUTE
    ../clib/microlib/init/entry.s            0x00000000   Number         0  entry10a.o ABSOLUTE
    ../clib/microlib/init/entry.s            0x00000000   Number         0  entry7b.o ABSOLUTE
    ../clib/microlib/init/entry.s            0x00000000   Number         0  entry9a.o ABSOLUTE
    ../clib/microlib/init/entry.s            0x00000000   Number         0  entry.o ABSOLUTE
    ../clib/microlib/init/entry.s            0x00000000   Number         0  entry8a.o ABSOLUTE
    ../clib/microlib/init/entry.s            0x00000000   Number         0  entry11b.o ABSOLUTE
    ../clib/microlib/init/entry.s            0x00000000   Number         0  entry11a.o ABSOLUTE
    ../clib/microlib/init/entry.s            0x00000000   Number         0  entry10b.o ABSOLUTE
    ../clib/microlib/init/entry.s            0x00000000   Number         0  entry9b.o ABSOLUTE
    ../clib/microlib/init/entry.s            0x00000000   Number         0  entry7a.o ABSOLUTE
    ../clib/microlib/init/entry.s            0x00000000   Number         0  entry5.o ABSOLUTE
    ../clib/microlib/longlong.c              0x00000000   Number         0  llshl.o ABSOLUTE
    ../clib/microlib/longlong.c              0x00000000   Number         0  llushr.o ABSOLUTE
    ../clib/microlib/malloc/malloc.c         0x00000000   Number         0  malloc2.o ABSOLUTE
    ../clib/microlib/malloc/malloc.c         0x00000000   Number         0  mallocr2.o ABSOLUTE
    ../clib/microlib/malloc/malloc.c         0x00000000   Number         0  mallocra2.o ABSOLUTE
    ../clib/microlib/malloc/malloc.c         0x00000000   Number         0  malloca2.o ABSOLUTE
    ../clib/microlib/malloc/mvars.c          0x00000000   Number         0  mvars.o ABSOLUTE
    ../clib/microlib/string/memcmp.c         0x00000000   Number         0  memcmp.o ABSOLUTE
    ../clib/microlib/string/memcpy.c         0x00000000   Number         0  memcpya.o ABSOLUTE
    ../clib/microlib/string/memcpy.c         0x00000000   Number         0  memcpyb.o ABSOLUTE
    ../clib/microlib/string/memset.c         0x00000000   Number         0  memseta.o ABSOLUTE
    ../clib/microlib/string/strlen.c         0x00000000   Number         0  strlen.o ABSOLUTE
    ../clock_config.c                        0x00000000   Number         0  clock_config.o ABSOLUTE
    ../flexspi_hyper_flash_polling_transfer.c 0x00000000   Number         0  flexspi_hyper_flash_polling_transfer.o ABSOLUTE
    ../pin_mux.c                             0x00000000   Number         0  pin_mux.o ABSOLUTE
    ..\..\..\..\..\..\..\devices\MIMXRT1052\drivers\fsl_clock.c 0x00000000   Number         0  fsl_clock.o ABSOLUTE
    ..\..\..\..\..\..\..\devices\MIMXRT1052\drivers\fsl_common.c 0x00000000   Number         0  fsl_common.o ABSOLUTE
    ..\..\..\..\..\..\..\devices\MIMXRT1052\drivers\fsl_flexspi.c 0x00000000   Number         0  fsl_flexspi.o ABSOLUTE
    ..\..\..\..\..\..\..\devices\MIMXRT1052\drivers\fsl_gpio.c 0x00000000   Number         0  fsl_gpio.o ABSOLUTE
    ..\..\..\..\..\..\..\devices\MIMXRT1052\drivers\fsl_lpuart.c 0x00000000   Number         0  fsl_lpuart.o ABSOLUTE
    ..\..\..\..\..\..\..\devices\MIMXRT1052\system_MIMXRT1052.c 0x00000000   Number         0  system_mimxrt1052.o ABSOLUTE
    ..\..\..\..\..\..\..\devices\MIMXRT1052\utilities\fsl_assert.c 0x00000000   Number         0  fsl_assert.o ABSOLUTE
    ..\..\..\..\..\..\..\devices\MIMXRT1052\utilities\fsl_debug_console.c 0x00000000   Number         0  fsl_debug_console.o ABSOLUTE
    ..\..\..\..\..\..\..\devices\MIMXRT1052\utilities\io\fsl_io.c 0x00000000   Number         0  fsl_io.o ABSOLUTE
    ..\..\..\..\..\..\..\devices\MIMXRT1052\utilities\log\fsl_log.c 0x00000000   Number         0  fsl_log.o ABSOLUTE
    ..\..\..\..\..\..\..\devices\MIMXRT1052\utilities\str\fsl_str.c 0x00000000   Number         0  fsl_str.o ABSOLUTE
    ..\board.c                               0x00000000   Number         0  board.o ABSOLUTE
    ..\clock_config.c                        0x00000000   Number         0  clock_config.o ABSOLUTE
    ..\flexspi_hyper_flash_polling_transfer.c 0x00000000   Number         0  flexspi_hyper_flash_polling_transfer.o ABSOLUTE
    ..\pin_mux.c                             0x00000000   Number         0  pin_mux.o ABSOLUTE
    dc.s                                     0x00000000   Number         0  dc.o ABSOLUTE
    handlers.s                               0x00000000   Number         0  handlers.o ABSOLUTE
    init.s                                   0x00000000   Number         0  init.o ABSOLUTE
    .ARM.Collect$$$$00000000                 0x00000400   Section        0  entry.o(.ARM.Collect$$$$00000000)
    .ARM.Collect$$$$00000003                 0x00000400   Section        4  entry4.o(.ARM.Collect$$$$00000003)
    .ARM.Collect$$$$00000004                 0x00000404   Section        4  entry5.o(.ARM.Collect$$$$00000004)
    .ARM.Collect$$$$00000008                 0x00000408   Section        0  entry7b.o(.ARM.Collect$$$$00000008)
    .ARM.Collect$$$$0000000A                 0x00000408   Section        0  entry8b.o(.ARM.Collect$$$$0000000A)
    .ARM.Collect$$$$0000000B                 0x00000408   Section        8  entry9a.o(.ARM.Collect$$$$0000000B)
    .ARM.Collect$$$$0000000D                 0x00000410   Section        0  entry10a.o(.ARM.Collect$$$$0000000D)
    .ARM.Collect$$$$0000000F                 0x00000410   Section        0  entry11a.o(.ARM.Collect$$$$0000000F)
    .ARM.Collect$$$$00002714                 0x00000410   Section        4  entry4.o(.ARM.Collect$$$$00002714)
    __lit__00000000                          0x00000410   Data           4  entry4.o(.ARM.Collect$$$$00002714)
    .text                                    0x00000414   Section      444  startup_mimxrt1052.o(.text)
    $v0                                      0x00000414   Number         0  startup_mimxrt1052.o(.text)
    .text                                    0x000005d0   Section        0  uldiv.o(.text)
    .text                                    0x00000632   Section        0  memcpya.o(.text)
    .text                                    0x00000656   Section        0  memseta.o(.text)
    .text                                    0x0000067a   Section        0  strlen.o(.text)
    .text                                    0x00000688   Section        0  memcmp.o(.text)
    .text                                    0x000006a2   Section        0  llshl.o(.text)
    .text                                    0x000006c0   Section        0  llushr.o(.text)
    .text                                    0x000006e0   Section       36  init.o(.text)
    i.BOARD_BootClockRUN                     0x00000704   Section        0  clock_config.o(i.BOARD_BootClockRUN)
    i.BOARD_ConfigMPU                        0x000009fc   Section        0  board.o(i.BOARD_ConfigMPU)
    i.BOARD_DebugConsoleSrcFreq              0x00000bb8   Section        0  board.o(i.BOARD_DebugConsoleSrcFreq)
    i.BOARD_InitDebugConsole                 0x00000c10   Section        0  board.o(i.BOARD_InitDebugConsole)
    i.BOARD_InitPins                         0x00000c2c   Section        0  pin_mux.o(i.BOARD_InitPins)
    i.CLOCK_ControlGate                      0x00000de0   Section        0  flexspi_hyper_flash_polling_transfer.o(i.CLOCK_ControlGate)
    CLOCK_ControlGate                        0x00000de1   Thumb Code    30  flexspi_hyper_flash_polling_transfer.o(i.CLOCK_ControlGate)
    i.CLOCK_ControlGate                      0x00000e04   Section        0  fsl_lpuart.o(i.CLOCK_ControlGate)
    CLOCK_ControlGate                        0x00000e05   Thumb Code    30  fsl_lpuart.o(i.CLOCK_ControlGate)
    i.CLOCK_GetDiv                           0x00000e28   Section        0  board.o(i.CLOCK_GetDiv)
    CLOCK_GetDiv                             0x00000e29   Thumb Code    24  board.o(i.CLOCK_GetDiv)
    i.CLOCK_GetOscFreq                       0x00000e44   Section        0  fsl_clock.o(i.CLOCK_GetOscFreq)
    CLOCK_GetOscFreq                         0x00000e45   Thumb Code    20  fsl_clock.o(i.CLOCK_GetOscFreq)
    i.CLOCK_GetPllFreq                       0x00000e64   Section        0  fsl_clock.o(i.CLOCK_GetPllFreq)
    i.CLOCK_InitArmPll                       0x00000fec   Section        0  fsl_clock.o(i.CLOCK_InitArmPll)
    i.CLOCK_InitSysPll                       0x00001028   Section        0  fsl_clock.o(i.CLOCK_InitSysPll)
    i.CLOCK_InitUsb1Pfd                      0x00001064   Section        0  fsl_clock.o(i.CLOCK_InitUsb1Pfd)
    i.CLOCK_InitUsb1Pll                      0x0000108c   Section        0  fsl_clock.o(i.CLOCK_InitUsb1Pll)
    i.CLOCK_SetDiv                           0x000010c0   Section        0  flexspi_hyper_flash_polling_transfer.o(i.CLOCK_SetDiv)
    CLOCK_SetDiv                             0x000010c1   Thumb Code    60  flexspi_hyper_flash_polling_transfer.o(i.CLOCK_SetDiv)
    i.CLOCK_SetDiv                           0x00001100   Section        0  clock_config.o(i.CLOCK_SetDiv)
    CLOCK_SetDiv                             0x00001101   Thumb Code    60  clock_config.o(i.CLOCK_SetDiv)
    i.CLOCK_SetMux                           0x00001140   Section        0  clock_config.o(i.CLOCK_SetMux)
    CLOCK_SetMux                             0x00001141   Thumb Code    60  clock_config.o(i.CLOCK_SetMux)
    i.ConvertRadixNumToString                0x00001180   Section        0  fsl_str.o(i.ConvertRadixNumToString)
    ConvertRadixNumToString                  0x00001181   Thumb Code   112  fsl_str.o(i.ConvertRadixNumToString)
    i.DbgConsole_Init                        0x000011f0   Section        0  fsl_debug_console.o(i.DbgConsole_Init)
    i.DbgConsole_Printf                      0x00001200   Section        0  fsl_debug_console.o(i.DbgConsole_Printf)
    i.DbgConsole_RelocateLog                 0x0000122c   Section        0  fsl_debug_console.o(i.DbgConsole_RelocateLog)
    DbgConsole_RelocateLog                   0x0000122d   Thumb Code    56  fsl_debug_console.o(i.DbgConsole_RelocateLog)
    i.FLEXSPI_CheckAndClearError             0x00001264   Section        0  fsl_flexspi.o(i.FLEXSPI_CheckAndClearError)
    i.FLEXSPI_DriverIRQHandler               0x000012b0   Section        0  fsl_flexspi.o(i.FLEXSPI_DriverIRQHandler)
    i.FLEXSPI_Enable                         0x000012c4   Section        0  flexspi_hyper_flash_polling_transfer.o(i.FLEXSPI_Enable)
    FLEXSPI_Enable                           0x000012c5   Thumb Code    20  flexspi_hyper_flash_polling_transfer.o(i.FLEXSPI_Enable)
    i.FLEXSPI_GetBusIdleStatus               0x000012d8   Section        0  fsl_flexspi.o(i.FLEXSPI_GetBusIdleStatus)
    FLEXSPI_GetBusIdleStatus                 0x000012d9   Thumb Code    24  fsl_flexspi.o(i.FLEXSPI_GetBusIdleStatus)
    i.FLEXSPI_GetDefaultConfig               0x000012f0   Section        0  fsl_flexspi.o(i.FLEXSPI_GetDefaultConfig)
    i.FLEXSPI_GetInstance                    0x0000135c   Section        0  fsl_flexspi.o(i.FLEXSPI_GetInstance)
    i.FLEXSPI_Init                           0x00001370   Section        0  fsl_flexspi.o(i.FLEXSPI_Init)
    i.FLEXSPI_ReadBlocking                   0x0000151c   Section        0  fsl_flexspi.o(i.FLEXSPI_ReadBlocking)
    i.FLEXSPI_SetFlashConfig                 0x000015c4   Section        0  fsl_flexspi.o(i.FLEXSPI_SetFlashConfig)
    i.FLEXSPI_SoftwareReset                  0x00001738   Section        0  flexspi_hyper_flash_polling_transfer.o(i.FLEXSPI_SoftwareReset)
    FLEXSPI_SoftwareReset                    0x00001739   Thumb Code    16  flexspi_hyper_flash_polling_transfer.o(i.FLEXSPI_SoftwareReset)
    i.FLEXSPI_SoftwareReset                  0x00001748   Section        0  fsl_flexspi.o(i.FLEXSPI_SoftwareReset)
    FLEXSPI_SoftwareReset                    0x00001749   Thumb Code    16  fsl_flexspi.o(i.FLEXSPI_SoftwareReset)
    i.FLEXSPI_TransferAbort                  0x00001758   Section        0  fsl_flexspi.o(i.FLEXSPI_TransferAbort)
    i.FLEXSPI_TransferBlocking               0x00001768   Section        0  fsl_flexspi.o(i.FLEXSPI_TransferBlocking)
    i.FLEXSPI_TransferHandleIRQ              0x00001830   Section        0  fsl_flexspi.o(i.FLEXSPI_TransferHandleIRQ)
    i.FLEXSPI_UpdateLUT                      0x00001990   Section        0  fsl_flexspi.o(i.FLEXSPI_UpdateLUT)
    i.FLEXSPI_WriteBlocking                  0x000019d4   Section        0  fsl_flexspi.o(i.FLEXSPI_WriteBlocking)
    i.IOMUXC_SetPinMux                       0x00001a48   Section        0  pin_mux.o(i.IOMUXC_SetPinMux)
    IOMUXC_SetPinMux                         0x00001a49   Thumb Code    28  pin_mux.o(i.IOMUXC_SetPinMux)
    i.IO_Init                                0x00001a64   Section        0  fsl_io.o(i.IO_Init)
    i.IO_Transfer                            0x00001aa8   Section        0  fsl_io.o(i.IO_Transfer)
    i.LOG_Init                               0x00001adc   Section        0  fsl_log.o(i.LOG_Init)
    i.LOG_Pop                                0x00001af8   Section        0  fsl_log.o(i.LOG_Pop)
    i.LOG_Push                               0x00001b0e   Section        0  fsl_log.o(i.LOG_Push)
    i.LPUART1_DriverIRQHandler               0x00001b14   Section        0  fsl_lpuart.o(i.LPUART1_DriverIRQHandler)
    i.LPUART2_DriverIRQHandler               0x00001b2c   Section        0  fsl_lpuart.o(i.LPUART2_DriverIRQHandler)
    i.LPUART3_DriverIRQHandler               0x00001b44   Section        0  fsl_lpuart.o(i.LPUART3_DriverIRQHandler)
    i.LPUART4_DriverIRQHandler               0x00001b5c   Section        0  fsl_lpuart.o(i.LPUART4_DriverIRQHandler)
    i.LPUART5_DriverIRQHandler               0x00001b74   Section        0  fsl_lpuart.o(i.LPUART5_DriverIRQHandler)
    i.LPUART6_DriverIRQHandler               0x00001b8c   Section        0  fsl_lpuart.o(i.LPUART6_DriverIRQHandler)
    i.LPUART7_DriverIRQHandler               0x00001ba4   Section        0  fsl_lpuart.o(i.LPUART7_DriverIRQHandler)
    i.LPUART8_DriverIRQHandler               0x00001bbc   Section        0  fsl_lpuart.o(i.LPUART8_DriverIRQHandler)
    i.LPUART_ClearStatusFlags                0x00001bd4   Section        0  fsl_lpuart.o(i.LPUART_ClearStatusFlags)
    i.LPUART_GetDefaultConfig                0x00001c24   Section        0  fsl_lpuart.o(i.LPUART_GetDefaultConfig)
    i.LPUART_GetInstance                     0x00001c4c   Section        0  fsl_lpuart.o(i.LPUART_GetInstance)
    i.LPUART_GetStatusFlags                  0x00001c68   Section        0  fsl_lpuart.o(i.LPUART_GetStatusFlags)
    i.LPUART_Init                            0x00001c78   Section        0  fsl_lpuart.o(i.LPUART_Init)
    i.LPUART_ReadBlocking                    0x00001e18   Section        0  fsl_lpuart.o(i.LPUART_ReadBlocking)
    i.LPUART_WriteBlocking                   0x00001ea6   Section        0  fsl_lpuart.o(i.LPUART_WriteBlocking)
    i.StrFormatPrintf                        0x00001ebc   Section        0  fsl_str.o(i.StrFormatPrintf)
    i.SystemInit                             0x00002040   Section        0  system_mimxrt1052.o(i.SystemInit)
    i.SystemInitHook                         0x00002148   Section        0  system_mimxrt1052.o(i.SystemInitHook)
    i.__scatterload_copy                     0x0000214a   Section       14  handlers.o(i.__scatterload_copy)
    i.__scatterload_null                     0x00002158   Section        2  handlers.o(i.__scatterload_null)
    i.__scatterload_zeroinit                 0x0000215a   Section       14  handlers.o(i.__scatterload_zeroinit)
    i.flexspi_nor_flash_erase_sector         0x00002168   Section        0  flexspi_hyper_flash_polling_transfer.o(i.flexspi_nor_flash_erase_sector)
    i.flexspi_nor_flash_page_program         0x000021a2   Section        0  flexspi_hyper_flash_polling_transfer.o(i.flexspi_nor_flash_page_program)
    i.flexspi_nor_hyperbus_read              0x000021ec   Section        0  flexspi_hyper_flash_polling_transfer.o(i.flexspi_nor_hyperbus_read)
    i.flexspi_nor_hyperbus_write             0x00002216   Section        0  flexspi_hyper_flash_polling_transfer.o(i.flexspi_nor_hyperbus_write)
    i.flexspi_nor_hyperflash_cfi             0x00002240   Section        0  flexspi_hyper_flash_polling_transfer.o(i.flexspi_nor_hyperflash_cfi)
    i.flexspi_nor_wait_bus_busy              0x00002328   Section        0  flexspi_hyper_flash_polling_transfer.o(i.flexspi_nor_wait_bus_busy)
    i.flexspi_nor_write_enable               0x0000236e   Section        0  flexspi_hyper_flash_polling_transfer.o(i.flexspi_nor_write_enable)
    i.main                                   0x00002394   Section        0  flexspi_hyper_flash_polling_transfer.o(i.main)
    .constdata                               0x00002698   Section      192  flexspi_hyper_flash_polling_transfer.o(.constdata)
    .constdata                               0x00002758   Section       28  clock_config.o(.constdata)
    .constdata                               0x00002774   Section       16  fsl_clock.o(.constdata)
    .constdata                               0x00002784   Section       72  fsl_lpuart.o(.constdata)
    s_lpuartBases                            0x00002784   Data          36  fsl_lpuart.o(.constdata)
    s_lpuartIRQ                              0x000027a8   Data          18  fsl_lpuart.o(.constdata)
    s_lpuartClock                            0x000027ba   Data          18  fsl_lpuart.o(.constdata)
    .constdata                               0x000027cc   Section        8  fsl_flexspi.o(.constdata)
    s_flexspiIrqs                            0x000027cc   Data           2  fsl_flexspi.o(.constdata)
    s_flexspiClock                           0x000027ce   Data           2  fsl_flexspi.o(.constdata)
    s_flexspiBases                           0x000027d0   Data           4  fsl_flexspi.o(.constdata)
    .data                                    0x20000000   Section       32  flexspi_hyper_flash_polling_transfer.o(.data)
    .data                                    0x20000020   Section        4  fsl_clock.o(.data)
    .data                                    0x20000024   Section        4  fsl_clock.o(.data)
    .data                                    0x20000028   Section        4  fsl_lpuart.o(.data)
    s_lpuartIsr                              0x20000028   Data           4  fsl_lpuart.o(.data)
    .data                                    0x2000002c   Section        4  fsl_flexspi.o(.data)
    s_flexspiHandle                          0x2000002c   Data           4  fsl_flexspi.o(.data)
    .data                                    0x20000030   Section        4  system_mimxrt1052.o(.data)
    .data                                    0x20000034   Section        8  fsl_io.o(.data)
    s_debugConsoleIO                         0x20000034   Data           8  fsl_io.o(.data)
    .bss                                     0x2000003c   Section     1024  flexspi_hyper_flash_polling_transfer.o(.bss)
    s_hyperflash_program_buffer              0x2000003c   Data         512  flexspi_hyper_flash_polling_transfer.o(.bss)
    s_hyperflash_read_buffer                 0x2000023c   Data         512  flexspi_hyper_flash_polling_transfer.o(.bss)
    .bss                                     0x2000043c   Section       36  fsl_lpuart.o(.bss)
    s_lpuartHandle                           0x2000043c   Data          36  fsl_lpuart.o(.bss)

    Global Symbols

    Symbol Name                              Value     Ov Type        Size  Object(Section)

    BuildAttributes$$THM_ISAv4$E$P$D$K$B$S$7EM$VFPv5_D16$PE$PLD8$A:L22UL41UL21$X:L11$S22US41US21$IEEE1$IW$USESV6$~STKCKD$USESV7$~SHL$OSPACE$EBA8$MICROLIB$REQ8$PRES8$EABIv2 0x00000000   Number         0  anon$$obj.o ABSOLUTE
    __ARM_use_no_argv                        0x00000000   Number         0  flexspi_hyper_flash_polling_transfer.o ABSOLUTE
    __Vectors                                0x00000000   Data           4  startup_mimxrt1052.o(RESET)
    __cpp_initialize__aeabi_                  - Undefined Weak Reference
    __cxa_finalize                            - Undefined Weak Reference
    __decompress                              - Undefined Weak Reference
    _clock_init                               - Undefined Weak Reference
    _microlib_exit                            - Undefined Weak Reference
    __Vectors_End                            0x00000400   Data           0  startup_mimxrt1052.o(RESET)
    __Vectors_Size                           0x00000400   Number         0  startup_mimxrt1052.o ABSOLUTE
    __main                                   0x00000401   Thumb Code     0  entry.o(.ARM.Collect$$$$00000000)
    _main_stk                                0x00000401   Thumb Code     0  entry4.o(.ARM.Collect$$$$00000003)
    _main_scatterload                        0x00000405   Thumb Code     0  entry5.o(.ARM.Collect$$$$00000004)
    __main_after_scatterload                 0x00000409   Thumb Code     0  entry5.o(.ARM.Collect$$$$00000004)
    _main_clock                              0x00000409   Thumb Code     0  entry7b.o(.ARM.Collect$$$$00000008)
    _main_cpp_init                           0x00000409   Thumb Code     0  entry8b.o(.ARM.Collect$$$$0000000A)
    _main_init                               0x00000409   Thumb Code     0  entry9a.o(.ARM.Collect$$$$0000000B)
    __rt_final_cpp                           0x00000411   Thumb Code     0  entry10a.o(.ARM.Collect$$$$0000000D)
    __rt_final_exit                          0x00000411   Thumb Code     0  entry11a.o(.ARM.Collect$$$$0000000F)
    Reset_Handler                            0x00000415   Thumb Code    24  startup_mimxrt1052.o(.text)
    NMI_Handler                              0x0000042d   Thumb Code     2  startup_mimxrt1052.o(.text)
    HardFault_Handler                        0x0000042f   Thumb Code     2  startup_mimxrt1052.o(.text)
    MemManage_Handler                        0x00000431   Thumb Code     2  startup_mimxrt1052.o(.text)
    BusFault_Handler                         0x00000433   Thumb Code     2  startup_mimxrt1052.o(.text)
    UsageFault_Handler                       0x00000435   Thumb Code     2  startup_mimxrt1052.o(.text)
    SVC_Handler                              0x00000437   Thumb Code     2  startup_mimxrt1052.o(.text)
    DebugMon_Handler                         0x00000439   Thumb Code     2  startup_mimxrt1052.o(.text)
    PendSV_Handler                           0x0000043b   Thumb Code     2  startup_mimxrt1052.o(.text)
    SysTick_Handler                          0x0000043d   Thumb Code     2  startup_mimxrt1052.o(.text)
    DMA0_DMA16_IRQHandler                    0x0000043f   Thumb Code     4  startup_mimxrt1052.o(.text)
    DMA1_DMA17_IRQHandler                    0x00000443   Thumb Code     4  startup_mimxrt1052.o(.text)
    DMA2_DMA18_IRQHandler                    0x00000447   Thumb Code     4  startup_mimxrt1052.o(.text)
    DMA3_DMA19_IRQHandler                    0x0000044b   Thumb Code     4  startup_mimxrt1052.o(.text)
    DMA4_DMA20_IRQHandler                    0x0000044f   Thumb Code     4  startup_mimxrt1052.o(.text)
    DMA5_DMA21_IRQHandler                    0x00000453   Thumb Code     4  startup_mimxrt1052.o(.text)
    DMA6_DMA22_IRQHandler                    0x00000457   Thumb Code     4  startup_mimxrt1052.o(.text)
    DMA7_DMA23_IRQHandler                    0x0000045b   Thumb Code     4  startup_mimxrt1052.o(.text)
    DMA8_DMA24_IRQHandler                    0x0000045f   Thumb Code     4  startup_mimxrt1052.o(.text)
    DMA9_DMA25_IRQHandler                    0x00000463   Thumb Code     4  startup_mimxrt1052.o(.text)
    DMA10_DMA26_IRQHandler                   0x00000467   Thumb Code     4  startup_mimxrt1052.o(.text)
    DMA11_DMA27_IRQHandler                   0x0000046b   Thumb Code     4  startup_mimxrt1052.o(.text)
    DMA12_DMA28_IRQHandler                   0x0000046f   Thumb Code     4  startup_mimxrt1052.o(.text)
    DMA13_DMA29_IRQHandler                   0x00000473   Thumb Code     4  startup_mimxrt1052.o(.text)
    DMA14_DMA30_IRQHandler                   0x00000477   Thumb Code     4  startup_mimxrt1052.o(.text)
    DMA15_DMA31_IRQHandler                   0x0000047b   Thumb Code     4  startup_mimxrt1052.o(.text)
    DMA_ERROR_IRQHandler                     0x0000047f   Thumb Code     4  startup_mimxrt1052.o(.text)
    LPUART1_IRQHandler                       0x00000483   Thumb Code     4  startup_mimxrt1052.o(.text)
    LPUART2_IRQHandler                       0x00000487   Thumb Code     4  startup_mimxrt1052.o(.text)
    LPUART3_IRQHandler                       0x0000048b   Thumb Code     4  startup_mimxrt1052.o(.text)
    LPUART4_IRQHandler                       0x0000048f   Thumb Code     4  startup_mimxrt1052.o(.text)
    LPUART5_IRQHandler                       0x00000493   Thumb Code     4  startup_mimxrt1052.o(.text)
    LPUART6_IRQHandler                       0x00000497   Thumb Code     4  startup_mimxrt1052.o(.text)
    LPUART7_IRQHandler                       0x0000049b   Thumb Code     4  startup_mimxrt1052.o(.text)
    LPUART8_IRQHandler                       0x0000049f   Thumb Code     4  startup_mimxrt1052.o(.text)
    LPI2C1_IRQHandler                        0x000004a3   Thumb Code     4  startup_mimxrt1052.o(.text)
    LPI2C2_IRQHandler                        0x000004a7   Thumb Code     4  startup_mimxrt1052.o(.text)
    LPI2C3_IRQHandler                        0x000004ab   Thumb Code     4  startup_mimxrt1052.o(.text)
    LPI2C4_IRQHandler                        0x000004af   Thumb Code     4  startup_mimxrt1052.o(.text)
    LPSPI1_IRQHandler                        0x000004b3   Thumb Code     4  startup_mimxrt1052.o(.text)
    LPSPI2_IRQHandler                        0x000004b7   Thumb Code     4  startup_mimxrt1052.o(.text)
    LPSPI3_IRQHandler                        0x000004bb   Thumb Code     4  startup_mimxrt1052.o(.text)
    LPSPI4_IRQHandler                        0x000004bf   Thumb Code     4  startup_mimxrt1052.o(.text)
    CAN1_IRQHandler                          0x000004c3   Thumb Code     4  startup_mimxrt1052.o(.text)
    CAN2_IRQHandler                          0x000004c7   Thumb Code     4  startup_mimxrt1052.o(.text)
    SAI1_IRQHandler                          0x000004cb   Thumb Code     4  startup_mimxrt1052.o(.text)
    SAI2_IRQHandler                          0x000004cf   Thumb Code     4  startup_mimxrt1052.o(.text)
    SAI3_RX_IRQHandler                       0x000004d3   Thumb Code     4  startup_mimxrt1052.o(.text)
    SAI3_TX_IRQHandler                       0x000004d7   Thumb Code     4  startup_mimxrt1052.o(.text)
    SPDIF_IRQHandler                         0x000004db   Thumb Code     4  startup_mimxrt1052.o(.text)
    FLEXIO1_IRQHandler                       0x000004df   Thumb Code     4  startup_mimxrt1052.o(.text)
    FLEXIO2_IRQHandler                       0x000004e3   Thumb Code     4  startup_mimxrt1052.o(.text)
    FLEXSPI_IRQHandler                       0x000004e7   Thumb Code     4  startup_mimxrt1052.o(.text)
    USDHC1_IRQHandler                        0x000004eb   Thumb Code     4  startup_mimxrt1052.o(.text)
    USDHC2_IRQHandler                        0x000004ef   Thumb Code     4  startup_mimxrt1052.o(.text)
    ENET_IRQHandler                          0x000004f3   Thumb Code     4  startup_mimxrt1052.o(.text)
    ENET_1588_Timer_IRQHandler               0x000004f7   Thumb Code     4  startup_mimxrt1052.o(.text)
    ACMP1_IRQHandler                         0x000004fb   Thumb Code     0  startup_mimxrt1052.o(.text)
    ACMP2_IRQHandler                         0x000004fb   Thumb Code     0  startup_mimxrt1052.o(.text)
    ACMP3_IRQHandler                         0x000004fb   Thumb Code     0  startup_mimxrt1052.o(.text)
    ACMP4_IRQHandler                         0x000004fb   Thumb Code     0  startup_mimxrt1052.o(.text)
    ADC1_IRQHandler                          0x000004fb   Thumb Code     0  startup_mimxrt1052.o(.text)
    ADC2_IRQHandler                          0x000004fb   Thumb Code     0  startup_mimxrt1052.o(.text)
    ADC_ETC_ERROR_IRQ_IRQHandler             0x000004fb   Thumb Code     0  startup_mimxrt1052.o(.text)
    ADC_ETC_IRQ0_IRQHandler                  0x000004fb   Thumb Code     0  startup_mimxrt1052.o(.text)
    ADC_ETC_IRQ1_IRQHandler                  0x000004fb   Thumb Code     0  startup_mimxrt1052.o(.text)
    ADC_ETC_IRQ2_IRQHandler                  0x000004fb   Thumb Code     0  startup_mimxrt1052.o(.text)
    ANATOP_EVENT0_IRQHandler                 0x000004fb   Thumb Code     0  startup_mimxrt1052.o(.text)
    ANATOP_EVENT1_IRQHandler                 0x000004fb   Thumb Code     0  startup_mimxrt1052.o(.text)
    ANATOP_TAMP_LOW_HIGH_IRQHandler          0x000004fb   Thumb Code     0  startup_mimxrt1052.o(.text)
    ANATOP_TEMP_PANIC_IRQHandler             0x000004fb   Thumb Code     0  startup_mimxrt1052.o(.text)
    BEE_IRQHandler                           0x000004fb   Thumb Code     0  startup_mimxrt1052.o(.text)
    CAN1_DriverIRQHandler                    0x000004fb   Thumb Code     0  startup_mimxrt1052.o(.text)
    CAN2_DriverIRQHandler                    0x000004fb   Thumb Code     0  startup_mimxrt1052.o(.text)
    CCM_1_IRQHandler                         0x000004fb   Thumb Code     0  startup_mimxrt1052.o(.text)
    CCM_2_IRQHandler                         0x000004fb   Thumb Code     0  startup_mimxrt1052.o(.text)
    CORE_IRQHandler                          0x000004fb   Thumb Code     0  startup_mimxrt1052.o(.text)
    CSI_IRQHandler                           0x000004fb   Thumb Code     0  startup_mimxrt1052.o(.text)
    CSU_IRQHandler                           0x000004fb   Thumb Code     0  startup_mimxrt1052.o(.text)
    CTI0_ERROR_IRQHandler                    0x000004fb   Thumb Code     0  startup_mimxrt1052.o(.text)
    CTI1_ERROR_IRQHandler                    0x000004fb   Thumb Code     0  startup_mimxrt1052.o(.text)
    DCDC_IRQHandler                          0x000004fb   Thumb Code     0  startup_mimxrt1052.o(.text)
    DCP_IRQHandler                           0x000004fb   Thumb Code     0  startup_mimxrt1052.o(.text)
    DCP_VMI_IRQHandler                       0x000004fb   Thumb Code     0  startup_mimxrt1052.o(.text)
    DMA0_DMA16_DriverIRQHandler              0x000004fb   Thumb Code     0  startup_mimxrt1052.o(.text)
    DMA10_DMA26_DriverIRQHandler             0x000004fb   Thumb Code     0  startup_mimxrt1052.o(.text)
    DMA11_DMA27_DriverIRQHandler             0x000004fb   Thumb Code     0  startup_mimxrt1052.o(.text)
    DMA12_DMA28_DriverIRQHandler             0x000004fb   Thumb Code     0  startup_mimxrt1052.o(.text)
    DMA13_DMA29_DriverIRQHandler             0x000004fb   Thumb Code     0  startup_mimxrt1052.o(.text)
    DMA14_DMA30_DriverIRQHandler             0x000004fb   Thumb Code     0  startup_mimxrt1052.o(.text)
    DMA15_DMA31_DriverIRQHandler             0x000004fb   Thumb Code     0  startup_mimxrt1052.o(.text)
    DMA1_DMA17_DriverIRQHandler              0x000004fb   Thumb Code     0  startup_mimxrt1052.o(.text)
    DMA2_DMA18_DriverIRQHandler              0x000004fb   Thumb Code     0  startup_mimxrt1052.o(.text)
    DMA3_DMA19_DriverIRQHandler              0x000004fb   Thumb Code     0  startup_mimxrt1052.o(.text)
    DMA4_DMA20_DriverIRQHandler              0x000004fb   Thumb Code     0  startup_mimxrt1052.o(.text)
    DMA5_DMA21_DriverIRQHandler              0x000004fb   Thumb Code     0  startup_mimxrt1052.o(.text)
    DMA6_DMA22_DriverIRQHandler              0x000004fb   Thumb Code     0  startup_mimxrt1052.o(.text)
    DMA7_DMA23_DriverIRQHandler              0x000004fb   Thumb Code     0  startup_mimxrt1052.o(.text)
    DMA8_DMA24_DriverIRQHandler              0x000004fb   Thumb Code     0  startup_mimxrt1052.o(.text)
    DMA9_DMA25_DriverIRQHandler              0x000004fb   Thumb Code     0  startup_mimxrt1052.o(.text)
    DMA_ERROR_DriverIRQHandler               0x000004fb   Thumb Code     0  startup_mimxrt1052.o(.text)
    DefaultISR                               0x000004fb   Thumb Code     0  startup_mimxrt1052.o(.text)
    ENC1_IRQHandler                          0x000004fb   Thumb Code     0  startup_mimxrt1052.o(.text)
    ENC2_IRQHandler                          0x000004fb   Thumb Code     0  startup_mimxrt1052.o(.text)
    ENC3_IRQHandler                          0x000004fb   Thumb Code     0  startup_mimxrt1052.o(.text)
    ENC4_IRQHandler                          0x000004fb   Thumb Code     0  startup_mimxrt1052.o(.text)
    ENET_1588_Timer_DriverIRQHandler         0x000004fb   Thumb Code     0  startup_mimxrt1052.o(.text)
    ENET_DriverIRQHandler                    0x000004fb   Thumb Code     0  startup_mimxrt1052.o(.text)
    EWM_IRQHandler                           0x000004fb   Thumb Code     0  startup_mimxrt1052.o(.text)
    FLEXIO1_DriverIRQHandler                 0x000004fb   Thumb Code     0  startup_mimxrt1052.o(.text)
    FLEXIO2_DriverIRQHandler                 0x000004fb   Thumb Code     0  startup_mimxrt1052.o(.text)
    FLEXRAM_IRQHandler                       0x000004fb   Thumb Code     0  startup_mimxrt1052.o(.text)
    GPC_IRQHandler                           0x000004fb   Thumb Code     0  startup_mimxrt1052.o(.text)
    GPIO1_Combined_0_15_IRQHandler           0x000004fb   Thumb Code     0  startup_mimxrt1052.o(.text)
    GPIO1_Combined_16_31_IRQHandler          0x000004fb   Thumb Code     0  startup_mimxrt1052.o(.text)
    GPIO1_INT0_IRQHandler                    0x000004fb   Thumb Code     0  startup_mimxrt1052.o(.text)
    GPIO1_INT1_IRQHandler                    0x000004fb   Thumb Code     0  startup_mimxrt1052.o(.text)
    GPIO1_INT2_IRQHandler                    0x000004fb   Thumb Code     0  startup_mimxrt1052.o(.text)
    GPIO1_INT3_IRQHandler                    0x000004fb   Thumb Code     0  startup_mimxrt1052.o(.text)
    GPIO1_INT4_IRQHandler                    0x000004fb   Thumb Code     0  startup_mimxrt1052.o(.text)
    GPIO1_INT5_IRQHandler                    0x000004fb   Thumb Code     0  startup_mimxrt1052.o(.text)
    GPIO1_INT6_IRQHandler                    0x000004fb   Thumb Code     0  startup_mimxrt1052.o(.text)
    GPIO1_INT7_IRQHandler                    0x000004fb   Thumb Code     0  startup_mimxrt1052.o(.text)
    GPIO2_Combined_0_15_IRQHandler           0x000004fb   Thumb Code     0  startup_mimxrt1052.o(.text)
    GPIO2_Combined_16_31_IRQHandler          0x000004fb   Thumb Code     0  startup_mimxrt1052.o(.text)
    GPIO3_Combined_0_15_IRQHandler           0x000004fb   Thumb Code     0  startup_mimxrt1052.o(.text)
    GPIO3_Combined_16_31_IRQHandler          0x000004fb   Thumb Code     0  startup_mimxrt1052.o(.text)
    GPIO4_Combined_0_15_IRQHandler           0x000004fb   Thumb Code     0  startup_mimxrt1052.o(.text)
    GPIO4_Combined_16_31_IRQHandler          0x000004fb   Thumb Code     0  startup_mimxrt1052.o(.text)
    GPIO5_Combined_0_15_IRQHandler           0x000004fb   Thumb Code     0  startup_mimxrt1052.o(.text)
    GPIO5_Combined_16_31_IRQHandler          0x000004fb   Thumb Code     0  startup_mimxrt1052.o(.text)
    GPR_IRQ_IRQHandler                       0x000004fb   Thumb Code     0  startup_mimxrt1052.o(.text)
    GPT1_IRQHandler                          0x000004fb   Thumb Code     0  startup_mimxrt1052.o(.text)
    GPT2_IRQHandler                          0x000004fb   Thumb Code     0  startup_mimxrt1052.o(.text)
    KPP_IRQHandler                           0x000004fb   Thumb Code     0  startup_mimxrt1052.o(.text)
    LCDIF_IRQHandler                         0x000004fb   Thumb Code     0  startup_mimxrt1052.o(.text)
    LPI2C1_DriverIRQHandler                  0x000004fb   Thumb Code     0  startup_mimxrt1052.o(.text)
    LPI2C2_DriverIRQHandler                  0x000004fb   Thumb Code     0  startup_mimxrt1052.o(.text)
    LPI2C3_DriverIRQHandler                  0x000004fb   Thumb Code     0  startup_mimxrt1052.o(.text)
    LPI2C4_DriverIRQHandler                  0x000004fb   Thumb Code     0  startup_mimxrt1052.o(.text)
    LPSPI1_DriverIRQHandler                  0x000004fb   Thumb Code     0  startup_mimxrt1052.o(.text)
    LPSPI2_DriverIRQHandler                  0x000004fb   Thumb Code     0  startup_mimxrt1052.o(.text)
    LPSPI3_DriverIRQHandler                  0x000004fb   Thumb Code     0  startup_mimxrt1052.o(.text)
    LPSPI4_DriverIRQHandler                  0x000004fb   Thumb Code     0  startup_mimxrt1052.o(.text)
    NMI_WAKEUP_IRQHandler                    0x000004fb   Thumb Code     0  startup_mimxrt1052.o(.text)
    PIT_IRQHandler                           0x000004fb   Thumb Code     0  startup_mimxrt1052.o(.text)
    PWM1_0_IRQHandler                        0x000004fb   Thumb Code     0  startup_mimxrt1052.o(.text)
    PWM1_1_IRQHandler                        0x000004fb   Thumb Code     0  startup_mimxrt1052.o(.text)
    PWM1_2_IRQHandler                        0x000004fb   Thumb Code     0  startup_mimxrt1052.o(.text)
    PWM1_3_IRQHandler                        0x000004fb   Thumb Code     0  startup_mimxrt1052.o(.text)
    PWM1_FAULT_IRQHandler                    0x000004fb   Thumb Code     0  startup_mimxrt1052.o(.text)
    PWM2_0_IRQHandler                        0x000004fb   Thumb Code     0  startup_mimxrt1052.o(.text)
    PWM2_1_IRQHandler                        0x000004fb   Thumb Code     0  startup_mimxrt1052.o(.text)
    PWM2_2_IRQHandler                        0x000004fb   Thumb Code     0  startup_mimxrt1052.o(.text)
    PWM2_3_IRQHandler                        0x000004fb   Thumb Code     0  startup_mimxrt1052.o(.text)
    PWM2_FAULT_IRQHandler                    0x000004fb   Thumb Code     0  startup_mimxrt1052.o(.text)
    PWM3_0_IRQHandler                        0x000004fb   Thumb Code     0  startup_mimxrt1052.o(.text)
    PWM3_1_IRQHandler                        0x000004fb   Thumb Code     0  startup_mimxrt1052.o(.text)
    PWM3_2_IRQHandler                        0x000004fb   Thumb Code     0  startup_mimxrt1052.o(.text)
    PWM3_3_IRQHandler                        0x000004fb   Thumb Code     0  startup_mimxrt1052.o(.text)
    PWM3_FAULT_IRQHandler                    0x000004fb   Thumb Code     0  startup_mimxrt1052.o(.text)
    PWM4_0_IRQHandler                        0x000004fb   Thumb Code     0  startup_mimxrt1052.o(.text)
    PWM4_1_IRQHandler                        0x000004fb   Thumb Code     0  startup_mimxrt1052.o(.text)
    PWM4_2_IRQHandler                        0x000004fb   Thumb Code     0  startup_mimxrt1052.o(.text)
    PWM4_3_IRQHandler                        0x000004fb   Thumb Code     0  startup_mimxrt1052.o(.text)
    PWM4_FAULT_IRQHandler                    0x000004fb   Thumb Code     0  startup_mimxrt1052.o(.text)
    PXP_IRQHandler                           0x000004fb   Thumb Code     0  startup_mimxrt1052.o(.text)
    RTWDOG_IRQHandler                        0x000004fb   Thumb Code     0  startup_mimxrt1052.o(.text)
    Reserved115_IRQHandler                   0x000004fb   Thumb Code     0  startup_mimxrt1052.o(.text)
    Reserved123_IRQHandler                   0x000004fb   Thumb Code     0  startup_mimxrt1052.o(.text)
    Reserved143_IRQHandler                   0x000004fb   Thumb Code     0  startup_mimxrt1052.o(.text)
    Reserved144_IRQHandler                   0x000004fb   Thumb Code     0  startup_mimxrt1052.o(.text)
    Reserved168_IRQHandler                   0x000004fb   Thumb Code     0  startup_mimxrt1052.o(.text)
    Reserved169_IRQHandler                   0x000004fb   Thumb Code     0  startup_mimxrt1052.o(.text)
    Reserved170_IRQHandler                   0x000004fb   Thumb Code     0  startup_mimxrt1052.o(.text)
    Reserved171_IRQHandler                   0x000004fb   Thumb Code     0  startup_mimxrt1052.o(.text)
    Reserved172_IRQHandler                   0x000004fb   Thumb Code     0  startup_mimxrt1052.o(.text)
    Reserved173_IRQHandler                   0x000004fb   Thumb Code     0  startup_mimxrt1052.o(.text)
    Reserved68_IRQHandler                    0x000004fb   Thumb Code     0  startup_mimxrt1052.o(.text)
    Reserved86_IRQHandler                    0x000004fb   Thumb Code     0  startup_mimxrt1052.o(.text)
    Reserved87_IRQHandler                    0x000004fb   Thumb Code     0  startup_mimxrt1052.o(.text)
    SAI1_DriverIRQHandler                    0x000004fb   Thumb Code     0  startup_mimxrt1052.o(.text)
    SAI2_DriverIRQHandler                    0x000004fb   Thumb Code     0  startup_mimxrt1052.o(.text)
    SAI3_RX_DriverIRQHandler                 0x000004fb   Thumb Code     0  startup_mimxrt1052.o(.text)
    SAI3_TX_DriverIRQHandler                 0x000004fb   Thumb Code     0  startup_mimxrt1052.o(.text)
    SEMC_IRQHandler                          0x000004fb   Thumb Code     0  startup_mimxrt1052.o(.text)
    SJC_ARM_DEBUG_IRQHandler                 0x000004fb   Thumb Code     0  startup_mimxrt1052.o(.text)
    SJC_IRQHandler                           0x000004fb   Thumb Code     0  startup_mimxrt1052.o(.text)
    SNVS_HP_WRAPPER_IRQHandler               0x000004fb   Thumb Code     0  startup_mimxrt1052.o(.text)
    SNVS_HP_WRAPPER_TZ_IRQHandler            0x000004fb   Thumb Code     0  startup_mimxrt1052.o(.text)
    SNVS_LP_WRAPPER_IRQHandler               0x000004fb   Thumb Code     0  startup_mimxrt1052.o(.text)
    SPDIF_DriverIRQHandler                   0x000004fb   Thumb Code     0  startup_mimxrt1052.o(.text)
    SRC_IRQHandler                           0x000004fb   Thumb Code     0  startup_mimxrt1052.o(.text)
    TMR1_IRQHandler                          0x000004fb   Thumb Code     0  startup_mimxrt1052.o(.text)
    TMR2_IRQHandler                          0x000004fb   Thumb Code     0  startup_mimxrt1052.o(.text)
    TMR3_IRQHandler                          0x000004fb   Thumb Code     0  startup_mimxrt1052.o(.text)
    TMR4_IRQHandler                          0x000004fb   Thumb Code     0  startup_mimxrt1052.o(.text)
    TRNG_IRQHandler                          0x000004fb   Thumb Code     0  startup_mimxrt1052.o(.text)
    TSC_DIG_IRQHandler                       0x000004fb   Thumb Code     0  startup_mimxrt1052.o(.text)
    USB_OTG1_IRQHandler                      0x000004fb   Thumb Code     0  startup_mimxrt1052.o(.text)
    USB_OTG2_IRQHandler                      0x000004fb   Thumb Code     0  startup_mimxrt1052.o(.text)
    USB_PHY1_IRQHandler                      0x000004fb   Thumb Code     0  startup_mimxrt1052.o(.text)
    USB_PHY2_IRQHandler                      0x000004fb   Thumb Code     0  startup_mimxrt1052.o(.text)
    USDHC1_DriverIRQHandler                  0x000004fb   Thumb Code     0  startup_mimxrt1052.o(.text)
    USDHC2_DriverIRQHandler                  0x000004fb   Thumb Code     0  startup_mimxrt1052.o(.text)
    WDOG1_IRQHandler                         0x000004fb   Thumb Code     0  startup_mimxrt1052.o(.text)
    WDOG2_IRQHandler                         0x000004fb   Thumb Code     0  startup_mimxrt1052.o(.text)
    XBAR1_IRQ_0_1_IRQHandler                 0x000004fb   Thumb Code     0  startup_mimxrt1052.o(.text)
    XBAR1_IRQ_2_3_IRQHandler                 0x000004fb   Thumb Code     0  startup_mimxrt1052.o(.text)
    __aeabi_uldivmod                         0x000005d1   Thumb Code    98  uldiv.o(.text)
    __aeabi_memcpy                           0x00000633   Thumb Code    36  memcpya.o(.text)
    __aeabi_memcpy4                          0x00000633   Thumb Code     0  memcpya.o(.text)
    __aeabi_memcpy8                          0x00000633   Thumb Code     0  memcpya.o(.text)
    __aeabi_memset                           0x00000657   Thumb Code    14  memseta.o(.text)
    __aeabi_memset4                          0x00000657   Thumb Code     0  memseta.o(.text)
    __aeabi_memset8                          0x00000657   Thumb Code     0  memseta.o(.text)
    __aeabi_memclr                           0x00000665   Thumb Code     4  memseta.o(.text)
    __aeabi_memclr4                          0x00000665   Thumb Code     0  memseta.o(.text)
    __aeabi_memclr8                          0x00000665   Thumb Code     0  memseta.o(.text)
    _memset$wrapper                          0x00000669   Thumb Code    18  memseta.o(.text)
    strlen                                   0x0000067b   Thumb Code    14  strlen.o(.text)
    memcmp                                   0x00000689   Thumb Code    26  memcmp.o(.text)
    __aeabi_llsl                             0x000006a3   Thumb Code    30  llshl.o(.text)
    _ll_shift_l                              0x000006a3   Thumb Code     0  llshl.o(.text)
    __aeabi_llsr                             0x000006c1   Thumb Code    32  llushr.o(.text)
    _ll_ushift_r                             0x000006c1   Thumb Code     0  llushr.o(.text)
    __scatterload                            0x000006e1   Thumb Code    28  init.o(.text)
    __scatterload_rt2                        0x000006e1   Thumb Code     0  init.o(.text)
    BOARD_BootClockRUN                       0x00000705   Thumb Code   606  clock_config.o(i.BOARD_BootClockRUN)
    BOARD_ConfigMPU                          0x000009fd   Thumb Code   398  board.o(i.BOARD_ConfigMPU)
    BOARD_DebugConsoleSrcFreq                0x00000bb9   Thumb Code    62  board.o(i.BOARD_DebugConsoleSrcFreq)
    BOARD_InitDebugConsole                   0x00000c11   Thumb Code    24  board.o(i.BOARD_InitDebugConsole)
    BOARD_InitPins                           0x00000c2d   Thumb Code   414  pin_mux.o(i.BOARD_InitPins)
    CLOCK_GetPllFreq                         0x00000e65   Thumb Code   372  fsl_clock.o(i.CLOCK_GetPllFreq)
    CLOCK_InitArmPll                         0x00000fed   Thumb Code    54  fsl_clock.o(i.CLOCK_InitArmPll)
    CLOCK_InitSysPll                         0x00001029   Thumb Code    54  fsl_clock.o(i.CLOCK_InitSysPll)
    CLOCK_InitUsb1Pfd                        0x00001065   Thumb Code    36  fsl_clock.o(i.CLOCK_InitUsb1Pfd)
    CLOCK_InitUsb1Pll                        0x0000108d   Thumb Code    46  fsl_clock.o(i.CLOCK_InitUsb1Pll)
    DbgConsole_Init                          0x000011f1   Thumb Code    14  fsl_debug_console.o(i.DbgConsole_Init)
    DbgConsole_Printf                        0x00001201   Thumb Code    40  fsl_debug_console.o(i.DbgConsole_Printf)
    FLEXSPI_CheckAndClearError               0x00001265   Thumb Code    74  fsl_flexspi.o(i.FLEXSPI_CheckAndClearError)
    FLEXSPI_DriverIRQHandler                 0x000012b1   Thumb Code    10  fsl_flexspi.o(i.FLEXSPI_DriverIRQHandler)
    FLEXSPI_GetDefaultConfig                 0x000012f1   Thumb Code   108  fsl_flexspi.o(i.FLEXSPI_GetDefaultConfig)
    FLEXSPI_GetInstance                      0x0000135d   Thumb Code    16  fsl_flexspi.o(i.FLEXSPI_GetInstance)
    FLEXSPI_Init                             0x00001371   Thumb Code   412  fsl_flexspi.o(i.FLEXSPI_Init)
    FLEXSPI_ReadBlocking                     0x0000151d   Thumb Code   166  fsl_flexspi.o(i.FLEXSPI_ReadBlocking)
    FLEXSPI_SetFlashConfig                   0x000015c5   Thumb Code   362  fsl_flexspi.o(i.FLEXSPI_SetFlashConfig)
    FLEXSPI_TransferAbort                    0x00001759   Thumb Code    16  fsl_flexspi.o(i.FLEXSPI_TransferAbort)
    FLEXSPI_TransferBlocking                 0x00001769   Thumb Code   198  fsl_flexspi.o(i.FLEXSPI_TransferBlocking)
    FLEXSPI_TransferHandleIRQ                0x00001831   Thumb Code   350  fsl_flexspi.o(i.FLEXSPI_TransferHandleIRQ)
    FLEXSPI_UpdateLUT                        0x00001991   Thumb Code    64  fsl_flexspi.o(i.FLEXSPI_UpdateLUT)
    FLEXSPI_WriteBlocking                    0x000019d5   Thumb Code   116  fsl_flexspi.o(i.FLEXSPI_WriteBlocking)
    IO_Init                                  0x00001a65   Thumb Code    62  fsl_io.o(i.IO_Init)
    IO_Transfer                              0x00001aa9   Thumb Code    46  fsl_io.o(i.IO_Transfer)
    LOG_Init                                 0x00001add   Thumb Code    28  fsl_log.o(i.LOG_Init)
    LOG_Pop                                  0x00001af9   Thumb Code    22  fsl_log.o(i.LOG_Pop)
    LOG_Push                                 0x00001b0f   Thumb Code     4  fsl_log.o(i.LOG_Push)
    LPUART1_DriverIRQHandler                 0x00001b15   Thumb Code    12  fsl_lpuart.o(i.LPUART1_DriverIRQHandler)
    LPUART2_DriverIRQHandler                 0x00001b2d   Thumb Code    12  fsl_lpuart.o(i.LPUART2_DriverIRQHandler)
    LPUART3_DriverIRQHandler                 0x00001b45   Thumb Code    12  fsl_lpuart.o(i.LPUART3_DriverIRQHandler)
    LPUART4_DriverIRQHandler                 0x00001b5d   Thumb Code    12  fsl_lpuart.o(i.LPUART4_DriverIRQHandler)
    LPUART5_DriverIRQHandler                 0x00001b75   Thumb Code    12  fsl_lpuart.o(i.LPUART5_DriverIRQHandler)
    LPUART6_DriverIRQHandler                 0x00001b8d   Thumb Code    12  fsl_lpuart.o(i.LPUART6_DriverIRQHandler)
    LPUART7_DriverIRQHandler                 0x00001ba5   Thumb Code    12  fsl_lpuart.o(i.LPUART7_DriverIRQHandler)
    LPUART8_DriverIRQHandler                 0x00001bbd   Thumb Code    12  fsl_lpuart.o(i.LPUART8_DriverIRQHandler)
    LPUART_ClearStatusFlags                  0x00001bd5   Thumb Code    74  fsl_lpuart.o(i.LPUART_ClearStatusFlags)
    LPUART_GetDefaultConfig                  0x00001c25   Thumb Code    38  fsl_lpuart.o(i.LPUART_GetDefaultConfig)
    LPUART_GetInstance                       0x00001c4d   Thumb Code    24  fsl_lpuart.o(i.LPUART_GetInstance)
    LPUART_GetStatusFlags                    0x00001c69   Thumb Code    14  fsl_lpuart.o(i.LPUART_GetStatusFlags)
    LPUART_Init                              0x00001c79   Thumb Code   404  fsl_lpuart.o(i.LPUART_Init)
    LPUART_ReadBlocking                      0x00001e19   Thumb Code   142  fsl_lpuart.o(i.LPUART_ReadBlocking)
    LPUART_WriteBlocking                     0x00001ea7   Thumb Code    20  fsl_lpuart.o(i.LPUART_WriteBlocking)
    StrFormatPrintf                          0x00001ebd   Thumb Code   386  fsl_str.o(i.StrFormatPrintf)
    SystemInit                               0x00002041   Thumb Code   238  system_mimxrt1052.o(i.SystemInit)
    SystemInitHook                           0x00002149   Thumb Code     2  system_mimxrt1052.o(i.SystemInitHook)
    __scatterload_copy                       0x0000214b   Thumb Code    14  handlers.o(i.__scatterload_copy)
    __scatterload_null                       0x00002159   Thumb Code     2  handlers.o(i.__scatterload_null)
    __scatterload_zeroinit                   0x0000215b   Thumb Code    14  handlers.o(i.__scatterload_zeroinit)
    flexspi_nor_flash_erase_sector           0x00002169   Thumb Code    58  flexspi_hyper_flash_polling_transfer.o(i.flexspi_nor_flash_erase_sector)
    flexspi_nor_flash_page_program           0x000021a3   Thumb Code    74  flexspi_hyper_flash_polling_transfer.o(i.flexspi_nor_flash_page_program)
    flexspi_nor_hyperbus_read                0x000021ed   Thumb Code    42  flexspi_hyper_flash_polling_transfer.o(i.flexspi_nor_hyperbus_read)
    flexspi_nor_hyperbus_write               0x00002217   Thumb Code    42  flexspi_hyper_flash_polling_transfer.o(i.flexspi_nor_hyperbus_write)
    flexspi_nor_hyperflash_cfi               0x00002241   Thumb Code   114  flexspi_hyper_flash_polling_transfer.o(i.flexspi_nor_hyperflash_cfi)
    flexspi_nor_wait_bus_busy                0x00002329   Thumb Code    70  flexspi_hyper_flash_polling_transfer.o(i.flexspi_nor_wait_bus_busy)
    flexspi_nor_write_enable                 0x0000236f   Thumb Code    36  flexspi_hyper_flash_polling_transfer.o(i.flexspi_nor_write_enable)
    main                                     0x00002395   Thumb Code   426  flexspi_hyper_flash_polling_transfer.o(i.main)
    customLUT                                0x00002698   Data         192  flexspi_hyper_flash_polling_transfer.o(.constdata)
    usb1PllConfig_BOARD_BootClockRUN         0x00002758   Data           2  clock_config.o(.constdata)
    armPllConfig_BOARD_BootClockRUN          0x0000275c   Data           8  clock_config.o(.constdata)
    sysPllConfig_BOARD_BootClockRUN          0x00002764   Data          16  clock_config.o(.constdata)
    Region$$Table$$Base                      0x000027d4   Number         0  anon$$obj.o(Region$$Table)
    Region$$Table$$Limit                     0x000027f4   Number         0  anon$$obj.o(Region$$Table)
    deviceconfig                             0x20000000   Data          32  flexspi_hyper_flash_polling_transfer.o(.data)
    g_xtalFreq                               0x20000020   Data           4  fsl_clock.o(.data)
    g_rtcXtalFreq                            0x20000024   Data           4  fsl_clock.o(.data)
    SystemCoreClock                          0x20000030   Data           4  system_mimxrt1052.o(.data)
    Image$$ARM_LIB_HEAP$$ZI$$Base            0x20000460   Number         0  anon$$obj.o ABSOLUTE
    Image$$ARM_LIB_HEAP$$ZI$$Limit           0x20000860   Number         0  anon$$obj.o ABSOLUTE
    Image$$ARM_LIB_STACK$$ZI$$Limit          0x20020000   Number         0  anon$$obj.o ABSOLUTE



==============================================================================

Memory Map of the image

  Image Entry point : 0x00000401

  Load Region LR_m_text (Base: 0x00000000, Size: 0x00002830, Max: 0x0001fc00, ABSOLUTE)

    Execution Region VECTOR_ROM (Base: 0x00000000, Size: 0x00000400, Max: 0x00000400, ABSOLUTE)

    Base Addr    Size         Type   Attr      Idx    E Section Name        Object

    0x00000000   0x00000400   Data   RO         1078    RESET               startup_mimxrt1052.o


    Execution Region ER_m_text (Base: 0x00000400, Size: 0x000023f4, Max: 0x0001fc00, ABSOLUTE)

    Base Addr    Size         Type   Attr      Idx    E Section Name        Object

    0x00000400   0x00000000   Code   RO         1372  * .ARM.Collect$$$$00000000  mc_w.l(entry.o)
    0x00000400   0x00000004   Code   RO         1415    .ARM.Collect$$$$00000003  mc_w.l(entry4.o)
    0x00000404   0x00000004   Code   RO         1418    .ARM.Collect$$$$00000004  mc_w.l(entry5.o)
    0x00000408   0x00000000   Code   RO         1420    .ARM.Collect$$$$00000008  mc_w.l(entry7b.o)
    0x00000408   0x00000000   Code   RO         1422    .ARM.Collect$$$$0000000A  mc_w.l(entry8b.o)
    0x00000408   0x00000008   Code   RO         1423    .ARM.Collect$$$$0000000B  mc_w.l(entry9a.o)
    0x00000410   0x00000000   Code   RO         1425    .ARM.Collect$$$$0000000D  mc_w.l(entry10a.o)
    0x00000410   0x00000000   Code   RO         1427    .ARM.Collect$$$$0000000F  mc_w.l(entry11a.o)
    0x00000410   0x00000004   Code   RO         1416    .ARM.Collect$$$$00002714  mc_w.l(entry4.o)
    0x00000414   0x000001bc   Code   RO         1079    .text               startup_mimxrt1052.o
    0x000005d0   0x00000062   Code   RO         1375    .text               mc_w.l(uldiv.o)
    0x00000632   0x00000024   Code   RO         1377    .text               mc_w.l(memcpya.o)
    0x00000656   0x00000024   Code   RO         1379    .text               mc_w.l(memseta.o)
    0x0000067a   0x0000000e   Code   RO         1381    .text               mc_w.l(strlen.o)
    0x00000688   0x0000001a   Code   RO         1383    .text               mc_w.l(memcmp.o)
    0x000006a2   0x0000001e   Code   RO         1429    .text               mc_w.l(llshl.o)
    0x000006c0   0x00000020   Code   RO         1431    .text               mc_w.l(llushr.o)
    0x000006e0   0x00000024   Code   RO         1435    .text               mc_w.l(init.o)
    0x00000704   0x000002f8   Code   RO          284    i.BOARD_BootClockRUN  clock_config.o
    0x000009fc   0x000001bc   Code   RO          228    i.BOARD_ConfigMPU   board.o
    0x00000bb8   0x00000058   Code   RO          229    i.BOARD_DebugConsoleSrcFreq  board.o
    0x00000c10   0x0000001c   Code   RO          230    i.BOARD_InitDebugConsole  board.o
    0x00000c2c   0x000001b4   Code   RO          174    i.BOARD_InitPins    pin_mux.o
    0x00000de0   0x00000024   Code   RO            6    i.CLOCK_ControlGate  flexspi_hyper_flash_polling_transfer.o
    0x00000e04   0x00000024   Code   RO          619    i.CLOCK_ControlGate  fsl_lpuart.o
    0x00000e28   0x0000001c   Code   RO          231    i.CLOCK_GetDiv      board.o
    0x00000e44   0x00000020   Code   RO          369    i.CLOCK_GetOscFreq  fsl_clock.o
    0x00000e64   0x00000188   Code   RO          371    i.CLOCK_GetPllFreq  fsl_clock.o
    0x00000fec   0x0000003c   Code   RO          374    i.CLOCK_InitArmPll  fsl_clock.o
    0x00001028   0x0000003c   Code   RO          380    i.CLOCK_InitSysPll  fsl_clock.o
    0x00001064   0x00000028   Code   RO          381    i.CLOCK_InitUsb1Pfd  fsl_clock.o
    0x0000108c   0x00000034   Code   RO          382    i.CLOCK_InitUsb1Pll  fsl_clock.o
    0x000010c0   0x00000040   Code   RO            7    i.CLOCK_SetDiv      flexspi_hyper_flash_polling_transfer.o
    0x00001100   0x00000040   Code   RO          286    i.CLOCK_SetDiv      clock_config.o
    0x00001140   0x00000040   Code   RO          287    i.CLOCK_SetMux      clock_config.o
    0x00001180   0x00000070   Code   RO         1210    i.ConvertRadixNumToString  fsl_str.o
    0x000011f0   0x0000000e   Code   RO         1269    i.DbgConsole_Init   fsl_debug_console.o
    0x000011fe   0x00000002   PAD
    0x00001200   0x0000002c   Code   RO         1270    i.DbgConsole_Printf  fsl_debug_console.o
    0x0000122c   0x00000038   Code   RO         1272    i.DbgConsole_RelocateLog  fsl_debug_console.o
    0x00001264   0x0000004a   Code   RO          903    i.FLEXSPI_CheckAndClearError  fsl_flexspi.o
    0x000012ae   0x00000002   PAD
    0x000012b0   0x00000014   Code   RO          905    i.FLEXSPI_DriverIRQHandler  fsl_flexspi.o
    0x000012c4   0x00000014   Code   RO            8    i.FLEXSPI_Enable    flexspi_hyper_flash_polling_transfer.o
    0x000012d8   0x00000018   Code   RO          906    i.FLEXSPI_GetBusIdleStatus  fsl_flexspi.o
    0x000012f0   0x0000006c   Code   RO          907    i.FLEXSPI_GetDefaultConfig  fsl_flexspi.o
    0x0000135c   0x00000014   Code   RO          908    i.FLEXSPI_GetInstance  fsl_flexspi.o
    0x00001370   0x000001ac   Code   RO          909    i.FLEXSPI_Init      fsl_flexspi.o
    0x0000151c   0x000000a6   Code   RO          910    i.FLEXSPI_ReadBlocking  fsl_flexspi.o
    0x000015c2   0x00000002   PAD
    0x000015c4   0x00000174   Code   RO          911    i.FLEXSPI_SetFlashConfig  fsl_flexspi.o
    0x00001738   0x00000010   Code   RO            9    i.FLEXSPI_SoftwareReset  flexspi_hyper_flash_polling_transfer.o
    0x00001748   0x00000010   Code   RO          912    i.FLEXSPI_SoftwareReset  fsl_flexspi.o
    0x00001758   0x00000010   Code   RO          913    i.FLEXSPI_TransferAbort  fsl_flexspi.o
    0x00001768   0x000000c6   Code   RO          914    i.FLEXSPI_TransferBlocking  fsl_flexspi.o
    0x0000182e   0x00000002   PAD
    0x00001830   0x0000015e   Code   RO          917    i.FLEXSPI_TransferHandleIRQ  fsl_flexspi.o
    0x0000198e   0x00000002   PAD
    0x00001990   0x00000044   Code   RO          919    i.FLEXSPI_UpdateLUT  fsl_flexspi.o
    0x000019d4   0x00000074   Code   RO          920    i.FLEXSPI_WriteBlocking  fsl_flexspi.o
    0x00001a48   0x0000001c   Code   RO          175    i.IOMUXC_SetPinMux  pin_mux.o
    0x00001a64   0x00000044   Code   RO         1087    i.IO_Init           fsl_io.o
    0x00001aa8   0x00000034   Code   RO         1088    i.IO_Transfer       fsl_io.o
    0x00001adc   0x0000001c   Code   RO         1140    i.LOG_Init          fsl_log.o
    0x00001af8   0x00000016   Code   RO         1141    i.LOG_Pop           fsl_log.o
    0x00001b0e   0x00000004   Code   RO         1142    i.LOG_Push          fsl_log.o
    0x00001b12   0x00000002   PAD
    0x00001b14   0x00000018   Code   RO          620    i.LPUART1_DriverIRQHandler  fsl_lpuart.o
    0x00001b2c   0x00000018   Code   RO          621    i.LPUART2_DriverIRQHandler  fsl_lpuart.o
    0x00001b44   0x00000018   Code   RO          622    i.LPUART3_DriverIRQHandler  fsl_lpuart.o
    0x00001b5c   0x00000018   Code   RO          623    i.LPUART4_DriverIRQHandler  fsl_lpuart.o
    0x00001b74   0x00000018   Code   RO          624    i.LPUART5_DriverIRQHandler  fsl_lpuart.o
    0x00001b8c   0x00000018   Code   RO          625    i.LPUART6_DriverIRQHandler  fsl_lpuart.o
    0x00001ba4   0x00000018   Code   RO          626    i.LPUART7_DriverIRQHandler  fsl_lpuart.o
    0x00001bbc   0x00000018   Code   RO          627    i.LPUART8_DriverIRQHandler  fsl_lpuart.o
    0x00001bd4   0x00000050   Code   RO          628    i.LPUART_ClearStatusFlags  fsl_lpuart.o
    0x00001c24   0x00000026   Code   RO          632    i.LPUART_GetDefaultConfig  fsl_lpuart.o
    0x00001c4a   0x00000002   PAD
    0x00001c4c   0x0000001c   Code   RO          634    i.LPUART_GetInstance  fsl_lpuart.o
    0x00001c68   0x0000000e   Code   RO          635    i.LPUART_GetStatusFlags  fsl_lpuart.o
    0x00001c76   0x00000002   PAD
    0x00001c78   0x000001a0   Code   RO          636    i.LPUART_Init       fsl_lpuart.o
    0x00001e18   0x0000008e   Code   RO          637    i.LPUART_ReadBlocking  fsl_lpuart.o
    0x00001ea6   0x00000014   Code   RO          653    i.LPUART_WriteBlocking  fsl_lpuart.o
    0x00001eba   0x00000002   PAD
    0x00001ebc   0x00000182   Code   RO         1212    i.StrFormatPrintf   fsl_str.o
    0x0000203e   0x00000002   PAD
    0x00002040   0x00000108   Code   RO         1036    i.SystemInit        system_mimxrt1052.o
    0x00002148   0x00000002   Code   RO         1037    i.SystemInitHook    system_mimxrt1052.o
    0x0000214a   0x0000000e   Code   RO         1439    i.__scatterload_copy  mc_w.l(handlers.o)
    0x00002158   0x00000002   Code   RO         1440    i.__scatterload_null  mc_w.l(handlers.o)
    0x0000215a   0x0000000e   Code   RO         1441    i.__scatterload_zeroinit  mc_w.l(handlers.o)
    0x00002168   0x0000003a   Code   RO           10    i.flexspi_nor_flash_erase_sector  flexspi_hyper_flash_polling_transfer.o
    0x000021a2   0x0000004a   Code   RO           11    i.flexspi_nor_flash_page_program  flexspi_hyper_flash_polling_transfer.o
    0x000021ec   0x0000002a   Code   RO           12    i.flexspi_nor_hyperbus_read  flexspi_hyper_flash_polling_transfer.o
    0x00002216   0x0000002a   Code   RO           13    i.flexspi_nor_hyperbus_write  flexspi_hyper_flash_polling_transfer.o
    0x00002240   0x000000e8   Code   RO           14    i.flexspi_nor_hyperflash_cfi  flexspi_hyper_flash_polling_transfer.o
    0x00002328   0x00000046   Code   RO           15    i.flexspi_nor_wait_bus_busy  flexspi_hyper_flash_polling_transfer.o
    0x0000236e   0x00000024   Code   RO           16    i.flexspi_nor_write_enable  flexspi_hyper_flash_polling_transfer.o
    0x00002392   0x00000002   PAD
    0x00002394   0x00000304   Code   RO           17    i.main              flexspi_hyper_flash_polling_transfer.o
    0x00002698   0x000000c0   Data   RO           19    .constdata          flexspi_hyper_flash_polling_transfer.o
    0x00002758   0x0000001c   Data   RO          288    .constdata          clock_config.o
    0x00002774   0x00000010   Data   RO          386    .constdata          fsl_clock.o
    0x00002784   0x00000048   Data   RO          655    .constdata          fsl_lpuart.o
    0x000027cc   0x00000008   Data   RO          921    .constdata          fsl_flexspi.o
    0x000027d4   0x00000020   Data   RO         1437    Region$$Table       anon$$obj.o


    Execution Region RW_m_data (Base: 0x20000000, Size: 0x00000460, Max: 0x0001f800, ABSOLUTE)

    Base Addr    Size         Type   Attr      Idx    E Section Name        Object

    0x20000000   0x00000020   Data   RW           20    .data               flexspi_hyper_flash_polling_transfer.o
    0x20000020   0x00000004   Data   RW          387    .data               fsl_clock.o
    0x20000024   0x00000004   Data   RW          388    .data               fsl_clock.o
    0x20000028   0x00000004   Data   RW          656    .data               fsl_lpuart.o
    0x2000002c   0x00000004   Data   RW          922    .data               fsl_flexspi.o
    0x20000030   0x00000004   Data   RW         1038    .data               system_mimxrt1052.o
    0x20000034   0x00000008   Data   RW         1090    .data               fsl_io.o
    0x2000003c   0x00000400   Zero   RW           18    .bss                flexspi_hyper_flash_polling_transfer.o
    0x2000043c   0x00000024   Zero   RW          654    .bss                fsl_lpuart.o


    Execution Region ARM_LIB_HEAP (Base: 0x20000460, Size: 0x00000400, Max: 0x00000400, ABSOLUTE)

    Base Addr    Size         Type   Attr      Idx    E Section Name        Object

    0x20000460   0x00000400   Zero   RW            1    ARM_LIB_HEAP.bss    anon$$obj.o


    Execution Region ARM_LIB_STACK (Base: 0x2001fc00, Size: 0x00000400, Max: 0x00000400, ABSOLUTE)

    Base Addr    Size         Type   Attr      Idx    E Section Name        Object

    0x2001fc00   0x00000400   Zero   RW            2    ARM_LIB_STACK.bss   anon$$obj.o


==============================================================================

Image component sizes


      Code (inc. data)   RO Data    RW Data    ZI Data      Debug   Object Name

       588         80          0          0          0      51941   board.o
       888        162         28          0          0    1367919   clock_config.o
      1462        474        192         32       1024    1423693   flexspi_hyper_flash_polling_transfer.o
       636         54         16          8          0      16316   fsl_clock.o
       114          4          0          0          0       3406   fsl_debug_console.o
      1976         44          8          4          0      26277   fsl_flexspi.o
         0          0          0          0          0      10595   fsl_gpio.o
       120         12          0          8          0       7932   fsl_io.o
        54          0          0          0          0       3928   fsl_log.o
       966        124         72          4         36      33723   fsl_lpuart.o
       498          0          0          0          0       4266   fsl_str.o
       464         22          0          0          0      82176   pin_mux.o
       444        210       1024          0          0       3272   startup_mimxrt1052.o
       266         26          0          4          0      36863   system_mimxrt1052.o

    ----------------------------------------------------------------------
      8498       1212       1372         60       3108    3072307   Object Totals
         0          0         32          0       2048          0   (incl. Generated)
        22          0          0          0          0          0   (incl. Padding)

    ----------------------------------------------------------------------

      Code (inc. data)   RO Data    RW Data    ZI Data      Debug   Library Member Name

         0          0          0          0          0          0   entry.o
         0          0          0          0          0          0   entry10a.o
         0          0          0          0          0          0   entry11a.o
         8          4          0          0          0          0   entry4.o
         4          0          0          0          0          0   entry5.o
         0          0          0          0          0          0   entry7b.o
         0          0          0          0          0          0   entry8b.o
         8          4          0          0          0          0   entry9a.o
        30          0          0          0          0          0   handlers.o
        36          8          0          0          0         68   init.o
        30          0          0          0          0         68   llshl.o
        32          0          0          0          0         68   llushr.o
        26          0          0          0          0         80   memcmp.o
        36          0          0          0          0         68   memcpya.o
        36          0          0          0          0        108   memseta.o
        14          0          0          0          0         68   strlen.o
        98          0          0          0          0         92   uldiv.o

    ----------------------------------------------------------------------
       358         16          0          0          0        620   Library Totals
         0          0          0          0          0          0   (incl. Padding)

    ----------------------------------------------------------------------

      Code (inc. data)   RO Data    RW Data    ZI Data      Debug   Library Name

       358         16          0          0          0        620   mc_w.l

    ----------------------------------------------------------------------
       358         16          0          0          0        620   Library Totals

    ----------------------------------------------------------------------

==============================================================================


      Code (inc. data)   RO Data    RW Data    ZI Data      Debug   

      8856       1228       1372         60       3108    3066523   Grand Totals
      8856       1228       1372         60       3108    3066523   ELF Image Totals
      8856       1228       1372         60          0          0   ROM Totals

==============================================================================

    Total RO  Size (Code + RO Data)                10228 (   9.99kB)
    Total RW  Size (RW Data + ZI Data)              3168 (   3.09kB)
    Total ROM Size (Code + RO Data + RW Data)      10288 (  10.05kB)

==============================================================================

