Component: ARM Compiler 5.05 update 2 (build 169) Tool: armlink [4d0f33]

==============================================================================

Section Cross References

    main_imxrt1052.o(i._start) refers to main_imxrt1052.o(i.main) for main
    main_imxrt1052.o(i.board_get_devices) refers to main_imxrt1052.o(.data) for usb_connected
    main_imxrt1052.o(i.flash_erase_sector) refers to main_imxrt1052.o(i.flash_verify_erase) for flash_verify_erase
    main_imxrt1052.o(i.flash_func_erase_sector) refers to main_imxrt1052.o(i.flash_erase_sector) for flash_erase_sector
    main_imxrt1052.o(i.get_mcu_desc) refers to memmovea.o(.text) for __aeabi_memcpy4
    main_imxrt1052.o(i.get_mcu_desc) refers to main_imxrt1052.o(i.get_mcu_id) for get_mcu_id
    main_imxrt1052.o(i.main) refers to board.o(i.BOARD_ConfigMPU) for BOARD_ConfigMPU
    main_imxrt1052.o(i.main) refers to board.o(i.board_init_power) for board_init_power
    main_imxrt1052.o(i.main) refers to pin_mux.o(i.BOARD_InitPins) for BOARD_InitPins
    main_imxrt1052.o(i.main) refers to clock_config.o(i.BOARD_BootClockRUN) for BOARD_BootClockRUN
    main_imxrt1052.o(i.main) refers to board.o(i.BOARD_InitDebugConsole) for BOARD_InitDebugConsole
    main_imxrt1052.o(i.main) refers to board.o(i.system_clock_info) for system_clock_info
    main_imxrt1052.o(i.main) refers to cdcacm.o(i.USB_DeviceApplicationInit) for USB_DeviceApplicationInit
    bl.o(i.bootloader) refers to imxrt.o(i.systick_set_clocksource) for systick_set_clocksource
    bl.o(i.bootloader) refers to imxrt.o(i.systick_set_reload) for systick_set_reload
    bl.o(i.bootloader) refers to imxrt.o(i.systick_interrupt_enable) for systick_interrupt_enable
    bl.o(i.bootloader) refers to imxrt.o(i.systick_counter_enable) for systick_counter_enable
    bl.o(i.bootloader) refers to bl.o(i.led_set) for led_set
    bl.o(i.bootloader) refers to main_imxrt1052.o(i.led_off) for led_off
    bl.o(i.bootloader) refers to bl.o(i.cin_wait) for cin_wait
    bl.o(i.bootloader) refers to main_imxrt1052.o(i.led_on) for led_on
    bl.o(i.bootloader) refers to bl.o(i.wait_for_eoc) for wait_for_eoc
    bl.o(i.bootloader) refers to bl.o(i.cout) for cout
    bl.o(i.bootloader) refers to main_imxrt1052.o(i.flash_func_read_word) for flash_func_read_word
    bl.o(i.bootloader) refers to imxrt.o(i.flash_unlock) for flash_unlock
    bl.o(i.bootloader) refers to main_imxrt1052.o(i.flash_func_erase_sector) for flash_func_erase_sector
    bl.o(i.bootloader) refers to main_imxrt1052.o(i.flash_func_sector_size) for flash_func_sector_size
    bl.o(i.bootloader) refers to main_imxrt1052.o(i.flash_func_write_word) for flash_func_write_word
    bl.o(i.bootloader) refers to bl.o(i.crc32) for crc32
    bl.o(i.bootloader) refers to bl.o(i.cout_word) for cout_word
    bl.o(i.bootloader) refers to bl.o(i.cin_word) for cin_word
    bl.o(i.bootloader) refers to main_imxrt1052.o(i.flash_func_read_otp) for flash_func_read_otp
    bl.o(i.bootloader) refers to main_imxrt1052.o(i.flash_func_read_sn) for flash_func_read_sn
    bl.o(i.bootloader) refers to main_imxrt1052.o(i.get_mcu_id) for get_mcu_id
    bl.o(i.bootloader) refers to main_imxrt1052.o(i.get_mcu_desc) for get_mcu_desc
    bl.o(i.bootloader) refers to bl.o(i.sync_response) for sync_response
    bl.o(i.bootloader) refers to bl.o(i.delay) for delay
    bl.o(i.bootloader) refers to bl.o(i.invalid_response) for invalid_response
    bl.o(i.bootloader) refers to bl.o(i.failure_response) for failure_response
    bl.o(i.bootloader) refers to bl.o(.data) for bl_type
    bl.o(i.bootloader) refers to main_imxrt1052.o(.data) for board_info
    bl.o(i.bootloader) refers to bl.o(.bss) for timer
    bl.o(i.bootloader) refers to bl.o(.constdata) for bl_proto_rev
    bl.o(i.buf_get) refers to bl.o(.data) for tail
    bl.o(i.buf_get) refers to bl.o(.bss) for rx_buf
    bl.o(i.buf_put) refers to bl.o(.data) for head
    bl.o(i.buf_put) refers to bl.o(.bss) for rx_buf
    bl.o(i.cin_wait) refers to main_imxrt1052.o(i.board_get_devices) for board_get_devices
    bl.o(i.cin_wait) refers to bl.o(i.cin) for cin
    bl.o(i.cin_wait) refers to bl.o(.bss) for timer
    bl.o(i.cin_wait) refers to bl.o(.data) for cin_count
    bl.o(i.cin_word) refers to bl.o(i.cin_wait) for cin_wait
    bl.o(i.cout_word) refers to bl.o(i.cout) for cout
    bl.o(i.crc32) refers to bl.o(.bss) for crctab
    bl.o(i.delay) refers to bl.o(.bss) for timer
    bl.o(i.failure_response) refers to bl.o(i.cout) for cout
    bl.o(i.invalid_response) refers to bl.o(i.cout) for cout
    bl.o(i.jump_to_app) refers to main_imxrt1052.o(i.flash_lock) for flash_lock
    bl.o(i.jump_to_app) refers to imxrt.o(i.systick_interrupt_disable) for systick_interrupt_disable
    bl.o(i.jump_to_app) refers to imxrt.o(i.systick_counter_disable) for systick_counter_disable
    bl.o(i.jump_to_app) refers to cdcacm.o(i.usb_cfini) for usb_cfini
    bl.o(i.jump_to_app) refers to main_imxrt1052.o(i.clock_deinit) for clock_deinit
[...]
    i.USB_DeviceClassGetSpeed                0x00003d90   Section        0  usb_device_class.o(i.USB_DeviceClassGetSpeed)
    i.USB_DeviceClassInit                    0x00003dbc   Section        0  usb_device_class.o(i.USB_DeviceClassInit)
    i.USB_DeviceClockInit                    0x00003e8c   Section        0  cdcacm.o(i.USB_DeviceClockInit)
    i.USB_DeviceControl                      0x00003ebc   Section        0  usb_device_dci.o(i.USB_DeviceControl)
    USB_DeviceControl                        0x00003ebd   Thumb Code    52  usb_device_dci.o(i.USB_DeviceControl)
    i.USB_DeviceControlCallback              0x00003ef0   Section        0  usb_device_ch9.o(i.USB_DeviceControlCallback)
    i.USB_DeviceControlCallbackFeedback      0x00004124   Section        0  usb_device_ch9.o(i.USB_DeviceControlCallbackFeedback)
    USB_DeviceControlCallbackFeedback        0x00004125   Thumb Code   132  usb_device_ch9.o(i.USB_DeviceControlCallbackFeedback)
    i.USB_DeviceControlPipeInit              0x000041a8   Section        0  usb_device_ch9.o(i.USB_DeviceControlPipeInit)
    i.USB_DeviceDeinit                       0x0000420c   Section        0  usb_device_dci.o(i.USB_DeviceDeinit)
    i.USB_DeviceDeinitEndpoint               0x00004232   Section        0  usb_device_dci.o(i.USB_DeviceDeinitEndpoint)
    i.USB_DeviceEhciCancel                   0x000042aa   Section        0  usb_device_ehci.o(i.USB_DeviceEhciCancel)
    i.USB_DeviceEhciCancelControlPipe        0x00004414   Section        0  usb_device_ehci.o(i.USB_DeviceEhciCancelControlPipe)
    USB_DeviceEhciCancelControlPipe          0x00004415   Thumb Code   258  usb_device_ehci.o(i.USB_DeviceEhciCancelControlPipe)
    i.USB_DeviceEhciControl                  0x00004516   Section        0  usb_device_ehci.o(i.USB_DeviceEhciControl)
    i.USB_DeviceEhciDeinit                   0x0000468a   Section        0  usb_device_ehci.o(i.USB_DeviceEhciDeinit)
    i.USB_DeviceEhciEndpointDeinit           0x000046c0   Section        0  usb_device_ehci.o(i.USB_DeviceEhciEndpointDeinit)
    USB_DeviceEhciEndpointDeinit             0x000046c1   Thumb Code   162  usb_device_ehci.o(i.USB_DeviceEhciEndpointDeinit)
    i.USB_DeviceEhciEndpointInit             0x00004762   Section        0  usb_device_ehci.o(i.USB_DeviceEhciEndpointInit)
    USB_DeviceEhciEndpointInit               0x00004763   Thumb Code   358  usb_device_ehci.o(i.USB_DeviceEhciEndpointInit)
    i.USB_DeviceEhciEndpointStall            0x000048c8   Section        0  usb_device_ehci.o(i.USB_DeviceEhciEndpointStall)
    USB_DeviceEhciEndpointStall              0x000048c9   Thumb Code   158  usb_device_ehci.o(i.USB_DeviceEhciEndpointStall)
    i.USB_DeviceEhciEndpointUnstall          0x00004966   Section        0  usb_device_ehci.o(i.USB_DeviceEhciEndpointUnstall)
    USB_DeviceEhciEndpointUnstall            0x00004967   Thumb Code   128  usb_device_ehci.o(i.USB_DeviceEhciEndpointUnstall)
    i.USB_DeviceEhciFillSetupBuffer          0x000049e6   Section        0  usb_device_ehci.o(i.USB_DeviceEhciFillSetupBuffer)
    USB_DeviceEhciFillSetupBuffer            0x000049e7   Thumb Code   126  usb_device_ehci.o(i.USB_DeviceEhciFillSetupBuffer)
    i.USB_DeviceEhciInit                     0x00004a64   Section        0  usb_device_ehci.o(i.USB_DeviceEhciInit)
    i.USB_DeviceEhciInterruptPortChange      0x00004b10   Section        0  usb_device_ehci.o(i.USB_DeviceEhciInterruptPortChange)
    USB_DeviceEhciInterruptPortChange        0x00004b11   Thumb Code    80  usb_device_ehci.o(i.USB_DeviceEhciInterruptPortChange)
    i.USB_DeviceEhciInterruptReset           0x00004b60   Section        0  usb_device_ehci.o(i.USB_DeviceEhciInterruptReset)
    USB_DeviceEhciInterruptReset             0x00004b61   Thumb Code   106  usb_device_ehci.o(i.USB_DeviceEhciInterruptReset)
    i.USB_DeviceEhciInterruptSof             0x00004bca   Section        0  usb_device_ehci.o(i.USB_DeviceEhciInterruptSof)
    USB_DeviceEhciInterruptSof               0x00004bcb   Thumb Code     2  usb_device_ehci.o(i.USB_DeviceEhciInterruptSof)
    i.USB_DeviceEhciInterruptTokenDone       0x00004bcc   Section        0  usb_device_ehci.o(i.USB_DeviceEhciInterruptTokenDone)
    USB_DeviceEhciInterruptTokenDone         0x00004bcd   Thumb Code   648  usb_device_ehci.o(i.USB_DeviceEhciInterruptTokenDone)
    i.USB_DeviceEhciIsrFunction              0x00004e54   Section        0  usb_device_ehci.o(i.USB_DeviceEhciIsrFunction)
    i.USB_DeviceEhciRecv                     0x00004eac   Section        0  usb_device_ehci.o(i.USB_DeviceEhciRecv)
    i.USB_DeviceEhciSend                     0x00004eca   Section        0  usb_device_ehci.o(i.USB_DeviceEhciSend)
    i.USB_DeviceEhciSetDefaultState          0x00004eec   Section        0  usb_device_ehci.o(i.USB_DeviceEhciSetDefaultState)
    USB_DeviceEhciSetDefaultState            0x00004eed   Thumb Code   198  usb_device_ehci.o(i.USB_DeviceEhciSetDefaultState)
    i.USB_DeviceEhciTransfer                 0x00004fb2   Section        0  usb_device_ehci.o(i.USB_DeviceEhciTransfer)
    USB_DeviceEhciTransfer                   0x00004fb3   Thumb Code   528  usb_device_ehci.o(i.USB_DeviceEhciTransfer)
    i.USB_DeviceFreeHandle                   0x000051c2   Section        0  usb_device_dci.o(i.USB_DeviceFreeHandle)
    USB_DeviceFreeHandle                     0x000051c3   Thumb Code    28  usb_device_dci.o(i.USB_DeviceFreeHandle)
    i.USB_DeviceGetConfigurationDescriptor   0x000051e0   Section        0  usb_device_descriptor.o(i.USB_DeviceGetConfigurationDescriptor)
    i.USB_DeviceGetControllerInterface       0x000051fc   Section        0  usb_device_dci.o(i.USB_DeviceGetControllerInterface)
    USB_DeviceGetControllerInterface         0x000051fd   Thumb Code    30  usb_device_dci.o(i.USB_DeviceGetControllerInterface)
    i.USB_DeviceGetDeviceDescriptor          0x00005220   Section        0  usb_device_descriptor.o(i.USB_DeviceGetDeviceDescriptor)
    i.USB_DeviceGetStatus                    0x00005234   Section        0  usb_device_dci.o(i.USB_DeviceGetStatus)
    i.USB_DeviceGetStringDescriptor          0x000052c8   Section        0  usb_device_descriptor.o(i.USB_DeviceGetStringDescriptor)
    i.USB_DeviceInit                         0x00005344   Section        0  usb_device_dci.o(i.USB_DeviceInit)
    i.USB_DeviceInitEndpoint                 0x0000544a   Section        0  usb_device_dci.o(i.USB_DeviceInitEndpoint)
    i.USB_DeviceIsrEnable                    0x000054c8   Section        0  cdcacm.o(i.USB_DeviceIsrEnable)
    i.USB_DeviceNotification                 0x0000552c   Section        0  usb_device_dci.o(i.USB_DeviceNotification)
    USB_DeviceNotification                   0x0000552d   Thumb Code   172  usb_device_dci.o(i.USB_DeviceNotification)
    i.USB_DeviceNotificationTrigger          0x000055d8   Section        0  usb_device_dci.o(i.USB_DeviceNotificationTrigger)
    i.USB_DeviceRecvRequest                  0x00005600   Section        0  usb_device_dci.o(i.USB_DeviceRecvRequest)
    i.USB_DeviceResetNotification            0x0000561e   Section        0  usb_device_dci.o(i.USB_DeviceResetNotification)
    USB_DeviceResetNotification              0x0000561f   Thumb Code   100  usb_device_dci.o(i.USB_DeviceResetNotification)
    i.USB_DeviceRun                          0x00005682   Section        0  usb_device_dci.o(i.USB_DeviceRun)
    i.USB_DeviceSendRequest                  0x00005692   Section        0  usb_device_dci.o(i.USB_DeviceSendRequest)
    i.USB_DeviceSetSpeed                     0x000056b4   Section        0  usb_device_descriptor.o(i.USB_DeviceSetSpeed)
    i.USB_DeviceSetStatus                    0x00005814   Section        0  usb_device_dci.o(i.USB_DeviceSetStatus)
    i.USB_DeviceStallEndpoint                0x000058bc   Section        0  usb_device_dci.o(i.USB_DeviceStallEndpoint)
    i.USB_DeviceTransfer                     0x000058dc   Section        0  usb_device_dci.o(i.USB_DeviceTransfer)
    USB_DeviceTransfer                       0x000058dd   Thumb Code   194  usb_device_dci.o(i.USB_DeviceTransfer)
    i.USB_DeviceUnstallEndpoint              0x0000599e   Section        0  usb_device_dci.o(i.USB_DeviceUnstallEndpoint)
    i.USB_EhciPhyGetBase                     0x000059c0   Section        0  usb_phy.o(i.USB_EhciPhyGetBase)
    i.USB_EhciPhyInit                        0x00005a20   Section        0  usb_phy.o(i.USB_EhciPhyInit)
    i.USB_OTG1_IRQHandler                    0x00005a90   Section        0  cdcacm.o(i.USB_OTG1_IRQHandler)
    i.USB_OTG2_IRQHandler                    0x00005aa0   Section        0  cdcacm.o(i.USB_OTG2_IRQHandler)
    i.USB_OsaEnterCritical                   0x00005ab0   Section        0  usb_osa_bm.o(i.USB_OsaEnterCritical)
    i.USB_OsaExitCritical                    0x00005ac4   Section        0  usb_osa_bm.o(i.USB_OsaExitCritical)
    i.USB_OsaMutexCreate                     0x00005ad4   Section        0  usb_osa_bm.o(i.USB_OsaMutexCreate)
    i.USB_OsaMutexDestroy                    0x00005ae8   Section        0  usb_osa_bm.o(i.USB_OsaMutexDestroy)
    i.__ARM_fpclassify                       0x00005aee   Section        0  fpclassify.o(i.__ARM_fpclassify)
    i.__hardfp_modf                          0x00005b20   Section        0  modf.o(i.__hardfp_modf)
    i.__hardfp_pow                           0x00005be0   Section        0  pow.o(i.__hardfp_pow)
    i.__kernel_poly                          0x000064b8   Section        0  poly.o(i.__kernel_poly)
    i.__mathlib_dbl_divzero                  0x00006528   Section        0  dunder.o(i.__mathlib_dbl_divzero)
    i.__mathlib_dbl_infnan2                  0x00006548   Section        0  dunder.o(i.__mathlib_dbl_infnan2)
    i.__mathlib_dbl_invalid                  0x00006550   Section        0  dunder.o(i.__mathlib_dbl_invalid)
    i.__mathlib_dbl_overflow                 0x00006568   Section        0  dunder.o(i.__mathlib_dbl_overflow)
    i.__mathlib_dbl_underflow                0x00006580   Section        0  dunder.o(i.__mathlib_dbl_underflow)
    i.__set_errno                            0x00006598   Section        0  errno.o(i.__set_errno)
    i.board_init_power                       0x000065a4   Section        0  board.o(i.board_init_power)
    i.fabs                                   0x000065f4   Section        0  fabs.o(i.fabs)
    i.main                                   0x0000660c   Section        0  main_imxrt1052.o(i.main)
    i.sqrt                                   0x0000662c   Section        0  sqrt.o(i.sqrt)
    i.system_clock_info                      0x00006698   Section        0  board.o(i.system_clock_info)
    .constdata                               0x0000682c   Section        3  cdcacm.o(.constdata)
    .constdata                               0x00006830   Section       52  usb_device_ch9.o(.constdata)
    s_UsbDeviceStandardRequest               0x00006830   Data          52  usb_device_ch9.o(.constdata)
    .constdata                               0x00006864   Section       32  usb_device_class.o(.constdata)
    s_UsbDeviceClassInterfaceMap             0x00006864   Data          32  usb_device_class.o(.constdata)
    .constdata                               0x00006884   Section        8  usb_device_ehci.o(.constdata)
    .constdata                               0x0000688c   Section       24  usb_device_dci.o(.constdata)
    s_UsbDeviceEhciInterface                 0x0000688c   Data          24  usb_device_dci.o(.constdata)
    .constdata                               0x000068a4   Section       24  usb_phy.o(.constdata)
    .constdata                               0x000068bc   Section       16  fsl_clock.o(.constdata)
    .constdata                               0x000068cc   Section       36  fsl_gpio.o(.constdata)
    s_gpioBases                              0x000068cc   Data          24  fsl_gpio.o(.constdata)
    s_gpioClock                              0x000068e4   Data          12  fsl_gpio.o(.constdata)
    .constdata                               0x000068f0   Section       72  fsl_lpuart.o(.constdata)
    s_lpuartBases                            0x000068f0   Data          36  fsl_lpuart.o(.constdata)
    s_lpuartIRQ                              0x00006914   Data          18  fsl_lpuart.o(.constdata)
    s_lpuartClock                            0x00006926   Data          18  fsl_lpuart.o(.constdata)
    .constdata                               0x00006938   Section       26  clock_config.o(.constdata)
    .constdata                               0x00006958   Section      136  pow.o(.constdata)
    bp                                       0x00006958   Data          16  pow.o(.constdata)
    dp_h                                     0x00006968   Data          16  pow.o(.constdata)
    dp_l                                     0x00006978   Data          16  pow.o(.constdata)
    L                                        0x00006988   Data          48  pow.o(.constdata)
    P                                        0x000069b8   Data          40  pow.o(.constdata)
    .constdata                               0x000069e0   Section        8  qnan.o(.constdata)
    .conststring                             0x000069e8   Section      137  usb_device_cdc_acm.o(.conststring)
    .data                                    0x20000000   Section       48  cdcacm.o(.data)
    s_lineCoding                             0x20000000   Data           7  cdcacm.o(.data)
    s_abstractState                          0x20000008   Data           2  cdcacm.o(.data)
    s_countryCode                            0x2000000c   Data           2  cdcacm.o(.data)
    s_recvSize                               0x20000010   Data           4  cdcacm.o(.data)
    s_sendSize                               0x20000014   Data           4  cdcacm.o(.data)
    s_cdcAcmConfig                           0x20000018   Data          12  cdcacm.o(.data)
    s_cdcAcmConfigList                       0x20000024   Data          12  cdcacm.o(.data)
    .data                                    0x20000030   Section      312  usb_device_descriptor.o(.data)
    .data                                    0x20000168   Section        4  system_mimxrt1052.o(.data)
    .data                                    0x2000016c   Section        8  fsl_clock.o(.data)
    .data                                    0x20000174   Section        4  fsl_flexspi.o(.data)
    s_flexspiHandle                          0x20000174   Data           4  fsl_flexspi.o(.data)
    .data                                    0x20000178   Section        4  fsl_lpuart.o(.data)
    s_lpuartIsr                              0x20000178   Data           4  fsl_lpuart.o(.data)
    .data                                    0x2000017c   Section        8  fsl_io.o(.data)
    s_debugConsoleIO                         0x2000017c   Data           8  fsl_io.o(.data)
    .data                                    0x20000184   Section        4  errno.o(.data)
    _errno                                   0x20000184   Data           4  errno.o(.data)
    .bss                                     0x20000188   Section     1060  cdcacm.o(.bss)
    s_usbCdcAcmInfo                          0x20000198   Data          18  cdcacm.o(.bss)
    s_currRecvBuf                            0x200001ac   Data         512  cdcacm.o(.bss)
    s_currSendBuf                            0x200003ac   Data         512  cdcacm.o(.bss)
    .bss                                     0x20000800   Section     1116  usb_device_ehci.o(.bss)
    qh_buffer                                0x20000800   Data         512  usb_device_ehci.o(.bss)
    s_UsbDeviceEhciDtd                       0x20000a00   Data         512  usb_device_ehci.o(.bss)
    g_UsbDeviceEhciSate                      0x20000c00   Data          92  usb_device_ehci.o(.bss)
    .bss                                     0x20000c5c   Section       36  fsl_lpuart.o(.bss)
    s_lpuartHandle                           0x20000c5c   Data          36  fsl_lpuart.o(.bss)
    .bss.m_usb_global                        0x20000c80   Section       68  usb_device_cdc_acm.o(.bss.m_usb_global)
    .bss.m_usb_global                        0x20000cc4   Section       24  usb_device_class.o(.bss.m_usb_global)
    s_UsbDeviceCommonClassStruct             0x20000cc4   Data          16  usb_device_class.o(.bss.m_usb_global)
    s_UsbDeviceSetupBuffer                   0x20000cd4   Data           8  usb_device_class.o(.bss.m_usb_global)
    .bss.m_usb_global                        0x20000cdc   Section      112  usb_device_dci.o(.bss.m_usb_global)
    s_UsbDevice                              0x20000cdc   Data         112  usb_device_dci.o(.bss.m_usb_global)
    .boot_hdr.conf                           0x60000000   Section      512  uavrs_v2_flexspi_nor_flash.o(.boot_hdr.conf)
    .boot_hdr.ivt                            0x60001000   Section       32  fsl_flexspi_nor_boot.o(.boot_hdr.ivt)
    .boot_hdr.boot_data                      0x60001020   Section       16  fsl_flexspi_nor_boot.o(.boot_hdr.boot_data)
    .boot_hdr.dcd_data                       0x60001030   Section     1072  uavrs_v2_sdram_ini_dcd.o(.boot_hdr.dcd_data)
    RESET                                    0x60002000   Section     1024  startup_mimxrt1052.o(RESET)
    .ARM.Collect$$$$00000000                 0x60002400   Section        0  entry.o(.ARM.Collect$$$$00000000)
    .ARM.Collect$$$$00000003                 0x60002400   Section        4  entry4.o(.ARM.Collect$$$$00000003)
    .ARM.Collect$$$$00000004                 0x60002404   Section        4  entry5.o(.ARM.Collect$$$$00000004)
    .ARM.Collect$$$$00000008                 0x60002408   Section        0  entry7b.o(.ARM.Collect$$$$00000008)
    .ARM.Collect$$$$0000000A                 0x60002408   Section        0  entry8b.o(.ARM.Collect$$$$0000000A)
    .ARM.Collect$$$$0000000B                 0x60002408   Section        8  entry9a.o(.ARM.Collect$$$$0000000B)
    .ARM.Collect$$$$0000000D                 0x60002410   Section        0  entry10a.o(.ARM.Collect$$$$0000000D)
    .ARM.Collect$$$$0000000F                 0x60002410   Section        0  entry11a.o(.ARM.Collect$$$$0000000F)
    .ARM.Collect$$$$00002714                 0x60002410   Section        4  entry4.o(.ARM.Collect$$$$00002714)
    __lit__00000000                          0x60002410   Data           4  entry4.o(.ARM.Collect$$$$00002714)
    .text                                    0x60002414   Section      444  startup_mimxrt1052.o(.text)
    $v0                                      0x60002414   Number         0  startup_mimxrt1052.o(.text)
    .text                                    0x600025d0   Section       36  init.o(.text)
    i.SCB_EnableDCache                       0x600025f4   Section        0  system_mimxrt1052.o(i.SCB_EnableDCache)
    SCB_EnableDCache                         0x600025f5   Thumb Code   148  system_mimxrt1052.o(i.SCB_EnableDCache)
    i.SCB_EnableICache                       0x60002690   Section        0  system_mimxrt1052.o(i.SCB_EnableICache)
    SCB_EnableICache                         0x60002691   Thumb Code   116  system_mimxrt1052.o(i.SCB_EnableICache)
    i.SystemInit                             0x6000270c   Section        0  system_mimxrt1052.o(i.SystemInit)
    i.SystemInitHook                         0x600027d8   Section        0  system_mimxrt1052.o(i.SystemInitHook)
    i.__scatterload_copy                     0x600027da   Section       14  handlers.o(i.__scatterload_copy)
    i.__scatterload_null                     0x600027e8   Section        2  handlers.o(i.__scatterload_null)
    i.__scatterload_zeroinit                 0x600027ea   Section       14  handlers.o(i.__scatterload_zeroinit)

    Global Symbols

    Symbol Name                              Value     Ov Type        Size  Object(Section)

    BuildAttributes$$THM_ISAv4$E$P$D$K$B$S$7EM$VFPv5_D16$PE$PLD8$A:L22UL41UL21$X:L11$S22US41US21$IEEE1$IW$USESV6$~STKCKD$USESV7$~SHL$OTIME$ROPI$IEEEX$EBA8$MICROLIB$REQ8$PRES8$EABIv2 0x00000000   Number         0  anon$$obj.o ABSOLUTE
    Image$$VECTOR_RAM$$Base                  0x00000000   Number         0  anon$$obj.o ABSOLUTE
    __ARM_use_no_argv                        0x00000000   Number         0  main_imxrt1052.o ABSOLUTE
    __cpp_initialize__aeabi_                  - Undefined Weak Reference
    __cxa_finalize                            - Undefined Weak Reference
    _clock_init                               - Undefined Weak Reference
    _microlib_exit                            - Undefined Weak Reference
    Image$$ER_m_ram_text$$Base               0x00000400   Number         0  anon$$obj.o ABSOLUTE
    __Vectors_Size                           0x00000400   Number         0  startup_mimxrt1052.o ABSOLUTE
    __aeabi_uldivmod                         0x00000401   Thumb Code    98  uldiv.o(.text)
    __aeabi_ldivmod                          0x00000463   Thumb Code    98  ldiv.o(.text)
    __aeabi_memset                           0x000004c5   Thumb Code    14  memseta.o(.text)
    __aeabi_memset4                          0x000004c5   Thumb Code     0  memseta.o(.text)
    __aeabi_memset8                          0x000004c5   Thumb Code     0  memseta.o(.text)
    __aeabi_memclr                           0x000004d3   Thumb Code     4  memseta.o(.text)
    __aeabi_memclr4                          0x000004d3   Thumb Code     0  memseta.o(.text)
    __aeabi_memclr8                          0x000004d3   Thumb Code     0  memseta.o(.text)
    _memset$wrapper                          0x000004d7   Thumb Code    18  memseta.o(.text)
    strlen                                   0x000004e9   Thumb Code    14  strlen.o(.text)
    __aeabi_l2d                              0x000004f7   Thumb Code    40  dfltl.o(.text)
    __aeabi_d2lz                             0x0000051f   Thumb Code    74  dfixl.o(.text)
    __aeabi_llsl                             0x00000569   Thumb Code    30  llshl.o(.text)
    _ll_shift_l                              0x00000569   Thumb Code     0  llshl.o(.text)
    __aeabi_llsr                             0x00000587   Thumb Code    32  llushr.o(.text)
    _ll_ushift_r                             0x00000587   Thumb Code     0  llushr.o(.text)
    __I$use$fp                               0x000005a7   Thumb Code     0  iusefp.o(.text)
    _double_round                            0x000005a7   Thumb Code    30  depilogue.o(.text)
    _double_epilogue                         0x000005c5   Thumb Code   156  depilogue.o(.text)
    __ARM_scalbn                             0x00000661   Thumb Code    46  dscalb.o(.text)
    scalbn                                   0x00000661   Thumb Code     0  dscalb.o(.text)
    __decompress                             0x0000068f   Thumb Code     0  __dczerorl2.o(.text)
    __decompress1                            0x0000068f   Thumb Code    86  __dczerorl2.o(.text)
    BOARD_BootClockRUN                       0x000006e5   Thumb Code   598  clock_config.o(i.BOARD_BootClockRUN)
    BOARD_ConfigMPU                          0x000009d9   Thumb Code   394  board.o(i.BOARD_ConfigMPU)
    BOARD_DebugConsoleSrcFreq                0x00000b91   Thumb Code    92  board.o(i.BOARD_DebugConsoleSrcFreq)
    BOARD_InitDebugConsole                   0x00000c09   Thumb Code    24  board.o(i.BOARD_InitDebugConsole)
    BOARD_InitPins                           0x00000c25   Thumb Code   134  pin_mux.o(i.BOARD_InitPins)
    CLOCK_EnableUsbhs0Clock                  0x00000cdd   Thumb Code    82  fsl_clock.o(i.CLOCK_EnableUsbhs0Clock)
    CLOCK_EnableUsbhs0PhyPllClock            0x00000d45   Thumb Code    80  fsl_clock.o(i.CLOCK_EnableUsbhs0PhyPllClock)
    CLOCK_GetFreq                            0x00000dbd   Thumb Code   344  fsl_clock.o(i.CLOCK_GetFreq)
    CLOCK_GetPllFreq                         0x00001019   Thumb Code   530  fsl_clock.o(i.CLOCK_GetPllFreq)
    CLOCK_GetSysPfdFreq                      0x00001245   Thumb Code   100  fsl_clock.o(i.CLOCK_GetSysPfdFreq)
    CLOCK_GetUsb1PfdFreq                     0x000012b1   Thumb Code   100  fsl_clock.o(i.CLOCK_GetUsb1PfdFreq)
    CLOCK_InitArmPll                         0x0000131d   Thumb Code    82  fsl_clock.o(i.CLOCK_InitArmPll)
    CLOCK_InitSysPll                         0x00001375   Thumb Code    82  fsl_clock.o(i.CLOCK_InitSysPll)
    CLOCK_InitUsb1Pll                        0x000013cd   Thumb Code    82  fsl_clock.o(i.CLOCK_InitUsb1Pll)
    CopyAndUseRAMVectorTable                 0x000017c1   Thumb Code    78  board.o(i.CopyAndUseRAMVectorTable)
    DbgConsole_Init                          0x00001821   Thumb Code    28  fsl_debug_console.o(i.DbgConsole_Init)
    DbgConsole_Printf                        0x0000183d   Thumb Code    60  fsl_debug_console.o(i.DbgConsole_Printf)
    FLEXSPI_CheckAndClearError               0x000018bb   Thumb Code    86  fsl_flexspi.o(i.FLEXSPI_CheckAndClearError)
    FLEXSPI_DriverIRQHandler                 0x00001911   Thumb Code    14  fsl_flexspi.o(i.FLEXSPI_DriverIRQHandler)
    FLEXSPI_TransferAbort                    0x00001929   Thumb Code    18  fsl_flexspi.o(i.FLEXSPI_TransferAbort)
    FLEXSPI_TransferHandleIRQ                0x0000193b   Thumb Code   362  fsl_flexspi.o(i.FLEXSPI_TransferHandleIRQ)
    GPIO_PinInit                             0x00001ac5   Thumb Code   132  fsl_gpio.o(i.GPIO_PinInit)
    GPIO_PinSetInterruptConfig               0x00001b51   Thumb Code   138  fsl_gpio.o(i.GPIO_PinSetInterruptConfig)
    GPIO_PinWrite                            0x00001bdb   Thumb Code    28  fsl_gpio.o(i.GPIO_PinWrite)
    IO_Init                                  0x00001c45   Thumb Code   116  fsl_io.o(i.IO_Init)
    IO_Transfer                              0x00001cbd   Thumb Code    64  fsl_io.o(i.IO_Transfer)
    LOG_Init                                 0x00001d01   Thumb Code    36  fsl_log.o(i.LOG_Init)
    LOG_Pop                                  0x00001d25   Thumb Code    34  fsl_log.o(i.LOG_Pop)
    LOG_Push                                 0x00001d47   Thumb Code    16  fsl_log.o(i.LOG_Push)
    LPUART1_DriverIRQHandler                 0x00001d59   Thumb Code    16  fsl_lpuart.o(i.LPUART1_DriverIRQHandler)
    LPUART2_DriverIRQHandler                 0x00001d75   Thumb Code    16  fsl_lpuart.o(i.LPUART2_DriverIRQHandler)
    LPUART3_DriverIRQHandler                 0x00001d91   Thumb Code    16  fsl_lpuart.o(i.LPUART3_DriverIRQHandler)
    LPUART4_DriverIRQHandler                 0x00001dad   Thumb Code    16  fsl_lpuart.o(i.LPUART4_DriverIRQHandler)
    LPUART5_DriverIRQHandler                 0x00001dc9   Thumb Code    16  fsl_lpuart.o(i.LPUART5_DriverIRQHandler)
    LPUART6_DriverIRQHandler                 0x00001de5   Thumb Code    16  fsl_lpuart.o(i.LPUART6_DriverIRQHandler)
    LPUART7_DriverIRQHandler                 0x00001e01   Thumb Code    16  fsl_lpuart.o(i.LPUART7_DriverIRQHandler)
    LPUART8_DriverIRQHandler                 0x00001e1d   Thumb Code    16  fsl_lpuart.o(i.LPUART8_DriverIRQHandler)
    LPUART_ClearStatusFlags                  0x00001e39   Thumb Code    82  fsl_lpuart.o(i.LPUART_ClearStatusFlags)
    LPUART_GetDefaultConfig                  0x00001e91   Thumb Code    38  fsl_lpuart.o(i.LPUART_GetDefaultConfig)
    LPUART_GetInstance                       0x00001eb9   Thumb Code    28  fsl_lpuart.o(i.LPUART_GetInstance)
    LPUART_GetStatusFlags                    0x00001ed9   Thumb Code    16  fsl_lpuart.o(i.LPUART_GetStatusFlags)
    LPUART_Init                              0x00001ee9   Thumb Code   482  fsl_lpuart.o(i.LPUART_Init)
    LPUART_ReadBlocking                      0x000020d5   Thumb Code   188  fsl_lpuart.o(i.LPUART_ReadBlocking)
    LPUART_WriteBlocking                     0x00002191   Thumb Code    32  fsl_lpuart.o(i.LPUART_WriteBlocking)
    StrFormatPrintf                          0x00002369   Thumb Code  1576  fsl_str.o(i.StrFormatPrintf)
    USB_DeviceApplicationInit                0x00002a15   Thumb Code    68  cdcacm.o(i.USB_DeviceApplicationInit)
    USB_DeviceCallback                       0x00002aa1   Thumb Code   202  cdcacm.o(i.USB_DeviceCallback)
    USB_DeviceCdcAcmBulkIn                   0x00002ba9   Thumb Code    54  usb_device_cdc_acm.o(i.USB_DeviceCdcAcmBulkIn)
    USB_DeviceCdcAcmBulkOut                  0x00002bdf   Thumb Code    56  usb_device_cdc_acm.o(i.USB_DeviceCdcAcmBulkOut)
    USB_DeviceCdcAcmDeinit                   0x00002c19   Thumb Code    74  usb_device_cdc_acm.o(i.USB_DeviceCdcAcmDeinit)
    USB_DeviceCdcAcmEndpointsDeinit          0x00002c7d   Thumb Code    88  usb_device_cdc_acm.o(i.USB_DeviceCdcAcmEndpointsDeinit)
    USB_DeviceCdcAcmEndpointsInit            0x00002cd5   Thumb Code   576  usb_device_cdc_acm.o(i.USB_DeviceCdcAcmEndpointsInit)
    USB_DeviceCdcAcmEvent                    0x00002f21   Thumb Code   950  usb_device_cdc_acm.o(i.USB_DeviceCdcAcmEvent)
    USB_DeviceCdcAcmInit                     0x000032f5   Thumb Code   126  usb_device_cdc_acm.o(i.USB_DeviceCdcAcmInit)
    USB_DeviceCdcAcmInterruptIn              0x00003389   Thumb Code    56  usb_device_cdc_acm.o(i.USB_DeviceCdcAcmInterruptIn)
    USB_DeviceCdcAcmRecv                     0x000033c1   Thumb Code   100  usb_device_cdc_acm.o(i.USB_DeviceCdcAcmRecv)
    USB_DeviceCdcAcmSend                     0x00003425   Thumb Code   134  usb_device_cdc_acm.o(i.USB_DeviceCdcAcmSend)
    USB_DeviceCdcVcomCallback                0x000034ad   Thumb Code   548  cdcacm.o(i.USB_DeviceCdcVcomCallback)
    USB_DeviceClassCallback                  0x00003b75   Thumb Code    68  usb_device_class.o(i.USB_DeviceClassCallback)
    USB_DeviceClassEvent                     0x00003bb9   Thumb Code   150  usb_device_class.o(i.USB_DeviceClassEvent)
    USB_DeviceClassGetDeviceHandle           0x00003cb1   Thumb Code    74  usb_device_class.o(i.USB_DeviceClassGetDeviceHandle)
    USB_DeviceClassGetSpeed                  0x00003d91   Thumb Code    42  usb_device_class.o(i.USB_DeviceClassGetSpeed)
    USB_DeviceClassInit                      0x00003dbd   Thumb Code   200  usb_device_class.o(i.USB_DeviceClassInit)
    USB_DeviceClockInit                      0x00003e8d   Thumb Code    36  cdcacm.o(i.USB_DeviceClockInit)
    USB_DeviceControlCallback                0x00003ef1   Thumb Code   560  usb_device_ch9.o(i.USB_DeviceControlCallback)
    USB_DeviceControlPipeInit                0x000041a9   Thumb Code    94  usb_device_ch9.o(i.USB_DeviceControlPipeInit)
    USB_DeviceDeinit                         0x0000420d   Thumb Code    38  usb_device_dci.o(i.USB_DeviceDeinit)
    USB_DeviceDeinitEndpoint                 0x00004233   Thumb Code   120  usb_device_dci.o(i.USB_DeviceDeinitEndpoint)
    USB_DeviceEhciCancel                     0x000042ab   Thumb Code   362  usb_device_ehci.o(i.USB_DeviceEhciCancel)
    USB_DeviceEhciControl                    0x00004517   Thumb Code   372  usb_device_ehci.o(i.USB_DeviceEhciControl)
    USB_DeviceEhciDeinit                     0x0000468b   Thumb Code    54  usb_device_ehci.o(i.USB_DeviceEhciDeinit)
    USB_DeviceEhciInit                       0x00004a65   Thumb Code   156  usb_device_ehci.o(i.USB_DeviceEhciInit)
    USB_DeviceEhciIsrFunction                0x00004e55   Thumb Code    88  usb_device_ehci.o(i.USB_DeviceEhciIsrFunction)
    USB_DeviceEhciRecv                       0x00004ead   Thumb Code    30  usb_device_ehci.o(i.USB_DeviceEhciRecv)
    USB_DeviceEhciSend                       0x00004ecb   Thumb Code    34  usb_device_ehci.o(i.USB_DeviceEhciSend)
    USB_DeviceGetConfigurationDescriptor     0x000051e1   Thumb Code    24  usb_device_descriptor.o(i.USB_DeviceGetConfigurationDescriptor)
    USB_DeviceGetDeviceDescriptor            0x00005221   Thumb Code    14  usb_device_descriptor.o(i.USB_DeviceGetDeviceDescriptor)
    USB_DeviceGetStatus                      0x00005235   Thumb Code   146  usb_device_dci.o(i.USB_DeviceGetStatus)
    USB_DeviceGetStringDescriptor            0x000052c9   Thumb Code   120  usb_device_descriptor.o(i.USB_DeviceGetStringDescriptor)
    USB_DeviceInit                           0x00005345   Thumb Code   262  usb_device_dci.o(i.USB_DeviceInit)
    USB_DeviceInitEndpoint                   0x0000544b   Thumb Code   126  usb_device_dci.o(i.USB_DeviceInitEndpoint)
    USB_DeviceIsrEnable                      0x000054c9   Thumb Code    88  cdcacm.o(i.USB_DeviceIsrEnable)
    USB_DeviceNotificationTrigger            0x000055d9   Thumb Code    40  usb_device_dci.o(i.USB_DeviceNotificationTrigger)
    USB_DeviceRecvRequest                    0x00005601   Thumb Code    30  usb_device_dci.o(i.USB_DeviceRecvRequest)
    USB_DeviceRun                            0x00005683   Thumb Code    16  usb_device_dci.o(i.USB_DeviceRun)
    USB_DeviceSendRequest                    0x00005693   Thumb Code    34  usb_device_dci.o(i.USB_DeviceSendRequest)
    USB_DeviceSetSpeed                       0x000056b5   Thumb Code   340  usb_device_descriptor.o(i.USB_DeviceSetSpeed)
    USB_DeviceSetStatus                      0x00005815   Thumb Code   168  usb_device_dci.o(i.USB_DeviceSetStatus)
    USB_DeviceStallEndpoint                  0x000058bd   Thumb Code    32  usb_device_dci.o(i.USB_DeviceStallEndpoint)
    USB_DeviceUnstallEndpoint                0x0000599f   Thumb Code    32  usb_device_dci.o(i.USB_DeviceUnstallEndpoint)
    USB_EhciPhyGetBase                       0x000059c1   Thumb Code    90  usb_phy.o(i.USB_EhciPhyGetBase)
    USB_EhciPhyInit                          0x00005a21   Thumb Code   102  usb_phy.o(i.USB_EhciPhyInit)
    USB_OTG1_IRQHandler                      0x00005a91   Thumb Code    12  cdcacm.o(i.USB_OTG1_IRQHandler)
    USB_OTG2_IRQHandler                      0x00005aa1   Thumb Code    12  cdcacm.o(i.USB_OTG2_IRQHandler)
    USB_OsaEnterCritical                     0x00005ab1   Thumb Code    20  usb_osa_bm.o(i.USB_OsaEnterCritical)
    USB_OsaExitCritical                      0x00005ac5   Thumb Code    14  usb_osa_bm.o(i.USB_OsaExitCritical)
    USB_OsaMutexCreate                       0x00005ad5   Thumb Code    16  usb_osa_bm.o(i.USB_OsaMutexCreate)
    USB_OsaMutexDestroy                      0x00005ae9   Thumb Code     6  usb_osa_bm.o(i.USB_OsaMutexDestroy)
    __ARM_fpclassify                         0x00005aef   Thumb Code    48  fpclassify.o(i.__ARM_fpclassify)
    __hardfp_modf                            0x00005b21   Thumb Code   186  modf.o(i.__hardfp_modf)
    __hardfp_pow                             0x00005be1   Thumb Code  2116  pow.o(i.__hardfp_pow)
    __kernel_poly                            0x000064b9   Thumb Code   112  poly.o(i.__kernel_poly)
    __mathlib_dbl_divzero                    0x00006529   Thumb Code    14  dunder.o(i.__mathlib_dbl_divzero)
    __mathlib_dbl_infnan2                    0x00006549   Thumb Code     6  dunder.o(i.__mathlib_dbl_infnan2)
    __mathlib_dbl_invalid                    0x00006551   Thumb Code    10  dunder.o(i.__mathlib_dbl_invalid)
    __mathlib_dbl_overflow                   0x00006569   Thumb Code    10  dunder.o(i.__mathlib_dbl_overflow)
    __mathlib_dbl_underflow                  0x00006581   Thumb Code    10  dunder.o(i.__mathlib_dbl_underflow)
    __set_errno                              0x00006599   Thumb Code     6  errno.o(i.__set_errno)
    board_init_power                         0x000065a5   Thumb Code    72  board.o(i.board_init_power)
    fabs                                     0x000065f5   Thumb Code    24  fabs.o(i.fabs)
    main                                     0x0000660d   Thumb Code    32  main_imxrt1052.o(i.main)
    sqrt                                     0x0000662d   Thumb Code   106  sqrt.o(i.sqrt)
    system_clock_info                        0x00006699   Thumb Code   144  board.o(i.system_clock_info)
    armPllConfig_BOARD_BootClockRUN          0x00006938   Data           8  clock_config.o(.constdata)
    sysPllConfig_BOARD_BootClockRUN          0x00006940   Data          16  clock_config.o(.constdata)
    usb1PllConfig_BOARD_BootClockRUN         0x00006950   Data           2  clock_config.o(.constdata)
    __mathlib_zero                           0x000069e0   Data           8  qnan.o(.constdata)
    g_UsbDeviceCdcVcomCicEndpoints           0x20000030   Data           4  usb_device_descriptor.o(.data)
    g_UsbDeviceCdcVcomDicEndpoints           0x20000034   Data           8  usb_device_descriptor.o(.data)
    g_UsbDeviceCdcVcomCommunicationInterface 0x2000003c   Data          16  usb_device_descriptor.o(.data)
    g_UsbDeviceCdcVcomDataInterface          0x2000004c   Data          16  usb_device_descriptor.o(.data)
    g_UsbDeviceCdcVcomInterfaces             0x2000005c   Data          24  usb_device_descriptor.o(.data)
    g_UsbDeviceCdcVcomInterfaceList          0x20000074   Data           8  usb_device_descriptor.o(.data)
    g_UsbDeviceCdcVcomConfig                 0x2000007c   Data           8  usb_device_descriptor.o(.data)
    g_UsbDeviceDescriptor                    0x20000084   Data          18  usb_device_descriptor.o(.data)
    g_UsbDeviceConfigurationDescriptor       0x20000098   Data          67  usb_device_descriptor.o(.data)
    g_UsbDeviceString0                       0x200000dc   Data           4  usb_device_descriptor.o(.data)
    g_UsbDeviceString1                       0x200000e0   Data          38  usb_device_descriptor.o(.data)
    g_UsbDeviceString2                       0x20000108   Data          42  usb_device_descriptor.o(.data)
    g_UsbDeviceStringDescriptorArray         0x20000134   Data          12  usb_device_descriptor.o(.data)
    g_UsbDeviceStringDescriptorLength        0x20000140   Data          12  usb_device_descriptor.o(.data)
    g_UsbDeviceLanguage                      0x2000014c   Data          12  usb_device_descriptor.o(.data)
    g_UsbDeviceLanguageList                  0x20000158   Data          16  usb_device_descriptor.o(.data)
    SystemCoreClock                          0x20000168   Data           4  system_mimxrt1052.o(.data)
    g_xtalFreq                               0x2000016c   Data           4  fsl_clock.o(.data)
    g_rtcXtalFreq                            0x20000170   Data           4  fsl_clock.o(.data)
    s_cdcVcom                                0x20000188   Data          16  cdcacm.o(.bss)
    g_cdcAcmHandle                           0x20000c80   Data          68  usb_device_cdc_acm.o(.bss.m_usb_global)
    Image$$ARM_LIB_HEAP$$ZI$$Base            0x20000d4c   Number         0  anon$$obj.o ABSOLUTE
    Image$$ARM_LIB_HEAP$$ZI$$Limit           0x2000114c   Number         0  anon$$obj.o ABSOLUTE
    Image$$ARM_LIB_STACK$$ZI$$Limit          0x20020000   Number         0  anon$$obj.o ABSOLUTE
    Image$$RW_m_config_text$$Base            0x60000000   Number         0  anon$$obj.o ABSOLUTE
    g_flash_config                           0x60000000   Data         512  uavrs_v2_flexspi_nor_flash.o(.boot_hdr.conf)
    image_vector_table                       0x60001000   Data          32  fsl_flexspi_nor_boot.o(.boot_hdr.ivt)
    boot_data                                0x60001020   Data          16  fsl_flexspi_nor_boot.o(.boot_hdr.boot_data)
    dcd_data                                 0x60001030   Data        1072  uavrs_v2_sdram_ini_dcd.o(.boot_hdr.dcd_data)
    Image$$VECTOR_ROM$$Base                  0x60002000   Number         0  anon$$obj.o ABSOLUTE
    __Vectors                                0x60002000   Data           4  startup_mimxrt1052.o(RESET)
    __Vectors_End                            0x60002400   Data           0  startup_mimxrt1052.o(RESET)
    __main                                   0x60002401   Thumb Code     0  entry.o(.ARM.Collect$$$$00000000)
    _main_stk                                0x60002401   Thumb Code     0  entry4.o(.ARM.Collect$$$$00000003)
    _main_scatterload                        0x60002405   Thumb Code     0  entry5.o(.ARM.Collect$$$$00000004)
    __main_after_scatterload                 0x60002409   Thumb Code     0  entry5.o(.ARM.Collect$$$$00000004)
    _main_clock                              0x60002409   Thumb Code     0  entry7b.o(.ARM.Collect$$$$00000008)
    _main_cpp_init                           0x60002409   Thumb Code     0  entry8b.o(.ARM.Collect$$$$0000000A)
    _main_init                               0x60002409   Thumb Code     0  entry9a.o(.ARM.Collect$$$$0000000B)
    __rt_final_cpp                           0x60002411   Thumb Code     0  entry10a.o(.ARM.Collect$$$$0000000D)
    __rt_final_exit                          0x60002411   Thumb Code     0  entry11a.o(.ARM.Collect$$$$0000000F)
    Reset_Handler                            0x60002415   Thumb Code    24  startup_mimxrt1052.o(.text)
    NMI_Handler                              0x6000242d   Thumb Code     2  startup_mimxrt1052.o(.text)
    HardFault_Handler                        0x6000242f   Thumb Code     2  startup_mimxrt1052.o(.text)
    MemManage_Handler                        0x60002431   Thumb Code     2  startup_mimxrt1052.o(.text)
    BusFault_Handler                         0x60002433   Thumb Code     2  startup_mimxrt1052.o(.text)
    UsageFault_Handler                       0x60002435   Thumb Code     2  startup_mimxrt1052.o(.text)
    SVC_Handler                              0x60002437   Thumb Code     2  startup_mimxrt1052.o(.text)
    DebugMon_Handler                         0x60002439   Thumb Code     2  startup_mimxrt1052.o(.text)
    PendSV_Handler                           0x6000243b   Thumb Code     2  startup_mimxrt1052.o(.text)
    SysTick_Handler                          0x6000243d   Thumb Code     2  startup_mimxrt1052.o(.text)
    DMA0_DMA16_IRQHandler                    0x6000243f   Thumb Code     4  startup_mimxrt1052.o(.text)
    DMA1_DMA17_IRQHandler                    0x60002443   Thumb Code     4  startup_mimxrt1052.o(.text)
    DMA2_DMA18_IRQHandler                    0x60002447   Thumb Code     4  startup_mimxrt1052.o(.text)
    DMA3_DMA19_IRQHandler                    0x6000244b   Thumb Code     4  startup_mimxrt1052.o(.text)
    DMA4_DMA20_IRQHandler                    0x6000244f   Thumb Code     4  startup_mimxrt1052.o(.text)
    DMA5_DMA21_IRQHandler                    0x60002453   Thumb Code     4  startup_mimxrt1052.o(.text)
    DMA6_DMA22_IRQHandler                    0x60002457   Thumb Code     4  startup_mimxrt1052.o(.text)
    DMA7_DMA23_IRQHandler                    0x6000245b   Thumb Code     4  startup_mimxrt1052.o(.text)
    DMA8_DMA24_IRQHandler                    0x6000245f   Thumb Code     4  startup_mimxrt1052.o(.text)
    DMA9_DMA25_IRQHandler                    0x60002463   Thumb Code     4  startup_mimxrt1052.o(.text)
    DMA10_DMA26_IRQHandler                   0x60002467   Thumb Code     4  startup_mimxrt1052.o(.text)
    DMA11_DMA27_IRQHandler                   0x6000246b   Thumb Code     4  startup_mimxrt1052.o(.text)
    DMA12_DMA28_IRQHandler                   0x6000246f   Thumb Code     4  startup_mimxrt1052.o(.text)
    DMA13_DMA29_IRQHandler                   0x60002473   Thumb Code     4  startup_mimxrt1052.o(.text)
    DMA14_DMA30_IRQHandler                   0x60002477   Thumb Code     4  startup_mimxrt1052.o(.text)
    DMA15_DMA31_IRQHandler                   0x6000247b   Thumb Code     4  startup_mimxrt1052.o(.text)
    DMA_ERROR_IRQHandler                     0x6000247f   Thumb Code     4  startup_mimxrt1052.o(.text)
    LPUART1_IRQHandler                       0x60002483   Thumb Code     4  startup_mimxrt1052.o(.text)
    LPUART2_IRQHandler                       0x60002487   Thumb Code     4  startup_mimxrt1052.o(.text)
    LPUART3_IRQHandler                       0x6000248b   Thumb Code     4  startup_mimxrt1052.o(.text)
    LPUART4_IRQHandler                       0x6000248f   Thumb Code     4  startup_mimxrt1052.o(.text)
    LPUART5_IRQHandler                       0x60002493   Thumb Code     4  startup_mimxrt1052.o(.text)
    LPUART6_IRQHandler                       0x60002497   Thumb Code     4  startup_mimxrt1052.o(.text)
    LPUART7_IRQHandler                       0x6000249b   Thumb Code     4  startup_mimxrt1052.o(.text)
    LPUART8_IRQHandler                       0x6000249f   Thumb Code     4  startup_mimxrt1052.o(.text)
    LPI2C1_IRQHandler                        0x600024a3   Thumb Code     4  startup_mimxrt1052.o(.text)
    LPI2C2_IRQHandler                        0x600024a7   Thumb Code     4  startup_mimxrt1052.o(.text)
    LPI2C3_IRQHandler                        0x600024ab   Thumb Code     4  startup_mimxrt1052.o(.text)
    LPI2C4_IRQHandler                        0x600024af   Thumb Code     4  startup_mimxrt1052.o(.text)
    LPSPI1_IRQHandler                        0x600024b3   Thumb Code     4  startup_mimxrt1052.o(.text)
    LPSPI2_IRQHandler                        0x600024b7   Thumb Code     4  startup_mimxrt1052.o(.text)
    LPSPI3_IRQHandler                        0x600024bb   Thumb Code     4  startup_mimxrt1052.o(.text)
    LPSPI4_IRQHandler                        0x600024bf   Thumb Code     4  startup_mimxrt1052.o(.text)
    CAN1_IRQHandler                          0x600024c3   Thumb Code     4  startup_mimxrt1052.o(.text)
    CAN2_IRQHandler                          0x600024c7   Thumb Code     4  startup_mimxrt1052.o(.text)
    SAI1_IRQHandler                          0x600024cb   Thumb Code     4  startup_mimxrt1052.o(.text)
    SAI2_IRQHandler                          0x600024cf   Thumb Code     4  startup_mimxrt1052.o(.text)
    SAI3_RX_IRQHandler                       0x600024d3   Thumb Code     4  startup_mimxrt1052.o(.text)
    SAI3_TX_IRQHandler                       0x600024d7   Thumb Code     4  startup_mimxrt1052.o(.text)
    SPDIF_IRQHandler                         0x600024db   Thumb Code     4  startup_mimxrt1052.o(.text)
    FLEXIO1_IRQHandler                       0x600024df   Thumb Code     4  startup_mimxrt1052.o(.text)
    FLEXIO2_IRQHandler                       0x600024e3   Thumb Code     4  startup_mimxrt1052.o(.text)
    FLEXSPI_IRQHandler                       0x600024e7   Thumb Code     4  startup_mimxrt1052.o(.text)
    USDHC1_IRQHandler                        0x600024eb   Thumb Code     4  startup_mimxrt1052.o(.text)
    USDHC2_IRQHandler                        0x600024ef   Thumb Code     4  startup_mimxrt1052.o(.text)
    ENET_IRQHandler                          0x600024f3   Thumb Code     4  startup_mimxrt1052.o(.text)
    ENET_1588_Timer_IRQHandler               0x600024f7   Thumb Code     4  startup_mimxrt1052.o(.text)
    ACMP1_IRQHandler                         0x600024fb   Thumb Code     0  startup_mimxrt1052.o(.text)
    ACMP2_IRQHandler                         0x600024fb   Thumb Code     0  startup_mimxrt1052.o(.text)
    ACMP3_IRQHandler                         0x600024fb   Thumb Code     0  startup_mimxrt1052.o(.text)
    ACMP4_IRQHandler                         0x600024fb   Thumb Code     0  startup_mimxrt1052.o(.text)
    ADC1_IRQHandler                          0x600024fb   Thumb Code     0  startup_mimxrt1052.o(.text)
    ADC2_IRQHandler                          0x600024fb   Thumb Code     0  startup_mimxrt1052.o(.text)
    ADC_ETC_ERROR_IRQ_IRQHandler             0x600024fb   Thumb Code     0  startup_mimxrt1052.o(.text)
    ADC_ETC_IRQ0_IRQHandler                  0x600024fb   Thumb Code     0  startup_mimxrt1052.o(.text)
    ADC_ETC_IRQ1_IRQHandler                  0x600024fb   Thumb Code     0  startup_mimxrt1052.o(.text)
    ADC_ETC_IRQ2_IRQHandler                  0x600024fb   Thumb Code     0  startup_mimxrt1052.o(.text)
    ANATOP_EVENT0_IRQHandler                 0x600024fb   Thumb Code     0  startup_mimxrt1052.o(.text)
    ANATOP_EVENT1_IRQHandler                 0x600024fb   Thumb Code     0  startup_mimxrt1052.o(.text)
    ANATOP_TAMP_LOW_HIGH_IRQHandler          0x600024fb   Thumb Code     0  startup_mimxrt1052.o(.text)
    ANATOP_TEMP_PANIC_IRQHandler             0x600024fb   Thumb Code     0  startup_mimxrt1052.o(.text)
    BEE_IRQHandler                           0x600024fb   Thumb Code     0  startup_mimxrt1052.o(.text)
    CAN1_DriverIRQHandler                    0x600024fb   Thumb Code     0  startup_mimxrt1052.o(.text)
    CAN2_DriverIRQHandler                    0x600024fb   Thumb Code     0  startup_mimxrt1052.o(.text)
    CCM_1_IRQHandler                         0x600024fb   Thumb Code     0  startup_mimxrt1052.o(.text)
    CCM_2_IRQHandler                         0x600024fb   Thumb Code     0  startup_mimxrt1052.o(.text)
    CORE_IRQHandler                          0x600024fb   Thumb Code     0  startup_mimxrt1052.o(.text)
    CSI_IRQHandler                           0x600024fb   Thumb Code     0  startup_mimxrt1052.o(.text)
    CSU_IRQHandler                           0x600024fb   Thumb Code     0  startup_mimxrt1052.o(.text)
    CTI0_ERROR_IRQHandler                    0x600024fb   Thumb Code     0  startup_mimxrt1052.o(.text)
    CTI1_ERROR_IRQHandler                    0x600024fb   Thumb Code     0  startup_mimxrt1052.o(.text)
    DCDC_IRQHandler                          0x600024fb   Thumb Code     0  startup_mimxrt1052.o(.text)
    DCP_IRQHandler                           0x600024fb   Thumb Code     0  startup_mimxrt1052.o(.text)
    DCP_VMI_IRQHandler                       0x600024fb   Thumb Code     0  startup_mimxrt1052.o(.text)
    DMA0_DMA16_DriverIRQHandler              0x600024fb   Thumb Code     0  startup_mimxrt1052.o(.text)
    DMA10_DMA26_DriverIRQHandler             0x600024fb   Thumb Code     0  startup_mimxrt1052.o(.text)
    DMA11_DMA27_DriverIRQHandler             0x600024fb   Thumb Code     0  startup_mimxrt1052.o(.text)
    DMA12_DMA28_DriverIRQHandler             0x600024fb   Thumb Code     0  startup_mimxrt1052.o(.text)
    DMA13_DMA29_DriverIRQHandler             0x600024fb   Thumb Code     0  startup_mimxrt1052.o(.text)
    DMA14_DMA30_DriverIRQHandler             0x600024fb   Thumb Code     0  startup_mimxrt1052.o(.text)
    DMA15_DMA31_DriverIRQHandler             0x600024fb   Thumb Code     0  startup_mimxrt1052.o(.text)
    DMA1_DMA17_DriverIRQHandler              0x600024fb   Thumb Code     0  startup_mimxrt1052.o(.text)
    DMA2_DMA18_DriverIRQHandler              0x600024fb   Thumb Code     0  startup_mimxrt1052.o(.text)
    DMA3_DMA19_DriverIRQHandler              0x600024fb   Thumb Code     0  startup_mimxrt1052.o(.text)
    DMA4_DMA20_DriverIRQHandler              0x600024fb   Thumb Code     0  startup_mimxrt1052.o(.text)
    DMA5_DMA21_DriverIRQHandler              0x600024fb   Thumb Code     0  startup_mimxrt1052.o(.text)
    DMA6_DMA22_DriverIRQHandler              0x600024fb   Thumb Code     0  startup_mimxrt1052.o(.text)
    DMA7_DMA23_DriverIRQHandler              0x600024fb   Thumb Code     0  startup_mimxrt1052.o(.text)
    DMA8_DMA24_DriverIRQHandler              0x600024fb   Thumb Code     0  startup_mimxrt1052.o(.text)
    DMA9_DMA25_DriverIRQHandler              0x600024fb   Thumb Code     0  startup_mimxrt1052.o(.text)
    DMA_ERROR_DriverIRQHandler               0x600024fb   Thumb Code     0  startup_mimxrt1052.o(.text)
    DefaultISR                               0x600024fb   Thumb Code     0  startup_mimxrt1052.o(.text)
    ENC1_IRQHandler                          0x600024fb   Thumb Code     0  startup_mimxrt1052.o(.text)
    ENC2_IRQHandler                          0x600024fb   Thumb Code     0  startup_mimxrt1052.o(.text)
    ENC3_IRQHandler                          0x600024fb   Thumb Code     0  startup_mimxrt1052.o(.text)
    ENC4_IRQHandler                          0x600024fb   Thumb Code     0  startup_mimxrt1052.o(.text)
    ENET_1588_Timer_DriverIRQHandler         0x600024fb   Thumb Code     0  startup_mimxrt1052.o(.text)
    ENET_DriverIRQHandler                    0x600024fb   Thumb Code     0  startup_mimxrt1052.o(.text)
    EWM_IRQHandler                           0x600024fb   Thumb Code     0  startup_mimxrt1052.o(.text)
    FLEXIO1_DriverIRQHandler                 0x600024fb   Thumb Code     0  startup_mimxrt1052.o(.text)
    FLEXIO2_DriverIRQHandler                 0x600024fb   Thumb Code     0  startup_mimxrt1052.o(.text)
    FLEXRAM_IRQHandler                       0x600024fb   Thumb Code     0  startup_mimxrt1052.o(.text)
    GPC_IRQHandler                           0x600024fb   Thumb Code     0  startup_mimxrt1052.o(.text)
    GPIO1_Combined_0_15_IRQHandler           0x600024fb   Thumb Code     0  startup_mimxrt1052.o(.text)
    GPIO1_Combined_16_31_IRQHandler          0x600024fb   Thumb Code     0  startup_mimxrt1052.o(.text)
    GPIO1_INT0_IRQHandler                    0x600024fb   Thumb Code     0  startup_mimxrt1052.o(.text)
    GPIO1_INT1_IRQHandler                    0x600024fb   Thumb Code     0  startup_mimxrt1052.o(.text)
    GPIO1_INT2_IRQHandler                    0x600024fb   Thumb Code     0  startup_mimxrt1052.o(.text)
    GPIO1_INT3_IRQHandler                    0x600024fb   Thumb Code     0  startup_mimxrt1052.o(.text)
    GPIO1_INT4_IRQHandler                    0x600024fb   Thumb Code     0  startup_mimxrt1052.o(.text)
    GPIO1_INT5_IRQHandler                    0x600024fb   Thumb Code     0  startup_mimxrt1052.o(.text)
    GPIO1_INT6_IRQHandler                    0x600024fb   Thumb Code     0  startup_mimxrt1052.o(.text)
    GPIO1_INT7_IRQHandler                    0x600024fb   Thumb Code     0  startup_mimxrt1052.o(.text)
    GPIO2_Combined_0_15_IRQHandler           0x600024fb   Thumb Code     0  startup_mimxrt1052.o(.text)
    GPIO2_Combined_16_31_IRQHandler          0x600024fb   Thumb Code     0  startup_mimxrt1052.o(.text)
    GPIO3_Combined_0_15_IRQHandler           0x600024fb   Thumb Code     0  startup_mimxrt1052.o(.text)
    GPIO3_Combined_16_31_IRQHandler          0x600024fb   Thumb Code     0  startup_mimxrt1052.o(.text)
    GPIO4_Combined_0_15_IRQHandler           0x600024fb   Thumb Code     0  startup_mimxrt1052.o(.text)
    GPIO4_Combined_16_31_IRQHandler          0x600024fb   Thumb Code     0  startup_mimxrt1052.o(.text)
    GPIO5_Combined_0_15_IRQHandler           0x600024fb   Thumb Code     0  startup_mimxrt1052.o(.text)
    GPIO5_Combined_16_31_IRQHandler          0x600024fb   Thumb Code     0  startup_mimxrt1052.o(.text)
    GPR_IRQ_IRQHandler                       0x600024fb   Thumb Code     0  startup_mimxrt1052.o(.text)
    GPT1_IRQHandler                          0x600024fb   Thumb Code     0  startup_mimxrt1052.o(.text)
    GPT2_IRQHandler                          0x600024fb   Thumb Code     0  startup_mimxrt1052.o(.text)
    KPP_IRQHandler                           0x600024fb   Thumb Code     0  startup_mimxrt1052.o(.text)
    LCDIF_IRQHandler                         0x600024fb   Thumb Code     0  startup_mimxrt1052.o(.text)
    LPI2C1_DriverIRQHandler                  0x600024fb   Thumb Code     0  startup_mimxrt1052.o(.text)
    LPI2C2_DriverIRQHandler                  0x600024fb   Thumb Code     0  startup_mimxrt1052.o(.text)
    LPI2C3_DriverIRQHandler                  0x600024fb   Thumb Code     0  startup_mimxrt1052.o(.text)
    LPI2C4_DriverIRQHandler                  0x600024fb   Thumb Code     0  startup_mimxrt1052.o(.text)
    LPSPI1_DriverIRQHandler                  0x600024fb   Thumb Code     0  startup_mimxrt1052.o(.text)
    LPSPI2_DriverIRQHandler                  0x600024fb   Thumb Code     0  startup_mimxrt1052.o(.text)
    LPSPI3_DriverIRQHandler                  0x600024fb   Thumb Code     0  startup_mimxrt1052.o(.text)
    LPSPI4_DriverIRQHandler                  0x600024fb   Thumb Code     0  startup_mimxrt1052.o(.text)
    NMI_WAKEUP_IRQHandler                    0x600024fb   Thumb Code     0  startup_mimxrt1052.o(.text)
    PIT_IRQHandler                           0x600024fb   Thumb Code     0  startup_mimxrt1052.o(.text)
    PWM1_0_IRQHandler                        0x600024fb   Thumb Code     0  startup_mimxrt1052.o(.text)
    PWM1_1_IRQHandler                        0x600024fb   Thumb Code     0  startup_mimxrt1052.o(.text)
    PWM1_2_IRQHandler                        0x600024fb   Thumb Code     0  startup_mimxrt1052.o(.text)
    PWM1_3_IRQHandler                        0x600024fb   Thumb Code     0  startup_mimxrt1052.o(.text)
    PWM1_FAULT_IRQHandler                    0x600024fb   Thumb Code     0  startup_mimxrt1052.o(.text)
    PWM2_0_IRQHandler                        0x600024fb   Thumb Code     0  startup_mimxrt1052.o(.text)
    PWM2_1_IRQHandler                        0x600024fb   Thumb Code     0  startup_mimxrt1052.o(.text)
    PWM2_2_IRQHandler                        0x600024fb   Thumb Code     0  startup_mimxrt1052.o(.text)
    PWM2_3_IRQHandler                        0x600024fb   Thumb Code     0  startup_mimxrt1052.o(.text)
    PWM2_FAULT_IRQHandler                    0x600024fb   Thumb Code     0  startup_mimxrt1052.o(.text)
    PWM3_0_IRQHandler                        0x600024fb   Thumb Code     0  startup_mimxrt1052.o(.text)
    PWM3_1_IRQHandler                        0x600024fb   Thumb Code     0  startup_mimxrt1052.o(.text)
    PWM3_2_IRQHandler                        0x600024fb   Thumb Code     0  startup_mimxrt1052.o(.text)
    PWM3_3_IRQHandler                        0x600024fb   Thumb Code     0  startup_mimxrt1052.o(.text)
    PWM3_FAULT_IRQHandler                    0x600024fb   Thumb Code     0  startup_mimxrt1052.o(.text)
    PWM4_0_IRQHandler                        0x600024fb   Thumb Code     0  startup_mimxrt1052.o(.text)
    PWM4_1_IRQHandler                        0x600024fb   Thumb Code     0  startup_mimxrt1052.o(.text)
    PWM4_2_IRQHandler                        0x600024fb   Thumb Code     0  startup_mimxrt1052.o(.text)
    PWM4_3_IRQHandler                        0x600024fb   Thumb Code     0  startup_mimxrt1052.o(.text)
    PWM4_FAULT_IRQHandler                    0x600024fb   Thumb Code     0  startup_mimxrt1052.o(.text)
    PXP_IRQHandler                           0x600024fb   Thumb Code     0  startup_mimxrt1052.o(.text)
    RTWDOG_IRQHandler                        0x600024fb   Thumb Code     0  startup_mimxrt1052.o(.text)
    Reserved115_IRQHandler                   0x600024fb   Thumb Code     0  startup_mimxrt1052.o(.text)
    Reserved123_IRQHandler                   0x600024fb   Thumb Code     0  startup_mimxrt1052.o(.text)
    Reserved143_IRQHandler                   0x600024fb   Thumb Code     0  startup_mimxrt1052.o(.text)
    Reserved144_IRQHandler                   0x600024fb   Thumb Code     0  startup_mimxrt1052.o(.text)
    Reserved168_IRQHandler                   0x600024fb   Thumb Code     0  startup_mimxrt1052.o(.text)
    Reserved169_IRQHandler                   0x600024fb   Thumb Code     0  startup_mimxrt1052.o(.text)
    Reserved170_IRQHandler                   0x600024fb   Thumb Code     0  startup_mimxrt1052.o(.text)
    Reserved171_IRQHandler                   0x600024fb   Thumb Code     0  startup_mimxrt1052.o(.text)
    Reserved172_IRQHandler                   0x600024fb   Thumb Code     0  startup_mimxrt1052.o(.text)
    Reserved173_IRQHandler                   0x600024fb   Thumb Code     0  startup_mimxrt1052.o(.text)
    Reserved68_IRQHandler                    0x600024fb   Thumb Code     0  startup_mimxrt1052.o(.text)
    Reserved86_IRQHandler                    0x600024fb   Thumb Code     0  startup_mimxrt1052.o(.text)
    Reserved87_IRQHandler                    0x600024fb   Thumb Code     0  startup_mimxrt1052.o(.text)
    SAI1_DriverIRQHandler                    0x600024fb   Thumb Code     0  startup_mimxrt1052.o(.text)
    SAI2_DriverIRQHandler                    0x600024fb   Thumb Code     0  startup_mimxrt1052.o(.text)
    SAI3_RX_DriverIRQHandler                 0x600024fb   Thumb Code     0  startup_mimxrt1052.o(.text)
    SAI3_TX_DriverIRQHandler                 0x600024fb   Thumb Code     0  startup_mimxrt1052.o(.text)
    SEMC_IRQHandler                          0x600024fb   Thumb Code     0  startup_mimxrt1052.o(.text)
    SJC_ARM_DEBUG_IRQHandler                 0x600024fb   Thumb Code     0  startup_mimxrt1052.o(.text)
    SJC_IRQHandler                           0x600024fb   Thumb Code     0  startup_mimxrt1052.o(.text)
    SNVS_HP_WRAPPER_IRQHandler               0x600024fb   Thumb Code     0  startup_mimxrt1052.o(.text)
    SNVS_HP_WRAPPER_TZ_IRQHandler            0x600024fb   Thumb Code     0  startup_mimxrt1052.o(.text)
    SNVS_LP_WRAPPER_IRQHandler               0x600024fb   Thumb Code     0  startup_mimxrt1052.o(.text)
    SPDIF_DriverIRQHandler                   0x600024fb   Thumb Code     0  startup_mimxrt1052.o(.text)
    SRC_IRQHandler                           0x600024fb   Thumb Code     0  startup_mimxrt1052.o(.text)
    TMR1_IRQHandler                          0x600024fb   Thumb Code     0  startup_mimxrt1052.o(.text)
    TMR2_IRQHandler                          0x600024fb   Thumb Code     0  startup_mimxrt1052.o(.text)
    TMR3_IRQHandler                          0x600024fb   Thumb Code     0  startup_mimxrt1052.o(.text)
    TMR4_IRQHandler                          0x600024fb   Thumb Code     0  startup_mimxrt1052.o(.text)
    TRNG_IRQHandler                          0x600024fb   Thumb Code     0  startup_mimxrt1052.o(.text)
    TSC_DIG_IRQHandler                       0x600024fb   Thumb Code     0  startup_mimxrt1052.o(.text)
    USB_PHY1_IRQHandler                      0x600024fb   Thumb Code     0  startup_mimxrt1052.o(.text)
    USB_PHY2_IRQHandler                      0x600024fb   Thumb Code     0  startup_mimxrt1052.o(.text)
    USDHC1_DriverIRQHandler                  0x600024fb   Thumb Code     0  startup_mimxrt1052.o(.text)
    USDHC2_DriverIRQHandler                  0x600024fb   Thumb Code     0  startup_mimxrt1052.o(.text)
    WDOG1_IRQHandler                         0x600024fb   Thumb Code     0  startup_mimxrt1052.o(.text)
    WDOG2_IRQHandler                         0x600024fb   Thumb Code     0  startup_mimxrt1052.o(.text)
    XBAR1_IRQ_0_1_IRQHandler                 0x600024fb   Thumb Code     0  startup_mimxrt1052.o(.text)
    XBAR1_IRQ_2_3_IRQHandler                 0x600024fb   Thumb Code     0  startup_mimxrt1052.o(.text)
    __scatterload                            0x600025d1   Thumb Code    28  init.o(.text)
    __scatterload_rt2                        0x600025d1   Thumb Code     0  init.o(.text)
    SystemInit                               0x6000270d   Thumb Code   182  system_mimxrt1052.o(i.SystemInit)
    SystemInitHook                           0x600027d9   Thumb Code     2  system_mimxrt1052.o(i.SystemInitHook)
    __scatterload_copy                       0x600027db   Thumb Code    14  handlers.o(i.__scatterload_copy)
    __scatterload_null                       0x600027e9   Thumb Code     2  handlers.o(i.__scatterload_null)
    __scatterload_zeroinit                   0x600027eb   Thumb Code    14  handlers.o(i.__scatterload_zeroinit)
    Region$$Table$$Base                      0x600027f8   Number         0  anon$$obj.o(Region$$Table)
    Region$$Table$$Limit                     0x60002828   Number         0  anon$$obj.o(Region$$Table)



==============================================================================

Memory Map of the image

  Image Entry point : 0x60002401

  Load Region LR_m_rom_config (Base: 0x60000000, Size: 0x00000200, Max: 0x00001000, ABSOLUTE)

    Execution Region RW_m_config_text (Base: 0x60000000, Size: 0x00000200, Max: 0x00001000, ABSOLUTE)

    Base Addr    Size         Type   Attr      Idx    E Section Name        Object

    0x60000000   0x00000200   Data   RO          501    .boot_hdr.conf      uavrs_v2_flexspi_nor_flash.o



  Load Region LR_m_rom_ivt (Base: 0x60001000, Size: 0x00000460, Max: 0x00001000, ABSOLUTE)

    Execution Region RW_m_ivt_text (Base: 0x60001000, Size: 0x00000460, Max: 0x00001000, ABSOLUTE)

    Base Addr    Size         Type   Attr      Idx    E Section Name        Object

    0x60001000   0x00000020   Data   RO          497    .boot_hdr.ivt       fsl_flexspi_nor_boot.o
    0x60001020   0x00000010   Data   RO          496    .boot_hdr.boot_data  fsl_flexspi_nor_boot.o
    0x60001030   0x00000430   Data   RO          502    .boot_hdr.dcd_data  uavrs_v2_sdram_ini_dcd.o



  Load Region LR_m_text (Base: 0x60002000, Size: 0x00007024, Max: 0x63fffc00, ABSOLUTE, COMPRESSED[0x00006f98])

    Execution Region VECTOR_RAM (Base: 0x00000000, Size: 0x00000400, Max: 0x00000400, ABSOLUTE)

    Base Addr    Size         Type   Attr      Idx    E Section Name        Object

    0x00000000   0x00000400   Zero   RW            1    VECTOR_RAM.bss      anon$$obj.o


    Execution Region ER_m_ram_text (Base: 0x00000400, Size: 0x00006674, Max: 0x0001fc00, ABSOLUTE)

    Base Addr    Size         Type   Attr      Idx    E Section Name        Object

    0x00000400   0x00000062   Code   RO          529    .text               mc_w.l(uldiv.o)
    0x00000462   0x00000062   Code   RO          530    .text               mc_w.l(ldiv.o)
    0x000004c4   0x00000024   Code   RO          533    .text               mc_w.l(memseta.o)
    0x000004e8   0x0000000e   Code   RO          534    .text               mc_w.l(strlen.o)
    0x000004f6   0x00000028   Code   RO          552    .text               mf_w.l(dfltl.o)
    0x0000051e   0x0000004a   Code   RO          553    .text               mf_w.l(dfixl.o)
    0x00000568   0x0000001e   Code   RO          587    .text               mc_w.l(llshl.o)
    0x00000586   0x00000020   Code   RO          588    .text               mc_w.l(llushr.o)
    0x000005a6   0x00000000   Code   RO          596    .text               mc_w.l(iusefp.o)
    0x000005a6   0x000000ba   Code   RO          597    .text               mf_w.l(depilogue.o)
    0x00000660   0x0000002e   Code   RO          598    .text               mf_w.l(dscalb.o)
    0x0000068e   0x00000056   Code   RO          616    .text               mc_w.l(__dczerorl2.o)
    0x000006e4   0x000002f4   Code   RO          481    i.BOARD_BootClockRUN  clock_config.o
    0x000009d8   0x000001b8   Code   RO          448    i.BOARD_ConfigMPU   board.o
    0x00000b90   0x00000078   Code   RO          449    i.BOARD_DebugConsoleSrcFreq  board.o
    0x00000c08   0x0000001c   Code   RO          450    i.BOARD_InitDebugConsole  board.o
    0x00000c24   0x00000094   Code   RO          490    i.BOARD_InitPins    pin_mux.o
    0x00000cb8   0x00000024   Code   RO          335    i.CLOCK_ControlGate  fsl_lpuart.o
    0x00000cdc   0x00000068   Code   RO          270    i.CLOCK_EnableUsbhs0Clock  fsl_clock.o
    0x00000d44   0x00000058   Code   RO          271    i.CLOCK_EnableUsbhs0PhyPllClock  fsl_clock.o
    0x00000d9c   0x00000020   Code   RO          452    i.CLOCK_GetDiv      board.o
    0x00000dbc   0x00000174   Code   RO          274    i.CLOCK_GetFreq     fsl_clock.o
    0x00000f30   0x00000020   Code   RO          275    i.CLOCK_GetOscFreq  fsl_clock.o
    0x00000f50   0x000000c8   Code   RO          276    i.CLOCK_GetPeriphClkFreq  fsl_clock.o
    0x00001018   0x0000022c   Code   RO          277    i.CLOCK_GetPllFreq  fsl_clock.o
    0x00001244   0x0000006c   Code   RO          278    i.CLOCK_GetSysPfdFreq  fsl_clock.o
    0x000012b0   0x0000006c   Code   RO          279    i.CLOCK_GetUsb1PfdFreq  fsl_clock.o
    0x0000131c   0x00000058   Code   RO          280    i.CLOCK_InitArmPll  fsl_clock.o
    0x00001374   0x00000058   Code   RO          286    i.CLOCK_InitSysPll  fsl_clock.o
    0x000013cc   0x00000058   Code   RO          288    i.CLOCK_InitUsb1Pll  fsl_clock.o
    0x00001424   0x00000050   Code   RO          483    i.CLOCK_SetDiv      clock_config.o
    0x00001474   0x00000050   Code   RO          484    i.CLOCK_SetMux      clock_config.o
    0x000014c4   0x000001ae   Code   RO          420    i.ConvertFloatRadixNumToString  fsl_str.o
    0x00001672   0x0000014c   Code   RO          421    i.ConvertRadixNumToString  fsl_str.o
    0x000017be   0x00000002   PAD
    0x000017c0   0x00000060   Code   RO          454    i.CopyAndUseRAMVectorTable  board.o
    0x00001820   0x0000001c   Code   RO          383    i.DbgConsole_Init   fsl_debug_console.o
    0x0000183c   0x00000040   Code   RO          384    i.DbgConsole_Printf  fsl_debug_console.o
    0x0000187c   0x0000003e   Code   RO          386    i.DbgConsole_RelocateLog  fsl_debug_console.o
    0x000018ba   0x00000056   Code   RO          302    i.FLEXSPI_CheckAndClearError  fsl_flexspi.o
    0x00001910   0x00000018   Code   RO          305    i.FLEXSPI_DriverIRQHandler  fsl_flexspi.o
    0x00001928   0x00000012   Code   RO          314    i.FLEXSPI_TransferAbort  fsl_flexspi.o
    0x0000193a   0x0000016a   Code   RO          318    i.FLEXSPI_TransferHandleIRQ  fsl_flexspi.o
    0x00001aa4   0x00000020   Code   RO          327    i.GPIO_GetInstance  fsl_gpio.o
    0x00001ac4   0x0000008c   Code   RO          328    i.GPIO_PinInit      fsl_gpio.o
    0x00001b50   0x0000008a   Code   RO          329    i.GPIO_PinSetInterruptConfig  fsl_gpio.o
    0x00001bda   0x0000001c   Code   RO          330    i.GPIO_PinWrite     fsl_gpio.o
    0x00001bf6   0x0000000c   Code   RO          457    i.IOMUXC_SetPinConfig  board.o
    0x00001c02   0x0000000c   Code   RO          491    i.IOMUXC_SetPinConfig  pin_mux.o
    0x00001c0e   0x0000001a   Code   RO          458    i.IOMUXC_SetPinMux  board.o
    0x00001c28   0x0000001a   Code   RO          492    i.IOMUXC_SetPinMux  pin_mux.o
    0x00001c42   0x00000002   PAD
    0x00001c44   0x00000078   Code   RO          441    i.IO_Init           fsl_io.o
    0x00001cbc   0x00000044   Code   RO          442    i.IO_Transfer       fsl_io.o
    0x00001d00   0x00000024   Code   RO          430    i.LOG_Init          fsl_log.o
    0x00001d24   0x00000022   Code   RO          431    i.LOG_Pop           fsl_log.o
    0x00001d46   0x00000010   Code   RO          432    i.LOG_Push          fsl_log.o
    0x00001d56   0x00000002   PAD
    0x00001d58   0x0000001c   Code   RO          336    i.LPUART1_DriverIRQHandler  fsl_lpuart.o
    0x00001d74   0x0000001c   Code   RO          337    i.LPUART2_DriverIRQHandler  fsl_lpuart.o
    0x00001d90   0x0000001c   Code   RO          338    i.LPUART3_DriverIRQHandler  fsl_lpuart.o
    0x00001dac   0x0000001c   Code   RO          339    i.LPUART4_DriverIRQHandler  fsl_lpuart.o
    0x00001dc8   0x0000001c   Code   RO          340    i.LPUART5_DriverIRQHandler  fsl_lpuart.o
    0x00001de4   0x0000001c   Code   RO          341    i.LPUART6_DriverIRQHandler  fsl_lpuart.o
    0x00001e00   0x0000001c   Code   RO          342    i.LPUART7_DriverIRQHandler  fsl_lpuart.o
    0x00001e1c   0x0000001c   Code   RO          343    i.LPUART8_DriverIRQHandler  fsl_lpuart.o
    0x00001e38   0x00000058   Code   RO          344    i.LPUART_ClearStatusFlags  fsl_lpuart.o
    0x00001e90   0x00000026   Code   RO          348    i.LPUART_GetDefaultConfig  fsl_lpuart.o
    0x00001eb6   0x00000002   PAD
    0x00001eb8   0x00000020   Code   RO          350    i.LPUART_GetInstance  fsl_lpuart.o
    0x00001ed8   0x00000010   Code   RO          351    i.LPUART_GetStatusFlags  fsl_lpuart.o
    0x00001ee8   0x000001ec   Code   RO          352    i.LPUART_Init       fsl_lpuart.o
    0x000020d4   0x000000bc   Code   RO          353    i.LPUART_ReadBlocking  fsl_lpuart.o
    0x00002190   0x00000020   Code   RO          369    i.LPUART_WriteBlocking  fsl_lpuart.o
    0x000021b0   0x000000a0   Code   RO          459    i.SCB_DisableDCache  board.o
    0x00002250   0x0000009c   Code   RO          460    i.SCB_EnableDCache  board.o
    0x000022ec   0x0000007c   Code   RO          461    i.SCB_EnableICache  board.o
    0x00002368   0x00000628   Code   RO          423    i.StrFormatPrintf   fsl_str.o
    0x00002990   0x00000084   Code   RO          183    i.USB_DeviceAllocateHandle  usb_device_dci.o
    0x00002a14   0x0000008c   Code   RO           81    i.USB_DeviceApplicationInit  cdcacm.o
    0x00002aa0   0x000000d8   Code   RO           82    i.USB_DeviceCallback  cdcacm.o
    0x00002b78   0x00000030   Code   RO          103    i.USB_DeviceCdcAcmAllocateHandle  usb_device_cdc_acm.o
    0x00002ba8   0x00000036   Code   RO          104    i.USB_DeviceCdcAcmBulkIn  usb_device_cdc_acm.o
    0x00002bde   0x00000038   Code   RO          105    i.USB_DeviceCdcAcmBulkOut  usb_device_cdc_acm.o
    0x00002c16   0x00000002   PAD
    0x00002c18   0x00000064   Code   RO          106    i.USB_DeviceCdcAcmDeinit  usb_device_cdc_acm.o
    0x00002c7c   0x00000058   Code   RO          107    i.USB_DeviceCdcAcmEndpointsDeinit  usb_device_cdc_acm.o
    0x00002cd4   0x0000024c   Code   RO          108    i.USB_DeviceCdcAcmEndpointsInit  usb_device_cdc_acm.o
    0x00002f20   0x000003c0   Code   RO          109    i.USB_DeviceCdcAcmEvent  usb_device_cdc_acm.o
    0x000032e0   0x00000012   Code   RO          110    i.USB_DeviceCdcAcmFreeHandle  usb_device_cdc_acm.o
    0x000032f2   0x00000002   PAD
    0x000032f4   0x00000094   Code   RO          111    i.USB_DeviceCdcAcmInit  usb_device_cdc_acm.o
    0x00003388   0x00000038   Code   RO          112    i.USB_DeviceCdcAcmInterruptIn  usb_device_cdc_acm.o
    0x000033c0   0x00000064   Code   RO          113    i.USB_DeviceCdcAcmRecv  usb_device_cdc_acm.o
    0x00003424   0x00000086   Code   RO          114    i.USB_DeviceCdcAcmSend  usb_device_cdc_acm.o
    0x000034aa   0x00000002   PAD
    0x000034ac   0x00000274   Code   RO           83    i.USB_DeviceCdcVcomCallback  cdcacm.o
    0x00003720   0x0000003e   Code   RO          120    i.USB_DeviceCh9GetConfiguration  usb_device_ch9.o
    0x0000375e   0x00000094   Code   RO          121    i.USB_DeviceCh9GetDescriptor  usb_device_ch9.o
    0x000037f2   0x0000004c   Code   RO          122    i.USB_DeviceCh9GetInterface  usb_device_ch9.o
    0x0000383e   0x000000ae   Code   RO          123    i.USB_DeviceCh9GetStatus  usb_device_ch9.o
    0x000038ec   0x00000078   Code   RO          124    i.USB_DeviceCh9SetAddress  usb_device_ch9.o
    0x00003964   0x000000a8   Code   RO          125    i.USB_DeviceCh9SetClearFeature  usb_device_ch9.o
    0x00003a0c   0x0000005c   Code   RO          126    i.USB_DeviceCh9SetConfiguration  usb_device_ch9.o
    0x00003a68   0x00000042   Code   RO          127    i.USB_DeviceCh9SetInterface  usb_device_ch9.o
    0x00003aaa   0x00000046   Code   RO          128    i.USB_DeviceCh9SynchFrame  usb_device_ch9.o
    0x00003af0   0x00000084   Code   RO          136    i.USB_DeviceClassAllocateHandle  usb_device_class.o
    0x00003b74   0x00000044   Code   RO          137    i.USB_DeviceClassCallback  usb_device_class.o
    0x00003bb8   0x0000009c   Code   RO          139    i.USB_DeviceClassEvent  usb_device_class.o
    0x00003c54   0x0000005c   Code   RO          140    i.USB_DeviceClassFreeHandle  usb_device_class.o
    0x00003cb0   0x00000050   Code   RO          141    i.USB_DeviceClassGetDeviceHandle  usb_device_class.o
    0x00003d00   0x0000004c   Code   RO          142    i.USB_DeviceClassGetHandleByControllerId  usb_device_class.o
    0x00003d4c   0x00000044   Code   RO          143    i.USB_DeviceClassGetHandleByDeviceHandle  usb_device_class.o
    0x00003d90   0x0000002a   Code   RO          144    i.USB_DeviceClassGetSpeed  usb_device_class.o
    0x00003dba   0x00000002   PAD
    0x00003dbc   0x000000d0   Code   RO          145    i.USB_DeviceClassInit  usb_device_class.o
    0x00003e8c   0x00000030   Code   RO           84    i.USB_DeviceClockInit  cdcacm.o
    0x00003ebc   0x00000034   Code   RO          185    i.USB_DeviceControl  usb_device_dci.o
    0x00003ef0   0x00000234   Code   RO          129    i.USB_DeviceControlCallback  usb_device_ch9.o
    0x00004124   0x00000084   Code   RO          130    i.USB_DeviceControlCallbackFeedback  usb_device_ch9.o
    0x000041a8   0x00000064   Code   RO          131    i.USB_DeviceControlPipeInit  usb_device_ch9.o
    0x0000420c   0x00000026   Code   RO          186    i.USB_DeviceDeinit  usb_device_dci.o
    0x00004232   0x00000078   Code   RO          187    i.USB_DeviceDeinitEndpoint  usb_device_dci.o
    0x000042aa   0x0000016a   Code   RO          159    i.USB_DeviceEhciCancel  usb_device_ehci.o
    0x00004414   0x00000102   Code   RO          160    i.USB_DeviceEhciCancelControlPipe  usb_device_ehci.o
    0x00004516   0x00000174   Code   RO          161    i.USB_DeviceEhciControl  usb_device_ehci.o
    0x0000468a   0x00000036   Code   RO          162    i.USB_DeviceEhciDeinit  usb_device_ehci.o
    0x000046c0   0x000000a2   Code   RO          163    i.USB_DeviceEhciEndpointDeinit  usb_device_ehci.o
    0x00004762   0x00000166   Code   RO          164    i.USB_DeviceEhciEndpointInit  usb_device_ehci.o
    0x000048c8   0x0000009e   Code   RO          165    i.USB_DeviceEhciEndpointStall  usb_device_ehci.o
    0x00004966   0x00000080   Code   RO          166    i.USB_DeviceEhciEndpointUnstall  usb_device_ehci.o
    0x000049e6   0x0000007e   Code   RO          167    i.USB_DeviceEhciFillSetupBuffer  usb_device_ehci.o
    0x00004a64   0x000000ac   Code   RO          168    i.USB_DeviceEhciInit  usb_device_ehci.o
    0x00004b10   0x00000050   Code   RO          169    i.USB_DeviceEhciInterruptPortChange  usb_device_ehci.o
    0x00004b60   0x0000006a   Code   RO          170    i.USB_DeviceEhciInterruptReset  usb_device_ehci.o
    0x00004bca   0x00000002   Code   RO          171    i.USB_DeviceEhciInterruptSof  usb_device_ehci.o
    0x00004bcc   0x00000288   Code   RO          172    i.USB_DeviceEhciInterruptTokenDone  usb_device_ehci.o
    0x00004e54   0x00000058   Code   RO          173    i.USB_DeviceEhciIsrFunction  usb_device_ehci.o
    0x00004eac   0x0000001e   Code   RO          174    i.USB_DeviceEhciRecv  usb_device_ehci.o
    0x00004eca   0x00000022   Code   RO          175    i.USB_DeviceEhciSend  usb_device_ehci.o
    0x00004eec   0x000000c6   Code   RO          176    i.USB_DeviceEhciSetDefaultState  usb_device_ehci.o
    0x00004fb2   0x00000210   Code   RO          177    i.USB_DeviceEhciTransfer  usb_device_ehci.o
    0x000051c2   0x0000001c   Code   RO          188    i.USB_DeviceFreeHandle  usb_device_dci.o
    0x000051de   0x00000002   PAD
    0x000051e0   0x0000001c   Code   RO          151    i.USB_DeviceGetConfigurationDescriptor  usb_device_descriptor.o
    0x000051fc   0x00000024   Code   RO          189    i.USB_DeviceGetControllerInterface  usb_device_dci.o
    0x00005220   0x00000014   Code   RO          152    i.USB_DeviceGetDeviceDescriptor  usb_device_descriptor.o
    0x00005234   0x00000092   Code   RO          190    i.USB_DeviceGetStatus  usb_device_dci.o
    0x000052c6   0x00000002   PAD
    0x000052c8   0x0000007c   Code   RO          153    i.USB_DeviceGetStringDescriptor  usb_device_descriptor.o
    0x00005344   0x00000106   Code   RO          192    i.USB_DeviceInit    usb_device_dci.o
    0x0000544a   0x0000007e   Code   RO          193    i.USB_DeviceInitEndpoint  usb_device_dci.o
    0x000054c8   0x00000064   Code   RO           85    i.USB_DeviceIsrEnable  cdcacm.o
    0x0000552c   0x000000ac   Code   RO          194    i.USB_DeviceNotification  usb_device_dci.o
    0x000055d8   0x00000028   Code   RO          195    i.USB_DeviceNotificationTrigger  usb_device_dci.o
    0x00005600   0x0000001e   Code   RO          196    i.USB_DeviceRecvRequest  usb_device_dci.o
    0x0000561e   0x00000064   Code   RO          197    i.USB_DeviceResetNotification  usb_device_dci.o
    0x00005682   0x00000010   Code   RO          198    i.USB_DeviceRun     usb_device_dci.o
    0x00005692   0x00000022   Code   RO          199    i.USB_DeviceSendRequest  usb_device_dci.o
    0x000056b4   0x00000160   Code   RO          154    i.USB_DeviceSetSpeed  usb_device_descriptor.o
    0x00005814   0x000000a8   Code   RO          200    i.USB_DeviceSetStatus  usb_device_dci.o
    0x000058bc   0x00000020   Code   RO          201    i.USB_DeviceStallEndpoint  usb_device_dci.o
    0x000058dc   0x000000c2   Code   RO          203    i.USB_DeviceTransfer  usb_device_dci.o
    0x0000599e   0x00000020   Code   RO          204    i.USB_DeviceUnstallEndpoint  usb_device_dci.o
    0x000059be   0x00000002   PAD
    0x000059c0   0x00000060   Code   RO          239    i.USB_EhciPhyGetBase  usb_phy.o
    0x00005a20   0x00000070   Code   RO          240    i.USB_EhciPhyInit   usb_phy.o
    0x00005a90   0x00000010   Code   RO           86    i.USB_OTG1_IRQHandler  cdcacm.o
    0x00005aa0   0x00000010   Code   RO           87    i.USB_OTG2_IRQHandler  cdcacm.o
    0x00005ab0   0x00000014   Code   RO          210    i.USB_OsaEnterCritical  usb_osa_bm.o
    0x00005ac4   0x0000000e   Code   RO          217    i.USB_OsaExitCritical  usb_osa_bm.o
    0x00005ad2   0x00000002   PAD
    0x00005ad4   0x00000014   Code   RO          225    i.USB_OsaMutexCreate  usb_osa_bm.o
    0x00005ae8   0x00000006   Code   RO          226    i.USB_OsaMutexDestroy  usb_osa_bm.o
    0x00005aee   0x00000030   Code   RO          564    i.__ARM_fpclassify  m_wv.l(fpclassify.o)
    0x00005b1e   0x00000002   PAD
    0x00005b20   0x000000c0   Code   RO          512    i.__hardfp_modf     m_wv.l(modf.o)
    0x00005be0   0x000008d8   Code   RO          515    i.__hardfp_pow      m_wv.l(pow.o)
    0x000064b8   0x00000070   Code   RO          565    i.__kernel_poly     m_wv.l(poly.o)
    0x00006528   0x00000020   Code   RO          554    i.__mathlib_dbl_divzero  m_wv.l(dunder.o)
    0x00006548   0x00000006   Code   RO          556    i.__mathlib_dbl_infnan2  m_wv.l(dunder.o)
    0x0000654e   0x00000002   PAD
    0x00006550   0x00000018   Code   RO          557    i.__mathlib_dbl_invalid  m_wv.l(dunder.o)
    0x00006568   0x00000018   Code   RO          558    i.__mathlib_dbl_overflow  m_wv.l(dunder.o)
    0x00006580   0x00000018   Code   RO          560    i.__mathlib_dbl_underflow  m_wv.l(dunder.o)
    0x00006598   0x0000000c   Code   RO          593    i.__set_errno       mc_w.l(errno.o)
    0x000065a4   0x00000050   Code   RO          464    i.board_init_power  board.o
    0x000065f4   0x00000018   Code   RO          563    i.fabs              m_wv.l(fabs.o)
    0x0000660c   0x00000020   Code   RO           30    i.main              main_imxrt1052.o
    0x0000662c   0x0000006a   Code   RO          569    i.sqrt              m_wv.l(sqrt.o)
    0x00006696   0x00000002   PAD
    0x00006698   0x00000194   Code   RO          474    i.system_clock_info  board.o
    0x0000682c   0x00000003   Data   RO           93    .constdata          cdcacm.o
    0x0000682f   0x00000001   PAD
    0x00006830   0x00000034   Data   RO          132    .constdata          usb_device_ch9.o
    0x00006864   0x00000020   Data   RO          147    .constdata          usb_device_class.o
    0x00006884   0x00000008   Data   RO          179    .constdata          usb_device_ehci.o
    0x0000688c   0x00000018   Data   RO          206    .constdata          usb_device_dci.o
    0x000068a4   0x00000018   Data   RO          242    .constdata          usb_phy.o
    0x000068bc   0x00000010   Data   RO          292    .constdata          fsl_clock.o
    0x000068cc   0x00000024   Data   RO          331    .constdata          fsl_gpio.o
    0x000068f0   0x00000048   Data   RO          372    .constdata          fsl_lpuart.o
    0x00006938   0x0000001a   Data   RO          485    .constdata          clock_config.o
    0x00006952   0x00000006   PAD
    0x00006958   0x00000088   Data   RO          518    .constdata          m_wv.l(pow.o)
    0x000069e0   0x00000008   Data   RO          566    .constdata          m_wv.l(qnan.o)
    0x000069e8   0x00000089   Data   RO          116    .conststring        usb_device_cdc_acm.o


    Execution Region RW_m_data (Base: 0x20000000, Size: 0x00000d4c, Max: 0x0001f800, ABSOLUTE, COMPRESSED[0x000000fc])

    Base Addr    Size         Type   Attr      Idx    E Section Name        Object

    0x20000000   0x00000030   Data   RW           94    .data               cdcacm.o
    0x20000030   0x00000138   Data   RW          155    .data               usb_device_descriptor.o
    0x20000168   0x00000004   Data   RW          253    .data               system_mimxrt1052.o
    0x2000016c   0x00000008   Data   RW          293    .data               fsl_clock.o
    0x20000174   0x00000004   Data   RW          323    .data               fsl_flexspi.o
    0x20000178   0x00000004   Data   RW          373    .data               fsl_lpuart.o
    0x2000017c   0x00000008   Data   RW          444    .data               fsl_io.o
    0x20000184   0x00000004   Data   RW          594    .data               mc_w.l(errno.o)
    0x20000188   0x00000424   Zero   RW           92    .bss                cdcacm.o
    0x200005ac   0x00000254   PAD
    0x20000800   0x0000045c   Zero   RW          178    .bss                usb_device_ehci.o
    0x20000c5c   0x00000024   Zero   RW          371    .bss                fsl_lpuart.o
    0x20000c80   0x00000044   Zero   RW          115    .bss.m_usb_global   usb_device_cdc_acm.o
    0x20000cc4   0x00000018   Zero   RW          146    .bss.m_usb_global   usb_device_class.o
    0x20000cdc   0x00000070   Zero   RW          205    .bss.m_usb_global   usb_device_dci.o


    Execution Region ARM_LIB_HEAP (Base: 0x20000d4c, Size: 0x00000400, Max: 0x00000400, ABSOLUTE)

    Base Addr    Size         Type   Attr      Idx    E Section Name        Object

    0x20000d4c   0x00000400   Zero   RW            2    ARM_LIB_HEAP.bss    anon$$obj.o


    Execution Region ARM_LIB_STACK (Base: 0x2001fc00, Size: 0x00000400, Max: 0x00000400, ABSOLUTE)

    Base Addr    Size         Type   Attr      Idx    E Section Name        Object

    0x2001fc00   0x00000400   Zero   RW            3    ARM_LIB_STACK.bss   anon$$obj.o


    Execution Region VECTOR_ROM (Base: 0x60002000, Size: 0x00000400, Max: 0x00000400, ABSOLUTE)

    Base Addr    Size         Type   Attr      Idx    E Section Name        Object

    0x60002000   0x00000400   Data   RO          243    RESET               startup_mimxrt1052.o


    Execution Region ER_m_text (Base: 0x60002400, Size: 0x00000428, Max: 0x03ffdc00, ABSOLUTE)

    Base Addr    Size         Type   Attr      Idx    E Section Name        Object

    0x60002400   0x00000000   Code   RO          526  * .ARM.Collect$$$$00000000  mc_w.l(entry.o)
    0x60002400   0x00000004   Code   RO          573    .ARM.Collect$$$$00000003  mc_w.l(entry4.o)
    0x60002404   0x00000004   Code   RO          576    .ARM.Collect$$$$00000004  mc_w.l(entry5.o)
    0x60002408   0x00000000   Code   RO          578    .ARM.Collect$$$$00000008  mc_w.l(entry7b.o)
    0x60002408   0x00000000   Code   RO          580    .ARM.Collect$$$$0000000A  mc_w.l(entry8b.o)
    0x60002408   0x00000008   Code   RO          581    .ARM.Collect$$$$0000000B  mc_w.l(entry9a.o)
    0x60002410   0x00000000   Code   RO          583    .ARM.Collect$$$$0000000D  mc_w.l(entry10a.o)
    0x60002410   0x00000000   Code   RO          585    .ARM.Collect$$$$0000000F  mc_w.l(entry11a.o)
    0x60002410   0x00000004   Code   RO          574    .ARM.Collect$$$$00002714  mc_w.l(entry4.o)
    0x60002414   0x000001bc   Code   RO          244    .text               startup_mimxrt1052.o
    0x600025d0   0x00000024   Code   RO          599    .text               mc_w.l(init.o)
    0x600025f4   0x0000009c   Code   RO          248    i.SCB_EnableDCache  system_mimxrt1052.o
    0x60002690   0x0000007c   Code   RO          249    i.SCB_EnableICache  system_mimxrt1052.o
    0x6000270c   0x000000cc   Code   RO          251    i.SystemInit        system_mimxrt1052.o
    0x600027d8   0x00000002   Code   RO          252    i.SystemInitHook    system_mimxrt1052.o
    0x600027da   0x0000000e   Code   RO          613    i.__scatterload_copy  mc_w.l(handlers.o)
    0x600027e8   0x00000002   Code   RO          614    i.__scatterload_null  mc_w.l(handlers.o)
    0x600027ea   0x0000000e   Code   RO          615    i.__scatterload_zeroinit  mc_w.l(handlers.o)
    0x600027f8   0x00000030   Data   RO          611    Region$$Table       anon$$obj.o


    Execution Region RW_m_ncache (Base: 0x81e00000, Size: 0x00000000, Max: 0x00200000, ABSOLUTE)

    **** No section assigned to this execution region ****


==============================================================================

Image component sizes


      Code (inc. data)   RO Data    RW Data    ZI Data      Debug   Object Name

      1678        394          0          0          0          0   board.o
      1164        212          3         48       1060          0   cdcacm.o
       916        166         26          0          0          0   clock_config.o
      1832        166         16          8          0          0   fsl_clock.o
       154          4          0          0          0          0   fsl_debug_console.o
       490         10          0          4          0          0   fsl_flexspi.o
         0          0         48          0          0          0   fsl_flexspi_nor_boot.o
       338         18         36          0          0          0   fsl_gpio.o
       188          8          0          8          0          0   fsl_io.o
        86          0          0          0          0          0   fsl_log.o
      1146        120         72          4         36          0   fsl_lpuart.o
      2338          0          0          0          0          0   fsl_str.o
        32          0          0          0          0          0   main_imxrt1052.o
       186         14          0          0          0          0   pin_mux.o
       444        210       1024          0          0          0   startup_mimxrt1052.o
       486         38          0          4          0          0   system_mimxrt1052.o
         0          0        512          0          0          0   uavrs_v2_flexspi_nor_flash.o
         0          0       1072          0          0          0   uavrs_v2_sdram_ini_dcd.o
      2350         84        137          0         68          0   usb_device_cdc_acm.o
      1772         10         52          0          0          0   usb_device_ch9.o
       922         42         32          0         24          0   usb_device_class.o
      1758         30         24          0        112          0   usb_device_dci.o
       524         26          0        312          0          0   usb_device_descriptor.o
      3864         34          8          0       1116          0   usb_device_ehci.o
        60          4          0          0          0          0   usb_osa_bm.o
       208         16         24          0          0          0   usb_phy.o

    ----------------------------------------------------------------------
     22960       1606       3144        388       6084          0   Object Totals
         0          0         48          0       3072          0   (incl. Generated)
        24          0         10          0        596          0   (incl. Padding)

    ----------------------------------------------------------------------

      Code (inc. data)   RO Data    RW Data    ZI Data      Debug   Library Member Name

       110         60          0          0          0          0   dunder.o
        24          0          0          0          0          0   fabs.o
        48          0          0          0          0          0   fpclassify.o
       192          6          0          0          0          0   modf.o
       112          0          0          0          0          0   poly.o
      2264        300        136          0          0          0   pow.o
         0          0          8          0          0          0   qnan.o
       106          0          0          0          0          0   sqrt.o
        86          0          0          0          0          0   __dczerorl2.o
         0          0          0          0          0          0   entry.o
         0          0          0          0          0          0   entry10a.o
         0          0          0          0          0          0   entry11a.o
         8          4          0          0          0          0   entry4.o
         4          0          0          0          0          0   entry5.o
         0          0          0          0          0          0   entry7b.o
         0          0          0          0          0          0   entry8b.o
         8          4          0          0          0          0   entry9a.o
        12          6          0          4          0          0   errno.o
        30          0          0          0          0          0   handlers.o
        36          8          0          0          0          0   init.o
         0          0          0          0          0          0   iusefp.o
        98          0          0          0          0          0   ldiv.o
        30          0          0          0          0          0   llshl.o
        32          0          0          0          0          0   llushr.o
        36          0          0          0          0          0   memseta.o
        14          0          0          0          0          0   strlen.o
        98          0          0          0          0          0   uldiv.o
       186          0          0          0          0          0   depilogue.o
        74          0          0          0          0          0   dfixl.o
        40          0          0          0          0          0   dfltl.o
        46          0          0          0          0          0   dscalb.o

    ----------------------------------------------------------------------
      3700        388        144          4          0          0   Library Totals
         6          0          0          0          0          0   (incl. Padding)

    ----------------------------------------------------------------------

      Code (inc. data)   RO Data    RW Data    ZI Data      Debug   Library Name

      2856        366        144          0          0          0   m_wv.l
       492         22          0          4          0          0   mc_w.l
       346          0          0          0          0          0   mf_w.l

    ----------------------------------------------------------------------
      3700        388        144          4          0          0   Library Totals

    ----------------------------------------------------------------------

==============================================================================


      Code (inc. data)   RO Data    RW Data    ZI Data      Debug   

     26660       1994       3288        392       6084          0   Grand Totals
     26660       1994       3288        252       6084          0   ELF Image Totals (compressed)
     26660       1994       3288        252          0          0   ROM Totals

==============================================================================

    Total RO  Size (Code + RO Data)                29948 (  29.25kB)
    Total RW  Size (RW Data + ZI Data)              6476 (   6.32kB)
    Total ROM Size (Code + RO Data + RW Data)      30200 (  29.49kB)

==============================================================================

