Component: ARM Compiler 5.05 update 2 (build 169) Tool: armlink [4d0f33]

==============================================================================

Section Cross References

    startup_mimxrt1052.o(RESET) refers to startup_mimxrt1052.o(.text) for Reset_Handler
    startup_mimxrt1052.o(.text) refers to startup_mimxrt1052.o(RESET) for __Vectors
    startup_mimxrt1052.o(.text) refers to system_mimxrt1052.o(i.SystemInit) for SystemInit
    startup_mimxrt1052.o(.text) refers to entry.o(.ARM.Collect$$$$00000000) for __main
    startup_mimxrt1052.o(.text) refers to fsl_lpuart.o(i.LPUART1_DriverIRQHandler) for LPUART1_DriverIRQHandler
    startup_mimxrt1052.o(.text) refers to fsl_lpuart.o(i.LPUART2_DriverIRQHandler) for LPUART2_DriverIRQHandler
    startup_mimxrt1052.o(.text) refers to fsl_lpuart.o(i.LPUART3_DriverIRQHandler) for LPUART3_DriverIRQHandler
    startup_mimxrt1052.o(.text) refers to fsl_lpuart.o(i.LPUART4_DriverIRQHandler) for LPUART4_DriverIRQHandler
    startup_mimxrt1052.o(.text) refers to fsl_lpuart.o(i.LPUART5_DriverIRQHandler) for LPUART5_DriverIRQHandler
    startup_mimxrt1052.o(.text) refers to fsl_lpuart.o(i.LPUART6_DriverIRQHandler) for LPUART6_DriverIRQHandler
    startup_mimxrt1052.o(.text) refers to fsl_lpuart.o(i.LPUART7_DriverIRQHandler) for LPUART7_DriverIRQHandler
    startup_mimxrt1052.o(.text) refers to fsl_lpuart.o(i.LPUART8_DriverIRQHandler) for LPUART8_DriverIRQHandler
    startup_mimxrt1052.o(.text) refers to fsl_flexspi.o(i.FLEXSPI_DriverIRQHandler) for FLEXSPI_DriverIRQHandler
    system_mimxrt1052.o(i.SystemCoreClockUpdate) refers to uldiv.o(.text) for __aeabi_uldivmod
    system_mimxrt1052.o(i.SystemCoreClockUpdate) refers to system_mimxrt1052.o(.data) for .data
    system_mimxrt1052.o(i.SystemInit) refers to system_mimxrt1052.o(i.SystemInitHook) for SystemInitHook
    fsl_clock.o(i.CLOCK_EnableUsbhs0PhyPllClock) refers to fsl_clock.o(i.CLOCK_InitUsb1Pll) for CLOCK_InitUsb1Pll
    fsl_clock.o(i.CLOCK_EnableUsbhs1PhyPllClock) refers to fsl_clock.o(i.CLOCK_InitUsb2Pll) for CLOCK_InitUsb2Pll
    fsl_clock.o(i.CLOCK_GetFreq) refers to fsl_clock.o(i.CLOCK_GetPeriphClkFreq) for CLOCK_GetPeriphClkFreq
    fsl_clock.o(i.CLOCK_GetFreq) refers to fsl_clock.o(i.CLOCK_GetUsb1PfdFreq) for CLOCK_GetUsb1PfdFreq
    fsl_clock.o(i.CLOCK_GetFreq) refers to fsl_clock.o(i.CLOCK_GetSysPfdFreq) for CLOCK_GetSysPfdFreq
    fsl_clock.o(i.CLOCK_GetFreq) refers to fsl_clock.o(i.CLOCK_GetOscFreq) for CLOCK_GetOscFreq
    fsl_clock.o(i.CLOCK_GetFreq) refers to fsl_clock.o(i.CLOCK_GetPllFreq) for CLOCK_GetPllFreq
    fsl_clock.o(i.CLOCK_GetOscFreq) refers to fsl_clock.o(.data) for .data
    fsl_clock.o(i.CLOCK_GetPeriphClkFreq) refers to fsl_clock.o(i.CLOCK_GetPllFreq) for CLOCK_GetPllFreq
    fsl_clock.o(i.CLOCK_GetPeriphClkFreq) refers to fsl_clock.o(i.CLOCK_GetOscFreq) for CLOCK_GetOscFreq
    fsl_clock.o(i.CLOCK_GetPeriphClkFreq) refers to fsl_clock.o(i.CLOCK_GetSysPfdFreq) for CLOCK_GetSysPfdFreq
    fsl_clock.o(i.CLOCK_GetPllFreq) refers to fsl_clock.o(i.CLOCK_GetOscFreq) for CLOCK_GetOscFreq
    fsl_clock.o(i.CLOCK_GetPllFreq) refers to uldiv.o(.text) for __aeabi_uldivmod
    fsl_clock.o(i.CLOCK_GetPllFreq) refers to fsl_clock.o(.constdata) for .constdata
    fsl_clock.o(i.CLOCK_GetSysPfdFreq) refers to fsl_clock.o(i.CLOCK_GetPllFreq) for CLOCK_GetPllFreq
    fsl_clock.o(i.CLOCK_GetUsb1PfdFreq) refers to fsl_clock.o(i.CLOCK_GetPllFreq) for CLOCK_GetPllFreq
    fsl_common.o(i.SDK_Free) refers to malloc2.o(i.__free$2region) for free
    fsl_common.o(i.SDK_Malloc) refers to malloc2.o(i.__malloc$2region) for malloc
    fsl_flexspi.o(i.FLEXSPI_Deinit) refers to fsl_flexspi.o(i.FLEXSPI_SoftwareReset) for FLEXSPI_SoftwareReset
    fsl_flexspi.o(i.FLEXSPI_DriverIRQHandler) refers to fsl_flexspi.o(i.FLEXSPI_TransferHandleIRQ) for FLEXSPI_TransferHandleIRQ
    fsl_flexspi.o(i.FLEXSPI_DriverIRQHandler) refers to fsl_flexspi.o(.data) for .data
    fsl_flexspi.o(i.FLEXSPI_GetDefaultConfig) refers to memseta.o(.text) for __aeabi_memclr
    fsl_flexspi.o(i.FLEXSPI_GetInstance) refers to fsl_flexspi.o(.constdata) for .constdata
    fsl_flexspi.o(i.FLEXSPI_Init) refers to fsl_flexspi.o(i.FLEXSPI_GetInstance) for FLEXSPI_GetInstance
    fsl_flexspi.o(i.FLEXSPI_Init) refers to fsl_flexspi.o(i.FLEXSPI_SoftwareReset) for FLEXSPI_SoftwareReset
    fsl_flexspi.o(i.FLEXSPI_Init) refers to fsl_flexspi.o(.constdata) for .constdata
    fsl_flexspi.o(i.FLEXSPI_ReadBlocking) refers to fsl_flexspi.o(i.FLEXSPI_CheckAndClearError) for FLEXSPI_CheckAndClearError
    fsl_flexspi.o(i.FLEXSPI_SetFlashConfig) refers to fsl_flexspi.o(i.FLEXSPI_GetBusIdleStatus) for FLEXSPI_GetBusIdleStatus
    fsl_flexspi.o(i.FLEXSPI_TransferBlocking) refers to fsl_flexspi.o(i.FLEXSPI_WriteBlocking) for FLEXSPI_WriteBlocking
    fsl_flexspi.o(i.FLEXSPI_TransferBlocking) refers to fsl_flexspi.o(i.FLEXSPI_ReadBlocking) for FLEXSPI_ReadBlocking
    fsl_flexspi.o(i.FLEXSPI_TransferBlocking) refers to fsl_flexspi.o(i.FLEXSPI_GetBusIdleStatus) for FLEXSPI_GetBusIdleStatus
    fsl_flexspi.o(i.FLEXSPI_TransferBlocking) refers to fsl_flexspi.o(i.FLEXSPI_CheckAndClearError) for FLEXSPI_CheckAndClearError
    fsl_flexspi.o(i.FLEXSPI_TransferCreateHandle) refers to fsl_flexspi.o(i.FLEXSPI_GetInstance) for FLEXSPI_GetInstance
    fsl_flexspi.o(i.FLEXSPI_TransferCreateHandle) refers to memseta.o(.text) for __aeabi_memclr4
    fsl_flexspi.o(i.FLEXSPI_TransferCreateHandle) refers to fsl_flexspi.o(.data) for .data
    fsl_flexspi.o(i.FLEXSPI_TransferCreateHandle) refers to fsl_flexspi.o(.constdata) for .constdata
    fsl_flexspi.o(i.FLEXSPI_TransferHandleIRQ) refers to fsl_flexspi.o(i.FLEXSPI_CheckAndClearError) for FLEXSPI_CheckAndClearError
    fsl_flexspi.o(i.FLEXSPI_TransferHandleIRQ) refers to fsl_flexspi.o(i.FLEXSPI_TransferAbort) for FLEXSPI_TransferAbort
    fsl_flexspi.o(i.FLEXSPI_UpdateLUT) refers to fsl_flexspi.o(i.FLEXSPI_GetBusIdleStatus) for FLEXSPI_GetBusIdleStatus
    fsl_flexspi.o(i.FLEXSPI_WriteBlocking) refers to fsl_flexspi.o(i.FLEXSPI_CheckAndClearError) for FLEXSPI_CheckAndClearError
    fsl_gpio.o(i.GPIO_PinInit) refers to fsl_gpio.o(i.GPIO_PinWrite) for GPIO_PinWrite
    fsl_gpio.o(i.GPIO_PinInit) refers to fsl_gpio.o(i.GPIO_PinSetInterruptConfig) for GPIO_PinSetInterruptConfig
    fsl_gpio.o(i.GPIO_PinInit) refers to fsl_gpio.o(.constdata) for .constdata
    fsl_lpuart.o(i.LPUART1_DriverIRQHandler) refers to fsl_lpuart.o(.bss) for .bss
    fsl_lpuart.o(i.LPUART1_DriverIRQHandler) refers to fsl_lpuart.o(.data) for .data
    fsl_lpuart.o(i.LPUART2_DriverIRQHandler) refers to fsl_lpuart.o(.bss) for .bss
    fsl_lpuart.o(i.LPUART2_DriverIRQHandler) refers to fsl_lpuart.o(.data) for .data
    fsl_lpuart.o(i.LPUART3_DriverIRQHandler) refers to fsl_lpuart.o(.bss) for .bss
    fsl_lpuart.o(i.LPUART3_DriverIRQHandler) refers to fsl_lpuart.o(.data) for .data
    fsl_lpuart.o(i.LPUART4_DriverIRQHandler) refers to fsl_lpuart.o(.bss) for .bss
    fsl_lpuart.o(i.LPUART4_DriverIRQHandler) refers to fsl_lpuart.o(.data) for .data
    fsl_lpuart.o(i.LPUART5_DriverIRQHandler) refers to fsl_lpuart.o(.bss) for .bss
    fsl_lpuart.o(i.LPUART5_DriverIRQHandler) refers to fsl_lpuart.o(.data) for .data
    fsl_lpuart.o(i.LPUART6_DriverIRQHandler) refers to fsl_lpuart.o(.bss) for .bss
    fsl_lpuart.o(i.LPUART6_DriverIRQHandler) refers to fsl_lpuart.o(.data) for .data
    fsl_lpuart.o(i.LPUART7_DriverIRQHandler) refers to fsl_lpuart.o(.bss) for .bss
    fsl_lpuart.o(i.LPUART7_DriverIRQHandler) refers to fsl_lpuart.o(.data) for .data
    fsl_lpuart.o(i.LPUART8_DriverIRQHandler) refers to fsl_lpuart.o(.bss) for .bss
    fsl_lpuart.o(i.LPUART8_DriverIRQHandler) refers to fsl_lpuart.o(.data) for .data
    fsl_lpuart.o(i.LPUART_ClearStatusFlags) refers to fsl_lpuart.o(i.LPUART_GetStatusFlags) for LPUART_GetStatusFlags
    fsl_lpuart.o(i.LPUART_Deinit) refers to fsl_lpuart.o(i.LPUART_GetInstance) for LPUART_GetInstance
    fsl_lpuart.o(i.LPUART_Deinit) refers to fsl_lpuart.o(i.CLOCK_ControlGate) for CLOCK_ControlGate
    fsl_lpuart.o(i.LPUART_Deinit) refers to fsl_lpuart.o(.constdata) for .constdata
    fsl_lpuart.o(i.LPUART_GetInstance) refers to fsl_lpuart.o(.constdata) for .constdata
    fsl_lpuart.o(i.LPUART_Init) refers to fsl_lpuart.o(i.LPUART_GetInstance) for LPUART_GetInstance
    fsl_lpuart.o(i.LPUART_Init) refers to fsl_lpuart.o(i.CLOCK_ControlGate) for CLOCK_ControlGate
    fsl_lpuart.o(i.LPUART_Init) refers to fsl_lpuart.o(.constdata) for .constdata
    fsl_lpuart.o(i.LPUART_ReadBlocking) refers to fsl_lpuart.o(i.LPUART_GetStatusFlags) for LPUART_GetStatusFlags
    fsl_lpuart.o(i.LPUART_ReadBlocking) refers to fsl_lpuart.o(i.LPUART_ClearStatusFlags) for LPUART_ClearStatusFlags
    fsl_lpuart.o(i.LPUART_TransferAbortReceive) refers to fsl_lpuart.o(i.LPUART_DisableInterrupts) for LPUART_DisableInterrupts
    fsl_lpuart.o(i.LPUART_TransferAbortSend) refers to fsl_lpuart.o(i.LPUART_DisableInterrupts) for LPUART_DisableInterrupts
    fsl_lpuart.o(i.LPUART_TransferCreateHandle) refers to memseta.o(.text) for __aeabi_memclr4
    fsl_lpuart.o(i.LPUART_TransferCreateHandle) refers to fsl_lpuart.o(i.LPUART_GetInstance) for LPUART_GetInstance
    fsl_lpuart.o(i.LPUART_TransferCreateHandle) refers to fsl_lpuart.o(.bss) for .bss
    fsl_lpuart.o(i.LPUART_TransferCreateHandle) refers to fsl_lpuart.o(i.LPUART_TransferHandleIRQ) for LPUART_TransferHandleIRQ
    fsl_lpuart.o(i.LPUART_TransferCreateHandle) refers to fsl_lpuart.o(.data) for .data
    fsl_lpuart.o(i.LPUART_TransferCreateHandle) refers to fsl_lpuart.o(.constdata) for .constdata
    fsl_lpuart.o(i.LPUART_TransferHandleIRQ) refers to fsl_lpuart.o(i.LPUART_ReadNonBlocking) for LPUART_ReadNonBlocking
    fsl_lpuart.o(i.LPUART_TransferHandleIRQ) refers to fsl_lpuart.o(i.LPUART_DisableInterrupts) for LPUART_DisableInterrupts
    fsl_lpuart.o(i.LPUART_TransferHandleIRQ) refers to fsl_lpuart.o(i.LPUART_TransferIsRxRingBufferFull) for LPUART_TransferIsRxRingBufferFull
    fsl_lpuart.o(i.LPUART_TransferIsRxRingBufferFull) refers to fsl_lpuart.o(i.LPUART_TransferGetRxRingBufferLength) for LPUART_TransferGetRxRingBufferLength
    fsl_lpuart.o(i.LPUART_TransferReceiveNonBlocking) refers to fsl_lpuart.o(i.LPUART_DisableInterrupts) for LPUART_DisableInterrupts
    fsl_lpuart.o(i.LPUART_TransferReceiveNonBlocking) refers to fsl_lpuart.o(i.LPUART_TransferGetRxRingBufferLength) for LPUART_TransferGetRxRingBufferLength
    fsl_lpuart.o(i.LPUART_TransferReceiveNonBlocking) refers to fsl_lpuart.o(i.LPUART_EnableInterrupts) for LPUART_EnableInterrupts
    fsl_lpuart.o(i.LPUART_TransferSendNonBlocking) refers to fsl_lpuart.o(i.LPUART_EnableInterrupts) for LPUART_EnableInterrupts
    fsl_lpuart.o(i.LPUART_TransferStartRingBuffer) refers to fsl_lpuart.o(i.LPUART_EnableInterrupts) for LPUART_EnableInterrupts
    fsl_lpuart.o(i.LPUART_TransferStopRingBuffer) refers to fsl_lpuart.o(i.LPUART_DisableInterrupts) for LPUART_DisableInterrupts
    fsl_debug_console.o(i.DbgConsole_Deinit) refers to fsl_log.o(i.LOG_Deinit) for LOG_Deinit
    fsl_debug_console.o(i.DbgConsole_Flush) refers to fsl_log.o(i.LOG_WaitIdle) for LOG_WaitIdle
    fsl_debug_console.o(i.DbgConsole_Getchar) refers to fsl_log.o(i.LOG_ReadCharacter) for LOG_ReadCharacter
    fsl_debug_console.o(i.DbgConsole_Init) refers to fsl_log.o(i.LOG_Init) for LOG_Init
    fsl_debug_console.o(i.DbgConsole_Printf) refers to memseta.o(.text) for __aeabi_memclr4
    fsl_debug_console.o(i.DbgConsole_Printf) refers to fsl_str.o(i.StrFormatPrintf) for StrFormatPrintf
    fsl_debug_console.o(i.DbgConsole_Printf) refers to fsl_log.o(i.LOG_Push) for LOG_Push
    fsl_debug_console.o(i.DbgConsole_Printf) refers to fsl_debug_console.o(i.DbgConsole_RelocateLog) for DbgConsole_RelocateLog
    fsl_debug_console.o(i.DbgConsole_Putchar) refers to fsl_log.o(i.LOG_Push) for LOG_Push
    fsl_debug_console.o(i.DbgConsole_RelocateLog) refers to fsl_log.o(i.LOG_Push) for LOG_Push
    fsl_debug_console.o(i.DbgConsole_Scanf) refers to memseta.o(.text) for __aeabi_memclr4
    fsl_debug_console.o(i.DbgConsole_Scanf) refers to fsl_log.o(i.LOG_ReadLine) for LOG_ReadLine
    fsl_debug_console.o(i.DbgConsole_Scanf) refers to fsl_str.o(i.StrFormatScanf) for StrFormatScanf
    fsl_debug_console.o(i.fgetc) refers to fsl_log.o(i.LOG_ReadCharacter) for LOG_ReadCharacter
    fsl_debug_console.o(i.fputc) refers to fsl_log.o(i.LOG_Push) for LOG_Push
    fsl_notifier.o(i.NOTIFIER_CreateHandle) refers to memseta.o(.text) for __aeabi_memclr4
    fsl_shell.o(i.AutoComplete) refers to fsl_shell.o(i.StrLen) for StrLen
    fsl_shell.o(i.AutoComplete) refers to fsl_shell.o(i.HelpCommand) for HelpCommand
    fsl_shell.o(i.AutoComplete) refers to fsl_shell.o(i.StrCompare) for StrCompare
    fsl_shell.o(i.AutoComplete) refers to fsl_shell.o(i.StrCopy) for StrCopy
    fsl_shell.o(i.AutoComplete) refers to fsl_shell.o(.bss) for .bss
    fsl_shell.o(i.GetHistoryCommand) refers to fsl_shell.o(i.StrLen) for StrLen
    fsl_shell.o(i.GetHistoryCommand) refers to memseta.o(.text) for __aeabi_memclr
    fsl_shell.o(i.GetHistoryCommand) refers to fsl_shell.o(i.StrCopy) for StrCopy
    fsl_shell.o(i.HelpCommand) refers to fsl_shell.o(.bss) for .bss
    fsl_shell.o(i.ParseLine) refers to memseta.o(.text) for __aeabi_memclr4
    fsl_shell.o(i.ParseLine) refers to fsl_shell.o(i.StrCopy) for StrCopy
    fsl_shell.o(i.ParseLine) refers to fsl_shell.o(.bss) for .bss
    fsl_shell.o(i.ProcessCommand) refers to fsl_shell.o(i.StrLen) for StrLen
    fsl_shell.o(i.ProcessCommand) refers to fsl_shell.o(i.ParseLine) for ParseLine
    fsl_shell.o(i.ProcessCommand) refers to fsl_shell.o(i.StrCompare) for StrCompare
    fsl_shell.o(i.ProcessCommand) refers to memseta.o(.text) for __aeabi_memclr
    fsl_shell.o(i.ProcessCommand) refers to fsl_shell.o(i.StrCopy) for StrCopy
    fsl_shell.o(i.ProcessCommand) refers to fsl_shell.o(.data) for .data
    fsl_shell.o(i.ProcessCommand) refers to fsl_shell.o(.bss) for .bss
    fsl_shell.o(i.ProcessCommand) refers to fsl_shell.o(.conststring) for .conststring
    fsl_shell.o(i.SHELL_Init) refers to memseta.o(.text) for __aeabi_memclr4
    fsl_shell.o(i.SHELL_Init) refers to fsl_shell.o(i.SHELL_RegisterCommand) for SHELL_RegisterCommand
    fsl_shell.o(i.SHELL_Init) refers to fsl_shell.o(.constdata) for .constdata
    fsl_shell.o(i.SHELL_Main) refers to fsl_shell.o(i.GetHistoryCommand) for GetHistoryCommand
    fsl_shell.o(i.SHELL_Main) refers to fsl_shell.o(i.AutoComplete) for AutoComplete
    fsl_shell.o(i.SHELL_Main) refers to fsl_shell.o(i.StrLen) for StrLen
    fsl_shell.o(i.SHELL_Main) refers to memmovea.o(.text) for __aeabi_memmove
    fsl_shell.o(i.SHELL_Main) refers to fsl_shell.o(i.ProcessCommand) for ProcessCommand
    fsl_shell.o(i.SHELL_Main) refers to memseta.o(.text) for __aeabi_memclr
    fsl_shell.o(i.SHELL_Main) refers to fsl_shell.o(.data) for .data
    fsl_shell.o(i.SHELL_RegisterCommand) refers to fsl_shell.o(.bss) for .bss
    fsl_shell.o(.constdata) refers to fsl_shell.o(.conststring) for .conststring
    fsl_shell.o(.constdata) refers to fsl_shell.o(i.HelpCommand) for HelpCommand
    fsl_shell.o(.constdata) refers to fsl_shell.o(i.ExitCommand) for ExitCommand
    fsl_str.o(i.ConvertFloatRadixNumToString) refers to modf.o(i.__hardfp_modf) for __hardfp_modf
    fsl_str.o(i.ConvertFloatRadixNumToString) refers to pow.o(i.__hardfp_pow) for __hardfp_pow
    fsl_str.o(i.ConvertFloatRadixNumToString) refers to dfixl.o(.text) for __aeabi_d2lz
    fsl_str.o(i.ConvertFloatRadixNumToString) refers to dfltl.o(.text) for __aeabi_l2d
    fsl_str.o(i.ConvertRadixNumToString) refers to ldiv.o(.text) for __aeabi_ldivmod
    fsl_str.o(i.ConvertRadixNumToString) refers to uldiv.o(.text) for __aeabi_uldivmod
    fsl_str.o(i.StrFormatPrintf) refers to fsl_str.o(i.ConvertRadixNumToString) for ConvertRadixNumToString
    fsl_str.o(i.StrFormatPrintf) refers to fsl_str.o(i.ConvertFloatRadixNumToString) for ConvertFloatRadixNumToString
    fsl_str.o(i.StrFormatPrintf) refers to strlen.o(.text) for strlen
    fsl_str.o(i.StrFormatScanf) refers to fsl_str.o(i.ScanIgnoreWhiteSpace) for ScanIgnoreWhiteSpace
    fsl_str.o(i.StrFormatScanf) refers to strtod.o(i.__hardfp_strtod) for __hardfp_strtod
    fsl_str.o(i.StrFormatScanf) refers to fsl_str.o(.data) for .data
    fsl_log.o(i.LOG_Deinit) refers to fsl_io.o(i.IO_Deinit) for IO_Deinit
    fsl_log.o(i.LOG_Init) refers to fsl_io.o(i.IO_Init) for IO_Init
    fsl_log.o(i.LOG_Pop) refers to fsl_io.o(i.IO_Transfer) for IO_Transfer
    fsl_log.o(i.LOG_Push) refers to fsl_log.o(i.LOG_Pop) for LOG_Pop
    fsl_log.o(i.LOG_ReadCharacter) refers to fsl_log.o(i.LOG_ReadOneCharacter) for LOG_ReadOneCharacter
    fsl_log.o(i.LOG_ReadLine) refers to fsl_log.o(i.LOG_ReadOneCharacter) for LOG_ReadOneCharacter
    fsl_log.o(i.LOG_ReadOneCharacter) refers to fsl_io.o(i.IO_Transfer) for IO_Transfer
    fsl_log.o(i.LOG_WaitIdle) refers to fsl_io.o(i.IO_WaitIdle) for IO_WaitIdle
    fsl_io.o(i.IO_Deinit) refers to fsl_lpuart.o(i.LPUART_Deinit) for LPUART_Deinit
    fsl_io.o(i.IO_Deinit) refers to fsl_io.o(.data) for .data
    fsl_io.o(i.IO_Init) refers to fsl_lpuart.o(i.LPUART_GetDefaultConfig) for LPUART_GetDefaultConfig
    fsl_io.o(i.IO_Init) refers to fsl_lpuart.o(i.LPUART_Init) for LPUART_Init
    fsl_io.o(i.IO_Init) refers to fsl_io.o(.data) for .data
    fsl_io.o(i.IO_Transfer) refers to fsl_lpuart.o(i.LPUART_WriteBlocking) for LPUART_WriteBlocking
    fsl_io.o(i.IO_Transfer) refers to fsl_lpuart.o(i.LPUART_ReadBlocking) for LPUART_ReadBlocking
    fsl_io.o(i.IO_Transfer) refers to fsl_io.o(.data) for .data
    fsl_io.o(i.IO_WaitIdle) refers to fsl_lpuart.o(i.LPUART_GetStatusFlags) for LPUART_GetStatusFlags
    fsl_io.o(i.IO_WaitIdle) refers to fsl_io.o(.data) for .data
    board.o(i.BOARD_ConfigMPU) refers to board.o(i.SCB_DisableDCache) for SCB_DisableDCache
    board.o(i.BOARD_ConfigMPU) refers to board.o(i.CopyAndUseRAMVectorTable) for CopyAndUseRAMVectorTable
    board.o(i.BOARD_DebugConsoleSrcFreq) refers to fsl_clock.o(i.CLOCK_GetPllFreq) for CLOCK_GetPllFreq
    board.o(i.BOARD_DebugConsoleSrcFreq) refers to board.o(i.CLOCK_GetDiv) for CLOCK_GetDiv
    board.o(i.BOARD_DebugConsoleSrcFreq) refers to fsl_clock.o(.data) for g_xtalFreq
    board.o(i.BOARD_InitDebugConsole) refers to board.o(i.BOARD_DebugConsoleSrcFreq) for BOARD_DebugConsoleSrcFreq
    board.o(i.BOARD_InitDebugConsole) refers to fsl_debug_console.o(i.DbgConsole_Init) for DbgConsole_Init
    board.o(i.board_init_hyperflash) refers to fsl_clock.o(i.CLOCK_InitUsb1Pll) for CLOCK_InitUsb1Pll
    board.o(i.board_init_hyperflash) refers to fsl_clock.o(i.CLOCK_InitUsb1Pfd) for CLOCK_InitUsb1Pfd
    board.o(i.board_init_hyperflash) refers to board.o(i.CLOCK_SetDiv) for CLOCK_SetDiv
    board.o(i.board_init_hyperflash) refers to board.o(i.SCB_DisableDCache) for SCB_DisableDCache
    board.o(i.board_init_hyperflash) refers to fsl_flexspi.o(i.FLEXSPI_GetDefaultConfig) for FLEXSPI_GetDefaultConfig
    board.o(i.board_init_hyperflash) refers to fsl_flexspi.o(i.FLEXSPI_Init) for FLEXSPI_Init
    board.o(i.board_init_hyperflash) refers to fsl_flexspi.o(i.FLEXSPI_SetFlashConfig) for FLEXSPI_SetFlashConfig
    board.o(i.board_init_hyperflash) refers to fsl_flexspi.o(i.FLEXSPI_UpdateLUT) for FLEXSPI_UpdateLUT
    board.o(i.board_init_hyperflash) refers to board.o(i.FLEXSPI_SoftwareReset) for FLEXSPI_SoftwareReset
    board.o(i.board_init_hyperflash) refers to board.o(i.flexspi_nor_hyperflash_cfi) for flexspi_nor_hyperflash_cfi
    board.o(i.board_init_hyperflash) refers to board.o(.data) for .data
    board.o(i.board_init_hyperflash) refers to board.o(.constdata) for .constdata
    board.o(i.board_init_led) refers to board.o(i.IOMUXC_SetPinMux) for IOMUXC_SetPinMux
    board.o(i.board_init_led) refers to fsl_gpio.o(i.GPIO_PinInit) for GPIO_PinInit
    board.o(i.board_init_power) refers to board.o(i.IOMUXC_SetPinMux) for IOMUXC_SetPinMux
    board.o(i.board_init_power) refers to fsl_gpio.o(i.GPIO_PinInit) for GPIO_PinInit
    board.o(i.flexspi_nor_flash_erase_sector) refers to board.o(i.flexspi_nor_write_enable) for flexspi_nor_write_enable
    board.o(i.flexspi_nor_flash_erase_sector) refers to fsl_flexspi.o(i.FLEXSPI_TransferBlocking) for FLEXSPI_TransferBlocking
    board.o(i.flexspi_nor_flash_erase_sector) refers to board.o(i.flexspi_nor_wait_bus_busy) for flexspi_nor_wait_bus_busy
    board.o(i.flexspi_nor_flash_page_program) refers to board.o(i.flexspi_nor_write_enable) for flexspi_nor_write_enable
    board.o(i.flexspi_nor_flash_page_program) refers to fsl_flexspi.o(i.FLEXSPI_TransferBlocking) for FLEXSPI_TransferBlocking
    board.o(i.flexspi_nor_flash_page_program) refers to board.o(i.flexspi_nor_wait_bus_busy) for flexspi_nor_wait_bus_busy
    board.o(i.flexspi_nor_hyperbus_read) refers to fsl_flexspi.o(i.FLEXSPI_TransferBlocking) for FLEXSPI_TransferBlocking
    board.o(i.flexspi_nor_hyperbus_write) refers to fsl_flexspi.o(i.FLEXSPI_TransferBlocking) for FLEXSPI_TransferBlocking
    board.o(i.flexspi_nor_hyperflash_cfi) refers to board.o(i.flexspi_nor_hyperbus_write) for flexspi_nor_hyperbus_write
    board.o(i.flexspi_nor_hyperflash_cfi) refers to fsl_debug_console.o(i.DbgConsole_Printf) for DbgConsole_Printf
    board.o(i.flexspi_nor_hyperflash_cfi) refers to board.o(i.flexspi_nor_hyperbus_read) for flexspi_nor_hyperbus_read
    board.o(i.flexspi_nor_wait_bus_busy) refers to fsl_flexspi.o(i.FLEXSPI_TransferBlocking) for FLEXSPI_TransferBlocking
    board.o(i.flexspi_nor_write_enable) refers to fsl_flexspi.o(i.FLEXSPI_TransferBlocking) for FLEXSPI_TransferBlocking
    board.o(i.hyperflash_ip_command_test) refers to board.o(i.flexspi_nor_flash_erase_sector) for flexspi_nor_flash_erase_sector
    board.o(i.hyperflash_ip_command_test) refers to fsl_debug_console.o(i.DbgConsole_Printf) for DbgConsole_Printf
    board.o(i.hyperflash_ip_command_test) refers to board.o(i.FLEXSPI_SoftwareReset) for FLEXSPI_SoftwareReset
    board.o(i.hyperflash_ip_command_test) refers to board.o(i.flexspi_nor_hyperbus_read) for flexspi_nor_hyperbus_read
    board.o(i.hyperflash_ip_command_test) refers to memseta.o(.text) for __aeabi_memset
    board.o(i.hyperflash_ip_command_test) refers to memcmp.o(.text) for memcmp
    board.o(i.hyperflash_ip_command_test) refers to board.o(i.flexspi_nor_flash_page_program) for flexspi_nor_flash_page_program
    board.o(i.hyperflash_ip_command_test) refers to board.o(i.FLEXSPI_Enable) for FLEXSPI_Enable
    board.o(i.hyperflash_ip_command_test) refers to board.o(i.CLOCK_ControlGate) for CLOCK_ControlGate
    board.o(i.hyperflash_ip_command_test) refers to board.o(i.CLOCK_SetDiv) for CLOCK_SetDiv
    board.o(i.hyperflash_ip_command_test) refers to board.o(.bss) for .bss
    board.o(i.system_clock_info) refers to fsl_debug_console.o(i.DbgConsole_Printf) for DbgConsole_Printf
    board.o(i.system_clock_info) refers to fsl_clock.o(i.CLOCK_GetFreq) for CLOCK_GetFreq
    clock_config.o(i.BOARD_BootClockRUN) refers to clock_config.o(i.CLOCK_SetMux) for CLOCK_SetMux
    clock_config.o(i.BOARD_BootClockRUN) refers to fsl_clock.o(i.CLOCK_InitArmPll) for CLOCK_InitArmPll
    clock_config.o(i.BOARD_BootClockRUN) refers to fsl_clock.o(i.CLOCK_InitSysPll) for CLOCK_InitSysPll
    clock_config.o(i.BOARD_BootClockRUN) refers to clock_config.o(i.CLOCK_SetDiv) for CLOCK_SetDiv
    clock_config.o(i.BOARD_BootClockRUN) refers to fsl_clock.o(.data) for g_rtcXtalFreq
    clock_config.o(i.BOARD_BootClockRUN) refers to fsl_clock.o(.data) for g_xtalFreq
    clock_config.o(i.BOARD_BootClockRUN) refers to clock_config.o(.constdata) for .constdata
    clock_config.o(i.BOARD_BootClockRUN) refers to system_mimxrt1052.o(.data) for SystemCoreClock
    clock_config.o(i.BOARD_InitBootClocks) refers to clock_config.o(i.BOARD_BootClockRUN) for BOARD_BootClockRUN
    pin_mux.o(i.BOARD_InitBootPins) refers to pin_mux.o(i.BOARD_InitPins) for BOARD_InitPins
    pin_mux.o(i.BOARD_InitPins) refers to pin_mux.o(i.IOMUXC_SetPinMux) for IOMUXC_SetPinMux
    fsl_flexspi_nor_boot.o(.boot_hdr.ivt) refers to startup_mimxrt1052.o(RESET) for __Vectors
    fsl_flexspi_nor_boot.o(.boot_hdr.ivt) refers to uavrs_v2_sdram_ini_dcd.o(.boot_hdr.dcd_data) for dcd_data
    fsl_flexspi_nor_boot.o(.boot_hdr.ivt) refers to fsl_flexspi_nor_boot.o(.boot_hdr.boot_data) for boot_data
    bsp_led.o(i.LED_GPIO_Config) refers to bsp_led.o(i.IOMUXC_SetPinMux) for IOMUXC_SetPinMux
    bsp_led.o(i.LED_GPIO_Config) refers to fsl_gpio.o(i.GPIO_PinInit) for GPIO_PinInit
    main_imxrt1052.o(i._start) refers to main_imxrt1052.o(i.main) for main
    main_imxrt1052.o(i.get_mcu_desc) refers to memmovea.o(.text) for __aeabi_memcpy4
    main_imxrt1052.o(i.main) refers to board.o(i.BOARD_ConfigMPU) for BOARD_ConfigMPU
    main_imxrt1052.o(i.main) refers to pin_mux.o(i.BOARD_InitPins) for BOARD_InitPins
    main_imxrt1052.o(i.main) refers to clock_config.o(i.BOARD_BootClockRUN) for BOARD_BootClockRUN
    main_imxrt1052.o(i.main) refers to board.o(i.BOARD_InitDebugConsole) for BOARD_InitDebugConsole
    main_imxrt1052.o(i.main) refers to board.o(i.board_init_power) for board_init_power
    main_imxrt1052.o(i.main) refers to board.o(i.board_init_led) for board_init_led
    main_imxrt1052.o(i.main) refers to board.o(i.board_init_hyperflash) for board_init_hyperflash
    main_imxrt1052.o(i.main) refers to board.o(i.system_clock_info) for system_clock_info
    bl.o(i.bootloader) refers to bl.o(i.led_set) for led_set
    bl.o(i.bootloader) refers to main_imxrt1052.o(i.led_off) for led_off
    bl.o(i.bootloader) refers to bl.o(i.cin_wait) for cin_wait
    bl.o(i.bootloader) refers to main_imxrt1052.o(i.led_on) for led_on
    bl.o(i.bootloader) refers to bl.o(i.wait_for_eoc) for wait_for_eoc
    bl.o(i.bootloader) refers to bl.o(i.cout) for cout
    bl.o(i.bootloader) refers to main_imxrt1052.o(i.flash_func_read_word) for flash_func_read_word
    bl.o(i.bootloader) refers to main_imxrt1052.o(i.flash_func_erase_sector) for flash_func_erase_sector
    bl.o(i.bootloader) refers to main_imxrt1052.o(i.flash_func_sector_size) for flash_func_sector_size
    bl.o(i.bootloader) refers to main_imxrt1052.o(i.flash_func_write_word) for flash_func_write_word
    bl.o(i.bootloader) refers to bl.o(i.cout_word) for cout_word
    bl.o(i.bootloader) refers to bl.o(i.cin_word) for cin_word
    bl.o(i.bootloader) refers to main_imxrt1052.o(i.flash_func_read_otp) for flash_func_read_otp
    bl.o(i.bootloader) refers to main_imxrt1052.o(i.flash_func_read_sn) for flash_func_read_sn
    bl.o(i.bootloader) refers to main_imxrt1052.o(i.get_mcu_id) for get_mcu_id
    bl.o(i.bootloader) refers to main_imxrt1052.o(i.get_mcu_desc) for get_mcu_desc
    bl.o(i.bootloader) refers to bl.o(i.sync_response) for sync_response
    bl.o(i.bootloader) refers to bl.o(i.delay) for delay
    bl.o(i.bootloader) refers to main_imxrt1052.o(.data) for board_info
    bl.o(i.bootloader) refers to bl.o(.data) for .data
    bl.o(i.bootloader) refers to bl.o(.bss) for .bss
    bl.o(i.bootloader) refers to bl.o(.constdata) for .constdata
    bl.o(i.buf_get) refers to bl.o(.data) for .data
    bl.o(i.buf_get) refers to bl.o(.bss) for .bss
    bl.o(i.buf_put) refers to bl.o(.data) for .data
    bl.o(i.buf_put) refers to bl.o(.bss) for .bss
    bl.o(i.cin_wait) refers to main_imxrt1052.o(i.board_get_devices) for board_get_devices
    bl.o(i.cin_wait) refers to bl.o(i.cin) for cin
    bl.o(i.cin_wait) refers to bl.o(.bss) for .bss
    bl.o(i.cin_wait) refers to bl.o(.data) for .data
    bl.o(i.cin_word) refers to bl.o(i.cin_wait) for cin_wait
    bl.o(i.cout_word) refers to bl.o(i.cout) for cout
    bl.o(i.delay) refers to bl.o(.bss) for .bss
    bl.o(i.jump_to_app) refers to main_imxrt1052.o(i.flash_lock) for flash_lock
    bl.o(i.jump_to_app) refers to main_imxrt1052.o(i.clock_deinit) for clock_deinit
    bl.o(i.jump_to_app) refers to main_imxrt1052.o(i.board_deinit) for board_deinit
    bl.o(i.jump_to_app) refers to main_imxrt1052.o(.data) for board_info
    bl.o(i.led_set) refers to main_imxrt1052.o(i.led_off) for led_off
    bl.o(i.led_set) refers to main_imxrt1052.o(i.led_on) for led_on
    bl.o(i.led_set) refers to bl.o(.data) for .data
    bl.o(i.led_set) refers to bl.o(.bss) for .bss
    bl.o(i.sync_response) refers to bl.o(i.cout) for cout
    bl.o(i.sys_tick_handler) refers to main_imxrt1052.o(i.led_toggle) for led_toggle
    bl.o(i.sys_tick_handler) refers to bl.o(.bss) for .bss
    bl.o(i.sys_tick_handler) refers to bl.o(.data) for .data
    bl.o(i.wait_for_eoc) refers to bl.o(i.cin_wait) for cin_wait
    modf.o(i.__hardfp_modf) refers (Special) to iusefp.o(.text) for __I$use$fp
    modf.o(i.__softfp_modf) refers (Special) to iusefp.o(.text) for __I$use$fp
    modf.o(i.__softfp_modf) refers to modf.o(i.__hardfp_modf) for __hardfp_modf
    modf.o(i.modf) refers (Special) to iusefp.o(.text) for __I$use$fp
    modf.o(i.modf) refers to modf.o(i.__hardfp_modf) for __hardfp_modf
    pow.o(i.__hardfp_pow) refers (Special) to iusefp.o(.text) for __I$use$fp
    pow.o(i.__hardfp_pow) refers to dunder.o(i.__mathlib_dbl_infnan2) for __mathlib_dbl_infnan2
    pow.o(i.__hardfp_pow) refers to errno.o(i.__set_errno) for __set_errno
    pow.o(i.__hardfp_pow) refers to dunder.o(i.__mathlib_dbl_divzero) for __mathlib_dbl_divzero
    pow.o(i.__hardfp_pow) refers to dunder.o(i.__mathlib_dbl_overflow) for __mathlib_dbl_overflow
    pow.o(i.__hardfp_pow) refers to sqrt.o(i.sqrt) for sqrt
    pow.o(i.__hardfp_pow) refers to fabs.o(i.fabs) for fabs
    pow.o(i.__hardfp_pow) refers to dunder.o(i.__mathlib_dbl_invalid) for __mathlib_dbl_invalid
    pow.o(i.__hardfp_pow) refers to dunder.o(i.__mathlib_dbl_underflow) for __mathlib_dbl_underflow
    pow.o(i.__hardfp_pow) refers to qnan.o(.constdata) for __mathlib_zero
    pow.o(i.__hardfp_pow) refers to poly.o(i.__kernel_poly) for __kernel_poly
    pow.o(i.__hardfp_pow) refers to dscalb.o(.text) for __ARM_scalbn
    pow.o(i.__hardfp_pow) refers to fpclassify.o(i.__ARM_fpclassify) for __ARM_fpclassify
    pow.o(i.__hardfp_pow) refers to pow.o(.constdata) for .constdata
    pow.o(i.__softfp_pow) refers (Special) to iusefp.o(.text) for __I$use$fp
    pow.o(i.__softfp_pow) refers to pow.o(i.__hardfp_pow) for __hardfp_pow
    pow.o(i.pow) refers (Special) to iusefp.o(.text) for __I$use$fp
    pow.o(i.pow) refers to pow.o(i.__hardfp_pow) for __hardfp_pow
    pow.o(.constdata) refers (Special) to iusefp.o(.text) for __I$use$fp
    pow_x.o(i.____hardfp_pow$lsc) refers (Special) to iusefp.o(.text) for __I$use$fp
    pow_x.o(i.____hardfp_pow$lsc) refers to dunder.o(i.__mathlib_dbl_infnan2) for __mathlib_dbl_infnan2
    pow_x.o(i.____hardfp_pow$lsc) refers to errno.o(i.__set_errno) for __set_errno
    pow_x.o(i.____hardfp_pow$lsc) refers to sqrt.o(i.sqrt) for sqrt
    pow_x.o(i.____hardfp_pow$lsc) refers to fabs.o(i.fabs) for fabs
    pow_x.o(i.____hardfp_pow$lsc) refers to qnan.o(.constdata) for __mathlib_zero
    pow_x.o(i.____hardfp_pow$lsc) refers to poly.o(i.__kernel_poly) for __kernel_poly
    pow_x.o(i.____hardfp_pow$lsc) refers to dscalb.o(.text) for __ARM_scalbn
    pow_x.o(i.____hardfp_pow$lsc) refers to pow_x.o(.constdata) for .constdata
    pow_x.o(i.____softfp_pow$lsc) refers (Special) to iusefp.o(.text) for __I$use$fp
    pow_x.o(i.____softfp_pow$lsc) refers to pow_x.o(i.____hardfp_pow$lsc) for ____hardfp_pow$lsc
    pow_x.o(i.__pow$lsc) refers (Special) to iusefp.o(.text) for __I$use$fp
    pow_x.o(i.__pow$lsc) refers to pow_x.o(i.____hardfp_pow$lsc) for ____hardfp_pow$lsc
    pow_x.o(.constdata) refers (Special) to iusefp.o(.text) for __I$use$fp
    strtod.o(i.__hardfp_strtod) refers (Special) to iusefp.o(.text) for __I$use$fp
    strtod.o(i.__hardfp_strtod) refers to strtod.o(.text) for __strtod_int
    strtod.o(i.__softfp_strtod) refers (Special) to iusefp.o(.text) for __I$use$fp
    strtod.o(i.__softfp_strtod) refers to strtod.o(.text) for __strtod_int
    strtod.o(i.strtod) refers (Special) to iusefp.o(.text) for __I$use$fp
    strtod.o(i.strtod) refers to strtod.o(.text) for __strtod_int
    entry.o(.ARM.Collect$$$$00000000) refers (Special) to entry10a.o(.ARM.Collect$$$$0000000D) for __rt_final_cpp
    entry.o(.ARM.Collect$$$$00000000) refers (Special) to entry11a.o(.ARM.Collect$$$$0000000F) for __rt_final_exit
    entry.o(.ARM.Collect$$$$00000000) refers (Special) to entry7b.o(.ARM.Collect$$$$00000008) for _main_clock
    entry.o(.ARM.Collect$$$$00000000) refers (Special) to entry8b.o(.ARM.Collect$$$$0000000A) for _main_cpp_init
    entry.o(.ARM.Collect$$$$00000000) refers (Special) to entry9a.o(.ARM.Collect$$$$0000000B) for _main_init
    entry.o(.ARM.Collect$$$$00000000) refers (Special) to entry5.o(.ARM.Collect$$$$00000004) for _main_scatterload
    entry.o(.ARM.Collect$$$$00000000) refers (Special) to entry4.o(.ARM.Collect$$$$00000003) for _main_stk
    uldiv.o(.text) refers to llushr.o(.text) for __aeabi_llsr
    uldiv.o(.text) refers to llshl.o(.text) for __aeabi_llsl
    ldiv.o(.text) refers to uldiv.o(.text) for __aeabi_uldivmod
    malloc2.o(i.__free$2region) refers to mvars.o(.data) for __microlib_freelist
    malloc2.o(i.__malloc$2region) refers to mvars.o(.data) for __microlib_freelist_initialised
    malloc2.o(i.__malloc$2region) refers to mvars.o(.data) for __microlib_freelist
    mallocr2.o(i.__free$realloc$2region) refers to mvars.o(.data) for __microlib_freelist
    mallocr2.o(i.__malloc$realloc$2region) refers to mallocr2.o(i.internal_alloc) for internal_alloc
    mallocr2.o(i.__malloc$realloc$2region) refers to mvars.o(.data) for __microlib_freelist_initialised
    mallocr2.o(i.__malloc$realloc$2region) refers to mvars.o(.data) for __microlib_freelist
    mallocr2.o(i.__realloc$2region) refers to mallocr2.o(i.__free$realloc$2region) for __free$realloc$2region
    mallocr2.o(i.__realloc$2region) refers to mallocr2.o(i.internal_alloc) for internal_alloc
    mallocr2.o(i.__realloc$2region) refers to mallocr2.o(i.__malloc$realloc$2region) for __malloc$realloc$2region
    mallocr2.o(i.__realloc$2region) refers to mvars.o(.data) for __microlib_freelist
    mallocr2.o(i.internal_alloc) refers to memmovea.o(.text) for __aeabi_memcpy
    mallocr2.o(i.internal_alloc) refers to mvars.o(.data) for __microlib_freelist
    malloca2.o(i.__aligned_malloc$2region) refers to mvars.o(.data) for __microlib_freelist_initialised
    malloca2.o(i.__aligned_malloc$2region) refers to mvars.o(.data) for __microlib_freelist
    malloca2.o(i.__free$memalign$2region) refers to mvars.o(.data) for __microlib_freelist
    malloca2.o(i.__malloc$memalign$2region) refers to malloca2.o(i.__aligned_malloc$2region) for __aligned_malloc$2region
    mallocra2.o(i.__aligned_malloc$realloc$2region) refers to mallocra2.o(i.internal_alloc) for internal_alloc
    mallocra2.o(i.__aligned_malloc$realloc$2region) refers to mvars.o(.data) for __microlib_freelist_initialised
    mallocra2.o(i.__aligned_malloc$realloc$2region) refers to mvars.o(.data) for __microlib_freelist
    mallocra2.o(i.__free$realloc$memalign$2region) refers to mvars.o(.data) for __microlib_freelist
    mallocra2.o(i.__malloc$realloc$memalign$2region) refers to mallocra2.o(i.__aligned_malloc$realloc$2region) for __aligned_malloc$realloc$2region
    mallocra2.o(i.__realloc$memalign$2region) refers to mallocra2.o(i.__free$realloc$memalign$2region) for __free$realloc$memalign$2region
    mallocra2.o(i.__realloc$memalign$2region) refers to mallocra2.o(i.internal_alloc) for internal_alloc
    mallocra2.o(i.__realloc$memalign$2region) refers to mallocra2.o(i.__malloc$realloc$memalign$2region) for __malloc$realloc$memalign$2region
    mallocra2.o(i.__realloc$memalign$2region) refers to mvars.o(.data) for __microlib_freelist
    mallocra2.o(i.internal_alloc) refers to memmovea.o(.text) for __aeabi_memcpy
    mallocra2.o(i.internal_alloc) refers to mvars.o(.data) for __microlib_freelist
    dfltl.o(.text) refers (Special) to iusefp.o(.text) for __I$use$fp
    dfltl.o(.text) refers to depilogue.o(.text) for _double_epilogue
    dfixl.o(.text) refers (Special) to iusefp.o(.text) for __I$use$fp
    dfixl.o(.text) refers to llushr.o(.text) for __aeabi_llsr
    dfixl.o(.text) refers to llshl.o(.text) for __aeabi_llsl
    fabs.o(i.__hardfp_fabs) refers (Special) to iusefp.o(.text) for __I$use$fp
    fabs.o(i.__softfp_fabs) refers (Special) to iusefp.o(.text) for __I$use$fp
    fabs.o(i.fabs) refers (Special) to iusefp.o(.text) for __I$use$fp
    fpclassify.o(i.__ARM_fpclassify) refers (Special) to iusefp.o(.text) for __I$use$fp
    poly.o(i.__kernel_poly) refers (Special) to iusefp.o(.text) for __I$use$fp
    qnan.o(.constdata) refers (Special) to iusefp.o(.text) for __I$use$fp
    sqrt.o(i.__hardfp_sqrt) refers (Special) to iusefp.o(.text) for __I$use$fp
    sqrt.o(i.__hardfp_sqrt) refers to errno.o(i.__set_errno) for __set_errno
    sqrt.o(i.__softfp_sqrt) refers (Special) to iusefp.o(.text) for __I$use$fp
    sqrt.o(i.__softfp_sqrt) refers to errno.o(i.__set_errno) for __set_errno
    sqrt.o(i.sqrt) refers (Special) to iusefp.o(.text) for __I$use$fp
    sqrt.o(i.sqrt) refers to errno.o(i.__set_errno) for __set_errno
    sqrt_x.o(i.____hardfp_sqrt$lsc) refers (Special) to iusefp.o(.text) for __I$use$fp
    sqrt_x.o(i.____hardfp_sqrt$lsc) refers to errno.o(i.__set_errno) for __set_errno
    sqrt_x.o(i.____softfp_sqrt$lsc) refers (Special) to iusefp.o(.text) for __I$use$fp
    sqrt_x.o(i.____softfp_sqrt$lsc) refers to errno.o(i.__set_errno) for __set_errno
    sqrt_x.o(i.__sqrt$lsc) refers (Special) to iusefp.o(.text) for __I$use$fp
    sqrt_x.o(i.__sqrt$lsc) refers to errno.o(i.__set_errno) for __set_errno
    entry4.o(.ARM.Collect$$$$00000003) refers to entry4.o(.ARM.Collect$$$$00002714) for __lit__00000000
    entry4.o(__vectab_stack_and_reset_area) refers to entry.o(.ARM.Collect$$$$00000000) for __main
    entry5.o(.ARM.Collect$$$$00000004) refers to init.o(.text) for __scatterload
    entry9a.o(.ARM.Collect$$$$0000000B) refers to main_imxrt1052.o(i.main) for main
    entry9b.o(.ARM.Collect$$$$0000000C) refers to main_imxrt1052.o(i.main) for main
    errno.o(i.__aeabi_errno_addr) refers to errno.o(.data) for .data
    errno.o(i.__read_errno) refers to errno.o(.data) for .data
    errno.o(i.__set_errno) refers to errno.o(.data) for .data
    strtod.o(.text) refers to scanf_fp.o(.text) for _scanf_real
    strtod.o(.text) refers to _sgetc.o(.text) for _sgetc
    strtod.o(.text) refers to isspace_c.o(.text) for isspace
    depilogue.o(.text) refers to llshl.o(.text) for __aeabi_llsl
    depilogue.o(.text) refers to llushr.o(.text) for __aeabi_llsr
    init.o(.text) refers to entry5.o(.ARM.Collect$$$$00000004) for __main_after_scatterload
    isspace_c.o(.text) refers to ctype_c.o(.text) for __ctype_lookup
    scanf_fp.o(.text) refers (Special) to iusefp.o(.text) for __I$use$fp
    scanf_fp.o(.text) refers to dfltul.o(.text) for __aeabi_ul2d
    scanf_fp.o(.text) refers to dmul.o(.text) for __aeabi_dmul
    scanf_fp.o(.text) refers to ddiv.o(.text) for __aeabi_ddiv
    scanf_fp.o(.text) refers to scanf_fp.o(i._is_digit) for _is_digit
    scanf_fp.o(.text) refers to d2f.o(.text) for __aeabi_d2f
    ctype_c.o(.text) refers to ctype_c.o(.constdata) for .constdata
    dmul.o(.text) refers to depilogue.o(.text) for _double_epilogue
    ddiv.o(.text) refers to depilogue.o(.text) for _double_round
    dfltul.o(.text) refers to depilogue.o(.text) for _double_epilogue
    d2f.o(.text) refers to fepilogue.o(.text) for _float_round
    bl.o(i.cin) refers to bl.o(.data) for .data
    bl.o(i.cout) refers to bl.o(.data) for .data
    scanf_fp.o(i._is_digit) refers (Special) to iusefp.o(.text) for __I$use$fp


==============================================================================

Removing Unused input sections from the image.

    Removing system_mimxrt1052.o(.rev16_text), (4 bytes).
    Removing system_mimxrt1052.o(.revsh_text), (4 bytes).
    Removing system_mimxrt1052.o(.rrx_text), (6 bytes).
    Removing system_mimxrt1052.o(i.SystemCoreClockUpdate), (284 bytes).
    Removing fsl_clock.o(.rev16_text), (4 bytes).
    Removing fsl_clock.o(.revsh_text), (4 bytes).
    Removing fsl_clock.o(.rrx_text), (6 bytes).
    Removing fsl_clock.o(i.CLOCK_DeinitArmPll), (16 bytes).
    Removing fsl_clock.o(i.CLOCK_DeinitAudioPll), (16 bytes).
    Removing fsl_clock.o(i.CLOCK_DeinitEnetPll), (16 bytes).
    Removing fsl_clock.o(i.CLOCK_DeinitExternalClk), (16 bytes).
    Removing fsl_clock.o(i.CLOCK_DeinitRcOsc24M), (20 bytes).
    Removing fsl_clock.o(i.CLOCK_DeinitSysPfd), (24 bytes).
    Removing fsl_clock.o(i.CLOCK_DeinitSysPll), (16 bytes).
    Removing fsl_clock.o(i.CLOCK_DeinitUsb1Pfd), (24 bytes).
    Removing fsl_clock.o(i.CLOCK_DeinitUsb1Pll), (12 bytes).
    Removing fsl_clock.o(i.CLOCK_DeinitUsb2Pll), (12 bytes).
    Removing fsl_clock.o(i.CLOCK_DeinitVideoPll), (16 bytes).
    Removing fsl_clock.o(i.CLOCK_DisableUsbhs0PhyPllClock), (32 bytes).
    Removing fsl_clock.o(i.CLOCK_DisableUsbhs1PhyPllClock), (32 bytes).
    Removing fsl_clock.o(i.CLOCK_EnableUsbhs0Clock), (88 bytes).
    Removing fsl_clock.o(i.CLOCK_EnableUsbhs0PhyPllClock), (72 bytes).
    Removing fsl_clock.o(i.CLOCK_EnableUsbhs1Clock), (88 bytes).
    Removing fsl_clock.o(i.CLOCK_EnableUsbhs1PhyPllClock), (48 bytes).
    Removing fsl_clock.o(i.CLOCK_InitAudioPll), (152 bytes).
    Removing fsl_clock.o(i.CLOCK_InitEnetPll), (88 bytes).
    Removing fsl_clock.o(i.CLOCK_InitExternalClk), (48 bytes).
    Removing fsl_clock.o(i.CLOCK_InitRcOsc24M), (20 bytes).
    Removing fsl_clock.o(i.CLOCK_InitSysPfd), (44 bytes).
    Removing fsl_clock.o(i.CLOCK_InitUsb2Pll), (52 bytes).
    Removing fsl_clock.o(i.CLOCK_InitVideoPll), (160 bytes).
    Removing fsl_clock.o(i.CLOCK_SwitchOsc), (28 bytes).
    Removing fsl_common.o(.rev16_text), (4 bytes).
    Removing fsl_common.o(.revsh_text), (4 bytes).
    Removing fsl_common.o(.rrx_text), (6 bytes).
    Removing fsl_common.o(i.SDK_Free), (22 bytes).
    Removing fsl_common.o(i.SDK_Malloc), (52 bytes).
    Removing fsl_flexspi.o(.rev16_text), (4 bytes).
    Removing fsl_flexspi.o(.revsh_text), (4 bytes).
    Removing fsl_flexspi.o(.rrx_text), (6 bytes).
    Removing fsl_flexspi.o(i.FLEXSPI_Deinit), (4 bytes).
    Removing fsl_flexspi.o(i.FLEXSPI_TransferCreateHandle), (84 bytes).
    Removing fsl_flexspi.o(i.FLEXSPI_TransferGetCount), (20 bytes).
    Removing fsl_flexspi.o(i.FLEXSPI_TransferNonBlocking), (176 bytes).
    Removing fsl_gpio.o(.rev16_text), (4 bytes).
    Removing fsl_gpio.o(.revsh_text), (4 bytes).
    Removing fsl_gpio.o(.rrx_text), (6 bytes).
    Removing fsl_lpuart.o(.rev16_text), (4 bytes).
    Removing fsl_lpuart.o(.revsh_text), (4 bytes).
    Removing fsl_lpuart.o(.rrx_text), (6 bytes).
    Removing fsl_lpuart.o(i.LPUART_Deinit), (56 bytes).
    Removing fsl_lpuart.o(i.LPUART_DisableInterrupts), (46 bytes).
    Removing fsl_lpuart.o(i.LPUART_EnableInterrupts), (44 bytes).
    Removing fsl_lpuart.o(i.LPUART_GetEnabledInterrupts), (32 bytes).
    Removing fsl_lpuart.o(i.LPUART_ReadNonBlocking), (44 bytes).
    Removing fsl_lpuart.o(i.LPUART_SetBaudRate), (168 bytes).
    Removing fsl_lpuart.o(i.LPUART_TransferAbortReceive), (28 bytes).
    Removing fsl_lpuart.o(i.LPUART_TransferAbortSend), (22 bytes).
    Removing fsl_lpuart.o(i.LPUART_TransferCreateHandle), (136 bytes).
    Removing fsl_lpuart.o(i.LPUART_TransferGetReceiveCount), (24 bytes).
    Removing fsl_lpuart.o(i.LPUART_TransferGetRxRingBufferLength), (24 bytes).
    Removing fsl_lpuart.o(i.LPUART_TransferGetSendCount), (22 bytes).
    Removing fsl_lpuart.o(i.LPUART_TransferHandleErrorIRQ), (2 bytes).
    Removing fsl_lpuart.o(i.LPUART_TransferHandleIRQ), (536 bytes).
    Removing fsl_lpuart.o(i.LPUART_TransferIsRxRingBufferFull), (24 bytes).
    Removing fsl_lpuart.o(i.LPUART_TransferReceiveNonBlocking), (208 bytes).
    Removing fsl_lpuart.o(i.LPUART_TransferSendNonBlocking), (44 bytes).
    Removing fsl_lpuart.o(i.LPUART_TransferStartRingBuffer), (22 bytes).
    Removing fsl_lpuart.o(i.LPUART_TransferStopRingBuffer), (32 bytes).
    Removing fsl_assert.o(.rev16_text), (4 bytes).
    Removing fsl_assert.o(.revsh_text), (4 bytes).
    Removing fsl_assert.o(.rrx_text), (6 bytes).
    Removing fsl_debug_console.o(.rev16_text), (4 bytes).
    Removing fsl_debug_console.o(.revsh_text), (4 bytes).
    Removing fsl_debug_console.o(.rrx_text), (6 bytes).
    Removing fsl_debug_console.o(i.DbgConsole_Deinit), (10 bytes).
    Removing fsl_debug_console.o(i.DbgConsole_Flush), (4 bytes).
    Removing fsl_debug_console.o(i.DbgConsole_Getchar), (14 bytes).
    Removing fsl_debug_console.o(i.DbgConsole_Putchar), (12 bytes).
    Removing fsl_debug_console.o(i.DbgConsole_Scanf), (38 bytes).
    Removing fsl_debug_console.o(i.fgetc), (14 bytes).
    Removing fsl_debug_console.o(i.fputc), (12 bytes).
    Removing fsl_debug_console.o(.data), (4 bytes).
    Removing fsl_debug_console.o(.data), (4 bytes).
    Removing fsl_notifier.o(.rev16_text), (4 bytes).
    Removing fsl_notifier.o(.revsh_text), (4 bytes).
    Removing fsl_notifier.o(.rrx_text), (6 bytes).
    Removing fsl_notifier.o(i.NOTIFIER_CreateHandle), (68 bytes).
    Removing fsl_notifier.o(i.NOTIFIER_GetErrorCallbackIndex), (4 bytes).
    Removing fsl_notifier.o(i.NOTIFIER_SwitchConfig), (234 bytes).
    Removing fsl_shell.o(.rev16_text), (4 bytes).
    Removing fsl_shell.o(.revsh_text), (4 bytes).
    Removing fsl_shell.o(.rrx_text), (6 bytes).
    Removing fsl_shell.o(i.AutoComplete), (196 bytes).
    Removing fsl_shell.o(i.ExitCommand), (40 bytes).
    Removing fsl_shell.o(i.GetHistoryCommand), (112 bytes).
    Removing fsl_shell.o(i.HelpCommand), (44 bytes).
    Removing fsl_shell.o(i.ParseLine), (128 bytes).
    Removing fsl_shell.o(i.ProcessCommand), (316 bytes).
    Removing fsl_shell.o(i.SHELL_Init), (56 bytes).
    Removing fsl_shell.o(i.SHELL_Main), (696 bytes).
    Removing fsl_shell.o(i.SHELL_RegisterCommand), (40 bytes).
    Removing fsl_shell.o(i.StrCompare), (36 bytes).
    Removing fsl_shell.o(i.StrCopy), (18 bytes).
    Removing fsl_shell.o(i.StrLen), (18 bytes).
    Removing fsl_shell.o(.bss), (148 bytes).
    Removing fsl_shell.o(.constdata), (32 bytes).
    Removing fsl_shell.o(.conststring), (266 bytes).
    Removing fsl_shell.o(.data), (12 bytes).
    Removing fsl_str.o(.rev16_text), (4 bytes).
    Removing fsl_str.o(.revsh_text), (4 bytes).
    Removing fsl_str.o(.rrx_text), (6 bytes).
    Removing fsl_str.o(i.ScanIgnoreWhiteSpace), (48 bytes).
    Removing fsl_str.o(i.StrFormatScanf), (996 bytes).
    Removing fsl_str.o(.data), (8 bytes).
    Removing fsl_log.o(.rev16_text), (4 bytes).
    Removing fsl_log.o(.revsh_text), (4 bytes).
    Removing fsl_log.o(.rrx_text), (6 bytes).
    Removing fsl_log.o(i.LOG_Deinit), (4 bytes).
    Removing fsl_log.o(i.LOG_ReadCharacter), (18 bytes).
    Removing fsl_log.o(i.LOG_ReadLine), (70 bytes).
    Removing fsl_log.o(i.LOG_ReadOneCharacter), (18 bytes).
    Removing fsl_log.o(i.LOG_WaitIdle), (10 bytes).
    Removing fsl_io.o(.rev16_text), (4 bytes).
    Removing fsl_io.o(.revsh_text), (4 bytes).
    Removing fsl_io.o(.rrx_text), (6 bytes).
    Removing fsl_io.o(i.IO_Deinit), (40 bytes).
    Removing fsl_io.o(i.IO_WaitIdle), (28 bytes).
    Removing board.o(.rev16_text), (4 bytes).
    Removing board.o(.revsh_text), (4 bytes).
    Removing board.o(.rrx_text), (6 bytes).
    Removing board.o(i.CLOCK_ControlGate), (36 bytes).
    Removing board.o(i.FLEXSPI_Enable), (20 bytes).
    Removing board.o(i.flexspi_nor_flash_erase_sector), (58 bytes).
    Removing board.o(i.flexspi_nor_flash_page_program), (74 bytes).
    Removing board.o(i.flexspi_nor_wait_bus_busy), (70 bytes).
    Removing board.o(i.flexspi_nor_write_enable), (36 bytes).
    Removing board.o(i.hyperflash_ahb_command_test), (4 bytes).
    Removing board.o(i.hyperflash_ip_command_test), (688 bytes).
    Removing board.o(.bss), (1024 bytes).
    Removing clock_config.o(.rev16_text), (4 bytes).
    Removing clock_config.o(.revsh_text), (4 bytes).
    Removing clock_config.o(.rrx_text), (6 bytes).
    Removing clock_config.o(i.BOARD_InitBootClocks), (4 bytes).
    Removing clock_config.o(.constdata), (2 bytes).
    Removing pin_mux.o(.rev16_text), (4 bytes).
    Removing pin_mux.o(.revsh_text), (4 bytes).
    Removing pin_mux.o(.rrx_text), (6 bytes).
    Removing pin_mux.o(i.BOARD_InitBootPins), (4 bytes).
    Removing fsl_flexspi_nor_boot.o(.rev16_text), (4 bytes).
    Removing fsl_flexspi_nor_boot.o(.revsh_text), (4 bytes).
    Removing fsl_flexspi_nor_boot.o(.rrx_text), (6 bytes).
    Removing uavrs_v2_flexspi_nor_flash.o(.rev16_text), (4 bytes).
    Removing uavrs_v2_flexspi_nor_flash.o(.revsh_text), (4 bytes).
    Removing uavrs_v2_flexspi_nor_flash.o(.rrx_text), (6 bytes).
    Removing bsp_led.o(.rev16_text), (4 bytes).
    Removing bsp_led.o(.revsh_text), (4 bytes).
    Removing bsp_led.o(.rrx_text), (6 bytes).
    Removing bsp_led.o(i.IOMUXC_SetPinMux), (28 bytes).
    Removing bsp_led.o(i.LED_GPIO_Config), (172 bytes).
    Removing main_imxrt1052.o(.rev16_text), (4 bytes).
    Removing main_imxrt1052.o(.revsh_text), (4 bytes).
    Removing main_imxrt1052.o(.rrx_text), (6 bytes).
    Removing main_imxrt1052.o(i._start), (4 bytes).
    Removing main_imxrt1052.o(i.board_deinit), (2 bytes).
    Removing main_imxrt1052.o(i.board_get_devices), (4 bytes).
    Removing main_imxrt1052.o(i.check_silicon), (4 bytes).
    Removing main_imxrt1052.o(i.clock_deinit), (2 bytes).
    Removing main_imxrt1052.o(i.flash_erase_sector), (2 bytes).
    Removing main_imxrt1052.o(i.flash_func_erase_sector), (2 bytes).
    Removing main_imxrt1052.o(i.flash_func_read_otp), (4 bytes).
    Removing main_imxrt1052.o(i.flash_func_read_sn), (4 bytes).
    Removing main_imxrt1052.o(i.flash_func_read_word), (4 bytes).
    Removing main_imxrt1052.o(i.flash_func_sector_size), (4 bytes).
    Removing main_imxrt1052.o(i.flash_func_write_word), (2 bytes).
    Removing main_imxrt1052.o(i.flash_lock), (2 bytes).
    Removing main_imxrt1052.o(i.get_mcu_desc), (108 bytes).
    Removing main_imxrt1052.o(i.get_mcu_id), (4 bytes).
    Removing main_imxrt1052.o(i.led_off), (2 bytes).
    Removing main_imxrt1052.o(i.led_on), (2 bytes).
    Removing main_imxrt1052.o(i.led_toggle), (2 bytes).
    Removing main_imxrt1052.o(.data), (16 bytes).
    Removing main_imxrt1052.o(.data), (1 bytes).
    Removing bl.o(i.bootloader), (1008 bytes).
    Removing bl.o(i.buf_get), (36 bytes).
    Removing bl.o(i.buf_put), (32 bytes).
    Removing bl.o(i.cin_wait), (48 bytes).
    Removing bl.o(i.cin_word), (36 bytes).
    Removing bl.o(i.cout_word), (12 bytes).
    Removing bl.o(i.delay), (16 bytes).
    Removing bl.o(i.jump_to_app), (72 bytes).
    Removing bl.o(i.led_set), (40 bytes).
    Removing bl.o(i.sync_response), (24 bytes).
    Removing bl.o(i.sys_tick_handler), (64 bytes).
    Removing bl.o(i.wait_for_eoc), (18 bytes).
    Removing bl.o(.bss), (1552 bytes).
    Removing bl.o(.constdata), (4 bytes).
    Removing bl.o(.data), (16 bytes).
    Removing dmul.o(.text), (228 bytes).
    Removing ddiv.o(.text), (222 bytes).
    Removing dfltul.o(.text), (24 bytes).
    Removing d2f.o(.text), (56 bytes).
    Removing fepilogue.o(.text), (110 bytes).
    Removing bl.o(i.cinit), (10 bytes).
    Removing bl.o(i.cfini), (4 bytes).
    Removing bl.o(i.cin), (40 bytes).
    Removing bl.o(i.cout), (20 bytes).

207 unused section(s) (total 13479 bytes) removed from the image.

==============================================================================

Memory Map of the image

  Image Entry point : 0x00000000

  Load Region LR_m_rom_config (Base: 0x60000000, Size: 0x00000200, Max: 0x00001000, ABSOLUTE)

    Execution Region RW_m_config_text (Base: 0x60000000, Size: 0x00000200, Max: 0x00001000, ABSOLUTE)

    Base Addr    Size         Type   Attr      Idx    E Section Name        Object

    0x60000000   0x00000200   Data   RO         1571    .boot_hdr.conf      uavrs_v2_flexspi_nor_flash.o



  Load Region LR_m_rom_ivt (Base: 0x60001000, Size: 0x00000460, Max: 0x00001000, ABSOLUTE)

    Execution Region RW_m_ivt_text (Base: 0x60001000, Size: 0x00000460, Max: 0x00001000, ABSOLUTE)

    Base Addr    Size         Type   Attr      Idx    E Section Name        Object

    0x60001000   0x00000020   Data   RO         1527    .boot_hdr.ivt       fsl_flexspi_nor_boot.o
    0x60001020   0x00000010   Data   RO         1526    .boot_hdr.boot_data  fsl_flexspi_nor_boot.o
    0x60001030   0x00000430   Data   RO         1592    .boot_hdr.dcd_data  uavrs_v2_sdram_ini_dcd.o



  Load Region LR_m_text (Base: 0x60002000, Size: 0x00003b10, Max: 0x63fffc00, ABSOLUTE)

    Execution Region VECTOR_RAM (Base: 0x00000000, Size: 0x00000400, Max: 0x00000400, ABSOLUTE)

    Base Addr    Size         Type   Attr      Idx    E Section Name        Object

    0x00000000   0x00000400   Zero   RW            1    VECTOR_RAM.bss      anon$$obj.o


    Execution Region ER_m_ram_text (Base: 0x00000400, Size: 0x000033d0, Max: 0x0001fc00, ABSOLUTE)

    Base Addr    Size         Type   Attr      Idx    E Section Name        Object

    0x00000400   0x00000062   Code   RO         1978    .text               mc_w.l(uldiv.o)
    0x00000462   0x00000062   Code   RO         1980    .text               mc_w.l(ldiv.o)
    0x000004c4   0x00000024   Code   RO         1986    .text               mc_w.l(memseta.o)
    0x000004e8   0x0000000e   Code   RO         1988    .text               mc_w.l(strlen.o)
    0x000004f6   0x00000028   Code   RO         2024    .text               mf_w.l(dfltl.o)
    0x0000051e   0x0000004a   Code   RO         2026    .text               mf_w.l(dfixl.o)
    0x00000568   0x0000001e   Code   RO         2079    .text               mc_w.l(llshl.o)
    0x00000586   0x00000020   Code   RO         2081    .text               mc_w.l(llushr.o)
    0x000005a6   0x00000000   Code   RO         2094    .text               mc_w.l(iusefp.o)
    0x000005a6   0x000000ba   Code   RO         2095    .text               mf_w.l(depilogue.o)
    0x00000660   0x0000002e   Code   RO         2097    .text               mf_w.l(dscalb.o)
    0x0000068e   0x00000002   PAD
    0x00000690   0x000002d8   Code   RO         1439    i.BOARD_BootClockRUN  clock_config.o
    0x00000968   0x0000016c   Code   RO         1234    i.BOARD_ConfigMPU   board.o
    0x00000ad4   0x00000058   Code   RO         1235    i.BOARD_DebugConsoleSrcFreq  board.o
    0x00000b2c   0x0000001c   Code   RO         1236    i.BOARD_InitDebugConsole  board.o
    0x00000b48   0x0000004c   Code   RO         1492    i.BOARD_InitPins    pin_mux.o
    0x00000b94   0x00000024   Code   RO          566    i.CLOCK_ControlGate  fsl_lpuart.o
    0x00000bb8   0x0000001c   Code   RO         1238    i.CLOCK_GetDiv      board.o
    0x00000bd4   0x000000f8   Code   RO          102    i.CLOCK_GetFreq     fsl_clock.o
    0x00000ccc   0x00000020   Code   RO          103    i.CLOCK_GetOscFreq  fsl_clock.o
    0x00000cec   0x0000008c   Code   RO          104    i.CLOCK_GetPeriphClkFreq  fsl_clock.o
    0x00000d78   0x00000188   Code   RO          105    i.CLOCK_GetPllFreq  fsl_clock.o
    0x00000f00   0x00000058   Code   RO          106    i.CLOCK_GetSysPfdFreq  fsl_clock.o
    0x00000f58   0x00000058   Code   RO          107    i.CLOCK_GetUsb1PfdFreq  fsl_clock.o
    0x00000fb0   0x0000003c   Code   RO          108    i.CLOCK_InitArmPll  fsl_clock.o
    0x00000fec   0x0000003c   Code   RO          114    i.CLOCK_InitSysPll  fsl_clock.o
    0x00001028   0x00000028   Code   RO          115    i.CLOCK_InitUsb1Pfd  fsl_clock.o
    0x00001050   0x00000034   Code   RO          116    i.CLOCK_InitUsb1Pll  fsl_clock.o
    0x00001084   0x00000040   Code   RO         1239    i.CLOCK_SetDiv      board.o
    0x000010c4   0x00000040   Code   RO         1441    i.CLOCK_SetDiv      clock_config.o
    0x00001104   0x00000040   Code   RO         1442    i.CLOCK_SetMux      clock_config.o
    0x00001144   0x00000158   Code   RO         1059    i.ConvertFloatRadixNumToString  fsl_str.o
    0x0000129c   0x000000d2   Code   RO         1060    i.ConvertRadixNumToString  fsl_str.o
    0x0000136e   0x00000002   PAD
    0x00001370   0x00000044   Code   RO         1240    i.CopyAndUseRAMVectorTable  board.o
    0x000013b4   0x0000000e   Code   RO          825    i.DbgConsole_Init   fsl_debug_console.o
    0x000013c2   0x00000002   PAD
    0x000013c4   0x0000002c   Code   RO          826    i.DbgConsole_Printf  fsl_debug_console.o
    0x000013f0   0x00000038   Code   RO          828    i.DbgConsole_RelocateLog  fsl_debug_console.o
    0x00001428   0x0000004a   Code   RO          376    i.FLEXSPI_CheckAndClearError  fsl_flexspi.o
    0x00001472   0x00000002   PAD
    0x00001474   0x00000014   Code   RO          378    i.FLEXSPI_DriverIRQHandler  fsl_flexspi.o
    0x00001488   0x00000018   Code   RO          379    i.FLEXSPI_GetBusIdleStatus  fsl_flexspi.o
    0x000014a0   0x0000006c   Code   RO          380    i.FLEXSPI_GetDefaultConfig  fsl_flexspi.o
    0x0000150c   0x00000014   Code   RO          381    i.FLEXSPI_GetInstance  fsl_flexspi.o
    0x00001520   0x000001ac   Code   RO          382    i.FLEXSPI_Init      fsl_flexspi.o
    0x000016cc   0x000000a6   Code   RO          383    i.FLEXSPI_ReadBlocking  fsl_flexspi.o
    0x00001772   0x00000002   PAD
    0x00001774   0x00000174   Code   RO          384    i.FLEXSPI_SetFlashConfig  fsl_flexspi.o
    0x000018e8   0x00000010   Code   RO          385    i.FLEXSPI_SoftwareReset  fsl_flexspi.o
    0x000018f8   0x00000010   Code   RO         1242    i.FLEXSPI_SoftwareReset  board.o
    0x00001908   0x00000010   Code   RO          386    i.FLEXSPI_TransferAbort  fsl_flexspi.o
    0x00001918   0x000000c6   Code   RO          387    i.FLEXSPI_TransferBlocking  fsl_flexspi.o
    0x000019de   0x00000002   PAD
    0x000019e0   0x0000015e   Code   RO          390    i.FLEXSPI_TransferHandleIRQ  fsl_flexspi.o
    0x00001b3e   0x00000002   PAD
    0x00001b40   0x00000044   Code   RO          392    i.FLEXSPI_UpdateLUT  fsl_flexspi.o
    0x00001b84   0x00000074   Code   RO          393    i.FLEXSPI_WriteBlocking  fsl_flexspi.o
    0x00001bf8   0x00000074   Code   RO          525    i.GPIO_PinInit      fsl_gpio.o
    0x00001c6c   0x0000006e   Code   RO          526    i.GPIO_PinSetInterruptConfig  fsl_gpio.o
    0x00001cda   0x00000014   Code   RO          527    i.GPIO_PinWrite     fsl_gpio.o
    0x00001cee   0x0000001c   Code   RO         1243    i.IOMUXC_SetPinMux  board.o
    0x00001d0a   0x0000001c   Code   RO         1493    i.IOMUXC_SetPinMux  pin_mux.o
    0x00001d26   0x00000002   PAD
    0x00001d28   0x00000044   Code   RO         1185    i.IO_Init           fsl_io.o
    0x00001d6c   0x00000034   Code   RO         1186    i.IO_Transfer       fsl_io.o
    0x00001da0   0x0000001c   Code   RO         1117    i.LOG_Init          fsl_log.o
    0x00001dbc   0x00000016   Code   RO         1118    i.LOG_Pop           fsl_log.o
    0x00001dd2   0x00000004   Code   RO         1119    i.LOG_Push          fsl_log.o
    0x00001dd6   0x00000002   PAD
    0x00001dd8   0x00000018   Code   RO          567    i.LPUART1_DriverIRQHandler  fsl_lpuart.o
    0x00001df0   0x00000018   Code   RO          568    i.LPUART2_DriverIRQHandler  fsl_lpuart.o
    0x00001e08   0x00000018   Code   RO          569    i.LPUART3_DriverIRQHandler  fsl_lpuart.o
    0x00001e20   0x00000018   Code   RO          570    i.LPUART4_DriverIRQHandler  fsl_lpuart.o
    0x00001e38   0x00000018   Code   RO          571    i.LPUART5_DriverIRQHandler  fsl_lpuart.o
    0x00001e50   0x00000018   Code   RO          572    i.LPUART6_DriverIRQHandler  fsl_lpuart.o
    0x00001e68   0x00000018   Code   RO          573    i.LPUART7_DriverIRQHandler  fsl_lpuart.o
    0x00001e80   0x00000018   Code   RO          574    i.LPUART8_DriverIRQHandler  fsl_lpuart.o
    0x00001e98   0x00000050   Code   RO          575    i.LPUART_ClearStatusFlags  fsl_lpuart.o
    0x00001ee8   0x00000026   Code   RO          579    i.LPUART_GetDefaultConfig  fsl_lpuart.o
    0x00001f0e   0x00000002   PAD
    0x00001f10   0x0000001c   Code   RO          581    i.LPUART_GetInstance  fsl_lpuart.o
    0x00001f2c   0x0000000e   Code   RO          582    i.LPUART_GetStatusFlags  fsl_lpuart.o
    0x00001f3a   0x00000002   PAD
    0x00001f3c   0x000001a0   Code   RO          583    i.LPUART_Init       fsl_lpuart.o
    0x000020dc   0x0000008e   Code   RO          584    i.LPUART_ReadBlocking  fsl_lpuart.o
    0x0000216a   0x00000014   Code   RO          600    i.LPUART_WriteBlocking  fsl_lpuart.o
    0x0000217e   0x00000002   PAD
    0x00002180   0x00000058   Code   RO         1244    i.SCB_DisableDCache  board.o
    0x000021d8   0x000004da   Code   RO         1062    i.StrFormatPrintf   fsl_str.o
    0x000026b2   0x00000030   Code   RO         2048    i.__ARM_fpclassify  m_wv.l(fpclassify.o)
    0x000026e2   0x00000002   PAD
    0x000026e4   0x000000c0   Code   RO         1949    i.__hardfp_modf     m_wv.l(modf.o)
    0x000027a4   0x00000004   PAD
    0x000027a8   0x000008d8   Code   RO         1955    i.__hardfp_pow      m_wv.l(pow.o)
    0x00003080   0x00000070   Code   RO         2050    i.__kernel_poly     m_wv.l(poly.o)
    0x000030f0   0x00000020   Code   RO         2028    i.__mathlib_dbl_divzero  m_wv.l(dunder.o)
    0x00003110   0x00000006   Code   RO         2030    i.__mathlib_dbl_infnan2  m_wv.l(dunder.o)
    0x00003116   0x00000002   PAD
    0x00003118   0x00000018   Code   RO         2031    i.__mathlib_dbl_invalid  m_wv.l(dunder.o)
    0x00003130   0x00000018   Code   RO         2032    i.__mathlib_dbl_overflow  m_wv.l(dunder.o)
    0x00003148   0x00000018   Code   RO         2034    i.__mathlib_dbl_underflow  m_wv.l(dunder.o)
    0x00003160   0x0000000c   Code   RO         2087    i.__set_errno       mc_w.l(errno.o)
    0x0000316c   0x00000090   Code   RO         1245    i.board_init_hyperflash  board.o
    0x000031fc   0x00000040   Code   RO         1246    i.board_init_led    board.o
    0x0000323c   0x00000040   Code   RO         1247    i.board_init_power  board.o
    0x0000327c   0x00000018   Code   RO         2044    i.fabs              m_wv.l(fabs.o)
    0x00003294   0x0000002a   Code   RO         1250    i.flexspi_nor_hyperbus_read  board.o
    0x000032be   0x0000002a   Code   RO         1251    i.flexspi_nor_hyperbus_write  board.o
    0x000032e8   0x000000e8   Code   RO         1252    i.flexspi_nor_hyperflash_cfi  board.o
    0x000033d0   0x00000022   Code   RO         1657    i.main              main_imxrt1052.o
    0x000033f2   0x0000006a   Code   RO         2055    i.sqrt              m_wv.l(sqrt.o)
    0x0000345c   0x00000188   Code   RO         1257    i.system_clock_info  board.o
    0x000035e4   0x00000010   Data   RO          120    .constdata          fsl_clock.o
    0x000035f4   0x00000008   Data   RO          394    .constdata          fsl_flexspi.o
    0x000035fc   0x00000024   Data   RO          528    .constdata          fsl_gpio.o
    0x00003620   0x00000048   Data   RO          602    .constdata          fsl_lpuart.o
    0x00003668   0x000000c0   Data   RO         1259    .constdata          board.o
    0x00003728   0x00000018   Data   RO         1443    .constdata          clock_config.o
    0x00003740   0x00000088   Data   RO         1958    .constdata          m_wv.l(pow.o)
    0x000037c8   0x00000008   Data   RO         2052    .constdata          m_wv.l(qnan.o)


    Execution Region RW_m_data (Base: 0x20000000, Size: 0x00000064, Max: 0x0001f800, ABSOLUTE)

    Base Addr    Size         Type   Attr      Idx    E Section Name        Object

    0x20000000   0x00000004   Data   RW           17    .data               system_mimxrt1052.o
    0x20000004   0x00000004   Data   RW          121    .data               fsl_clock.o
    0x20000008   0x00000004   Data   RW          122    .data               fsl_clock.o
    0x2000000c   0x00000004   Data   RW          395    .data               fsl_flexspi.o
    0x20000010   0x00000004   Data   RW          603    .data               fsl_lpuart.o
    0x20000014   0x00000008   Data   RW         1188    .data               fsl_io.o
    0x2000001c   0x00000020   Data   RW         1260    .data               board.o
    0x2000003c   0x00000004   Data   RW         2088    .data               mc_w.l(errno.o)
    0x20000040   0x00000024   Zero   RW          601    .bss                fsl_lpuart.o


    Execution Region ARM_LIB_HEAP (Base: 0x20000064, Size: 0x00000400, Max: 0x00000400, ABSOLUTE)

    Base Addr    Size         Type   Attr      Idx    E Section Name        Object

    0x20000064   0x00000400   Zero   RW            2    ARM_LIB_HEAP.bss    anon$$obj.o


    Execution Region ARM_LIB_STACK (Base: 0x2001fc00, Size: 0x00000400, Max: 0x00000400, ABSOLUTE)

    Base Addr    Size         Type   Attr      Idx    E Section Name        Object

    0x2001fc00   0x00000400   Zero   RW            3    ARM_LIB_STACK.bss   anon$$obj.o


    Execution Region VECTOR_ROM (Base: 0x60002000, Size: 0x00000400, Max: 0x00000400, ABSOLUTE)

    Base Addr    Size         Type   Attr      Idx    E Section Name        Object

    0x60002000   0x00000400   Data   RO            4    RESET               startup_mimxrt1052.o


    Execution Region ER_m_text (Base: 0x60002400, Size: 0x00000300, Max: 0x03ffdc00, ABSOLUTE)

    Base Addr    Size         Type   Attr      Idx    E Section Name        Object

    0x60002400   0x00000000   Code   RO         1975  * .ARM.Collect$$$$00000000  mc_w.l(entry.o)
    0x60002400   0x00000004   Code   RO         2065    .ARM.Collect$$$$00000003  mc_w.l(entry4.o)
    0x60002404   0x00000004   Code   RO         2068    .ARM.Collect$$$$00000004  mc_w.l(entry5.o)
    0x60002408   0x00000000   Code   RO         2070    .ARM.Collect$$$$00000008  mc_w.l(entry7b.o)
    0x60002408   0x00000000   Code   RO         2072    .ARM.Collect$$$$0000000A  mc_w.l(entry8b.o)
    0x60002408   0x00000008   Code   RO         2073    .ARM.Collect$$$$0000000B  mc_w.l(entry9a.o)
    0x60002410   0x00000000   Code   RO         2075    .ARM.Collect$$$$0000000D  mc_w.l(entry10a.o)
    0x60002410   0x00000000   Code   RO         2077    .ARM.Collect$$$$0000000F  mc_w.l(entry11a.o)
    0x60002410   0x00000004   Code   RO         2066    .ARM.Collect$$$$00002714  mc_w.l(entry4.o)
    0x60002414   0x000001bc   Code   RO            5    .text               startup_mimxrt1052.o
    0x600025d0   0x00000024   Code   RO         2099    .text               mc_w.l(init.o)
    0x600025f4   0x00000108   Code   RO           15    i.SystemInit        system_mimxrt1052.o
    0x600026fc   0x00000002   Code   RO           16    i.SystemInitHook    system_mimxrt1052.o
    0x600026fe   0x00000002   PAD
    0x60002700   0x00000000   Data   RO         2122    Region$$Table       anon$$obj.o


    Execution Region RW_m_ncache (Base: 0x81e00000, Size: 0x00000000, Max: 0x00200000, ABSOLUTE)

    **** No section assigned to this execution region ****

