Component: ARM Compiler 5.05 update 2 (build 169) Tool: armlink [4d0f33]

==============================================================================

Section Cross References

    startup_mimxrt1052.o(RESET) refers to startup_mimxrt1052.o(.text) for Reset_Handler
    startup_mimxrt1052.o(.text) refers to startup_mimxrt1052.o(RESET) for __Vectors
    startup_mimxrt1052.o(.text) refers to system_mimxrt1052.o(i.SystemInit) for SystemInit
    startup_mimxrt1052.o(.text) refers to entry.o(.ARM.Collect$$$$00000000) for __main
    startup_mimxrt1052.o(.text) refers to fsl_lpuart.o(i.LPUART1_DriverIRQHandler) for LPUART1_DriverIRQHandler
    startup_mimxrt1052.o(.text) refers to fsl_lpuart.o(i.LPUART2_DriverIRQHandler) for LPUART2_DriverIRQHandler
    startup_mimxrt1052.o(.text) refers to fsl_lpuart.o(i.LPUART3_DriverIRQHandler) for LPUART3_DriverIRQHandler
    startup_mimxrt1052.o(.text) refers to fsl_lpuart.o(i.LPUART4_DriverIRQHandler) for LPUART4_DriverIRQHandler
    startup_mimxrt1052.o(.text) refers to fsl_lpuart.o(i.LPUART5_DriverIRQHandler) for LPUART5_DriverIRQHandler
    startup_mimxrt1052.o(.text) refers to fsl_lpuart.o(i.LPUART6_DriverIRQHandler) for LPUART6_DriverIRQHandler
    startup_mimxrt1052.o(.text) refers to fsl_lpuart.o(i.LPUART7_DriverIRQHandler) for LPUART7_DriverIRQHandler
    startup_mimxrt1052.o(.text) refers to fsl_lpuart.o(i.LPUART8_DriverIRQHandler) for LPUART8_DriverIRQHandler
    startup_mimxrt1052.o(.text) refers to fsl_flexspi.o(i.FLEXSPI_DriverIRQHandler) for FLEXSPI_DriverIRQHandler
    system_mimxrt1052.o(i.SystemCoreClockUpdate) refers to uldiv.o(.text) for __aeabi_uldivmod
    system_mimxrt1052.o(i.SystemCoreClockUpdate) refers to system_mimxrt1052.o(.data) for SystemCoreClock
    system_mimxrt1052.o(i.SystemInit) refers to system_mimxrt1052.o(i.SCB_EnableICache) for SCB_EnableICache
    system_mimxrt1052.o(i.SystemInit) refers to system_mimxrt1052.o(i.SCB_EnableDCache) for SCB_EnableDCache
    system_mimxrt1052.o(i.SystemInit) refers to system_mimxrt1052.o(i.SystemInitHook) for SystemInitHook
    fsl_clock.o(i.CLOCK_EnableUsbhs0PhyPllClock) refers to fsl_clock.o(i.CLOCK_InitUsb1Pll) for CLOCK_InitUsb1Pll
    fsl_clock.o(i.CLOCK_EnableUsbhs1PhyPllClock) refers to fsl_clock.o(i.CLOCK_InitUsb2Pll) for CLOCK_InitUsb2Pll
    fsl_clock.o(i.CLOCK_GetFreq) refers to fsl_clock.o(i.CLOCK_GetPeriphClkFreq) for CLOCK_GetPeriphClkFreq
    fsl_clock.o(i.CLOCK_GetFreq) refers to fsl_clock.o(i.CLOCK_GetUsb1PfdFreq) for CLOCK_GetUsb1PfdFreq
    fsl_clock.o(i.CLOCK_GetFreq) refers to fsl_clock.o(i.CLOCK_GetSysPfdFreq) for CLOCK_GetSysPfdFreq
    fsl_clock.o(i.CLOCK_GetFreq) refers to fsl_clock.o(i.CLOCK_GetOscFreq) for CLOCK_GetOscFreq
    fsl_clock.o(i.CLOCK_GetFreq) refers to fsl_clock.o(i.CLOCK_GetPllFreq) for CLOCK_GetPllFreq
    fsl_clock.o(i.CLOCK_GetOscFreq) refers to fsl_clock.o(.data) for g_xtalFreq
    fsl_clock.o(i.CLOCK_GetPeriphClkFreq) refers to fsl_clock.o(i.CLOCK_GetPllFreq) for CLOCK_GetPllFreq
    fsl_clock.o(i.CLOCK_GetPeriphClkFreq) refers to fsl_clock.o(i.CLOCK_GetOscFreq) for CLOCK_GetOscFreq
    fsl_clock.o(i.CLOCK_GetPeriphClkFreq) refers to fsl_clock.o(i.CLOCK_GetSysPfdFreq) for CLOCK_GetSysPfdFreq
    fsl_clock.o(i.CLOCK_GetPllFreq) refers to fsl_clock.o(i.CLOCK_GetOscFreq) for CLOCK_GetOscFreq
    fsl_clock.o(i.CLOCK_GetPllFreq) refers to uldiv.o(.text) for __aeabi_uldivmod
    fsl_clock.o(i.CLOCK_GetPllFreq) refers to fsl_clock.o(.constdata) for .constdata
    fsl_clock.o(i.CLOCK_GetSysPfdFreq) refers to fsl_clock.o(i.CLOCK_GetPllFreq) for CLOCK_GetPllFreq
    fsl_clock.o(i.CLOCK_GetUsb1PfdFreq) refers to fsl_clock.o(i.CLOCK_GetPllFreq) for CLOCK_GetPllFreq
    fsl_common.o(i.SDK_Free) refers to malloc2.o(i.__free$2region) for free
    fsl_common.o(i.SDK_Malloc) refers to malloc2.o(i.__malloc$2region) for malloc
    fsl_flexspi.o(i.FLEXSPI_Deinit) refers to fsl_flexspi.o(i.FLEXSPI_SoftwareReset) for FLEXSPI_SoftwareReset
    fsl_flexspi.o(i.FLEXSPI_DriverIRQHandler) refers to fsl_flexspi.o(i.FLEXSPI_TransferHandleIRQ) for FLEXSPI_TransferHandleIRQ
    fsl_flexspi.o(i.FLEXSPI_DriverIRQHandler) refers to fsl_flexspi.o(.data) for s_flexspiHandle
    fsl_flexspi.o(i.FLEXSPI_GetDefaultConfig) refers to memseta.o(.text) for __aeabi_memclr
    fsl_flexspi.o(i.FLEXSPI_GetInstance) refers to fsl_flexspi.o(.constdata) for s_flexspiBases
    fsl_flexspi.o(i.FLEXSPI_Init) refers to fsl_flexspi.o(i.FLEXSPI_GetInstance) for FLEXSPI_GetInstance
    fsl_flexspi.o(i.FLEXSPI_Init) refers to fsl_flexspi.o(i.FLEXSPI_SoftwareReset) for FLEXSPI_SoftwareReset
    fsl_flexspi.o(i.FLEXSPI_Init) refers to fsl_flexspi.o(.constdata) for s_flexspiClock
    fsl_flexspi.o(i.FLEXSPI_ReadBlocking) refers to fsl_flexspi.o(i.FLEXSPI_CheckAndClearError) for FLEXSPI_CheckAndClearError
    fsl_flexspi.o(i.FLEXSPI_SetFlashConfig) refers to fsl_flexspi.o(i.FLEXSPI_GetBusIdleStatus) for FLEXSPI_GetBusIdleStatus
[...]
    errno.o(i.__aeabi_errno_addr) refers to errno.o(.data) for .data
    errno.o(i.__read_errno) refers to errno.o(.data) for .data
    errno.o(i.__set_errno) refers to errno.o(.data) for .data
    strtod.o(.text) refers to scanf_fp.o(.text) for _scanf_real
    strtod.o(.text) refers to _sgetc.o(.text) for _sgetc
    strtod.o(.text) refers to isspace_c.o(.text) for isspace
    depilogue.o(.text) refers to llshl.o(.text) for __aeabi_llsl
    depilogue.o(.text) refers to llushr.o(.text) for __aeabi_llsr
    init.o(.text) refers to entry5.o(.ARM.Collect$$$$00000004) for __main_after_scatterload
    isspace_c.o(.text) refers to ctype_c.o(.text) for __ctype_lookup
    scanf_fp.o(.text) refers (Special) to iusefp.o(.text) for __I$use$fp
    scanf_fp.o(.text) refers to dfltul.o(.text) for __aeabi_ul2d
    scanf_fp.o(.text) refers to dmul.o(.text) for __aeabi_dmul
    scanf_fp.o(.text) refers to ddiv.o(.text) for __aeabi_ddiv
    scanf_fp.o(.text) refers to scanf_fp.o(i._is_digit) for _is_digit
    scanf_fp.o(.text) refers to d2f.o(.text) for __aeabi_d2f
    ctype_c.o(.text) refers to ctype_c.o(.constdata) for .constdata
    dmul.o(.text) refers to depilogue.o(.text) for _double_epilogue
    ddiv.o(.text) refers to depilogue.o(.text) for _double_round
    dfltul.o(.text) refers to depilogue.o(.text) for _double_epilogue
    d2f.o(.text) refers to fepilogue.o(.text) for _float_round
    scanf_fp.o(i._is_digit) refers (Special) to iusefp.o(.text) for __I$use$fp


==============================================================================

Removing Unused input sections from the image.

    Removing system_mimxrt1052.o(.rev16_text), (4 bytes).
    Removing system_mimxrt1052.o(.revsh_text), (4 bytes).
    Removing system_mimxrt1052.o(.rrx_text), (6 bytes).
    Removing system_mimxrt1052.o(i.SystemCoreClockUpdate), (412 bytes).
    Removing fsl_clock.o(.rev16_text), (4 bytes).
    Removing fsl_clock.o(.revsh_text), (4 bytes).
    Removing fsl_clock.o(.rrx_text), (6 bytes).
    Removing fsl_clock.o(i.CLOCK_DeinitArmPll), (16 bytes).
    Removing fsl_clock.o(i.CLOCK_DeinitAudioPll), (16 bytes).
    Removing fsl_clock.o(i.CLOCK_DeinitEnetPll), (16 bytes).
    Removing fsl_clock.o(i.CLOCK_DeinitExternalClk), (16 bytes).
    Removing fsl_clock.o(i.CLOCK_DeinitRcOsc24M), (24 bytes).
    Removing fsl_clock.o(i.CLOCK_DeinitSysPfd), (28 bytes).
    Removing fsl_clock.o(i.CLOCK_DeinitSysPll), (16 bytes).
    Removing fsl_clock.o(i.CLOCK_DeinitUsb1Pfd), (28 bytes).
    Removing fsl_clock.o(i.CLOCK_DeinitUsb1Pll), (12 bytes).
    Removing fsl_clock.o(i.CLOCK_DeinitUsb2Pll), (12 bytes).
    Removing fsl_clock.o(i.CLOCK_DeinitVideoPll), (16 bytes).
    Removing fsl_clock.o(i.CLOCK_DisableUsbhs0PhyPllClock), (36 bytes).
    Removing fsl_clock.o(i.CLOCK_DisableUsbhs1PhyPllClock), (36 bytes).
    Removing fsl_clock.o(i.CLOCK_EnableUsbhs0Clock), (104 bytes).
    Removing fsl_clock.o(i.CLOCK_EnableUsbhs0PhyPllClock), (88 bytes).
    Removing fsl_clock.o(i.CLOCK_EnableUsbhs1Clock), (104 bytes).
    Removing fsl_clock.o(i.CLOCK_EnableUsbhs1PhyPllClock), (60 bytes).
    Removing fsl_clock.o(i.CLOCK_InitAudioPll), (200 bytes).
    Removing fsl_clock.o(i.CLOCK_InitEnetPll), (108 bytes).
    Removing fsl_clock.o(i.CLOCK_InitExternalClk), (68 bytes).
    Removing fsl_clock.o(i.CLOCK_InitRcOsc24M), (24 bytes).
    Removing fsl_clock.o(i.CLOCK_InitSysPfd), (60 bytes).
    Removing fsl_clock.o(i.CLOCK_InitUsb1Pfd), (56 bytes).
    Removing fsl_clock.o(i.CLOCK_InitUsb1Pll), (88 bytes).
    Removing fsl_clock.o(i.CLOCK_InitUsb2Pll), (88 bytes).
    Removing fsl_clock.o(i.CLOCK_InitVideoPll), (204 bytes).
    Removing fsl_clock.o(i.CLOCK_SwitchOsc), (24 bytes).
    Removing fsl_common.o(.rev16_text), (4 bytes).
    Removing fsl_common.o(.revsh_text), (4 bytes).
    Removing fsl_common.o(.rrx_text), (6 bytes).
    Removing fsl_common.o(i.SDK_Free), (30 bytes).
    Removing fsl_common.o(i.SDK_Malloc), (76 bytes).
    Removing fsl_flexspi.o(.rev16_text), (4 bytes).
    Removing fsl_flexspi.o(.revsh_text), (4 bytes).
    Removing fsl_flexspi.o(.rrx_text), (6 bytes).
    Removing fsl_flexspi.o(i.FLEXSPI_ConfigureDll), (124 bytes).
    Removing fsl_flexspi.o(i.FLEXSPI_Deinit), (12 bytes).
    Removing fsl_flexspi.o(i.FLEXSPI_EnableInterrupts), (8 bytes).
    Removing fsl_flexspi.o(i.FLEXSPI_GetBusIdleStatus), (30 bytes).
    Removing fsl_flexspi.o(i.FLEXSPI_GetDefaultConfig), (126 bytes).
    Removing fsl_flexspi.o(i.FLEXSPI_GetInstance), (32 bytes).
    Removing fsl_flexspi.o(i.FLEXSPI_Init), (516 bytes).
    Removing fsl_flexspi.o(i.FLEXSPI_ReadBlocking), (214 bytes).
    Removing fsl_flexspi.o(i.FLEXSPI_SetFlashConfig), (348 bytes).
    Removing fsl_flexspi.o(i.FLEXSPI_SoftwareReset), (22 bytes).
    Removing fsl_flexspi.o(i.FLEXSPI_TransferBlocking), (210 bytes).
    Removing fsl_flexspi.o(i.FLEXSPI_TransferCreateHandle), (96 bytes).
    Removing fsl_flexspi.o(i.FLEXSPI_TransferGetCount), (24 bytes).
    Removing fsl_flexspi.o(i.FLEXSPI_TransferNonBlocking), (198 bytes).
    Removing fsl_flexspi.o(i.FLEXSPI_UpdateLUT), (84 bytes).
    Removing fsl_flexspi.o(i.FLEXSPI_WriteBlocking), (150 bytes).
    Removing fsl_flexspi.o(.constdata), (12 bytes).
    Removing fsl_gpio.o(.rev16_text), (4 bytes).
    Removing fsl_gpio.o(.revsh_text), (4 bytes).
    Removing fsl_gpio.o(.rrx_text), (6 bytes).
    Removing fsl_lpuart.o(.rev16_text), (4 bytes).
    Removing fsl_lpuart.o(.revsh_text), (4 bytes).
    Removing fsl_lpuart.o(.rrx_text), (6 bytes).
    Removing fsl_lpuart.o(i.LPUART_Deinit), (88 bytes).
    Removing fsl_lpuart.o(i.LPUART_DisableInterrupts), (44 bytes).
    Removing fsl_lpuart.o(i.LPUART_EnableInterrupts), (44 bytes).
    Removing fsl_lpuart.o(i.LPUART_GetEnabledInterrupts), (32 bytes).
    Removing fsl_lpuart.o(i.LPUART_ReadNonBlocking), (62 bytes).
    Removing fsl_lpuart.o(i.LPUART_SetBaudRate), (174 bytes).
    Removing fsl_lpuart.o(i.LPUART_TransferAbortReceive), (32 bytes).
    Removing fsl_lpuart.o(i.LPUART_TransferAbortSend), (26 bytes).
    Removing fsl_lpuart.o(i.LPUART_TransferCreateHandle), (156 bytes).
    Removing fsl_lpuart.o(i.LPUART_TransferGetReceiveCount), (28 bytes).
    Removing fsl_lpuart.o(i.LPUART_TransferGetRxRingBufferLength), (32 bytes).
    Removing fsl_lpuart.o(i.LPUART_TransferGetSendCount), (26 bytes).
    Removing fsl_lpuart.o(i.LPUART_TransferHandleErrorIRQ), (2 bytes).
    Removing fsl_lpuart.o(i.LPUART_TransferHandleIRQ), (576 bytes).
    Removing fsl_lpuart.o(i.LPUART_TransferIsRxRingBufferFull), (32 bytes).
    Removing fsl_lpuart.o(i.LPUART_TransferReceiveNonBlocking), (228 bytes).
    Removing fsl_lpuart.o(i.LPUART_TransferSendNonBlocking), (54 bytes).
    Removing fsl_lpuart.o(i.LPUART_TransferStartRingBuffer), (32 bytes).
    Removing fsl_lpuart.o(i.LPUART_TransferStopRingBuffer), (36 bytes).
    Removing fsl_lpuart.o(i.LPUART_WriteNonBlocking), (20 bytes).
    Removing fsl_assert.o(.rev16_text), (4 bytes).
    Removing fsl_assert.o(.revsh_text), (4 bytes).
    Removing fsl_assert.o(.rrx_text), (6 bytes).
    Removing fsl_debug_console.o(.rev16_text), (4 bytes).
    Removing fsl_debug_console.o(.revsh_text), (4 bytes).
    Removing fsl_debug_console.o(.rrx_text), (6 bytes).
    Removing fsl_debug_console.o(i.DbgConsole_Deinit), (10 bytes).
    Removing fsl_debug_console.o(i.DbgConsole_Flush), (8 bytes).
    Removing fsl_debug_console.o(i.DbgConsole_Getchar), (14 bytes).
    Removing fsl_debug_console.o(i.DbgConsole_Putchar), (12 bytes).
    Removing fsl_debug_console.o(i.DbgConsole_Scanf), (52 bytes).
    Removing fsl_debug_console.o(i.fgetc), (16 bytes).
    Removing fsl_debug_console.o(i.fputc), (14 bytes).
    Removing fsl_debug_console.o(.data), (8 bytes).
    Removing fsl_notifier.o(.rev16_text), (4 bytes).
    Removing fsl_notifier.o(.revsh_text), (4 bytes).
    Removing fsl_notifier.o(.rrx_text), (6 bytes).
    Removing fsl_notifier.o(i.NOTIFIER_CreateHandle), (72 bytes).
    Removing fsl_notifier.o(i.NOTIFIER_GetErrorCallbackIndex), (6 bytes).
    Removing fsl_notifier.o(i.NOTIFIER_SwitchConfig), (250 bytes).
    Removing fsl_shell.o(.rev16_text), (4 bytes).
    Removing fsl_shell.o(.revsh_text), (4 bytes).
    Removing fsl_shell.o(.rrx_text), (6 bytes).
    Removing fsl_shell.o(i.AutoComplete), (216 bytes).
    Removing fsl_shell.o(i.ExitCommand), (44 bytes).
    Removing fsl_shell.o(i.GetChar), (18 bytes).
    Removing fsl_shell.o(i.GetHistoryCommand), (128 bytes).
    Removing fsl_shell.o(i.HelpCommand), (52 bytes).
    Removing fsl_shell.o(i.ParseLine), (140 bytes).
    Removing fsl_shell.o(i.ProcessCommand), (444 bytes).
    Removing fsl_shell.o(i.SHELL_Init), (60 bytes).
    Removing fsl_shell.o(i.SHELL_Main), (816 bytes).
    Removing fsl_shell.o(i.SHELL_RegisterCommand), (52 bytes).
    Removing fsl_shell.o(i.StrCompare), (42 bytes).
    Removing fsl_shell.o(i.StrCopy), (26 bytes).
    Removing fsl_shell.o(i.StrLen), (18 bytes).
    Removing fsl_shell.o(.bss), (148 bytes).
    Removing fsl_shell.o(.constdata), (32 bytes).
    Removing fsl_shell.o(.conststring), (266 bytes).
    Removing fsl_shell.o(.data), (12 bytes).
    Removing fsl_str.o(.rev16_text), (4 bytes).
    Removing fsl_str.o(.revsh_text), (4 bytes).
    Removing fsl_str.o(.rrx_text), (6 bytes).
    Removing fsl_str.o(i.ScanIgnoreWhiteSpace), (50 bytes).
    Removing fsl_str.o(i.StrFormatScanf), (1576 bytes).
    Removing fsl_str.o(.data), (8 bytes).
    Removing fsl_log.o(.rev16_text), (4 bytes).
    Removing fsl_log.o(.revsh_text), (4 bytes).
    Removing fsl_log.o(.rrx_text), (6 bytes).
    Removing fsl_log.o(i.LOG_Deinit), (8 bytes).
    Removing fsl_log.o(i.LOG_ReadCharacter), (26 bytes).
    Removing fsl_log.o(i.LOG_ReadLine), (78 bytes).
    Removing fsl_log.o(i.LOG_ReadOneCharacter), (24 bytes).
    Removing fsl_log.o(i.LOG_WaitIdle), (10 bytes).
    Removing fsl_io.o(.rev16_text), (4 bytes).
    Removing fsl_io.o(.revsh_text), (4 bytes).
    Removing fsl_io.o(.rrx_text), (6 bytes).
    Removing fsl_io.o(i.IO_Deinit), (56 bytes).
    Removing fsl_io.o(i.IO_WaitIdle), (44 bytes).
    Removing board.o(.rev16_text), (4 bytes).
    Removing board.o(.revsh_text), (4 bytes).
    Removing board.o(.rrx_text), (6 bytes).
    Removing clock_config.o(.rev16_text), (4 bytes).
    Removing clock_config.o(.revsh_text), (4 bytes).
    Removing clock_config.o(.rrx_text), (6 bytes).
    Removing clock_config.o(i.BOARD_InitBootClocks), (8 bytes).
    Removing pin_mux.o(.rev16_text), (4 bytes).
    Removing pin_mux.o(.revsh_text), (4 bytes).
    Removing pin_mux.o(.rrx_text), (6 bytes).
    Removing pin_mux.o(i.BOARD_InitBootPins), (8 bytes).
    Removing fsl_flexspi_nor_boot.o(.rev16_text), (4 bytes).
    Removing fsl_flexspi_nor_boot.o(.revsh_text), (4 bytes).
    Removing fsl_flexspi_nor_boot.o(.rrx_text), (6 bytes).
    Removing uavrs_v2_flexspi_nor_flash.o(.rev16_text), (4 bytes).
    Removing uavrs_v2_flexspi_nor_flash.o(.revsh_text), (4 bytes).
    Removing uavrs_v2_flexspi_nor_flash.o(.rrx_text), (6 bytes).
    Removing bsp_led.o(.rev16_text), (4 bytes).
    Removing bsp_led.o(.revsh_text), (4 bytes).
    Removing bsp_led.o(.rrx_text), (6 bytes).
    Removing bsp_led.o(i.IOMUXC_SetPinConfig), (12 bytes).
    Removing bsp_led.o(i.IOMUXC_SetPinMux), (26 bytes).
    Removing bsp_led.o(i.LED_GPIO_Config), (16 bytes).
    Removing bsp_led.o(i.LED_GPIO_Mode_Config), (60 bytes).
    Removing bsp_led.o(i.LED_IOMUXC_MUX_Config), (104 bytes).
    Removing bsp_led.o(i.LED_IOMUXC_PAD_Config), (104 bytes).
    Removing main_imxrt1052.o(.rev16_text), (4 bytes).
    Removing main_imxrt1052.o(.revsh_text), (4 bytes).
    Removing main_imxrt1052.o(.rrx_text), (6 bytes).
    Removing main_imxrt1052.o(i.flexspi_nor_flash_erase_sector), (74 bytes).
    Removing main_imxrt1052.o(i.flexspi_nor_flash_page_program), (86 bytes).
    Removing main_imxrt1052.o(i.flexspi_nor_hyperbus_read), (64 bytes).
    Removing main_imxrt1052.o(i.flexspi_nor_hyperbus_write), (62 bytes).
    Removing main_imxrt1052.o(i.flexspi_nor_hyperflash_cfi), (252 bytes).
    Removing main_imxrt1052.o(i.flexspi_nor_wait_bus_busy), (88 bytes).
    Removing main_imxrt1052.o(i.flexspi_nor_write_enable), (44 bytes).
    Removing main_imxrt1052.o(.constdata), (192 bytes).
    Removing dmul.o(.text), (228 bytes).
    Removing ddiv.o(.text), (222 bytes).
    Removing dfltul.o(.text), (24 bytes).
    Removing d2f.o(.text), (56 bytes).
    Removing fepilogue.o(.text), (110 bytes).

186 unused section(s) (total 12972 bytes) removed from the image.

==============================================================================

Image Symbol Table

    Local Symbols

    Symbol Name                              Value     Ov Type        Size  Object(Section)

    ../clib/microlib/ctype/ctype.c           0x00000000   Number         0  ctype_c.o ABSOLUTE
    ../clib/microlib/ctype/ctype.c           0x00000000   Number         0  isspace_c.o ABSOLUTE
    ../clib/microlib/division.c              0x00000000   Number         0  ldiv.o ABSOLUTE
    ../clib/microlib/division.c              0x00000000   Number         0  uldiv.o ABSOLUTE
    ../clib/microlib/errno.c                 0x00000000   Number         0  errno.o ABSOLUTE
    ../clib/microlib/init/entry.s            0x00000000   Number         0  entry9a.o ABSOLUTE
    ../clib/microlib/init/entry.s            0x00000000   Number         0  entry8b.o ABSOLUTE
    ../clib/microlib/init/entry.s            0x00000000   Number         0  entry8a.o ABSOLUTE
    ../clib/microlib/init/entry.s            0x00000000   Number         0  entry10a.o ABSOLUTE
    ../clib/microlib/init/entry.s            0x00000000   Number         0  entry7b.o ABSOLUTE
    ../clib/microlib/init/entry.s            0x00000000   Number         0  entry11b.o ABSOLUTE
    ../clib/microlib/init/entry.s            0x00000000   Number         0  entry11a.o ABSOLUTE
    ../clib/microlib/init/entry.s            0x00000000   Number         0  entry10b.o ABSOLUTE
    ../clib/microlib/init/entry.s            0x00000000   Number         0  entry9b.o ABSOLUTE
    ../clib/microlib/init/entry.s            0x00000000   Number         0  entry4.o ABSOLUTE
    ../clib/microlib/init/entry.s            0x00000000   Number         0  entry5.o ABSOLUTE
    ../clib/microlib/init/entry.s            0x00000000   Number         0  entry.o ABSOLUTE
    ../clib/microlib/init/entry.s            0x00000000   Number         0  entry7a.o ABSOLUTE
    ../clib/microlib/longlong.c              0x00000000   Number         0  llshl.o ABSOLUTE
    ../clib/microlib/longlong.c              0x00000000   Number         0  llushr.o ABSOLUTE
    ../clib/microlib/malloc/malloc.c         0x00000000   Number         0  mallocra2.o ABSOLUTE
    ../clib/microlib/malloc/malloc.c         0x00000000   Number         0  malloca2.o ABSOLUTE
    ../clib/microlib/malloc/malloc.c         0x00000000   Number         0  malloc2.o ABSOLUTE
    ../clib/microlib/malloc/malloc.c         0x00000000   Number         0  mallocr2.o ABSOLUTE
    ../clib/microlib/malloc/mvars.c          0x00000000   Number         0  mvars.o ABSOLUTE
    ../clib/microlib/string/memcpy.c         0x00000000   Number         0  memcpyb.o ABSOLUTE
    ../clib/microlib/string/memcpy.c         0x00000000   Number         0  memcpya.o ABSOLUTE
    ../clib/microlib/string/memcpy.c         0x00000000   Number         0  memmovea.o ABSOLUTE
    ../clib/microlib/string/memcpy.c         0x00000000   Number         0  memmoveb.o ABSOLUTE
    ../clib/microlib/string/memset.c         0x00000000   Number         0  memseta.o ABSOLUTE
    ../clib/microlib/string/strlen.c         0x00000000   Number         0  strlen.o ABSOLUTE
    ../clib/microlib/stubs.s                 0x00000000   Number         0  iusefp.o ABSOLUTE
    ../clib/scanf.c                          0x00000000   Number         0  strtod.o ABSOLUTE
    ../clib/scanf.c                          0x00000000   Number         0  _sgetc.o ABSOLUTE
    ../clib/scanf.c                          0x00000000   Number         0  scanf_fp.o ABSOLUTE
    ../fplib/microlib/d2f.c                  0x00000000   Number         0  d2f.o ABSOLUTE
    ../fplib/microlib/fpdiv.c                0x00000000   Number         0  ddiv.o ABSOLUTE
    ../fplib/microlib/fpepilogue.c           0x00000000   Number         0  fepilogue.o ABSOLUTE
    ../fplib/microlib/fpepilogue.c           0x00000000   Number         0  depilogue.o ABSOLUTE
    ../fplib/microlib/fpfix.c                0x00000000   Number         0  dfixl.o ABSOLUTE
    ../fplib/microlib/fpflt.c                0x00000000   Number         0  dfltl.o ABSOLUTE
    ../fplib/microlib/fpflt.c                0x00000000   Number         0  dfltul.o ABSOLUTE
    ../fplib/microlib/fpmul.c                0x00000000   Number         0  dmul.o ABSOLUTE
    ../fplib/microlib/fpscalb.c              0x00000000   Number         0  dscalb.o ABSOLUTE
    ../mathlib/dunder.c                      0x00000000   Number         0  dunder.o ABSOLUTE
    ../mathlib/fabs.c                        0x00000000   Number         0  fabs.o ABSOLUTE
    ../mathlib/fpclassify.c                  0x00000000   Number         0  fpclassify.o ABSOLUTE
    ../mathlib/modf.c                        0x00000000   Number         0  modf.o ABSOLUTE
    ../mathlib/poly.c                        0x00000000   Number         0  poly.o ABSOLUTE
    ../mathlib/pow.c                         0x00000000   Number         0  pow.o ABSOLUTE
    ../mathlib/pow.c                         0x00000000   Number         0  pow_x.o ABSOLUTE
    ../mathlib/qnan.c                        0x00000000   Number         0  qnan.o ABSOLUTE
    ../mathlib/sqrt.c                        0x00000000   Number         0  sqrt_x.o ABSOLUTE
    ../mathlib/sqrt.c                        0x00000000   Number         0  sqrt.o ABSOLUTE
    ../mathlib/strtod.c                      0x00000000   Number         0  strtod.o ABSOLUTE
    ..\..\..\..\..\main_imxrt1052.c          0x00000000   Number         0  main_imxrt1052.o ABSOLUTE
    ..\..\devices\MIMXRT1052\arm\startup_MIMXRT1052.s 0x00000000   Number         0  startup_mimxrt1052.o ABSOLUTE
    ..\..\devices\MIMXRT1052\drivers\fsl_clock.c 0x00000000   Number         0  fsl_clock.o ABSOLUTE
    ..\..\devices\MIMXRT1052\drivers\fsl_common.c 0x00000000   Number         0  fsl_common.o ABSOLUTE
    ..\..\devices\MIMXRT1052\drivers\fsl_flexspi.c 0x00000000   Number         0  fsl_flexspi.o ABSOLUTE
    ..\..\devices\MIMXRT1052\drivers\fsl_gpio.c 0x00000000   Number         0  fsl_gpio.o ABSOLUTE
    ..\..\devices\MIMXRT1052\drivers\fsl_lpuart.c 0x00000000   Number         0  fsl_lpuart.o ABSOLUTE
    ..\..\devices\MIMXRT1052\system_MIMXRT1052.c 0x00000000   Number         0  system_mimxrt1052.o ABSOLUTE
    ..\..\devices\MIMXRT1052\utilities\fsl_assert.c 0x00000000   Number         0  fsl_assert.o ABSOLUTE
    ..\..\devices\MIMXRT1052\utilities\fsl_debug_console.c 0x00000000   Number         0  fsl_debug_console.o ABSOLUTE
    ..\..\devices\MIMXRT1052\utilities\fsl_notifier.c 0x00000000   Number         0  fsl_notifier.o ABSOLUTE
    ..\..\devices\MIMXRT1052\utilities\fsl_sbrk.c 0x00000000   Number         0  fsl_sbrk.o ABSOLUTE
    ..\..\devices\MIMXRT1052\utilities\fsl_shell.c 0x00000000   Number         0  fsl_shell.o ABSOLUTE
    ..\..\devices\MIMXRT1052\utilities\io\fsl_io.c 0x00000000   Number         0  fsl_io.o ABSOLUTE
    ..\..\devices\MIMXRT1052\utilities\log\fsl_log.c 0x00000000   Number         0  fsl_log.o ABSOLUTE
    ..\..\devices\MIMXRT1052\utilities\str\fsl_str.c 0x00000000   Number         0  fsl_str.o ABSOLUTE
    ..\\..\\..\\..\\..\\main_imxrt1052.c     0x00000000   Number         0  main_imxrt1052.o ABSOLUTE
    ..\\..\\devices\\MIMXRT1052\\drivers\\fsl_clock.c 0x00000000   Number         0  fsl_clock.o ABSOLUTE
    ..\\..\\devices\\MIMXRT1052\\drivers\\fsl_common.c 0x00000000   Number         0  fsl_common.o ABSOLUTE
    ..\\..\\devices\\MIMXRT1052\\drivers\\fsl_flexspi.c 0x00000000   Number         0  fsl_flexspi.o ABSOLUTE
    ..\\..\\devices\\MIMXRT1052\\drivers\\fsl_gpio.c 0x00000000   Number         0  fsl_gpio.o ABSOLUTE
    ..\\..\\devices\\MIMXRT1052\\drivers\\fsl_lpuart.c 0x00000000   Number         0  fsl_lpuart.o ABSOLUTE
    ..\\..\\devices\\MIMXRT1052\\system_MIMXRT1052.c 0x00000000   Number         0  system_mimxrt1052.o ABSOLUTE
    ..\\..\\devices\\MIMXRT1052\\utilities\\fsl_assert.c 0x00000000   Number         0  fsl_assert.o ABSOLUTE
    ..\\..\\devices\\MIMXRT1052\\utilities\\fsl_debug_console.c 0x00000000   Number         0  fsl_debug_console.o ABSOLUTE
    ..\\..\\devices\\MIMXRT1052\\utilities\\fsl_notifier.c 0x00000000   Number         0  fsl_notifier.o ABSOLUTE
    ..\\..\\devices\\MIMXRT1052\\utilities\\fsl_shell.c 0x00000000   Number         0  fsl_shell.o ABSOLUTE
    ..\\..\\devices\\MIMXRT1052\\utilities\\io\\fsl_io.c 0x00000000   Number         0  fsl_io.o ABSOLUTE
    ..\\..\\devices\\MIMXRT1052\\utilities\\log\\fsl_log.c 0x00000000   Number         0  fsl_log.o ABSOLUTE
    ..\\..\\devices\\MIMXRT1052\\utilities\\str\\fsl_str.c 0x00000000   Number         0  fsl_str.o ABSOLUTE
    dc.s                                     0x00000000   Number         0  dc.o ABSOLUTE
    demo_apps\\test\\board.c                 0x00000000   Number         0  board.o ABSOLUTE
    demo_apps\\test\\bsp\\led\\bsp_led.c     0x00000000   Number         0  bsp_led.o ABSOLUTE
    demo_apps\\test\\clock_config.c          0x00000000   Number         0  clock_config.o ABSOLUTE
    demo_apps\\test\\pin_mux.c               0x00000000   Number         0  pin_mux.o ABSOLUTE
    demo_apps\\test\\xip\\fsl_flexspi_nor_boot.c 0x00000000   Number         0  fsl_flexspi_nor_boot.o ABSOLUTE
    demo_apps\\test\\xip\\uavrs_v2_flexspi_nor_flash.c 0x00000000   Number         0  uavrs_v2_flexspi_nor_flash.o ABSOLUTE
    demo_apps\test\board.c                   0x00000000   Number         0  board.o ABSOLUTE
    demo_apps\test\bsp\led\bsp_led.c         0x00000000   Number         0  bsp_led.o ABSOLUTE
    demo_apps\test\clock_config.c            0x00000000   Number         0  clock_config.o ABSOLUTE
    demo_apps\test\pin_mux.c                 0x00000000   Number         0  pin_mux.o ABSOLUTE
    demo_apps\test\xip\fsl_flexspi_nor_boot.c 0x00000000   Number         0  fsl_flexspi_nor_boot.o ABSOLUTE
    demo_apps\test\xip\uavrs_v2_flexspi_nor_flash.c 0x00000000   Number         0  uavrs_v2_flexspi_nor_flash.o ABSOLUTE
    demo_apps\test\xip\uavrs_v2_sdram_ini_dcd.c 0x00000000   Number         0  uavrs_v2_sdram_ini_dcd.o ABSOLUTE
    handlers.s                               0x00000000   Number         0  handlers.o ABSOLUTE
    init.s                                   0x00000000   Number         0  init.o ABSOLUTE
    .text                                    0x00000400   Section        0  uldiv.o(.text)
    .text                                    0x00000462   Section        0  ldiv.o(.text)
    .text                                    0x000004c4   Section        0  memseta.o(.text)
    .text                                    0x000004e8   Section        0  strlen.o(.text)
    .text                                    0x000004f6   Section        0  dfltl.o(.text)
    .text                                    0x0000051e   Section        0  dfixl.o(.text)
    .text                                    0x00000568   Section        0  llshl.o(.text)
    .text                                    0x00000586   Section        0  llushr.o(.text)
    .text                                    0x000005a6   Section        0  iusefp.o(.text)
    .text                                    0x000005a6   Section        0  depilogue.o(.text)
    .text                                    0x00000660   Section        0  dscalb.o(.text)
    i.BOARD_BootClockRUN                     0x00000690   Section        0  clock_config.o(i.BOARD_BootClockRUN)
    i.BOARD_ConfigMPU                        0x00000984   Section        0  board.o(i.BOARD_ConfigMPU)
    i.BOARD_DebugConsoleSrcFreq              0x00000b40   Section        0  board.o(i.BOARD_DebugConsoleSrcFreq)
    i.BOARD_InitDebugConsole                 0x00000bb8   Section        0  board.o(i.BOARD_InitDebugConsole)
    i.BOARD_InitPins                         0x00000bd4   Section        0  pin_mux.o(i.BOARD_InitPins)
    i.BOARD_LedConfig                        0x00000c68   Section        0  main_imxrt1052.o(i.BOARD_LedConfig)
    i.BOARD_PowerConfig                      0x00000cb8   Section        0  main_imxrt1052.o(i.BOARD_PowerConfig)
    i.CLOCK_ControlGate                      0x00000d08   Section        0  fsl_lpuart.o(i.CLOCK_ControlGate)
    CLOCK_ControlGate                        0x00000d09   Thumb Code    32  fsl_lpuart.o(i.CLOCK_ControlGate)
    i.CLOCK_GetDiv                           0x00000d2c   Section        0  board.o(i.CLOCK_GetDiv)
    CLOCK_GetDiv                             0x00000d2d   Thumb Code    28  board.o(i.CLOCK_GetDiv)
    i.CLOCK_GetFreq                          0x00000d4c   Section        0  fsl_clock.o(i.CLOCK_GetFreq)
    i.CLOCK_GetOscFreq                       0x00000ec0   Section        0  fsl_clock.o(i.CLOCK_GetOscFreq)
    CLOCK_GetOscFreq                         0x00000ec1   Thumb Code    20  fsl_clock.o(i.CLOCK_GetOscFreq)
    i.CLOCK_GetPeriphClkFreq                 0x00000ee0   Section        0  fsl_clock.o(i.CLOCK_GetPeriphClkFreq)
    CLOCK_GetPeriphClkFreq                   0x00000ee1   Thumb Code   186  fsl_clock.o(i.CLOCK_GetPeriphClkFreq)
    i.CLOCK_GetPllFreq                       0x00000fa8   Section        0  fsl_clock.o(i.CLOCK_GetPllFreq)
    i.CLOCK_GetSysPfdFreq                    0x000011d4   Section        0  fsl_clock.o(i.CLOCK_GetSysPfdFreq)
    i.CLOCK_GetUsb1PfdFreq                   0x00001240   Section        0  fsl_clock.o(i.CLOCK_GetUsb1PfdFreq)
    i.CLOCK_InitArmPll                       0x000012ac   Section        0  fsl_clock.o(i.CLOCK_InitArmPll)
    i.CLOCK_InitSysPll                       0x00001304   Section        0  fsl_clock.o(i.CLOCK_InitSysPll)
    i.CLOCK_SetDiv                           0x0000135c   Section        0  clock_config.o(i.CLOCK_SetDiv)
    CLOCK_SetDiv                             0x0000135d   Thumb Code    76  clock_config.o(i.CLOCK_SetDiv)
    i.CLOCK_SetMux                           0x000013ac   Section        0  clock_config.o(i.CLOCK_SetMux)
    CLOCK_SetMux                             0x000013ad   Thumb Code    76  clock_config.o(i.CLOCK_SetMux)
    i.ConvertFloatRadixNumToString           0x000013fc   Section        0  fsl_str.o(i.ConvertFloatRadixNumToString)
    ConvertFloatRadixNumToString             0x000013fd   Thumb Code   430  fsl_str.o(i.ConvertFloatRadixNumToString)
    i.ConvertRadixNumToString                0x000015aa   Section        0  fsl_str.o(i.ConvertRadixNumToString)
    ConvertRadixNumToString                  0x000015ab   Thumb Code   332  fsl_str.o(i.ConvertRadixNumToString)
    i.CopyAllTextToITCM                      0x000016f6   Section        0  board.o(i.CopyAllTextToITCM)
    i.CopyAndUseRAMVectorTable               0x000016f8   Section        0  board.o(i.CopyAndUseRAMVectorTable)
    i.DbgConsole_Init                        0x00001758   Section        0  fsl_debug_console.o(i.DbgConsole_Init)
    i.DbgConsole_Printf                      0x00001774   Section        0  fsl_debug_console.o(i.DbgConsole_Printf)
    i.DbgConsole_RelocateLog                 0x000017b4   Section        0  fsl_debug_console.o(i.DbgConsole_RelocateLog)
    DbgConsole_RelocateLog                   0x000017b5   Thumb Code    62  fsl_debug_console.o(i.DbgConsole_RelocateLog)
    i.FLEXSPI_CheckAndClearError             0x000017f2   Section        0  fsl_flexspi.o(i.FLEXSPI_CheckAndClearError)
    i.FLEXSPI_DriverIRQHandler               0x00001848   Section        0  fsl_flexspi.o(i.FLEXSPI_DriverIRQHandler)
    i.FLEXSPI_TransferAbort                  0x00001860   Section        0  fsl_flexspi.o(i.FLEXSPI_TransferAbort)
    i.FLEXSPI_TransferHandleIRQ              0x00001872   Section        0  fsl_flexspi.o(i.FLEXSPI_TransferHandleIRQ)
    i.GPIO_GetInstance                       0x000019dc   Section        0  fsl_gpio.o(i.GPIO_GetInstance)
    GPIO_GetInstance                         0x000019dd   Thumb Code    28  fsl_gpio.o(i.GPIO_GetInstance)
    i.GPIO_PinInit                           0x000019fc   Section        0  fsl_gpio.o(i.GPIO_PinInit)
    i.GPIO_PinSetInterruptConfig             0x00001a88   Section        0  fsl_gpio.o(i.GPIO_PinSetInterruptConfig)
    i.GPIO_PinWrite                          0x00001b12   Section        0  fsl_gpio.o(i.GPIO_PinWrite)
    i.IOMUXC_SetPinConfig                    0x00001b2e   Section        0  pin_mux.o(i.IOMUXC_SetPinConfig)
    IOMUXC_SetPinConfig                      0x00001b2f   Thumb Code    12  pin_mux.o(i.IOMUXC_SetPinConfig)
    i.IOMUXC_SetPinConfig                    0x00001b3a   Section        0  main_imxrt1052.o(i.IOMUXC_SetPinConfig)
    IOMUXC_SetPinConfig                      0x00001b3b   Thumb Code    12  main_imxrt1052.o(i.IOMUXC_SetPinConfig)
    i.IOMUXC_SetPinMux                       0x00001b46   Section        0  pin_mux.o(i.IOMUXC_SetPinMux)
    IOMUXC_SetPinMux                         0x00001b47   Thumb Code    26  pin_mux.o(i.IOMUXC_SetPinMux)
    i.IOMUXC_SetPinMux                       0x00001b60   Section        0  main_imxrt1052.o(i.IOMUXC_SetPinMux)
    IOMUXC_SetPinMux                         0x00001b61   Thumb Code    26  main_imxrt1052.o(i.IOMUXC_SetPinMux)
    i.IO_Init                                0x00001b7c   Section        0  fsl_io.o(i.IO_Init)
    i.IO_Transfer                            0x00001bf4   Section        0  fsl_io.o(i.IO_Transfer)
    i.LOG_Init                               0x00001c38   Section        0  fsl_log.o(i.LOG_Init)
    i.LOG_Pop                                0x00001c5c   Section        0  fsl_log.o(i.LOG_Pop)
    i.LOG_Push                               0x00001c7e   Section        0  fsl_log.o(i.LOG_Push)
    i.LPUART1_DriverIRQHandler               0x00001c90   Section        0  fsl_lpuart.o(i.LPUART1_DriverIRQHandler)
    i.LPUART2_DriverIRQHandler               0x00001cac   Section        0  fsl_lpuart.o(i.LPUART2_DriverIRQHandler)
    i.LPUART3_DriverIRQHandler               0x00001cc8   Section        0  fsl_lpuart.o(i.LPUART3_DriverIRQHandler)
    i.LPUART4_DriverIRQHandler               0x00001ce4   Section        0  fsl_lpuart.o(i.LPUART4_DriverIRQHandler)
    i.LPUART5_DriverIRQHandler               0x00001d00   Section        0  fsl_lpuart.o(i.LPUART5_DriverIRQHandler)
    i.LPUART6_DriverIRQHandler               0x00001d1c   Section        0  fsl_lpuart.o(i.LPUART6_DriverIRQHandler)
    i.LPUART7_DriverIRQHandler               0x00001d38   Section        0  fsl_lpuart.o(i.LPUART7_DriverIRQHandler)
    i.LPUART8_DriverIRQHandler               0x00001d54   Section        0  fsl_lpuart.o(i.LPUART8_DriverIRQHandler)
    i.LPUART_ClearStatusFlags                0x00001d70   Section        0  fsl_lpuart.o(i.LPUART_ClearStatusFlags)
    i.LPUART_GetDefaultConfig                0x00001dc8   Section        0  fsl_lpuart.o(i.LPUART_GetDefaultConfig)
    i.LPUART_GetInstance                     0x00001df4   Section        0  fsl_lpuart.o(i.LPUART_GetInstance)
    i.LPUART_GetStatusFlags                  0x00001e14   Section        0  fsl_lpuart.o(i.LPUART_GetStatusFlags)
    i.LPUART_Init                            0x00001e24   Section        0  fsl_lpuart.o(i.LPUART_Init)
    i.LPUART_ReadBlocking                    0x00002014   Section        0  fsl_lpuart.o(i.LPUART_ReadBlocking)
    i.LPUART_WriteBlocking                   0x000020d0   Section        0  fsl_lpuart.o(i.LPUART_WriteBlocking)
    i.SCB_DisableDCache                      0x000020f0   Section        0  board.o(i.SCB_DisableDCache)
    SCB_DisableDCache                        0x000020f1   Thumb Code   150  board.o(i.SCB_DisableDCache)
    i.SCB_EnableDCache                       0x00002190   Section        0  board.o(i.SCB_EnableDCache)
    SCB_EnableDCache                         0x00002191   Thumb Code   148  board.o(i.SCB_EnableDCache)
    i.SCB_EnableICache                       0x0000222c   Section        0  board.o(i.SCB_EnableICache)
    SCB_EnableICache                         0x0000222d   Thumb Code   116  board.o(i.SCB_EnableICache)
    i.StrFormatPrintf                        0x000022a8   Section        0  fsl_str.o(i.StrFormatPrintf)
    i.__ARM_fpclassify                       0x000028d0   Section        0  fpclassify.o(i.__ARM_fpclassify)
    i.__hardfp_modf                          0x00002900   Section        0  modf.o(i.__hardfp_modf)
    i.__hardfp_pow                           0x000029c0   Section        0  pow.o(i.__hardfp_pow)
    i.__kernel_poly                          0x00003298   Section        0  poly.o(i.__kernel_poly)
    i.__mathlib_dbl_divzero                  0x00003308   Section        0  dunder.o(i.__mathlib_dbl_divzero)
    i.__mathlib_dbl_infnan2                  0x00003328   Section        0  dunder.o(i.__mathlib_dbl_infnan2)
    i.__mathlib_dbl_invalid                  0x00003330   Section        0  dunder.o(i.__mathlib_dbl_invalid)
    i.__mathlib_dbl_overflow                 0x00003348   Section        0  dunder.o(i.__mathlib_dbl_overflow)
    i.__mathlib_dbl_underflow                0x00003360   Section        0  dunder.o(i.__mathlib_dbl_underflow)
    i.__set_errno                            0x00003378   Section        0  errno.o(i.__set_errno)
    i.delay                                  0x00003384   Section        0  main_imxrt1052.o(i.delay)
    delay                                    0x00003385   Thumb Code    26  main_imxrt1052.o(i.delay)
    i.fabs                                   0x0000339e   Section        0  fabs.o(i.fabs)
    i.main                                   0x000033b8   Section        0  main_imxrt1052.o(i.main)
    i.sqrt                                   0x000035fc   Section        0  sqrt.o(i.sqrt)
    .constdata                               0x00003668   Section       16  fsl_clock.o(.constdata)
    .constdata                               0x00003678   Section       48  fsl_gpio.o(.constdata)
    s_gpioBases                              0x00003678   Data          24  fsl_gpio.o(.constdata)
    s_gpioClock                              0x00003690   Data          24  fsl_gpio.o(.constdata)
    .constdata                               0x000036a8   Section      108  fsl_lpuart.o(.constdata)
    s_lpuartBases                            0x000036a8   Data          36  fsl_lpuart.o(.constdata)
    s_lpuartIRQ                              0x000036cc   Data          36  fsl_lpuart.o(.constdata)
    s_lpuartClock                            0x000036f0   Data          36  fsl_lpuart.o(.constdata)
    .constdata                               0x00003714   Section       26  clock_config.o(.constdata)
    .constdata                               0x00003730   Section      136  pow.o(.constdata)
    bp                                       0x00003730   Data          16  pow.o(.constdata)
    dp_h                                     0x00003740   Data          16  pow.o(.constdata)
    dp_l                                     0x00003750   Data          16  pow.o(.constdata)
    L                                        0x00003760   Data          48  pow.o(.constdata)
    P                                        0x00003790   Data          40  pow.o(.constdata)
    .constdata                               0x000037b8   Section        8  qnan.o(.constdata)
    .data                                    0x20000000   Section        4  system_mimxrt1052.o(.data)
    .data                                    0x20000004   Section        8  fsl_clock.o(.data)
    .data                                    0x2000000c   Section        4  fsl_flexspi.o(.data)
    s_flexspiHandle                          0x2000000c   Data           4  fsl_flexspi.o(.data)
    .data                                    0x20000010   Section        4  fsl_lpuart.o(.data)
    s_lpuartIsr                              0x20000010   Data           4  fsl_lpuart.o(.data)
    .data                                    0x20000014   Section        8  fsl_io.o(.data)
    s_debugConsoleIO                         0x20000014   Data           8  fsl_io.o(.data)
    .data                                    0x2000001c   Section        4  errno.o(.data)
    _errno                                   0x2000001c   Data           4  errno.o(.data)
    .bss                                     0x20000020   Section       36  fsl_lpuart.o(.bss)
    s_lpuartHandle                           0x20000020   Data          36  fsl_lpuart.o(.bss)
    .boot_hdr.conf                           0x60000000   Section      512  uavrs_v2_flexspi_nor_flash.o(.boot_hdr.conf)
    .boot_hdr.ivt                            0x60001000   Section       32  fsl_flexspi_nor_boot.o(.boot_hdr.ivt)
    .boot_hdr.boot_data                      0x60001020   Section       16  fsl_flexspi_nor_boot.o(.boot_hdr.boot_data)
    .boot_hdr.dcd_data                       0x60001030   Section     1072  uavrs_v2_sdram_ini_dcd.o(.boot_hdr.dcd_data)
    RESET                                    0x60002000   Section     1024  startup_mimxrt1052.o(RESET)
    .ARM.Collect$$$$00000000                 0x60002400   Section        0  entry.o(.ARM.Collect$$$$00000000)
    .ARM.Collect$$$$00000003                 0x60002400   Section        4  entry4.o(.ARM.Collect$$$$00000003)
    .ARM.Collect$$$$00000004                 0x60002404   Section        4  entry5.o(.ARM.Collect$$$$00000004)
    .ARM.Collect$$$$00000008                 0x60002408   Section        0  entry7b.o(.ARM.Collect$$$$00000008)
    .ARM.Collect$$$$0000000A                 0x60002408   Section        0  entry8b.o(.ARM.Collect$$$$0000000A)
    .ARM.Collect$$$$0000000B                 0x60002408   Section        8  entry9a.o(.ARM.Collect$$$$0000000B)
    .ARM.Collect$$$$0000000D                 0x60002410   Section        0  entry10a.o(.ARM.Collect$$$$0000000D)
    .ARM.Collect$$$$0000000F                 0x60002410   Section        0  entry11a.o(.ARM.Collect$$$$0000000F)
    .ARM.Collect$$$$00002714                 0x60002410   Section        4  entry4.o(.ARM.Collect$$$$00002714)
    __lit__00000000                          0x60002410   Data           4  entry4.o(.ARM.Collect$$$$00002714)
    .text                                    0x60002414   Section      444  startup_mimxrt1052.o(.text)
    $v0                                      0x60002414   Number         0  startup_mimxrt1052.o(.text)
    .text                                    0x600025d0   Section       36  init.o(.text)
    i.SCB_EnableDCache                       0x600025f4   Section        0  system_mimxrt1052.o(i.SCB_EnableDCache)
    SCB_EnableDCache                         0x600025f5   Thumb Code   148  system_mimxrt1052.o(i.SCB_EnableDCache)
    i.SCB_EnableICache                       0x60002690   Section        0  system_mimxrt1052.o(i.SCB_EnableICache)
    SCB_EnableICache                         0x60002691   Thumb Code   116  system_mimxrt1052.o(i.SCB_EnableICache)
    i.SystemInit                             0x6000270c   Section        0  system_mimxrt1052.o(i.SystemInit)
    i.SystemInitHook                         0x600027d8   Section        0  system_mimxrt1052.o(i.SystemInitHook)
    i.__scatterload_copy                     0x600027da   Section       14  handlers.o(i.__scatterload_copy)
    i.__scatterload_null                     0x600027e8   Section        2  handlers.o(i.__scatterload_null)
    i.__scatterload_zeroinit                 0x600027ea   Section       14  handlers.o(i.__scatterload_zeroinit)

    Global Symbols

    Symbol Name                              Value     Ov Type        Size  Object(Section)

    BuildAttributes$$THM_ISAv4$E$P$D$K$B$S$7EM$VFPv5_D16$PE$PLD8$A:L22UL41UL21$X:L11$S22US41US21$IEEE1$IW$USESV6$~STKCKD$USESV7$ENUMINT$~SHL$OTIME$ROPI$IEEEX$EBA8$MICROLIB$REQ8$PRES8$EABIv2 0x00000000   Number         0  anon$$obj.o ABSOLUTE
    Image$$VECTOR_RAM$$Base                  0x00000000   Number         0  anon$$obj.o ABSOLUTE
    __ARM_use_no_argv                        0x00000000   Number         0  main_imxrt1052.o ABSOLUTE
    __cpp_initialize__aeabi_                  - Undefined Weak Reference
    __cxa_finalize                            - Undefined Weak Reference
    __decompress                              - Undefined Weak Reference
    _clock_init                               - Undefined Weak Reference
    _microlib_exit                            - Undefined Weak Reference
    Image$$ER_m_ram_text$$Base               0x00000400   Number         0  anon$$obj.o ABSOLUTE
    __Vectors_Size                           0x00000400   Number         0  startup_mimxrt1052.o ABSOLUTE
    __aeabi_uldivmod                         0x00000401   Thumb Code    98  uldiv.o(.text)
    __aeabi_ldivmod                          0x00000463   Thumb Code    98  ldiv.o(.text)
    __aeabi_memset                           0x000004c5   Thumb Code    14  memseta.o(.text)
    __aeabi_memset4                          0x000004c5   Thumb Code     0  memseta.o(.text)
    __aeabi_memset8                          0x000004c5   Thumb Code     0  memseta.o(.text)
    __aeabi_memclr                           0x000004d3   Thumb Code     4  memseta.o(.text)
    __aeabi_memclr4                          0x000004d3   Thumb Code     0  memseta.o(.text)
    __aeabi_memclr8                          0x000004d3   Thumb Code     0  memseta.o(.text)
    _memset$wrapper                          0x000004d7   Thumb Code    18  memseta.o(.text)
    strlen                                   0x000004e9   Thumb Code    14  strlen.o(.text)
    __aeabi_l2d                              0x000004f7   Thumb Code    40  dfltl.o(.text)
    __aeabi_d2lz                             0x0000051f   Thumb Code    74  dfixl.o(.text)
    __aeabi_llsl                             0x00000569   Thumb Code    30  llshl.o(.text)
    _ll_shift_l                              0x00000569   Thumb Code     0  llshl.o(.text)
    __aeabi_llsr                             0x00000587   Thumb Code    32  llushr.o(.text)
    _ll_ushift_r                             0x00000587   Thumb Code     0  llushr.o(.text)
    __I$use$fp                               0x000005a7   Thumb Code     0  iusefp.o(.text)
    _double_round                            0x000005a7   Thumb Code    30  depilogue.o(.text)
    _double_epilogue                         0x000005c5   Thumb Code   156  depilogue.o(.text)
    __ARM_scalbn                             0x00000661   Thumb Code    46  dscalb.o(.text)
    scalbn                                   0x00000661   Thumb Code     0  dscalb.o(.text)
    BOARD_BootClockRUN                       0x00000691   Thumb Code   598  clock_config.o(i.BOARD_BootClockRUN)
    BOARD_ConfigMPU                          0x00000985   Thumb Code   398  board.o(i.BOARD_ConfigMPU)
    BOARD_DebugConsoleSrcFreq                0x00000b41   Thumb Code    92  board.o(i.BOARD_DebugConsoleSrcFreq)
    BOARD_InitDebugConsole                   0x00000bb9   Thumb Code    24  board.o(i.BOARD_InitDebugConsole)
    BOARD_InitPins                           0x00000bd5   Thumb Code   134  pin_mux.o(i.BOARD_InitPins)
    BOARD_LedConfig                          0x00000c69   Thumb Code    68  main_imxrt1052.o(i.BOARD_LedConfig)
    BOARD_PowerConfig                        0x00000cb9   Thumb Code    72  main_imxrt1052.o(i.BOARD_PowerConfig)
    CLOCK_GetFreq                            0x00000d4d   Thumb Code   344  fsl_clock.o(i.CLOCK_GetFreq)
    CLOCK_GetPllFreq                         0x00000fa9   Thumb Code   530  fsl_clock.o(i.CLOCK_GetPllFreq)
    CLOCK_GetSysPfdFreq                      0x000011d5   Thumb Code   100  fsl_clock.o(i.CLOCK_GetSysPfdFreq)
    CLOCK_GetUsb1PfdFreq                     0x00001241   Thumb Code   100  fsl_clock.o(i.CLOCK_GetUsb1PfdFreq)
    CLOCK_InitArmPll                         0x000012ad   Thumb Code    82  fsl_clock.o(i.CLOCK_InitArmPll)
    CLOCK_InitSysPll                         0x00001305   Thumb Code    82  fsl_clock.o(i.CLOCK_InitSysPll)
    CopyAllTextToITCM                        0x000016f7   Thumb Code     2  board.o(i.CopyAllTextToITCM)
    CopyAndUseRAMVectorTable                 0x000016f9   Thumb Code    78  board.o(i.CopyAndUseRAMVectorTable)
    DbgConsole_Init                          0x00001759   Thumb Code    28  fsl_debug_console.o(i.DbgConsole_Init)
    DbgConsole_Printf                        0x00001775   Thumb Code    60  fsl_debug_console.o(i.DbgConsole_Printf)
    FLEXSPI_CheckAndClearError               0x000017f3   Thumb Code    86  fsl_flexspi.o(i.FLEXSPI_CheckAndClearError)
    FLEXSPI_DriverIRQHandler                 0x00001849   Thumb Code    14  fsl_flexspi.o(i.FLEXSPI_DriverIRQHandler)
    FLEXSPI_TransferAbort                    0x00001861   Thumb Code    18  fsl_flexspi.o(i.FLEXSPI_TransferAbort)
    FLEXSPI_TransferHandleIRQ                0x00001873   Thumb Code   362  fsl_flexspi.o(i.FLEXSPI_TransferHandleIRQ)
    GPIO_PinInit                             0x000019fd   Thumb Code   132  fsl_gpio.o(i.GPIO_PinInit)
    GPIO_PinSetInterruptConfig               0x00001a89   Thumb Code   138  fsl_gpio.o(i.GPIO_PinSetInterruptConfig)
    GPIO_PinWrite                            0x00001b13   Thumb Code    28  fsl_gpio.o(i.GPIO_PinWrite)
    IO_Init                                  0x00001b7d   Thumb Code   116  fsl_io.o(i.IO_Init)
    IO_Transfer                              0x00001bf5   Thumb Code    64  fsl_io.o(i.IO_Transfer)
    LOG_Init                                 0x00001c39   Thumb Code    36  fsl_log.o(i.LOG_Init)
    LOG_Pop                                  0x00001c5d   Thumb Code    34  fsl_log.o(i.LOG_Pop)
    LOG_Push                                 0x00001c7f   Thumb Code    16  fsl_log.o(i.LOG_Push)
    LPUART1_DriverIRQHandler                 0x00001c91   Thumb Code    16  fsl_lpuart.o(i.LPUART1_DriverIRQHandler)
    LPUART2_DriverIRQHandler                 0x00001cad   Thumb Code    16  fsl_lpuart.o(i.LPUART2_DriverIRQHandler)
    LPUART3_DriverIRQHandler                 0x00001cc9   Thumb Code    16  fsl_lpuart.o(i.LPUART3_DriverIRQHandler)
    LPUART4_DriverIRQHandler                 0x00001ce5   Thumb Code    16  fsl_lpuart.o(i.LPUART4_DriverIRQHandler)
    LPUART5_DriverIRQHandler                 0x00001d01   Thumb Code    16  fsl_lpuart.o(i.LPUART5_DriverIRQHandler)
    LPUART6_DriverIRQHandler                 0x00001d1d   Thumb Code    16  fsl_lpuart.o(i.LPUART6_DriverIRQHandler)
    LPUART7_DriverIRQHandler                 0x00001d39   Thumb Code    16  fsl_lpuart.o(i.LPUART7_DriverIRQHandler)
    LPUART8_DriverIRQHandler                 0x00001d55   Thumb Code    16  fsl_lpuart.o(i.LPUART8_DriverIRQHandler)
    LPUART_ClearStatusFlags                  0x00001d71   Thumb Code    82  fsl_lpuart.o(i.LPUART_ClearStatusFlags)
    LPUART_GetDefaultConfig                  0x00001dc9   Thumb Code    42  fsl_lpuart.o(i.LPUART_GetDefaultConfig)
    LPUART_GetInstance                       0x00001df5   Thumb Code    28  fsl_lpuart.o(i.LPUART_GetInstance)
    LPUART_GetStatusFlags                    0x00001e15   Thumb Code    16  fsl_lpuart.o(i.LPUART_GetStatusFlags)
    LPUART_Init                              0x00001e25   Thumb Code   486  fsl_lpuart.o(i.LPUART_Init)
    LPUART_ReadBlocking                      0x00002015   Thumb Code   188  fsl_lpuart.o(i.LPUART_ReadBlocking)
    LPUART_WriteBlocking                     0x000020d1   Thumb Code    32  fsl_lpuart.o(i.LPUART_WriteBlocking)
    StrFormatPrintf                          0x000022a9   Thumb Code  1576  fsl_str.o(i.StrFormatPrintf)
    __ARM_fpclassify                         0x000028d1   Thumb Code    48  fpclassify.o(i.__ARM_fpclassify)
    __hardfp_modf                            0x00002901   Thumb Code   186  modf.o(i.__hardfp_modf)
    __hardfp_pow                             0x000029c1   Thumb Code  2116  pow.o(i.__hardfp_pow)
    __kernel_poly                            0x00003299   Thumb Code   112  poly.o(i.__kernel_poly)
    __mathlib_dbl_divzero                    0x00003309   Thumb Code    14  dunder.o(i.__mathlib_dbl_divzero)
    __mathlib_dbl_infnan2                    0x00003329   Thumb Code     6  dunder.o(i.__mathlib_dbl_infnan2)
    __mathlib_dbl_invalid                    0x00003331   Thumb Code    10  dunder.o(i.__mathlib_dbl_invalid)
    __mathlib_dbl_overflow                   0x00003349   Thumb Code    10  dunder.o(i.__mathlib_dbl_overflow)
    __mathlib_dbl_underflow                  0x00003361   Thumb Code    10  dunder.o(i.__mathlib_dbl_underflow)
    __set_errno                              0x00003379   Thumb Code     6  errno.o(i.__set_errno)
    fabs                                     0x0000339f   Thumb Code    24  fabs.o(i.fabs)
    main                                     0x000033b9   Thumb Code   214  main_imxrt1052.o(i.main)
    sqrt                                     0x000035fd   Thumb Code   106  sqrt.o(i.sqrt)
    armPllConfig_BOARD_BootClockRUN          0x00003714   Data           8  clock_config.o(.constdata)
    sysPllConfig_BOARD_BootClockRUN          0x0000371c   Data          16  clock_config.o(.constdata)
    usb1PllConfig_BOARD_BootClockRUN         0x0000372c   Data           2  clock_config.o(.constdata)
    __mathlib_zero                           0x000037b8   Data           8  qnan.o(.constdata)
    SystemCoreClock                          0x20000000   Data           4  system_mimxrt1052.o(.data)
    g_xtalFreq                               0x20000004   Data           4  fsl_clock.o(.data)
    g_rtcXtalFreq                            0x20000008   Data           4  fsl_clock.o(.data)
    Image$$ARM_LIB_HEAP$$ZI$$Base            0x20000044   Number         0  anon$$obj.o ABSOLUTE
    Image$$ARM_LIB_HEAP$$ZI$$Limit           0x20000444   Number         0  anon$$obj.o ABSOLUTE
    Image$$ARM_LIB_STACK$$ZI$$Limit          0x20020000   Number         0  anon$$obj.o ABSOLUTE
    Image$$RW_m_config_text$$Base            0x60000000   Number         0  anon$$obj.o ABSOLUTE
    g_flash_config                           0x60000000   Data         512  uavrs_v2_flexspi_nor_flash.o(.boot_hdr.conf)
    image_vector_table                       0x60001000   Data          32  fsl_flexspi_nor_boot.o(.boot_hdr.ivt)
    boot_data                                0x60001020   Data          16  fsl_flexspi_nor_boot.o(.boot_hdr.boot_data)
    dcd_data                                 0x60001030   Data        1072  uavrs_v2_sdram_ini_dcd.o(.boot_hdr.dcd_data)
    Image$$VECTOR_ROM$$Base                  0x60002000   Number         0  anon$$obj.o ABSOLUTE
    __Vectors                                0x60002000   Data           4  startup_mimxrt1052.o(RESET)
    __Vectors_End                            0x60002400   Data           0  startup_mimxrt1052.o(RESET)
    __main                                   0x60002401   Thumb Code     0  entry.o(.ARM.Collect$$$$00000000)
    _main_stk                                0x60002401   Thumb Code     0  entry4.o(.ARM.Collect$$$$00000003)
    _main_scatterload                        0x60002405   Thumb Code     0  entry5.o(.ARM.Collect$$$$00000004)
    __main_after_scatterload                 0x60002409   Thumb Code     0  entry5.o(.ARM.Collect$$$$00000004)
    _main_clock                              0x60002409   Thumb Code     0  entry7b.o(.ARM.Collect$$$$00000008)
    _main_cpp_init                           0x60002409   Thumb Code     0  entry8b.o(.ARM.Collect$$$$0000000A)
    _main_init                               0x60002409   Thumb Code     0  entry9a.o(.ARM.Collect$$$$0000000B)
    __rt_final_cpp                           0x60002411   Thumb Code     0  entry10a.o(.ARM.Collect$$$$0000000D)
    __rt_final_exit                          0x60002411   Thumb Code     0  entry11a.o(.ARM.Collect$$$$0000000F)
    Reset_Handler                            0x60002415   Thumb Code    24  startup_mimxrt1052.o(.text)
    NMI_Handler                              0x6000242d   Thumb Code     2  startup_mimxrt1052.o(.text)
    HardFault_Handler                        0x6000242f   Thumb Code     2  startup_mimxrt1052.o(.text)
    MemManage_Handler                        0x60002431   Thumb Code     2  startup_mimxrt1052.o(.text)
    BusFault_Handler                         0x60002433   Thumb Code     2  startup_mimxrt1052.o(.text)
    UsageFault_Handler                       0x60002435   Thumb Code     2  startup_mimxrt1052.o(.text)
    SVC_Handler                              0x60002437   Thumb Code     2  startup_mimxrt1052.o(.text)
    DebugMon_Handler                         0x60002439   Thumb Code     2  startup_mimxrt1052.o(.text)
    PendSV_Handler                           0x6000243b   Thumb Code     2  startup_mimxrt1052.o(.text)
    SysTick_Handler                          0x6000243d   Thumb Code     2  startup_mimxrt1052.o(.text)
    DMA0_DMA16_IRQHandler                    0x6000243f   Thumb Code     4  startup_mimxrt1052.o(.text)
    DMA1_DMA17_IRQHandler                    0x60002443   Thumb Code     4  startup_mimxrt1052.o(.text)
    DMA2_DMA18_IRQHandler                    0x60002447   Thumb Code     4  startup_mimxrt1052.o(.text)
    DMA3_DMA19_IRQHandler                    0x6000244b   Thumb Code     4  startup_mimxrt1052.o(.text)
    DMA4_DMA20_IRQHandler                    0x6000244f   Thumb Code     4  startup_mimxrt1052.o(.text)
    DMA5_DMA21_IRQHandler                    0x60002453   Thumb Code     4  startup_mimxrt1052.o(.text)
    DMA6_DMA22_IRQHandler                    0x60002457   Thumb Code     4  startup_mimxrt1052.o(.text)
    DMA7_DMA23_IRQHandler                    0x6000245b   Thumb Code     4  startup_mimxrt1052.o(.text)
    DMA8_DMA24_IRQHandler                    0x6000245f   Thumb Code     4  startup_mimxrt1052.o(.text)
    DMA9_DMA25_IRQHandler                    0x60002463   Thumb Code     4  startup_mimxrt1052.o(.text)
    DMA10_DMA26_IRQHandler                   0x60002467   Thumb Code     4  startup_mimxrt1052.o(.text)
    DMA11_DMA27_IRQHandler                   0x6000246b   Thumb Code     4  startup_mimxrt1052.o(.text)
    DMA12_DMA28_IRQHandler                   0x6000246f   Thumb Code     4  startup_mimxrt1052.o(.text)
    DMA13_DMA29_IRQHandler                   0x60002473   Thumb Code     4  startup_mimxrt1052.o(.text)
    DMA14_DMA30_IRQHandler                   0x60002477   Thumb Code     4  startup_mimxrt1052.o(.text)
    DMA15_DMA31_IRQHandler                   0x6000247b   Thumb Code     4  startup_mimxrt1052.o(.text)
    DMA_ERROR_IRQHandler                     0x6000247f   Thumb Code     4  startup_mimxrt1052.o(.text)
    LPUART1_IRQHandler                       0x60002483   Thumb Code     4  startup_mimxrt1052.o(.text)
    LPUART2_IRQHandler                       0x60002487   Thumb Code     4  startup_mimxrt1052.o(.text)
    LPUART3_IRQHandler                       0x6000248b   Thumb Code     4  startup_mimxrt1052.o(.text)
    LPUART4_IRQHandler                       0x6000248f   Thumb Code     4  startup_mimxrt1052.o(.text)
    LPUART5_IRQHandler                       0x60002493   Thumb Code     4  startup_mimxrt1052.o(.text)
    LPUART6_IRQHandler                       0x60002497   Thumb Code     4  startup_mimxrt1052.o(.text)
    LPUART7_IRQHandler                       0x6000249b   Thumb Code     4  startup_mimxrt1052.o(.text)
    LPUART8_IRQHandler                       0x6000249f   Thumb Code     4  startup_mimxrt1052.o(.text)
    LPI2C1_IRQHandler                        0x600024a3   Thumb Code     4  startup_mimxrt1052.o(.text)
    LPI2C2_IRQHandler                        0x600024a7   Thumb Code     4  startup_mimxrt1052.o(.text)
    LPI2C3_IRQHandler                        0x600024ab   Thumb Code     4  startup_mimxrt1052.o(.text)
    LPI2C4_IRQHandler                        0x600024af   Thumb Code     4  startup_mimxrt1052.o(.text)
    LPSPI1_IRQHandler                        0x600024b3   Thumb Code     4  startup_mimxrt1052.o(.text)
    LPSPI2_IRQHandler                        0x600024b7   Thumb Code     4  startup_mimxrt1052.o(.text)
    LPSPI3_IRQHandler                        0x600024bb   Thumb Code     4  startup_mimxrt1052.o(.text)
    LPSPI4_IRQHandler                        0x600024bf   Thumb Code     4  startup_mimxrt1052.o(.text)
    CAN1_IRQHandler                          0x600024c3   Thumb Code     4  startup_mimxrt1052.o(.text)
    CAN2_IRQHandler                          0x600024c7   Thumb Code     4  startup_mimxrt1052.o(.text)
    SAI1_IRQHandler                          0x600024cb   Thumb Code     4  startup_mimxrt1052.o(.text)
    SAI2_IRQHandler                          0x600024cf   Thumb Code     4  startup_mimxrt1052.o(.text)
    SAI3_RX_IRQHandler                       0x600024d3   Thumb Code     4  startup_mimxrt1052.o(.text)
    SAI3_TX_IRQHandler                       0x600024d7   Thumb Code     4  startup_mimxrt1052.o(.text)
    SPDIF_IRQHandler                         0x600024db   Thumb Code     4  startup_mimxrt1052.o(.text)
    FLEXIO1_IRQHandler                       0x600024df   Thumb Code     4  startup_mimxrt1052.o(.text)
    FLEXIO2_IRQHandler                       0x600024e3   Thumb Code     4  startup_mimxrt1052.o(.text)
    FLEXSPI_IRQHandler                       0x600024e7   Thumb Code     4  startup_mimxrt1052.o(.text)
    USDHC1_IRQHandler                        0x600024eb   Thumb Code     4  startup_mimxrt1052.o(.text)
    USDHC2_IRQHandler                        0x600024ef   Thumb Code     4  startup_mimxrt1052.o(.text)
    ENET_IRQHandler                          0x600024f3   Thumb Code     4  startup_mimxrt1052.o(.text)
    ENET_1588_Timer_IRQHandler               0x600024f7   Thumb Code     4  startup_mimxrt1052.o(.text)
    ACMP1_IRQHandler                         0x600024fb   Thumb Code     0  startup_mimxrt1052.o(.text)
    ACMP2_IRQHandler                         0x600024fb   Thumb Code     0  startup_mimxrt1052.o(.text)
    ACMP3_IRQHandler                         0x600024fb   Thumb Code     0  startup_mimxrt1052.o(.text)
    ACMP4_IRQHandler                         0x600024fb   Thumb Code     0  startup_mimxrt1052.o(.text)
    ADC1_IRQHandler                          0x600024fb   Thumb Code     0  startup_mimxrt1052.o(.text)
    ADC2_IRQHandler                          0x600024fb   Thumb Code     0  startup_mimxrt1052.o(.text)
    ADC_ETC_ERROR_IRQ_IRQHandler             0x600024fb   Thumb Code     0  startup_mimxrt1052.o(.text)
    ADC_ETC_IRQ0_IRQHandler                  0x600024fb   Thumb Code     0  startup_mimxrt1052.o(.text)
    ADC_ETC_IRQ1_IRQHandler                  0x600024fb   Thumb Code     0  startup_mimxrt1052.o(.text)
    ADC_ETC_IRQ2_IRQHandler                  0x600024fb   Thumb Code     0  startup_mimxrt1052.o(.text)
    ANATOP_EVENT0_IRQHandler                 0x600024fb   Thumb Code     0  startup_mimxrt1052.o(.text)
    ANATOP_EVENT1_IRQHandler                 0x600024fb   Thumb Code     0  startup_mimxrt1052.o(.text)
    ANATOP_TAMP_LOW_HIGH_IRQHandler          0x600024fb   Thumb Code     0  startup_mimxrt1052.o(.text)
    ANATOP_TEMP_PANIC_IRQHandler             0x600024fb   Thumb Code     0  startup_mimxrt1052.o(.text)
    BEE_IRQHandler                           0x600024fb   Thumb Code     0  startup_mimxrt1052.o(.text)
    CAN1_DriverIRQHandler                    0x600024fb   Thumb Code     0  startup_mimxrt1052.o(.text)
    CAN2_DriverIRQHandler                    0x600024fb   Thumb Code     0  startup_mimxrt1052.o(.text)
    CCM_1_IRQHandler                         0x600024fb   Thumb Code     0  startup_mimxrt1052.o(.text)
    CCM_2_IRQHandler                         0x600024fb   Thumb Code     0  startup_mimxrt1052.o(.text)
    CORE_IRQHandler                          0x600024fb   Thumb Code     0  startup_mimxrt1052.o(.text)
    CSI_IRQHandler                           0x600024fb   Thumb Code     0  startup_mimxrt1052.o(.text)
    CSU_IRQHandler                           0x600024fb   Thumb Code     0  startup_mimxrt1052.o(.text)
    CTI0_ERROR_IRQHandler                    0x600024fb   Thumb Code     0  startup_mimxrt1052.o(.text)
    CTI1_ERROR_IRQHandler                    0x600024fb   Thumb Code     0  startup_mimxrt1052.o(.text)
    DCDC_IRQHandler                          0x600024fb   Thumb Code     0  startup_mimxrt1052.o(.text)
    DCP_IRQHandler                           0x600024fb   Thumb Code     0  startup_mimxrt1052.o(.text)
    DCP_VMI_IRQHandler                       0x600024fb   Thumb Code     0  startup_mimxrt1052.o(.text)
    DMA0_DMA16_DriverIRQHandler              0x600024fb   Thumb Code     0  startup_mimxrt1052.o(.text)
    DMA10_DMA26_DriverIRQHandler             0x600024fb   Thumb Code     0  startup_mimxrt1052.o(.text)
    DMA11_DMA27_DriverIRQHandler             0x600024fb   Thumb Code     0  startup_mimxrt1052.o(.text)
    DMA12_DMA28_DriverIRQHandler             0x600024fb   Thumb Code     0  startup_mimxrt1052.o(.text)
    DMA13_DMA29_DriverIRQHandler             0x600024fb   Thumb Code     0  startup_mimxrt1052.o(.text)
    DMA14_DMA30_DriverIRQHandler             0x600024fb   Thumb Code     0  startup_mimxrt1052.o(.text)
    DMA15_DMA31_DriverIRQHandler             0x600024fb   Thumb Code     0  startup_mimxrt1052.o(.text)
    DMA1_DMA17_DriverIRQHandler              0x600024fb   Thumb Code     0  startup_mimxrt1052.o(.text)
    DMA2_DMA18_DriverIRQHandler              0x600024fb   Thumb Code     0  startup_mimxrt1052.o(.text)
    DMA3_DMA19_DriverIRQHandler              0x600024fb   Thumb Code     0  startup_mimxrt1052.o(.text)
    DMA4_DMA20_DriverIRQHandler              0x600024fb   Thumb Code     0  startup_mimxrt1052.o(.text)
    DMA5_DMA21_DriverIRQHandler              0x600024fb   Thumb Code     0  startup_mimxrt1052.o(.text)
    DMA6_DMA22_DriverIRQHandler              0x600024fb   Thumb Code     0  startup_mimxrt1052.o(.text)
    DMA7_DMA23_DriverIRQHandler              0x600024fb   Thumb Code     0  startup_mimxrt1052.o(.text)
    DMA8_DMA24_DriverIRQHandler              0x600024fb   Thumb Code     0  startup_mimxrt1052.o(.text)
    DMA9_DMA25_DriverIRQHandler              0x600024fb   Thumb Code     0  startup_mimxrt1052.o(.text)
    DMA_ERROR_DriverIRQHandler               0x600024fb   Thumb Code     0  startup_mimxrt1052.o(.text)
    DefaultISR                               0x600024fb   Thumb Code     0  startup_mimxrt1052.o(.text)
    ENC1_IRQHandler                          0x600024fb   Thumb Code     0  startup_mimxrt1052.o(.text)
    ENC2_IRQHandler                          0x600024fb   Thumb Code     0  startup_mimxrt1052.o(.text)
    ENC3_IRQHandler                          0x600024fb   Thumb Code     0  startup_mimxrt1052.o(.text)
    ENC4_IRQHandler                          0x600024fb   Thumb Code     0  startup_mimxrt1052.o(.text)
    ENET_1588_Timer_DriverIRQHandler         0x600024fb   Thumb Code     0  startup_mimxrt1052.o(.text)
    ENET_DriverIRQHandler                    0x600024fb   Thumb Code     0  startup_mimxrt1052.o(.text)
    EWM_IRQHandler                           0x600024fb   Thumb Code     0  startup_mimxrt1052.o(.text)
    FLEXIO1_DriverIRQHandler                 0x600024fb   Thumb Code     0  startup_mimxrt1052.o(.text)
    FLEXIO2_DriverIRQHandler                 0x600024fb   Thumb Code     0  startup_mimxrt1052.o(.text)
    FLEXRAM_IRQHandler                       0x600024fb   Thumb Code     0  startup_mimxrt1052.o(.text)
    GPC_IRQHandler                           0x600024fb   Thumb Code     0  startup_mimxrt1052.o(.text)
    GPIO1_Combined_0_15_IRQHandler           0x600024fb   Thumb Code     0  startup_mimxrt1052.o(.text)
    GPIO1_Combined_16_31_IRQHandler          0x600024fb   Thumb Code     0  startup_mimxrt1052.o(.text)
    GPIO1_INT0_IRQHandler                    0x600024fb   Thumb Code     0  startup_mimxrt1052.o(.text)
    GPIO1_INT1_IRQHandler                    0x600024fb   Thumb Code     0  startup_mimxrt1052.o(.text)
    GPIO1_INT2_IRQHandler                    0x600024fb   Thumb Code     0  startup_mimxrt1052.o(.text)
    GPIO1_INT3_IRQHandler                    0x600024fb   Thumb Code     0  startup_mimxrt1052.o(.text)
    GPIO1_INT4_IRQHandler                    0x600024fb   Thumb Code     0  startup_mimxrt1052.o(.text)
    GPIO1_INT5_IRQHandler                    0x600024fb   Thumb Code     0  startup_mimxrt1052.o(.text)
    GPIO1_INT6_IRQHandler                    0x600024fb   Thumb Code     0  startup_mimxrt1052.o(.text)
    GPIO1_INT7_IRQHandler                    0x600024fb   Thumb Code     0  startup_mimxrt1052.o(.text)
    GPIO2_Combined_0_15_IRQHandler           0x600024fb   Thumb Code     0  startup_mimxrt1052.o(.text)
    GPIO2_Combined_16_31_IRQHandler          0x600024fb   Thumb Code     0  startup_mimxrt1052.o(.text)
    GPIO3_Combined_0_15_IRQHandler           0x600024fb   Thumb Code     0  startup_mimxrt1052.o(.text)
    GPIO3_Combined_16_31_IRQHandler          0x600024fb   Thumb Code     0  startup_mimxrt1052.o(.text)
    GPIO4_Combined_0_15_IRQHandler           0x600024fb   Thumb Code     0  startup_mimxrt1052.o(.text)
    GPIO4_Combined_16_31_IRQHandler          0x600024fb   Thumb Code     0  startup_mimxrt1052.o(.text)
    GPIO5_Combined_0_15_IRQHandler           0x600024fb   Thumb Code     0  startup_mimxrt1052.o(.text)
    GPIO5_Combined_16_31_IRQHandler          0x600024fb   Thumb Code     0  startup_mimxrt1052.o(.text)
    GPR_IRQ_IRQHandler                       0x600024fb   Thumb Code     0  startup_mimxrt1052.o(.text)
    GPT1_IRQHandler                          0x600024fb   Thumb Code     0  startup_mimxrt1052.o(.text)
    GPT2_IRQHandler                          0x600024fb   Thumb Code     0  startup_mimxrt1052.o(.text)
    KPP_IRQHandler                           0x600024fb   Thumb Code     0  startup_mimxrt1052.o(.text)
    LCDIF_IRQHandler                         0x600024fb   Thumb Code     0  startup_mimxrt1052.o(.text)
    LPI2C1_DriverIRQHandler                  0x600024fb   Thumb Code     0  startup_mimxrt1052.o(.text)
    LPI2C2_DriverIRQHandler                  0x600024fb   Thumb Code     0  startup_mimxrt1052.o(.text)
    LPI2C3_DriverIRQHandler                  0x600024fb   Thumb Code     0  startup_mimxrt1052.o(.text)
    LPI2C4_DriverIRQHandler                  0x600024fb   Thumb Code     0  startup_mimxrt1052.o(.text)
    LPSPI1_DriverIRQHandler                  0x600024fb   Thumb Code     0  startup_mimxrt1052.o(.text)
    LPSPI2_DriverIRQHandler                  0x600024fb   Thumb Code     0  startup_mimxrt1052.o(.text)
    LPSPI3_DriverIRQHandler                  0x600024fb   Thumb Code     0  startup_mimxrt1052.o(.text)
    LPSPI4_DriverIRQHandler                  0x600024fb   Thumb Code     0  startup_mimxrt1052.o(.text)
    NMI_WAKEUP_IRQHandler                    0x600024fb   Thumb Code     0  startup_mimxrt1052.o(.text)
    PIT_IRQHandler                           0x600024fb   Thumb Code     0  startup_mimxrt1052.o(.text)
    PWM1_0_IRQHandler                        0x600024fb   Thumb Code     0  startup_mimxrt1052.o(.text)
    PWM1_1_IRQHandler                        0x600024fb   Thumb Code     0  startup_mimxrt1052.o(.text)
    PWM1_2_IRQHandler                        0x600024fb   Thumb Code     0  startup_mimxrt1052.o(.text)
    PWM1_3_IRQHandler                        0x600024fb   Thumb Code     0  startup_mimxrt1052.o(.text)
    PWM1_FAULT_IRQHandler                    0x600024fb   Thumb Code     0  startup_mimxrt1052.o(.text)
    PWM2_0_IRQHandler                        0x600024fb   Thumb Code     0  startup_mimxrt1052.o(.text)
    PWM2_1_IRQHandler                        0x600024fb   Thumb Code     0  startup_mimxrt1052.o(.text)
    PWM2_2_IRQHandler                        0x600024fb   Thumb Code     0  startup_mimxrt1052.o(.text)
    PWM2_3_IRQHandler                        0x600024fb   Thumb Code     0  startup_mimxrt1052.o(.text)
    PWM2_FAULT_IRQHandler                    0x600024fb   Thumb Code     0  startup_mimxrt1052.o(.text)
    PWM3_0_IRQHandler                        0x600024fb   Thumb Code     0  startup_mimxrt1052.o(.text)
    PWM3_1_IRQHandler                        0x600024fb   Thumb Code     0  startup_mimxrt1052.o(.text)
    PWM3_2_IRQHandler                        0x600024fb   Thumb Code     0  startup_mimxrt1052.o(.text)
    PWM3_3_IRQHandler                        0x600024fb   Thumb Code     0  startup_mimxrt1052.o(.text)
    PWM3_FAULT_IRQHandler                    0x600024fb   Thumb Code     0  startup_mimxrt1052.o(.text)
    PWM4_0_IRQHandler                        0x600024fb   Thumb Code     0  startup_mimxrt1052.o(.text)
    PWM4_1_IRQHandler                        0x600024fb   Thumb Code     0  startup_mimxrt1052.o(.text)
    PWM4_2_IRQHandler                        0x600024fb   Thumb Code     0  startup_mimxrt1052.o(.text)
    PWM4_3_IRQHandler                        0x600024fb   Thumb Code     0  startup_mimxrt1052.o(.text)
    PWM4_FAULT_IRQHandler                    0x600024fb   Thumb Code     0  startup_mimxrt1052.o(.text)
    PXP_IRQHandler                           0x600024fb   Thumb Code     0  startup_mimxrt1052.o(.text)
    RTWDOG_IRQHandler                        0x600024fb   Thumb Code     0  startup_mimxrt1052.o(.text)
    Reserved115_IRQHandler                   0x600024fb   Thumb Code     0  startup_mimxrt1052.o(.text)
    Reserved123_IRQHandler                   0x600024fb   Thumb Code     0  startup_mimxrt1052.o(.text)
    Reserved143_IRQHandler                   0x600024fb   Thumb Code     0  startup_mimxrt1052.o(.text)
    Reserved144_IRQHandler                   0x600024fb   Thumb Code     0  startup_mimxrt1052.o(.text)
    Reserved168_IRQHandler                   0x600024fb   Thumb Code     0  startup_mimxrt1052.o(.text)
    Reserved169_IRQHandler                   0x600024fb   Thumb Code     0  startup_mimxrt1052.o(.text)
    Reserved170_IRQHandler                   0x600024fb   Thumb Code     0  startup_mimxrt1052.o(.text)
    Reserved171_IRQHandler                   0x600024fb   Thumb Code     0  startup_mimxrt1052.o(.text)
    Reserved172_IRQHandler                   0x600024fb   Thumb Code     0  startup_mimxrt1052.o(.text)
    Reserved173_IRQHandler                   0x600024fb   Thumb Code     0  startup_mimxrt1052.o(.text)
    Reserved68_IRQHandler                    0x600024fb   Thumb Code     0  startup_mimxrt1052.o(.text)
    Reserved86_IRQHandler                    0x600024fb   Thumb Code     0  startup_mimxrt1052.o(.text)
    Reserved87_IRQHandler                    0x600024fb   Thumb Code     0  startup_mimxrt1052.o(.text)
    SAI1_DriverIRQHandler                    0x600024fb   Thumb Code     0  startup_mimxrt1052.o(.text)
    SAI2_DriverIRQHandler                    0x600024fb   Thumb Code     0  startup_mimxrt1052.o(.text)
    SAI3_RX_DriverIRQHandler                 0x600024fb   Thumb Code     0  startup_mimxrt1052.o(.text)
    SAI3_TX_DriverIRQHandler                 0x600024fb   Thumb Code     0  startup_mimxrt1052.o(.text)
    SEMC_IRQHandler                          0x600024fb   Thumb Code     0  startup_mimxrt1052.o(.text)
    SJC_ARM_DEBUG_IRQHandler                 0x600024fb   Thumb Code     0  startup_mimxrt1052.o(.text)
    SJC_IRQHandler                           0x600024fb   Thumb Code     0  startup_mimxrt1052.o(.text)
    SNVS_HP_WRAPPER_IRQHandler               0x600024fb   Thumb Code     0  startup_mimxrt1052.o(.text)
    SNVS_HP_WRAPPER_TZ_IRQHandler            0x600024fb   Thumb Code     0  startup_mimxrt1052.o(.text)
    SNVS_LP_WRAPPER_IRQHandler               0x600024fb   Thumb Code     0  startup_mimxrt1052.o(.text)
    SPDIF_DriverIRQHandler                   0x600024fb   Thumb Code     0  startup_mimxrt1052.o(.text)
    SRC_IRQHandler                           0x600024fb   Thumb Code     0  startup_mimxrt1052.o(.text)
    TMR1_IRQHandler                          0x600024fb   Thumb Code     0  startup_mimxrt1052.o(.text)
    TMR2_IRQHandler                          0x600024fb   Thumb Code     0  startup_mimxrt1052.o(.text)
    TMR3_IRQHandler                          0x600024fb   Thumb Code     0  startup_mimxrt1052.o(.text)
    TMR4_IRQHandler                          0x600024fb   Thumb Code     0  startup_mimxrt1052.o(.text)
    TRNG_IRQHandler                          0x600024fb   Thumb Code     0  startup_mimxrt1052.o(.text)
    TSC_DIG_IRQHandler                       0x600024fb   Thumb Code     0  startup_mimxrt1052.o(.text)
    USB_OTG1_IRQHandler                      0x600024fb   Thumb Code     0  startup_mimxrt1052.o(.text)
    USB_OTG2_IRQHandler                      0x600024fb   Thumb Code     0  startup_mimxrt1052.o(.text)
    USB_PHY1_IRQHandler                      0x600024fb   Thumb Code     0  startup_mimxrt1052.o(.text)
    USB_PHY2_IRQHandler                      0x600024fb   Thumb Code     0  startup_mimxrt1052.o(.text)
    USDHC1_DriverIRQHandler                  0x600024fb   Thumb Code     0  startup_mimxrt1052.o(.text)
    USDHC2_DriverIRQHandler                  0x600024fb   Thumb Code     0  startup_mimxrt1052.o(.text)
    WDOG1_IRQHandler                         0x600024fb   Thumb Code     0  startup_mimxrt1052.o(.text)
    WDOG2_IRQHandler                         0x600024fb   Thumb Code     0  startup_mimxrt1052.o(.text)
    XBAR1_IRQ_0_1_IRQHandler                 0x600024fb   Thumb Code     0  startup_mimxrt1052.o(.text)
    XBAR1_IRQ_2_3_IRQHandler                 0x600024fb   Thumb Code     0  startup_mimxrt1052.o(.text)
    __scatterload                            0x600025d1   Thumb Code    28  init.o(.text)
    __scatterload_rt2                        0x600025d1   Thumb Code     0  init.o(.text)
    SystemInit                               0x6000270d   Thumb Code   182  system_mimxrt1052.o(i.SystemInit)
    SystemInitHook                           0x600027d9   Thumb Code     2  system_mimxrt1052.o(i.SystemInitHook)
    __scatterload_copy                       0x600027db   Thumb Code    14  handlers.o(i.__scatterload_copy)
    __scatterload_null                       0x600027e9   Thumb Code     2  handlers.o(i.__scatterload_null)
    __scatterload_zeroinit                   0x600027eb   Thumb Code    14  handlers.o(i.__scatterload_zeroinit)
    Region$$Table$$Base                      0x600027f8   Number         0  anon$$obj.o(Region$$Table)
    Region$$Table$$Limit                     0x60002828   Number         0  anon$$obj.o(Region$$Table)



==============================================================================

Memory Map of the image

  Image Entry point : 0x60002401

  Load Region LR_m_rom_config (Base: 0x60000000, Size: 0x00000200, Max: 0x00001000, ABSOLUTE)

    Execution Region RW_m_config_text (Base: 0x60000000, Size: 0x00000200, Max: 0x00001000, ABSOLUTE)

    Base Addr    Size         Type   Attr      Idx    E Section Name        Object

    0x60000000   0x00000200   Data   RO         1498    .boot_hdr.conf      uavrs_v2_flexspi_nor_flash.o



  Load Region LR_m_rom_ivt (Base: 0x60001000, Size: 0x00000460, Max: 0x00001000, ABSOLUTE)

    Execution Region RW_m_ivt_text (Base: 0x60001000, Size: 0x00000460, Max: 0x00001000, ABSOLUTE)

    Base Addr    Size         Type   Attr      Idx    E Section Name        Object

    0x60001000   0x00000020   Data   RO         1466    .boot_hdr.ivt       fsl_flexspi_nor_boot.o
    0x60001020   0x00000010   Data   RO         1465    .boot_hdr.boot_data  fsl_flexspi_nor_boot.o
    0x60001030   0x00000430   Data   RO         1519    .boot_hdr.dcd_data  uavrs_v2_sdram_ini_dcd.o



  Load Region LR_m_text (Base: 0x60002000, Size: 0x00003c08, Max: 0x63fffc00, ABSOLUTE)

    Execution Region VECTOR_RAM (Base: 0x00000000, Size: 0x00000400, Max: 0x00000400, ABSOLUTE)

    Base Addr    Size         Type   Attr      Idx    E Section Name        Object

    0x00000000   0x00000400   Zero   RW            1    VECTOR_RAM.bss      anon$$obj.o


    Execution Region ER_m_ram_text (Base: 0x00000400, Size: 0x000033c0, Max: 0x0001fc00, ABSOLUTE)

    Base Addr    Size         Type   Attr      Idx    E Section Name        Object

    0x00000400   0x00000062   Code   RO         1723    .text               mc_w.l(uldiv.o)
    0x00000462   0x00000062   Code   RO         1725    .text               mc_w.l(ldiv.o)
    0x000004c4   0x00000024   Code   RO         1729    .text               mc_w.l(memseta.o)
    0x000004e8   0x0000000e   Code   RO         1731    .text               mc_w.l(strlen.o)
    0x000004f6   0x00000028   Code   RO         1763    .text               mf_w.l(dfltl.o)
    0x0000051e   0x0000004a   Code   RO         1765    .text               mf_w.l(dfixl.o)
    0x00000568   0x0000001e   Code   RO         1818    .text               mc_w.l(llshl.o)
    0x00000586   0x00000020   Code   RO         1820    .text               mc_w.l(llushr.o)
    0x000005a6   0x00000000   Code   RO         1837    .text               mc_w.l(iusefp.o)
    0x000005a6   0x000000ba   Code   RO         1838    .text               mf_w.l(depilogue.o)
    0x00000660   0x0000002e   Code   RO         1840    .text               mf_w.l(dscalb.o)
    0x0000068e   0x00000002   PAD
    0x00000690   0x000002f4   Code   RO         1368    i.BOARD_BootClockRUN  clock_config.o
    0x00000984   0x000001bc   Code   RO         1272    i.BOARD_ConfigMPU   board.o
    0x00000b40   0x00000078   Code   RO         1273    i.BOARD_DebugConsoleSrcFreq  board.o
    0x00000bb8   0x0000001c   Code   RO         1274    i.BOARD_InitDebugConsole  board.o
    0x00000bd4   0x00000094   Code   RO         1420    i.BOARD_InitPins    pin_mux.o
    0x00000c68   0x00000050   Code   RO         1592    i.BOARD_LedConfig   main_imxrt1052.o
    0x00000cb8   0x00000050   Code   RO         1593    i.BOARD_PowerConfig  main_imxrt1052.o
    0x00000d08   0x00000024   Code   RO          591    i.CLOCK_ControlGate  fsl_lpuart.o
    0x00000d2c   0x00000020   Code   RO         1275    i.CLOCK_GetDiv      board.o
    0x00000d4c   0x00000174   Code   RO          112    i.CLOCK_GetFreq     fsl_clock.o
    0x00000ec0   0x00000020   Code   RO          113    i.CLOCK_GetOscFreq  fsl_clock.o
    0x00000ee0   0x000000c8   Code   RO          114    i.CLOCK_GetPeriphClkFreq  fsl_clock.o
    0x00000fa8   0x0000022c   Code   RO          115    i.CLOCK_GetPllFreq  fsl_clock.o
    0x000011d4   0x0000006c   Code   RO          116    i.CLOCK_GetSysPfdFreq  fsl_clock.o
    0x00001240   0x0000006c   Code   RO          117    i.CLOCK_GetUsb1PfdFreq  fsl_clock.o
    0x000012ac   0x00000058   Code   RO          118    i.CLOCK_InitArmPll  fsl_clock.o
    0x00001304   0x00000058   Code   RO          124    i.CLOCK_InitSysPll  fsl_clock.o
    0x0000135c   0x00000050   Code   RO         1370    i.CLOCK_SetDiv      clock_config.o
    0x000013ac   0x00000050   Code   RO         1371    i.CLOCK_SetMux      clock_config.o
    0x000013fc   0x000001ae   Code   RO         1097    i.ConvertFloatRadixNumToString  fsl_str.o
    0x000015aa   0x0000014c   Code   RO         1098    i.ConvertRadixNumToString  fsl_str.o
    0x000016f6   0x00000002   Code   RO         1276    i.CopyAllTextToITCM  board.o
    0x000016f8   0x00000060   Code   RO         1277    i.CopyAndUseRAMVectorTable  board.o
    0x00001758   0x0000001c   Code   RO          859    i.DbgConsole_Init   fsl_debug_console.o
    0x00001774   0x00000040   Code   RO          860    i.DbgConsole_Printf  fsl_debug_console.o
    0x000017b4   0x0000003e   Code   RO          862    i.DbgConsole_RelocateLog  fsl_debug_console.o
    0x000017f2   0x00000056   Code   RO          385    i.FLEXSPI_CheckAndClearError  fsl_flexspi.o
    0x00001848   0x00000018   Code   RO          388    i.FLEXSPI_DriverIRQHandler  fsl_flexspi.o
    0x00001860   0x00000012   Code   RO          397    i.FLEXSPI_TransferAbort  fsl_flexspi.o
    0x00001872   0x0000016a   Code   RO          401    i.FLEXSPI_TransferHandleIRQ  fsl_flexspi.o
    0x000019dc   0x00000020   Code   RO          545    i.GPIO_GetInstance  fsl_gpio.o
    0x000019fc   0x0000008c   Code   RO          546    i.GPIO_PinInit      fsl_gpio.o
    0x00001a88   0x0000008a   Code   RO          547    i.GPIO_PinSetInterruptConfig  fsl_gpio.o
    0x00001b12   0x0000001c   Code   RO          548    i.GPIO_PinWrite     fsl_gpio.o
    0x00001b2e   0x0000000c   Code   RO         1421    i.IOMUXC_SetPinConfig  pin_mux.o
    0x00001b3a   0x0000000c   Code   RO         1594    i.IOMUXC_SetPinConfig  main_imxrt1052.o
    0x00001b46   0x0000001a   Code   RO         1422    i.IOMUXC_SetPinMux  pin_mux.o
    0x00001b60   0x0000001a   Code   RO         1595    i.IOMUXC_SetPinMux  main_imxrt1052.o
    0x00001b7a   0x00000002   PAD
    0x00001b7c   0x00000078   Code   RO         1223    i.IO_Init           fsl_io.o
    0x00001bf4   0x00000044   Code   RO         1224    i.IO_Transfer       fsl_io.o
    0x00001c38   0x00000024   Code   RO         1155    i.LOG_Init          fsl_log.o
    0x00001c5c   0x00000022   Code   RO         1156    i.LOG_Pop           fsl_log.o
    0x00001c7e   0x00000010   Code   RO         1157    i.LOG_Push          fsl_log.o
    0x00001c8e   0x00000002   PAD
    0x00001c90   0x0000001c   Code   RO          592    i.LPUART1_DriverIRQHandler  fsl_lpuart.o
    0x00001cac   0x0000001c   Code   RO          593    i.LPUART2_DriverIRQHandler  fsl_lpuart.o
    0x00001cc8   0x0000001c   Code   RO          594    i.LPUART3_DriverIRQHandler  fsl_lpuart.o
    0x00001ce4   0x0000001c   Code   RO          595    i.LPUART4_DriverIRQHandler  fsl_lpuart.o
    0x00001d00   0x0000001c   Code   RO          596    i.LPUART5_DriverIRQHandler  fsl_lpuart.o
    0x00001d1c   0x0000001c   Code   RO          597    i.LPUART6_DriverIRQHandler  fsl_lpuart.o
    0x00001d38   0x0000001c   Code   RO          598    i.LPUART7_DriverIRQHandler  fsl_lpuart.o
    0x00001d54   0x0000001c   Code   RO          599    i.LPUART8_DriverIRQHandler  fsl_lpuart.o
    0x00001d70   0x00000058   Code   RO          600    i.LPUART_ClearStatusFlags  fsl_lpuart.o
    0x00001dc8   0x0000002a   Code   RO          604    i.LPUART_GetDefaultConfig  fsl_lpuart.o
    0x00001df2   0x00000002   PAD
    0x00001df4   0x00000020   Code   RO          606    i.LPUART_GetInstance  fsl_lpuart.o
    0x00001e14   0x00000010   Code   RO          607    i.LPUART_GetStatusFlags  fsl_lpuart.o
    0x00001e24   0x000001f0   Code   RO          608    i.LPUART_Init       fsl_lpuart.o
    0x00002014   0x000000bc   Code   RO          609    i.LPUART_ReadBlocking  fsl_lpuart.o
    0x000020d0   0x00000020   Code   RO          625    i.LPUART_WriteBlocking  fsl_lpuart.o
    0x000020f0   0x000000a0   Code   RO         1278    i.SCB_DisableDCache  board.o
    0x00002190   0x0000009c   Code   RO         1279    i.SCB_EnableDCache  board.o
    0x0000222c   0x0000007c   Code   RO         1280    i.SCB_EnableICache  board.o
    0x000022a8   0x00000628   Code   RO         1100    i.StrFormatPrintf   fsl_str.o
    0x000028d0   0x00000030   Code   RO         1787    i.__ARM_fpclassify  m_wv.l(fpclassify.o)
    0x00002900   0x000000c0   Code   RO         1694    i.__hardfp_modf     m_wv.l(modf.o)
    0x000029c0   0x000008d8   Code   RO         1700    i.__hardfp_pow      m_wv.l(pow.o)
    0x00003298   0x00000070   Code   RO         1789    i.__kernel_poly     m_wv.l(poly.o)
    0x00003308   0x00000020   Code   RO         1767    i.__mathlib_dbl_divzero  m_wv.l(dunder.o)
    0x00003328   0x00000006   Code   RO         1769    i.__mathlib_dbl_infnan2  m_wv.l(dunder.o)
    0x0000332e   0x00000002   PAD
    0x00003330   0x00000018   Code   RO         1770    i.__mathlib_dbl_invalid  m_wv.l(dunder.o)
    0x00003348   0x00000018   Code   RO         1771    i.__mathlib_dbl_overflow  m_wv.l(dunder.o)
    0x00003360   0x00000018   Code   RO         1773    i.__mathlib_dbl_underflow  m_wv.l(dunder.o)
    0x00003378   0x0000000c   Code   RO         1830    i.__set_errno       mc_w.l(errno.o)
    0x00003384   0x0000001a   Code   RO         1596    i.delay             main_imxrt1052.o
    0x0000339e   0x00000018   Code   RO         1783    i.fabs              m_wv.l(fabs.o)
    0x000033b6   0x00000002   PAD
    0x000033b8   0x00000244   Code   RO         1604    i.main              main_imxrt1052.o
    0x000035fc   0x0000006a   Code   RO         1794    i.sqrt              m_wv.l(sqrt.o)
    0x00003666   0x00000002   PAD
    0x00003668   0x00000010   Data   RO          130    .constdata          fsl_clock.o
    0x00003678   0x00000030   Data   RO          549    .constdata          fsl_gpio.o
    0x000036a8   0x0000006c   Data   RO          628    .constdata          fsl_lpuart.o
    0x00003714   0x0000001a   Data   RO         1372    .constdata          clock_config.o
    0x0000372e   0x00000002   PAD
    0x00003730   0x00000088   Data   RO         1703    .constdata          m_wv.l(pow.o)
    0x000037b8   0x00000008   Data   RO         1791    .constdata          m_wv.l(qnan.o)


    Execution Region RW_m_data (Base: 0x20000000, Size: 0x00000044, Max: 0x0001f800, ABSOLUTE)

    Base Addr    Size         Type   Attr      Idx    E Section Name        Object

    0x20000000   0x00000004   Data   RW           19    .data               system_mimxrt1052.o
    0x20000004   0x00000008   Data   RW          131    .data               fsl_clock.o
    0x2000000c   0x00000004   Data   RW          406    .data               fsl_flexspi.o
    0x20000010   0x00000004   Data   RW          629    .data               fsl_lpuart.o
    0x20000014   0x00000008   Data   RW         1226    .data               fsl_io.o
    0x2000001c   0x00000004   Data   RW         1831    .data               mc_w.l(errno.o)
    0x20000020   0x00000024   Zero   RW          627    .bss                fsl_lpuart.o


    Execution Region ARM_LIB_HEAP (Base: 0x20000044, Size: 0x00000400, Max: 0x00000400, ABSOLUTE)

    Base Addr    Size         Type   Attr      Idx    E Section Name        Object

    0x20000044   0x00000400   Zero   RW            2    ARM_LIB_HEAP.bss    anon$$obj.o


    Execution Region ARM_LIB_STACK (Base: 0x2001fc00, Size: 0x00000400, Max: 0x00000400, ABSOLUTE)

    Base Addr    Size         Type   Attr      Idx    E Section Name        Object

    0x2001fc00   0x00000400   Zero   RW            3    ARM_LIB_STACK.bss   anon$$obj.o


    Execution Region VECTOR_ROM (Base: 0x60002000, Size: 0x00000400, Max: 0x00000400, ABSOLUTE)

    Base Addr    Size         Type   Attr      Idx    E Section Name        Object

    0x60002000   0x00000400   Data   RO            4    RESET               startup_mimxrt1052.o


    Execution Region ER_m_text (Base: 0x60002400, Size: 0x00000428, Max: 0x03ffdc00, ABSOLUTE)

    Base Addr    Size         Type   Attr      Idx    E Section Name        Object

    0x60002400   0x00000000   Code   RO         1720  * .ARM.Collect$$$$00000000  mc_w.l(entry.o)
    0x60002400   0x00000004   Code   RO         1804    .ARM.Collect$$$$00000003  mc_w.l(entry4.o)
    0x60002404   0x00000004   Code   RO         1807    .ARM.Collect$$$$00000004  mc_w.l(entry5.o)
    0x60002408   0x00000000   Code   RO         1809    .ARM.Collect$$$$00000008  mc_w.l(entry7b.o)
    0x60002408   0x00000000   Code   RO         1811    .ARM.Collect$$$$0000000A  mc_w.l(entry8b.o)
    0x60002408   0x00000008   Code   RO         1812    .ARM.Collect$$$$0000000B  mc_w.l(entry9a.o)
    0x60002410   0x00000000   Code   RO         1814    .ARM.Collect$$$$0000000D  mc_w.l(entry10a.o)
    0x60002410   0x00000000   Code   RO         1816    .ARM.Collect$$$$0000000F  mc_w.l(entry11a.o)
    0x60002410   0x00000004   Code   RO         1805    .ARM.Collect$$$$00002714  mc_w.l(entry4.o)
    0x60002414   0x000001bc   Code   RO            5    .text               startup_mimxrt1052.o
    0x600025d0   0x00000024   Code   RO         1842    .text               mc_w.l(init.o)
    0x600025f4   0x0000009c   Code   RO           14    i.SCB_EnableDCache  system_mimxrt1052.o
    0x60002690   0x0000007c   Code   RO           15    i.SCB_EnableICache  system_mimxrt1052.o
    0x6000270c   0x000000cc   Code   RO           17    i.SystemInit        system_mimxrt1052.o
    0x600027d8   0x00000002   Code   RO           18    i.SystemInitHook    system_mimxrt1052.o
    0x600027da   0x0000000e   Code   RO         1867    i.__scatterload_copy  mc_w.l(handlers.o)
    0x600027e8   0x00000002   Code   RO         1868    i.__scatterload_null  mc_w.l(handlers.o)
    0x600027ea   0x0000000e   Code   RO         1869    i.__scatterload_zeroinit  mc_w.l(handlers.o)
    0x600027f8   0x00000030   Data   RO         1865    Region$$Table       anon$$obj.o


    Execution Region RW_m_ncache (Base: 0x81e00000, Size: 0x00000000, Max: 0x00200000, ABSOLUTE)

    **** No section assigned to this execution region ****


==============================================================================

Image component sizes


      Code (inc. data)   RO Data    RW Data    ZI Data      Debug   Object Name

      1162        126          0          0          0      64908   board.o
       916        166         26          0          0      13359   clock_config.o
      1552        130         16          8          0      22165   fsl_clock.o
       154          4          0          0          0       3534   fsl_debug_console.o
       490         10          0          4          0      26995   fsl_flexspi.o
         0          0         48          0          0       2234   fsl_flexspi_nor_boot.o
       338         18         48          0          0       5728   fsl_gpio.o
       188          8          0          8          0       7388   fsl_io.o
        86          0          0          0          0       3420   fsl_log.o
      1154        120        108          4         36      31179   fsl_lpuart.o
      2338          0          0          0          0       5742   fsl_str.o
       804        386          0          0          0       5241   main_imxrt1052.o
       186         14          0          0          0      70717   pin_mux.o
       444        210       1024          0          0       3212   startup_mimxrt1052.o
       486         38          0          4          0    1391423   system_mimxrt1052.o
         0          0        512          0          0       5953   uavrs_v2_flexspi_nor_flash.o
         0          0       1072          0          0        611   uavrs_v2_sdram_ini_dcd.o

    ----------------------------------------------------------------------
     10304       1230       2904         28       3108    1663809   Object Totals
         0          0         48          0       3072          0   (incl. Generated)
         6          0          2          0          0          0   (incl. Padding)

    ----------------------------------------------------------------------

      Code (inc. data)   RO Data    RW Data    ZI Data      Debug   Library Member Name

       110         60          0          0          0        580   dunder.o
        24          0          0          0          0        124   fabs.o
        48          0          0          0          0        124   fpclassify.o
       192          6          0          0          0        176   modf.o
       112          0          0          0          0        116   poly.o
      2264        300        136          0          0        304   pow.o
         0          0          8          0          0          0   qnan.o
       106          0          0          0          0        140   sqrt.o
         0          0          0          0          0          0   entry.o
         0          0          0          0          0          0   entry10a.o
         0          0          0          0          0          0   entry11a.o
         8          4          0          0          0          0   entry4.o
         4          0          0          0          0          0   entry5.o
         0          0          0          0          0          0   entry7b.o
         0          0          0          0          0          0   entry8b.o
         8          4          0          0          0          0   entry9a.o
        12          6          0          4          0         68   errno.o
        30          0          0          0          0          0   handlers.o
        36          8          0          0          0         68   init.o
         0          0          0          0          0          0   iusefp.o
        98          0          0          0          0         84   ldiv.o
        30          0          0          0          0         68   llshl.o
        32          0          0          0          0         68   llushr.o
        36          0          0          0          0        108   memseta.o
        14          0          0          0          0         68   strlen.o
        98          0          0          0          0         92   uldiv.o
       186          0          0          0          0        176   depilogue.o
        74          0          0          0          0         80   dfixl.o
        40          0          0          0          0         80   dfltl.o
        46          0          0          0          0         80   dscalb.o

    ----------------------------------------------------------------------
      3616        388        144          4          0       2604   Library Totals
         8          0          0          0          0          0   (incl. Padding)

    ----------------------------------------------------------------------

      Code (inc. data)   RO Data    RW Data    ZI Data      Debug   Library Name

      2856        366        144          0          0       1564   m_wv.l
       406         22          0          4          0        624   mc_w.l
       346          0          0          0          0        416   mf_w.l

    ----------------------------------------------------------------------
      3616        388        144          4          0       2604   Library Totals

    ----------------------------------------------------------------------

==============================================================================


      Code (inc. data)   RO Data    RW Data    ZI Data      Debug   

     13920       1618       3048         32       3108    1658801   Grand Totals
     13920       1618       3048         32       3108    1658801   ELF Image Totals
     13920       1618       3048         32          0          0   ROM Totals

==============================================================================

    Total RO  Size (Code + RO Data)                16968 (  16.57kB)
    Total RW  Size (RW Data + ZI Data)              3140 (   3.07kB)
    Total ROM Size (Code + RO Data + RW Data)      17000 (  16.60kB)

==============================================================================

