Component: ARM Compiler 5.05 update 2 (build 169) Tool: armlink [4d0f33]

==============================================================================

Section Cross References

    startup_mimxrt1052.o(RESET) refers to startup_mimxrt1052.o(.text) for Reset_Handler
    startup_mimxrt1052.o(.text) refers to startup_mimxrt1052.o(RESET) for __Vectors
    startup_mimxrt1052.o(.text) refers to system_mimxrt1052.o(i.SystemInit) for SystemInit
    startup_mimxrt1052.o(.text) refers to entry.o(.ARM.Collect$$$$00000000) for __main
    startup_mimxrt1052.o(.text) refers to fsl_lpuart.o(i.LPUART1_DriverIRQHandler) for LPUART1_DriverIRQHandler
    startup_mimxrt1052.o(.text) refers to fsl_lpuart.o(i.LPUART2_DriverIRQHandler) for LPUART2_DriverIRQHandler
    startup_mimxrt1052.o(.text) refers to fsl_lpuart.o(i.LPUART3_DriverIRQHandler) for LPUART3_DriverIRQHandler
    startup_mimxrt1052.o(.text) refers to fsl_lpuart.o(i.LPUART4_DriverIRQHandler) for LPUART4_DriverIRQHandler
    startup_mimxrt1052.o(.text) refers to fsl_lpuart.o(i.LPUART5_DriverIRQHandler) for LPUART5_DriverIRQHandler
    startup_mimxrt1052.o(.text) refers to fsl_lpuart.o(i.LPUART6_DriverIRQHandler) for LPUART6_DriverIRQHandler
    startup_mimxrt1052.o(.text) refers to fsl_lpuart.o(i.LPUART7_DriverIRQHandler) for LPUART7_DriverIRQHandler
    startup_mimxrt1052.o(.text) refers to fsl_lpuart.o(i.LPUART8_DriverIRQHandler) for LPUART8_DriverIRQHandler
    startup_mimxrt1052.o(.text) refers to fsl_flexspi.o(i.FLEXSPI_DriverIRQHandler) for FLEXSPI_DriverIRQHandler
    system_mimxrt1052.o(i.SystemCoreClockUpdate) refers to uldiv.o(.text) for __aeabi_uldivmod
    system_mimxrt1052.o(i.SystemCoreClockUpdate) refers to system_mimxrt1052.o(.data) for .data
    system_mimxrt1052.o(i.SystemInit) refers to system_mimxrt1052.o(i.SystemInitHook) for SystemInitHook
    fsl_clock.o(i.CLOCK_EnableUsbhs0PhyPllClock) refers to fsl_clock.o(i.CLOCK_InitUsb1Pll) for CLOCK_InitUsb1Pll
    fsl_clock.o(i.CLOCK_EnableUsbhs1PhyPllClock) refers to fsl_clock.o(i.CLOCK_InitUsb2Pll) for CLOCK_InitUsb2Pll
    fsl_clock.o(i.CLOCK_GetFreq) refers to fsl_clock.o(i.CLOCK_GetPeriphClkFreq) for CLOCK_GetPeriphClkFreq
    fsl_clock.o(i.CLOCK_GetFreq) refers to fsl_clock.o(i.CLOCK_GetUsb1PfdFreq) for CLOCK_GetUsb1PfdFreq
    fsl_clock.o(i.CLOCK_GetFreq) refers to fsl_clock.o(i.CLOCK_GetSysPfdFreq) for CLOCK_GetSysPfdFreq
    fsl_clock.o(i.CLOCK_GetFreq) refers to fsl_clock.o(i.CLOCK_GetOscFreq) for CLOCK_GetOscFreq
    fsl_clock.o(i.CLOCK_GetFreq) refers to fsl_clock.o(i.CLOCK_GetPllFreq) for CLOCK_GetPllFreq
    fsl_clock.o(i.CLOCK_GetOscFreq) refers to fsl_clock.o(.data) for .data
    fsl_clock.o(i.CLOCK_GetPeriphClkFreq) refers to fsl_clock.o(i.CLOCK_GetPllFreq) for CLOCK_GetPllFreq
    fsl_clock.o(i.CLOCK_GetPeriphClkFreq) refers to fsl_clock.o(i.CLOCK_GetOscFreq) for CLOCK_GetOscFreq
    fsl_clock.o(i.CLOCK_GetPeriphClkFreq) refers to fsl_clock.o(i.CLOCK_GetSysPfdFreq) for CLOCK_GetSysPfdFreq
    fsl_clock.o(i.CLOCK_GetPllFreq) refers to fsl_clock.o(i.CLOCK_GetOscFreq) for CLOCK_GetOscFreq
    fsl_clock.o(i.CLOCK_GetPllFreq) refers to uldiv.o(.text) for __aeabi_uldivmod
    fsl_clock.o(i.CLOCK_GetPllFreq) refers to fsl_clock.o(.constdata) for .constdata
    fsl_clock.o(i.CLOCK_GetSysPfdFreq) refers to fsl_clock.o(i.CLOCK_GetPllFreq) for CLOCK_GetPllFreq
    fsl_clock.o(i.CLOCK_GetUsb1PfdFreq) refers to fsl_clock.o(i.CLOCK_GetPllFreq) for CLOCK_GetPllFreq
    fsl_common.o(i.SDK_Free) refers to malloc2.o(i.__free$2region) for free
    fsl_common.o(i.SDK_Malloc) refers to malloc2.o(i.__malloc$2region) for malloc
    fsl_flexspi.o(i.FLEXSPI_Deinit) refers to fsl_flexspi.o(i.FLEXSPI_SoftwareReset) for FLEXSPI_SoftwareReset
    fsl_flexspi.o(i.FLEXSPI_DriverIRQHandler) refers to fsl_flexspi.o(i.FLEXSPI_TransferHandleIRQ) for FLEXSPI_TransferHandleIRQ
    fsl_flexspi.o(i.FLEXSPI_DriverIRQHandler) refers to fsl_flexspi.o(.data) for .data
    fsl_flexspi.o(i.FLEXSPI_GetDefaultConfig) refers to memseta.o(.text) for __aeabi_memclr
    fsl_flexspi.o(i.FLEXSPI_GetInstance) refers to fsl_flexspi.o(.constdata) for .constdata
    fsl_flexspi.o(i.FLEXSPI_Init) refers to fsl_flexspi.o(i.FLEXSPI_GetInstance) for FLEXSPI_GetInstance
    fsl_flexspi.o(i.FLEXSPI_Init) refers to fsl_flexspi.o(i.FLEXSPI_SoftwareReset) for FLEXSPI_SoftwareReset
    fsl_flexspi.o(i.FLEXSPI_Init) refers to fsl_flexspi.o(.constdata) for .constdata
    fsl_flexspi.o(i.FLEXSPI_ReadBlocking) refers to fsl_flexspi.o(i.FLEXSPI_CheckAndClearError) for FLEXSPI_CheckAndClearError
    fsl_flexspi.o(i.FLEXSPI_SetFlashConfig) refers to fsl_flexspi.o(i.FLEXSPI_GetBusIdleStatus) for FLEXSPI_GetBusIdleStatus
    fsl_flexspi.o(i.FLEXSPI_TransferBlocking) refers to fsl_flexspi.o(i.FLEXSPI_WriteBlocking) for FLEXSPI_WriteBlocking
    fsl_flexspi.o(i.FLEXSPI_TransferBlocking) refers to fsl_flexspi.o(i.FLEXSPI_ReadBlocking) for FLEXSPI_ReadBlocking
[...]
    Removing fsl_debug_console.o(i.fgetc), (14 bytes).
    Removing fsl_debug_console.o(i.fputc), (12 bytes).
    Removing fsl_debug_console.o(.data), (4 bytes).
    Removing fsl_debug_console.o(.data), (4 bytes).
    Removing fsl_notifier.o(.rev16_text), (4 bytes).
    Removing fsl_notifier.o(.revsh_text), (4 bytes).
    Removing fsl_notifier.o(.rrx_text), (6 bytes).
    Removing fsl_notifier.o(i.NOTIFIER_CreateHandle), (68 bytes).
    Removing fsl_notifier.o(i.NOTIFIER_GetErrorCallbackIndex), (4 bytes).
    Removing fsl_notifier.o(i.NOTIFIER_SwitchConfig), (234 bytes).
    Removing fsl_shell.o(.rev16_text), (4 bytes).
    Removing fsl_shell.o(.revsh_text), (4 bytes).
    Removing fsl_shell.o(.rrx_text), (6 bytes).
    Removing fsl_shell.o(i.AutoComplete), (196 bytes).
    Removing fsl_shell.o(i.ExitCommand), (40 bytes).
    Removing fsl_shell.o(i.GetHistoryCommand), (112 bytes).
    Removing fsl_shell.o(i.HelpCommand), (44 bytes).
    Removing fsl_shell.o(i.ParseLine), (128 bytes).
    Removing fsl_shell.o(i.ProcessCommand), (316 bytes).
    Removing fsl_shell.o(i.SHELL_Init), (56 bytes).
    Removing fsl_shell.o(i.SHELL_Main), (696 bytes).
    Removing fsl_shell.o(i.SHELL_RegisterCommand), (40 bytes).
    Removing fsl_shell.o(i.StrCompare), (36 bytes).
    Removing fsl_shell.o(i.StrCopy), (18 bytes).
    Removing fsl_shell.o(i.StrLen), (18 bytes).
    Removing fsl_shell.o(.bss), (148 bytes).
    Removing fsl_shell.o(.constdata), (32 bytes).
    Removing fsl_shell.o(.conststring), (266 bytes).
    Removing fsl_shell.o(.data), (12 bytes).
    Removing fsl_str.o(.rev16_text), (4 bytes).
    Removing fsl_str.o(.revsh_text), (4 bytes).
    Removing fsl_str.o(.rrx_text), (6 bytes).
    Removing fsl_str.o(i.ScanIgnoreWhiteSpace), (48 bytes).
    Removing fsl_str.o(i.StrFormatScanf), (996 bytes).
    Removing fsl_str.o(.data), (8 bytes).
    Removing fsl_log.o(.rev16_text), (4 bytes).
    Removing fsl_log.o(.revsh_text), (4 bytes).
    Removing fsl_log.o(.rrx_text), (6 bytes).
    Removing fsl_log.o(i.LOG_Deinit), (4 bytes).
    Removing fsl_log.o(i.LOG_ReadCharacter), (18 bytes).
    Removing fsl_log.o(i.LOG_ReadLine), (70 bytes).
    Removing fsl_log.o(i.LOG_ReadOneCharacter), (18 bytes).
    Removing fsl_log.o(i.LOG_WaitIdle), (10 bytes).
    Removing fsl_io.o(.rev16_text), (4 bytes).
    Removing fsl_io.o(.revsh_text), (4 bytes).
    Removing fsl_io.o(.rrx_text), (6 bytes).
    Removing fsl_io.o(i.IO_Deinit), (40 bytes).
    Removing fsl_io.o(i.IO_WaitIdle), (28 bytes).
    Removing board.o(.rev16_text), (4 bytes).
    Removing board.o(.revsh_text), (4 bytes).
    Removing board.o(.rrx_text), (6 bytes).
    Removing clock_config.o(.rev16_text), (4 bytes).
    Removing clock_config.o(.revsh_text), (4 bytes).
    Removing clock_config.o(.rrx_text), (6 bytes).
    Removing clock_config.o(i.BOARD_InitBootClocks), (4 bytes).
    Removing clock_config.o(.constdata), (2 bytes).
    Removing pin_mux.o(.rev16_text), (4 bytes).
    Removing pin_mux.o(.revsh_text), (4 bytes).
    Removing pin_mux.o(.rrx_text), (6 bytes).
    Removing pin_mux.o(i.BOARD_InitBootPins), (4 bytes).
    Removing fsl_flexspi_nor_boot.o(.rev16_text), (4 bytes).
    Removing fsl_flexspi_nor_boot.o(.revsh_text), (4 bytes).
    Removing fsl_flexspi_nor_boot.o(.rrx_text), (6 bytes).
    Removing uavrs_v2_flexspi_nor_flash.o(.rev16_text), (4 bytes).
    Removing uavrs_v2_flexspi_nor_flash.o(.revsh_text), (4 bytes).
    Removing uavrs_v2_flexspi_nor_flash.o(.rrx_text), (6 bytes).
    Removing bsp_led.o(.rev16_text), (4 bytes).
    Removing bsp_led.o(.revsh_text), (4 bytes).
    Removing bsp_led.o(.rrx_text), (6 bytes).
    Removing bsp_led.o(i.IOMUXC_SetPinMux), (28 bytes).
    Removing bsp_led.o(i.LED_GPIO_Config), (172 bytes).
    Removing main_imxrt1052.o(.rev16_text), (4 bytes).
    Removing main_imxrt1052.o(.revsh_text), (4 bytes).
    Removing main_imxrt1052.o(.rrx_text), (6 bytes).
    Removing main_imxrt1052.o(i._start), (4 bytes).
    Removing main_imxrt1052.o(i.hyperflash_ahb_command_test), (4 bytes).
    Removing dmul.o(.text), (228 bytes).
    Removing ddiv.o(.text), (222 bytes).
    Removing dfltul.o(.text), (24 bytes).
    Removing d2f.o(.text), (56 bytes).
    Removing fepilogue.o(.text), (110 bytes).

161 unused section(s) (total 8250 bytes) removed from the image.

==============================================================================

Image Symbol Table

    Local Symbols

    Symbol Name                              Value     Ov Type        Size  Object(Section)

    ../clib/microlib/ctype/ctype.c           0x00000000   Number         0  isspace_c.o ABSOLUTE
    ../clib/microlib/ctype/ctype.c           0x00000000   Number         0  ctype_c.o ABSOLUTE
    ../clib/microlib/division.c              0x00000000   Number         0  ldiv.o ABSOLUTE
    ../clib/microlib/division.c              0x00000000   Number         0  uldiv.o ABSOLUTE
    ../clib/microlib/errno.c                 0x00000000   Number         0  errno.o ABSOLUTE
    ../clib/microlib/init/entry.s            0x00000000   Number         0  entry7a.o ABSOLUTE
    ../clib/microlib/init/entry.s            0x00000000   Number         0  entry4.o ABSOLUTE
    ../clib/microlib/init/entry.s            0x00000000   Number         0  entry5.o ABSOLUTE
    ../clib/microlib/init/entry.s            0x00000000   Number         0  entry10a.o ABSOLUTE
    ../clib/microlib/init/entry.s            0x00000000   Number         0  entry7b.o ABSOLUTE
    ../clib/microlib/init/entry.s            0x00000000   Number         0  entry8b.o ABSOLUTE
    ../clib/microlib/init/entry.s            0x00000000   Number         0  entry9a.o ABSOLUTE
    ../clib/microlib/init/entry.s            0x00000000   Number         0  entry9b.o ABSOLUTE
    ../clib/microlib/init/entry.s            0x00000000   Number         0  entry11a.o ABSOLUTE
    ../clib/microlib/init/entry.s            0x00000000   Number         0  entry8a.o ABSOLUTE
    ../clib/microlib/init/entry.s            0x00000000   Number         0  entry11b.o ABSOLUTE
    ../clib/microlib/init/entry.s            0x00000000   Number         0  entry10b.o ABSOLUTE
    ../clib/microlib/init/entry.s            0x00000000   Number         0  entry.o ABSOLUTE
    ../clib/microlib/longlong.c              0x00000000   Number         0  llshl.o ABSOLUTE
    ../clib/microlib/longlong.c              0x00000000   Number         0  llushr.o ABSOLUTE
    ../clib/microlib/malloc/malloc.c         0x00000000   Number         0  malloc2.o ABSOLUTE
    ../clib/microlib/malloc/malloc.c         0x00000000   Number         0  mallocr2.o ABSOLUTE
    ../clib/microlib/malloc/malloc.c         0x00000000   Number         0  mallocra2.o ABSOLUTE
    ../clib/microlib/malloc/malloc.c         0x00000000   Number         0  malloca2.o ABSOLUTE
    ../clib/microlib/malloc/mvars.c          0x00000000   Number         0  mvars.o ABSOLUTE
    ../clib/microlib/string/memcmp.c         0x00000000   Number         0  memcmp.o ABSOLUTE
    ../clib/microlib/string/memcpy.c         0x00000000   Number         0  memmoveb.o ABSOLUTE
    ../clib/microlib/string/memcpy.c         0x00000000   Number         0  memcpyb.o ABSOLUTE
    ../clib/microlib/string/memcpy.c         0x00000000   Number         0  memcpya.o ABSOLUTE
    ../clib/microlib/string/memcpy.c         0x00000000   Number         0  memmovea.o ABSOLUTE
    ../clib/microlib/string/memset.c         0x00000000   Number         0  memseta.o ABSOLUTE
    ../clib/microlib/string/strlen.c         0x00000000   Number         0  strlen.o ABSOLUTE
    ../clib/microlib/stubs.s                 0x00000000   Number         0  iusefp.o ABSOLUTE
    ../clib/scanf.c                          0x00000000   Number         0  strtod.o ABSOLUTE
    ../clib/scanf.c                          0x00000000   Number         0  _sgetc.o ABSOLUTE
    ../clib/scanf.c                          0x00000000   Number         0  scanf_fp.o ABSOLUTE
    ../fplib/microlib/d2f.c                  0x00000000   Number         0  d2f.o ABSOLUTE
    ../fplib/microlib/fpdiv.c                0x00000000   Number         0  ddiv.o ABSOLUTE
    ../fplib/microlib/fpepilogue.c           0x00000000   Number         0  fepilogue.o ABSOLUTE
    ../fplib/microlib/fpepilogue.c           0x00000000   Number         0  depilogue.o ABSOLUTE
    ../fplib/microlib/fpfix.c                0x00000000   Number         0  dfixl.o ABSOLUTE
    ../fplib/microlib/fpflt.c                0x00000000   Number         0  dfltl.o ABSOLUTE
    ../fplib/microlib/fpflt.c                0x00000000   Number         0  dfltul.o ABSOLUTE
    ../fplib/microlib/fpmul.c                0x00000000   Number         0  dmul.o ABSOLUTE
    ../fplib/microlib/fpscalb.c              0x00000000   Number         0  dscalb.o ABSOLUTE
    ../mathlib/dunder.c                      0x00000000   Number         0  dunder.o ABSOLUTE
    ../mathlib/fabs.c                        0x00000000   Number         0  fabs.o ABSOLUTE
    ../mathlib/fpclassify.c                  0x00000000   Number         0  fpclassify.o ABSOLUTE
    ../mathlib/modf.c                        0x00000000   Number         0  modf.o ABSOLUTE
    ../mathlib/poly.c                        0x00000000   Number         0  poly.o ABSOLUTE
    ../mathlib/pow.c                         0x00000000   Number         0  pow.o ABSOLUTE
    ../mathlib/pow.c                         0x00000000   Number         0  pow_x.o ABSOLUTE
    ../mathlib/qnan.c                        0x00000000   Number         0  qnan.o ABSOLUTE
    ../mathlib/sqrt.c                        0x00000000   Number         0  sqrt.o ABSOLUTE
    ../mathlib/sqrt.c                        0x00000000   Number         0  sqrt_x.o ABSOLUTE
    ../mathlib/strtod.c                      0x00000000   Number         0  strtod.o ABSOLUTE
    ..\..\..\..\..\main_imxrt1052.c          0x00000000   Number         0  main_imxrt1052.o ABSOLUTE
    ..\..\devices\MIMXRT1052\arm\startup_MIMXRT1052.s 0x00000000   Number         0  startup_mimxrt1052.o ABSOLUTE
    ..\..\devices\MIMXRT1052\drivers\fsl_clock.c 0x00000000   Number         0  fsl_clock.o ABSOLUTE
    ..\..\devices\MIMXRT1052\drivers\fsl_common.c 0x00000000   Number         0  fsl_common.o ABSOLUTE
    ..\..\devices\MIMXRT1052\drivers\fsl_flexspi.c 0x00000000   Number         0  fsl_flexspi.o ABSOLUTE
    ..\..\devices\MIMXRT1052\drivers\fsl_gpio.c 0x00000000   Number         0  fsl_gpio.o ABSOLUTE
    ..\..\devices\MIMXRT1052\drivers\fsl_lpuart.c 0x00000000   Number         0  fsl_lpuart.o ABSOLUTE
    ..\..\devices\MIMXRT1052\system_MIMXRT1052.c 0x00000000   Number         0  system_mimxrt1052.o ABSOLUTE
    ..\..\devices\MIMXRT1052\utilities\fsl_assert.c 0x00000000   Number         0  fsl_assert.o ABSOLUTE
    ..\..\devices\MIMXRT1052\utilities\fsl_debug_console.c 0x00000000   Number         0  fsl_debug_console.o ABSOLUTE
    ..\..\devices\MIMXRT1052\utilities\fsl_notifier.c 0x00000000   Number         0  fsl_notifier.o ABSOLUTE
    ..\..\devices\MIMXRT1052\utilities\fsl_sbrk.c 0x00000000   Number         0  fsl_sbrk.o ABSOLUTE
    ..\..\devices\MIMXRT1052\utilities\fsl_shell.c 0x00000000   Number         0  fsl_shell.o ABSOLUTE
    ..\..\devices\MIMXRT1052\utilities\io\fsl_io.c 0x00000000   Number         0  fsl_io.o ABSOLUTE
    ..\..\devices\MIMXRT1052\utilities\log\fsl_log.c 0x00000000   Number         0  fsl_log.o ABSOLUTE
    ..\..\devices\MIMXRT1052\utilities\str\fsl_str.c 0x00000000   Number         0  fsl_str.o ABSOLUTE
    ..\\..\\..\\..\\..\\main_imxrt1052.c     0x00000000   Number         0  main_imxrt1052.o ABSOLUTE
    ..\\..\\devices\\MIMXRT1052\\drivers\\fsl_clock.c 0x00000000   Number         0  fsl_clock.o ABSOLUTE
    ..\\..\\devices\\MIMXRT1052\\drivers\\fsl_common.c 0x00000000   Number         0  fsl_common.o ABSOLUTE
    ..\\..\\devices\\MIMXRT1052\\drivers\\fsl_flexspi.c 0x00000000   Number         0  fsl_flexspi.o ABSOLUTE
    ..\\..\\devices\\MIMXRT1052\\drivers\\fsl_gpio.c 0x00000000   Number         0  fsl_gpio.o ABSOLUTE
    ..\\..\\devices\\MIMXRT1052\\drivers\\fsl_lpuart.c 0x00000000   Number         0  fsl_lpuart.o ABSOLUTE
    ..\\..\\devices\\MIMXRT1052\\system_MIMXRT1052.c 0x00000000   Number         0  system_mimxrt1052.o ABSOLUTE
    ..\\..\\devices\\MIMXRT1052\\utilities\\fsl_assert.c 0x00000000   Number         0  fsl_assert.o ABSOLUTE
    ..\\..\\devices\\MIMXRT1052\\utilities\\fsl_debug_console.c 0x00000000   Number         0  fsl_debug_console.o ABSOLUTE
    ..\\..\\devices\\MIMXRT1052\\utilities\\fsl_notifier.c 0x00000000   Number         0  fsl_notifier.o ABSOLUTE
    ..\\..\\devices\\MIMXRT1052\\utilities\\fsl_shell.c 0x00000000   Number         0  fsl_shell.o ABSOLUTE
    ..\\..\\devices\\MIMXRT1052\\utilities\\io\\fsl_io.c 0x00000000   Number         0  fsl_io.o ABSOLUTE
    ..\\..\\devices\\MIMXRT1052\\utilities\\log\\fsl_log.c 0x00000000   Number         0  fsl_log.o ABSOLUTE
    ..\\..\\devices\\MIMXRT1052\\utilities\\str\\fsl_str.c 0x00000000   Number         0  fsl_str.o ABSOLUTE
    dc.s                                     0x00000000   Number         0  dc.o ABSOLUTE
    demo_apps\\test\\board.c                 0x00000000   Number         0  board.o ABSOLUTE
    demo_apps\\test\\bsp\\led\\bsp_led.c     0x00000000   Number         0  bsp_led.o ABSOLUTE
    demo_apps\\test\\clock_config.c          0x00000000   Number         0  clock_config.o ABSOLUTE
    demo_apps\\test\\pin_mux.c               0x00000000   Number         0  pin_mux.o ABSOLUTE
    demo_apps\\test\\xip\\fsl_flexspi_nor_boot.c 0x00000000   Number         0  fsl_flexspi_nor_boot.o ABSOLUTE
    demo_apps\\test\\xip\\uavrs_v2_flexspi_nor_flash.c 0x00000000   Number         0  uavrs_v2_flexspi_nor_flash.o ABSOLUTE
    demo_apps\test\board.c                   0x00000000   Number         0  board.o ABSOLUTE
    demo_apps\test\bsp\led\bsp_led.c         0x00000000   Number         0  bsp_led.o ABSOLUTE
    demo_apps\test\clock_config.c            0x00000000   Number         0  clock_config.o ABSOLUTE
    demo_apps\test\pin_mux.c                 0x00000000   Number         0  pin_mux.o ABSOLUTE
    demo_apps\test\xip\fsl_flexspi_nor_boot.c 0x00000000   Number         0  fsl_flexspi_nor_boot.o ABSOLUTE
    demo_apps\test\xip\uavrs_v2_flexspi_nor_flash.c 0x00000000   Number         0  uavrs_v2_flexspi_nor_flash.o ABSOLUTE
    demo_apps\test\xip\uavrs_v2_sdram_ini_dcd.c 0x00000000   Number         0  uavrs_v2_sdram_ini_dcd.o ABSOLUTE
    handlers.s                               0x00000000   Number         0  handlers.o ABSOLUTE
    init.s                                   0x00000000   Number         0  init.o ABSOLUTE
    .text                                    0x00000400   Section        0  uldiv.o(.text)
    .text                                    0x00000462   Section        0  ldiv.o(.text)
    .text                                    0x000004c4   Section        0  memseta.o(.text)
    .text                                    0x000004e8   Section        0  strlen.o(.text)
    .text                                    0x000004f6   Section        0  memcmp.o(.text)
    .text                                    0x00000510   Section        0  dfltl.o(.text)
    .text                                    0x00000538   Section        0  dfixl.o(.text)
    .text                                    0x00000582   Section        0  llshl.o(.text)
    .text                                    0x000005a0   Section        0  llushr.o(.text)
    .text                                    0x000005c0   Section        0  iusefp.o(.text)
    .text                                    0x000005c0   Section        0  depilogue.o(.text)
    .text                                    0x0000067a   Section        0  dscalb.o(.text)
    i.BOARD_BootClockRUN                     0x000006a8   Section        0  clock_config.o(i.BOARD_BootClockRUN)
    i.BOARD_ConfigMPU                        0x00000980   Section        0  board.o(i.BOARD_ConfigMPU)
    i.BOARD_DebugConsoleSrcFreq              0x00000b38   Section        0  board.o(i.BOARD_DebugConsoleSrcFreq)
    i.BOARD_InitDebugConsole                 0x00000b90   Section        0  board.o(i.BOARD_InitDebugConsole)
    i.BOARD_InitPins                         0x00000bac   Section        0  pin_mux.o(i.BOARD_InitPins)
    i.CLOCK_ControlGate                      0x00000bf8   Section        0  fsl_lpuart.o(i.CLOCK_ControlGate)
    CLOCK_ControlGate                        0x00000bf9   Thumb Code    30  fsl_lpuart.o(i.CLOCK_ControlGate)
    i.CLOCK_ControlGate                      0x00000c1c   Section        0  main_imxrt1052.o(i.CLOCK_ControlGate)
    CLOCK_ControlGate                        0x00000c1d   Thumb Code    30  main_imxrt1052.o(i.CLOCK_ControlGate)
    i.CLOCK_GetDiv                           0x00000c40   Section        0  board.o(i.CLOCK_GetDiv)
    CLOCK_GetDiv                             0x00000c41   Thumb Code    24  board.o(i.CLOCK_GetDiv)
    i.CLOCK_GetFreq                          0x00000c5c   Section        0  fsl_clock.o(i.CLOCK_GetFreq)
    i.CLOCK_GetOscFreq                       0x00000d54   Section        0  fsl_clock.o(i.CLOCK_GetOscFreq)
    CLOCK_GetOscFreq                         0x00000d55   Thumb Code    20  fsl_clock.o(i.CLOCK_GetOscFreq)
    i.CLOCK_GetPeriphClkFreq                 0x00000d74   Section        0  fsl_clock.o(i.CLOCK_GetPeriphClkFreq)
    CLOCK_GetPeriphClkFreq                   0x00000d75   Thumb Code   126  fsl_clock.o(i.CLOCK_GetPeriphClkFreq)
    i.CLOCK_GetPllFreq                       0x00000e00   Section        0  fsl_clock.o(i.CLOCK_GetPllFreq)
    i.CLOCK_GetSysPfdFreq                    0x00000f88   Section        0  fsl_clock.o(i.CLOCK_GetSysPfdFreq)
    i.CLOCK_GetUsb1PfdFreq                   0x00000fe0   Section        0  fsl_clock.o(i.CLOCK_GetUsb1PfdFreq)
    i.CLOCK_InitArmPll                       0x00001038   Section        0  fsl_clock.o(i.CLOCK_InitArmPll)
    i.CLOCK_InitSysPll                       0x00001074   Section        0  fsl_clock.o(i.CLOCK_InitSysPll)
    i.CLOCK_InitUsb1Pfd                      0x000010b0   Section        0  fsl_clock.o(i.CLOCK_InitUsb1Pfd)
    i.CLOCK_InitUsb1Pll                      0x000010d8   Section        0  fsl_clock.o(i.CLOCK_InitUsb1Pll)
    i.CLOCK_SetDiv                           0x0000110c   Section        0  clock_config.o(i.CLOCK_SetDiv)
    CLOCK_SetDiv                             0x0000110d   Thumb Code    60  clock_config.o(i.CLOCK_SetDiv)
    i.CLOCK_SetDiv                           0x0000114c   Section        0  main_imxrt1052.o(i.CLOCK_SetDiv)
    CLOCK_SetDiv                             0x0000114d   Thumb Code    60  main_imxrt1052.o(i.CLOCK_SetDiv)
    i.CLOCK_SetMux                           0x0000118c   Section        0  clock_config.o(i.CLOCK_SetMux)
    CLOCK_SetMux                             0x0000118d   Thumb Code    60  clock_config.o(i.CLOCK_SetMux)
    i.ConvertFloatRadixNumToString           0x000011cc   Section        0  fsl_str.o(i.ConvertFloatRadixNumToString)
    ConvertFloatRadixNumToString             0x000011cd   Thumb Code   344  fsl_str.o(i.ConvertFloatRadixNumToString)
    i.ConvertRadixNumToString                0x00001324   Section        0  fsl_str.o(i.ConvertRadixNumToString)
    ConvertRadixNumToString                  0x00001325   Thumb Code   210  fsl_str.o(i.ConvertRadixNumToString)
    i.CopyAndUseRAMVectorTable               0x000013f8   Section        0  board.o(i.CopyAndUseRAMVectorTable)
    i.DbgConsole_Init                        0x0000143c   Section        0  fsl_debug_console.o(i.DbgConsole_Init)
    i.DbgConsole_Printf                      0x0000144c   Section        0  fsl_debug_console.o(i.DbgConsole_Printf)
    i.DbgConsole_RelocateLog                 0x00001478   Section        0  fsl_debug_console.o(i.DbgConsole_RelocateLog)
    DbgConsole_RelocateLog                   0x00001479   Thumb Code    56  fsl_debug_console.o(i.DbgConsole_RelocateLog)
    i.FLEXSPI_CheckAndClearError             0x000014b0   Section        0  fsl_flexspi.o(i.FLEXSPI_CheckAndClearError)
    i.FLEXSPI_DriverIRQHandler               0x000014fc   Section        0  fsl_flexspi.o(i.FLEXSPI_DriverIRQHandler)
    i.FLEXSPI_Enable                         0x00001510   Section        0  main_imxrt1052.o(i.FLEXSPI_Enable)
    FLEXSPI_Enable                           0x00001511   Thumb Code    20  main_imxrt1052.o(i.FLEXSPI_Enable)
    i.FLEXSPI_GetBusIdleStatus               0x00001524   Section        0  fsl_flexspi.o(i.FLEXSPI_GetBusIdleStatus)
    FLEXSPI_GetBusIdleStatus                 0x00001525   Thumb Code    24  fsl_flexspi.o(i.FLEXSPI_GetBusIdleStatus)
    i.FLEXSPI_GetDefaultConfig               0x0000153c   Section        0  fsl_flexspi.o(i.FLEXSPI_GetDefaultConfig)
    i.FLEXSPI_GetInstance                    0x000015a8   Section        0  fsl_flexspi.o(i.FLEXSPI_GetInstance)
    i.FLEXSPI_Init                           0x000015bc   Section        0  fsl_flexspi.o(i.FLEXSPI_Init)
    i.FLEXSPI_ReadBlocking                   0x00001768   Section        0  fsl_flexspi.o(i.FLEXSPI_ReadBlocking)
    i.FLEXSPI_SetFlashConfig                 0x00001810   Section        0  fsl_flexspi.o(i.FLEXSPI_SetFlashConfig)
    i.FLEXSPI_SoftwareReset                  0x00001984   Section        0  fsl_flexspi.o(i.FLEXSPI_SoftwareReset)
    FLEXSPI_SoftwareReset                    0x00001985   Thumb Code    16  fsl_flexspi.o(i.FLEXSPI_SoftwareReset)
    i.FLEXSPI_SoftwareReset                  0x00001994   Section        0  main_imxrt1052.o(i.FLEXSPI_SoftwareReset)
    FLEXSPI_SoftwareReset                    0x00001995   Thumb Code    16  main_imxrt1052.o(i.FLEXSPI_SoftwareReset)
    i.FLEXSPI_TransferAbort                  0x000019a4   Section        0  fsl_flexspi.o(i.FLEXSPI_TransferAbort)
    i.FLEXSPI_TransferBlocking               0x000019b4   Section        0  fsl_flexspi.o(i.FLEXSPI_TransferBlocking)
    i.FLEXSPI_TransferHandleIRQ              0x00001a7c   Section        0  fsl_flexspi.o(i.FLEXSPI_TransferHandleIRQ)
    i.FLEXSPI_UpdateLUT                      0x00001bdc   Section        0  fsl_flexspi.o(i.FLEXSPI_UpdateLUT)
    i.FLEXSPI_WriteBlocking                  0x00001c20   Section        0  fsl_flexspi.o(i.FLEXSPI_WriteBlocking)
    i.GPIO_PinInit                           0x00001c94   Section        0  fsl_gpio.o(i.GPIO_PinInit)
    i.GPIO_PinSetInterruptConfig             0x00001d08   Section        0  fsl_gpio.o(i.GPIO_PinSetInterruptConfig)
    i.GPIO_PinWrite                          0x00001d76   Section        0  fsl_gpio.o(i.GPIO_PinWrite)
    i.IOMUXC_SetPinMux                       0x00001d8a   Section        0  pin_mux.o(i.IOMUXC_SetPinMux)
    IOMUXC_SetPinMux                         0x00001d8b   Thumb Code    28  pin_mux.o(i.IOMUXC_SetPinMux)
    i.IOMUXC_SetPinMux                       0x00001da6   Section        0  main_imxrt1052.o(i.IOMUXC_SetPinMux)
    IOMUXC_SetPinMux                         0x00001da7   Thumb Code    28  main_imxrt1052.o(i.IOMUXC_SetPinMux)
    i.IO_Init                                0x00001dc4   Section        0  fsl_io.o(i.IO_Init)
    i.IO_Transfer                            0x00001e08   Section        0  fsl_io.o(i.IO_Transfer)
    i.LOG_Init                               0x00001e3c   Section        0  fsl_log.o(i.LOG_Init)
    i.LOG_Pop                                0x00001e58   Section        0  fsl_log.o(i.LOG_Pop)
    i.LOG_Push                               0x00001e6e   Section        0  fsl_log.o(i.LOG_Push)
    i.LPUART1_DriverIRQHandler               0x00001e74   Section        0  fsl_lpuart.o(i.LPUART1_DriverIRQHandler)
    i.LPUART2_DriverIRQHandler               0x00001e8c   Section        0  fsl_lpuart.o(i.LPUART2_DriverIRQHandler)
    i.LPUART3_DriverIRQHandler               0x00001ea4   Section        0  fsl_lpuart.o(i.LPUART3_DriverIRQHandler)
    i.LPUART4_DriverIRQHandler               0x00001ebc   Section        0  fsl_lpuart.o(i.LPUART4_DriverIRQHandler)
    i.LPUART5_DriverIRQHandler               0x00001ed4   Section        0  fsl_lpuart.o(i.LPUART5_DriverIRQHandler)
    i.LPUART6_DriverIRQHandler               0x00001eec   Section        0  fsl_lpuart.o(i.LPUART6_DriverIRQHandler)
    i.LPUART7_DriverIRQHandler               0x00001f04   Section        0  fsl_lpuart.o(i.LPUART7_DriverIRQHandler)
    i.LPUART8_DriverIRQHandler               0x00001f1c   Section        0  fsl_lpuart.o(i.LPUART8_DriverIRQHandler)
    i.LPUART_ClearStatusFlags                0x00001f34   Section        0  fsl_lpuart.o(i.LPUART_ClearStatusFlags)
    i.LPUART_GetDefaultConfig                0x00001f84   Section        0  fsl_lpuart.o(i.LPUART_GetDefaultConfig)
    i.LPUART_GetInstance                     0x00001fac   Section        0  fsl_lpuart.o(i.LPUART_GetInstance)
    i.LPUART_GetStatusFlags                  0x00001fc8   Section        0  fsl_lpuart.o(i.LPUART_GetStatusFlags)
    i.LPUART_Init                            0x00001fd8   Section        0  fsl_lpuart.o(i.LPUART_Init)
    i.LPUART_ReadBlocking                    0x00002178   Section        0  fsl_lpuart.o(i.LPUART_ReadBlocking)
    i.LPUART_WriteBlocking                   0x00002206   Section        0  fsl_lpuart.o(i.LPUART_WriteBlocking)
    i.StrFormatPrintf                        0x0000221c   Section        0  fsl_str.o(i.StrFormatPrintf)
    i.__ARM_fpclassify                       0x000026f6   Section        0  fpclassify.o(i.__ARM_fpclassify)
    i.__hardfp_modf                          0x00002728   Section        0  modf.o(i.__hardfp_modf)
    i.__hardfp_pow                           0x000027e8   Section        0  pow.o(i.__hardfp_pow)
    i.__kernel_poly                          0x000030c0   Section        0  poly.o(i.__kernel_poly)
    i.__mathlib_dbl_divzero                  0x00003130   Section        0  dunder.o(i.__mathlib_dbl_divzero)
    i.__mathlib_dbl_infnan2                  0x00003150   Section        0  dunder.o(i.__mathlib_dbl_infnan2)
    i.__mathlib_dbl_invalid                  0x00003158   Section        0  dunder.o(i.__mathlib_dbl_invalid)
    i.__mathlib_dbl_overflow                 0x00003170   Section        0  dunder.o(i.__mathlib_dbl_overflow)
    i.__mathlib_dbl_underflow                0x00003188   Section        0  dunder.o(i.__mathlib_dbl_underflow)
    i.__set_errno                            0x000031a0   Section        0  errno.o(i.__set_errno)
    i.board_init_hyperflash                  0x000031ac   Section        0  main_imxrt1052.o(i.board_init_hyperflash)
    i.board_init_led                         0x000032b4   Section        0  main_imxrt1052.o(i.board_init_led)
    i.board_init_power                       0x000032f4   Section        0  main_imxrt1052.o(i.board_init_power)
    i.delay                                  0x00003334   Section        0  main_imxrt1052.o(i.delay)
    delay                                    0x00003335   Thumb Code    18  main_imxrt1052.o(i.delay)
    i.fabs                                   0x00003346   Section        0  fabs.o(i.fabs)
    i.flexspi_nor_flash_erase_sector         0x0000335e   Section        0  main_imxrt1052.o(i.flexspi_nor_flash_erase_sector)
    i.flexspi_nor_flash_page_program         0x00003398   Section        0  main_imxrt1052.o(i.flexspi_nor_flash_page_program)
    i.flexspi_nor_hyperbus_read              0x000033e2   Section        0  main_imxrt1052.o(i.flexspi_nor_hyperbus_read)
    i.flexspi_nor_hyperbus_write             0x0000340c   Section        0  main_imxrt1052.o(i.flexspi_nor_hyperbus_write)
    i.flexspi_nor_hyperflash_cfi             0x00003438   Section        0  main_imxrt1052.o(i.flexspi_nor_hyperflash_cfi)
    i.flexspi_nor_wait_bus_busy              0x00003520   Section        0  main_imxrt1052.o(i.flexspi_nor_wait_bus_busy)
    i.flexspi_nor_write_enable               0x00003566   Section        0  main_imxrt1052.o(i.flexspi_nor_write_enable)
    i.hyperflash_ip_command_test             0x0000358c   Section        0  main_imxrt1052.o(i.hyperflash_ip_command_test)
    i.main                                   0x0000383c   Section        0  main_imxrt1052.o(i.main)
    i.sqrt                                   0x000038b4   Section        0  sqrt.o(i.sqrt)
    i.system_clock_info                      0x00003920   Section        0  main_imxrt1052.o(i.system_clock_info)
    .constdata                               0x00003aa8   Section       16  fsl_clock.o(.constdata)
    .constdata                               0x00003ab8   Section        8  fsl_flexspi.o(.constdata)
    s_flexspiIrqs                            0x00003ab8   Data           2  fsl_flexspi.o(.constdata)
    s_flexspiClock                           0x00003aba   Data           2  fsl_flexspi.o(.constdata)
    s_flexspiBases                           0x00003abc   Data           4  fsl_flexspi.o(.constdata)
    .constdata                               0x00003ac0   Section       36  fsl_gpio.o(.constdata)
    s_gpioBases                              0x00003ac0   Data          24  fsl_gpio.o(.constdata)
    s_gpioClock                              0x00003ad8   Data          12  fsl_gpio.o(.constdata)
    .constdata                               0x00003ae4   Section       72  fsl_lpuart.o(.constdata)
    s_lpuartBases                            0x00003ae4   Data          36  fsl_lpuart.o(.constdata)
    s_lpuartIRQ                              0x00003b08   Data          18  fsl_lpuart.o(.constdata)
    s_lpuartClock                            0x00003b1a   Data          18  fsl_lpuart.o(.constdata)
    .constdata                               0x00003b2c   Section       24  clock_config.o(.constdata)
    .constdata                               0x00003b44   Section      192  main_imxrt1052.o(.constdata)
    .constdata                               0x00003c08   Section      136  pow.o(.constdata)
    bp                                       0x00003c08   Data          16  pow.o(.constdata)
    dp_h                                     0x00003c18   Data          16  pow.o(.constdata)
    dp_l                                     0x00003c28   Data          16  pow.o(.constdata)
    L                                        0x00003c38   Data          48  pow.o(.constdata)
    P                                        0x00003c68   Data          40  pow.o(.constdata)
    .constdata                               0x00003c90   Section        8  qnan.o(.constdata)
    .data                                    0x20000000   Section        4  system_mimxrt1052.o(.data)
    .data                                    0x20000004   Section        4  fsl_clock.o(.data)
    .data                                    0x20000008   Section        4  fsl_clock.o(.data)
    .data                                    0x2000000c   Section        4  fsl_flexspi.o(.data)
    s_flexspiHandle                          0x2000000c   Data           4  fsl_flexspi.o(.data)
    .data                                    0x20000010   Section        4  fsl_lpuart.o(.data)
    s_lpuartIsr                              0x20000010   Data           4  fsl_lpuart.o(.data)
    .data                                    0x20000014   Section        8  fsl_io.o(.data)
    s_debugConsoleIO                         0x20000014   Data           8  fsl_io.o(.data)
    .data                                    0x2000001c   Section       32  main_imxrt1052.o(.data)
    .data                                    0x2000003c   Section        4  errno.o(.data)
    _errno                                   0x2000003c   Data           4  errno.o(.data)
    .bss                                     0x20000040   Section       36  fsl_lpuart.o(.bss)
    s_lpuartHandle                           0x20000040   Data          36  fsl_lpuart.o(.bss)
    .bss                                     0x20000064   Section     1024  main_imxrt1052.o(.bss)
    s_hyperflash_program_buffer              0x20000064   Data         512  main_imxrt1052.o(.bss)
    s_hyperflash_read_buffer                 0x20000264   Data         512  main_imxrt1052.o(.bss)
    .boot_hdr.conf                           0x60000000   Section      512  uavrs_v2_flexspi_nor_flash.o(.boot_hdr.conf)
    .boot_hdr.ivt                            0x60001000   Section       32  fsl_flexspi_nor_boot.o(.boot_hdr.ivt)
    .boot_hdr.boot_data                      0x60001020   Section       16  fsl_flexspi_nor_boot.o(.boot_hdr.boot_data)
    .boot_hdr.dcd_data                       0x60001030   Section     1072  uavrs_v2_sdram_ini_dcd.o(.boot_hdr.dcd_data)
    RESET                                    0x60002000   Section     1024  startup_mimxrt1052.o(RESET)
    .ARM.Collect$$$$00000000                 0x60002400   Section        0  entry.o(.ARM.Collect$$$$00000000)
    .ARM.Collect$$$$00000003                 0x60002400   Section        4  entry4.o(.ARM.Collect$$$$00000003)
    .ARM.Collect$$$$00000004                 0x60002404   Section        4  entry5.o(.ARM.Collect$$$$00000004)
    .ARM.Collect$$$$00000008                 0x60002408   Section        0  entry7b.o(.ARM.Collect$$$$00000008)
    .ARM.Collect$$$$0000000A                 0x60002408   Section        0  entry8b.o(.ARM.Collect$$$$0000000A)
    .ARM.Collect$$$$0000000B                 0x60002408   Section        8  entry9a.o(.ARM.Collect$$$$0000000B)
    .ARM.Collect$$$$0000000D                 0x60002410   Section        0  entry10a.o(.ARM.Collect$$$$0000000D)
    .ARM.Collect$$$$0000000F                 0x60002410   Section        0  entry11a.o(.ARM.Collect$$$$0000000F)
    .ARM.Collect$$$$00002714                 0x60002410   Section        4  entry4.o(.ARM.Collect$$$$00002714)
    __lit__00000000                          0x60002410   Data           4  entry4.o(.ARM.Collect$$$$00002714)
    .text                                    0x60002414   Section      444  startup_mimxrt1052.o(.text)
    $v0                                      0x60002414   Number         0  startup_mimxrt1052.o(.text)
    .text                                    0x600025d0   Section       36  init.o(.text)
    i.SystemInit                             0x600025f4   Section        0  system_mimxrt1052.o(i.SystemInit)
    i.SystemInitHook                         0x600026fc   Section        0  system_mimxrt1052.o(i.SystemInitHook)
    i.__scatterload_copy                     0x600026fe   Section       14  handlers.o(i.__scatterload_copy)
    i.__scatterload_null                     0x6000270c   Section        2  handlers.o(i.__scatterload_null)
    i.__scatterload_zeroinit                 0x6000270e   Section       14  handlers.o(i.__scatterload_zeroinit)

    Global Symbols

    Symbol Name                              Value     Ov Type        Size  Object(Section)

    BuildAttributes$$THM_ISAv4$E$P$D$K$B$S$7EM$VFPv5_D16$PE$PLD8$A:L22UL41UL21$X:L11$S22US41US21$IEEE1$IW$USESV6$~STKCKD$USESV7$~SHL$OTIME$ROPI$IEEEX$EBA8$MICROLIB$REQ8$PRES8$EABIv2 0x00000000   Number         0  anon$$obj.o ABSOLUTE
    Image$$VECTOR_RAM$$Base                  0x00000000   Number         0  anon$$obj.o ABSOLUTE
    __ARM_use_no_argv                        0x00000000   Number         0  main_imxrt1052.o ABSOLUTE
    __cpp_initialize__aeabi_                  - Undefined Weak Reference
    __cxa_finalize                            - Undefined Weak Reference
    __decompress                              - Undefined Weak Reference
    _clock_init                               - Undefined Weak Reference
    _microlib_exit                            - Undefined Weak Reference
    Image$$ER_m_ram_text$$Base               0x00000400   Number         0  anon$$obj.o ABSOLUTE
    __Vectors_Size                           0x00000400   Number         0  startup_mimxrt1052.o ABSOLUTE
    __aeabi_uldivmod                         0x00000401   Thumb Code    98  uldiv.o(.text)
    __aeabi_ldivmod                          0x00000463   Thumb Code    98  ldiv.o(.text)
    __aeabi_memset                           0x000004c5   Thumb Code    14  memseta.o(.text)
    __aeabi_memset4                          0x000004c5   Thumb Code     0  memseta.o(.text)
    __aeabi_memset8                          0x000004c5   Thumb Code     0  memseta.o(.text)
    __aeabi_memclr                           0x000004d3   Thumb Code     4  memseta.o(.text)
    __aeabi_memclr4                          0x000004d3   Thumb Code     0  memseta.o(.text)
    __aeabi_memclr8                          0x000004d3   Thumb Code     0  memseta.o(.text)
    _memset$wrapper                          0x000004d7   Thumb Code    18  memseta.o(.text)
    strlen                                   0x000004e9   Thumb Code    14  strlen.o(.text)
    memcmp                                   0x000004f7   Thumb Code    26  memcmp.o(.text)
    __aeabi_l2d                              0x00000511   Thumb Code    40  dfltl.o(.text)
    __aeabi_d2lz                             0x00000539   Thumb Code    74  dfixl.o(.text)
    __aeabi_llsl                             0x00000583   Thumb Code    30  llshl.o(.text)
    _ll_shift_l                              0x00000583   Thumb Code     0  llshl.o(.text)
    __aeabi_llsr                             0x000005a1   Thumb Code    32  llushr.o(.text)
    _ll_ushift_r                             0x000005a1   Thumb Code     0  llushr.o(.text)
    __I$use$fp                               0x000005c1   Thumb Code     0  iusefp.o(.text)
    _double_round                            0x000005c1   Thumb Code    30  depilogue.o(.text)
    _double_epilogue                         0x000005df   Thumb Code   156  depilogue.o(.text)
    __ARM_scalbn                             0x0000067b   Thumb Code    46  dscalb.o(.text)
    scalbn                                   0x0000067b   Thumb Code     0  dscalb.o(.text)
    BOARD_BootClockRUN                       0x000006a9   Thumb Code   580  clock_config.o(i.BOARD_BootClockRUN)
    BOARD_ConfigMPU                          0x00000981   Thumb Code   396  board.o(i.BOARD_ConfigMPU)
    BOARD_DebugConsoleSrcFreq                0x00000b39   Thumb Code    62  board.o(i.BOARD_DebugConsoleSrcFreq)
    BOARD_InitDebugConsole                   0x00000b91   Thumb Code    24  board.o(i.BOARD_InitDebugConsole)
    BOARD_InitPins                           0x00000bad   Thumb Code    62  pin_mux.o(i.BOARD_InitPins)
    CLOCK_GetFreq                            0x00000c5d   Thumb Code   218  fsl_clock.o(i.CLOCK_GetFreq)
    CLOCK_GetPllFreq                         0x00000e01   Thumb Code   372  fsl_clock.o(i.CLOCK_GetPllFreq)
    CLOCK_GetSysPfdFreq                      0x00000f89   Thumb Code    80  fsl_clock.o(i.CLOCK_GetSysPfdFreq)
    CLOCK_GetUsb1PfdFreq                     0x00000fe1   Thumb Code    80  fsl_clock.o(i.CLOCK_GetUsb1PfdFreq)
    CLOCK_InitArmPll                         0x00001039   Thumb Code    54  fsl_clock.o(i.CLOCK_InitArmPll)
    CLOCK_InitSysPll                         0x00001075   Thumb Code    54  fsl_clock.o(i.CLOCK_InitSysPll)
    CLOCK_InitUsb1Pfd                        0x000010b1   Thumb Code    36  fsl_clock.o(i.CLOCK_InitUsb1Pfd)
    CLOCK_InitUsb1Pll                        0x000010d9   Thumb Code    46  fsl_clock.o(i.CLOCK_InitUsb1Pll)
    CopyAndUseRAMVectorTable                 0x000013f9   Thumb Code    52  board.o(i.CopyAndUseRAMVectorTable)
    DbgConsole_Init                          0x0000143d   Thumb Code    14  fsl_debug_console.o(i.DbgConsole_Init)
    DbgConsole_Printf                        0x0000144d   Thumb Code    40  fsl_debug_console.o(i.DbgConsole_Printf)
    FLEXSPI_CheckAndClearError               0x000014b1   Thumb Code    74  fsl_flexspi.o(i.FLEXSPI_CheckAndClearError)
    FLEXSPI_DriverIRQHandler                 0x000014fd   Thumb Code    10  fsl_flexspi.o(i.FLEXSPI_DriverIRQHandler)
    FLEXSPI_GetDefaultConfig                 0x0000153d   Thumb Code   108  fsl_flexspi.o(i.FLEXSPI_GetDefaultConfig)
    FLEXSPI_GetInstance                      0x000015a9   Thumb Code    16  fsl_flexspi.o(i.FLEXSPI_GetInstance)
    FLEXSPI_Init                             0x000015bd   Thumb Code   412  fsl_flexspi.o(i.FLEXSPI_Init)
    FLEXSPI_ReadBlocking                     0x00001769   Thumb Code   166  fsl_flexspi.o(i.FLEXSPI_ReadBlocking)
    FLEXSPI_SetFlashConfig                   0x00001811   Thumb Code   362  fsl_flexspi.o(i.FLEXSPI_SetFlashConfig)
    FLEXSPI_TransferAbort                    0x000019a5   Thumb Code    16  fsl_flexspi.o(i.FLEXSPI_TransferAbort)
    FLEXSPI_TransferBlocking                 0x000019b5   Thumb Code   198  fsl_flexspi.o(i.FLEXSPI_TransferBlocking)
    FLEXSPI_TransferHandleIRQ                0x00001a7d   Thumb Code   350  fsl_flexspi.o(i.FLEXSPI_TransferHandleIRQ)
    FLEXSPI_UpdateLUT                        0x00001bdd   Thumb Code    64  fsl_flexspi.o(i.FLEXSPI_UpdateLUT)
    FLEXSPI_WriteBlocking                    0x00001c21   Thumb Code   116  fsl_flexspi.o(i.FLEXSPI_WriteBlocking)
    GPIO_PinInit                             0x00001c95   Thumb Code   108  fsl_gpio.o(i.GPIO_PinInit)
    GPIO_PinSetInterruptConfig               0x00001d09   Thumb Code   110  fsl_gpio.o(i.GPIO_PinSetInterruptConfig)
    GPIO_PinWrite                            0x00001d77   Thumb Code    20  fsl_gpio.o(i.GPIO_PinWrite)
    IO_Init                                  0x00001dc5   Thumb Code    62  fsl_io.o(i.IO_Init)
    IO_Transfer                              0x00001e09   Thumb Code    46  fsl_io.o(i.IO_Transfer)
    LOG_Init                                 0x00001e3d   Thumb Code    28  fsl_log.o(i.LOG_Init)
    LOG_Pop                                  0x00001e59   Thumb Code    22  fsl_log.o(i.LOG_Pop)
    LOG_Push                                 0x00001e6f   Thumb Code     4  fsl_log.o(i.LOG_Push)
    LPUART1_DriverIRQHandler                 0x00001e75   Thumb Code    12  fsl_lpuart.o(i.LPUART1_DriverIRQHandler)
    LPUART2_DriverIRQHandler                 0x00001e8d   Thumb Code    12  fsl_lpuart.o(i.LPUART2_DriverIRQHandler)
    LPUART3_DriverIRQHandler                 0x00001ea5   Thumb Code    12  fsl_lpuart.o(i.LPUART3_DriverIRQHandler)
    LPUART4_DriverIRQHandler                 0x00001ebd   Thumb Code    12  fsl_lpuart.o(i.LPUART4_DriverIRQHandler)
    LPUART5_DriverIRQHandler                 0x00001ed5   Thumb Code    12  fsl_lpuart.o(i.LPUART5_DriverIRQHandler)
    LPUART6_DriverIRQHandler                 0x00001eed   Thumb Code    12  fsl_lpuart.o(i.LPUART6_DriverIRQHandler)
    LPUART7_DriverIRQHandler                 0x00001f05   Thumb Code    12  fsl_lpuart.o(i.LPUART7_DriverIRQHandler)
    LPUART8_DriverIRQHandler                 0x00001f1d   Thumb Code    12  fsl_lpuart.o(i.LPUART8_DriverIRQHandler)
    LPUART_ClearStatusFlags                  0x00001f35   Thumb Code    74  fsl_lpuart.o(i.LPUART_ClearStatusFlags)
    LPUART_GetDefaultConfig                  0x00001f85   Thumb Code    38  fsl_lpuart.o(i.LPUART_GetDefaultConfig)
    LPUART_GetInstance                       0x00001fad   Thumb Code    24  fsl_lpuart.o(i.LPUART_GetInstance)
    LPUART_GetStatusFlags                    0x00001fc9   Thumb Code    14  fsl_lpuart.o(i.LPUART_GetStatusFlags)
    LPUART_Init                              0x00001fd9   Thumb Code   404  fsl_lpuart.o(i.LPUART_Init)
    LPUART_ReadBlocking                      0x00002179   Thumb Code   142  fsl_lpuart.o(i.LPUART_ReadBlocking)
    LPUART_WriteBlocking                     0x00002207   Thumb Code    20  fsl_lpuart.o(i.LPUART_WriteBlocking)
    StrFormatPrintf                          0x0000221d   Thumb Code  1242  fsl_str.o(i.StrFormatPrintf)
    __ARM_fpclassify                         0x000026f7   Thumb Code    48  fpclassify.o(i.__ARM_fpclassify)
    __hardfp_modf                            0x00002729   Thumb Code   186  modf.o(i.__hardfp_modf)
    __hardfp_pow                             0x000027e9   Thumb Code  2116  pow.o(i.__hardfp_pow)
    __kernel_poly                            0x000030c1   Thumb Code   112  poly.o(i.__kernel_poly)
    __mathlib_dbl_divzero                    0x00003131   Thumb Code    14  dunder.o(i.__mathlib_dbl_divzero)
    __mathlib_dbl_infnan2                    0x00003151   Thumb Code     6  dunder.o(i.__mathlib_dbl_infnan2)
    __mathlib_dbl_invalid                    0x00003159   Thumb Code    10  dunder.o(i.__mathlib_dbl_invalid)
    __mathlib_dbl_overflow                   0x00003171   Thumb Code    10  dunder.o(i.__mathlib_dbl_overflow)
    __mathlib_dbl_underflow                  0x00003189   Thumb Code    10  dunder.o(i.__mathlib_dbl_underflow)
    __set_errno                              0x000031a1   Thumb Code     6  errno.o(i.__set_errno)
    board_init_hyperflash                    0x000031ad   Thumb Code   196  main_imxrt1052.o(i.board_init_hyperflash)
    board_init_led                           0x000032b5   Thumb Code    52  main_imxrt1052.o(i.board_init_led)
    board_init_power                         0x000032f5   Thumb Code    54  main_imxrt1052.o(i.board_init_power)
    fabs                                     0x00003347   Thumb Code    24  fabs.o(i.fabs)
    flexspi_nor_flash_erase_sector           0x0000335f   Thumb Code    58  main_imxrt1052.o(i.flexspi_nor_flash_erase_sector)
    flexspi_nor_flash_page_program           0x00003399   Thumb Code    74  main_imxrt1052.o(i.flexspi_nor_flash_page_program)
    flexspi_nor_hyperbus_read                0x000033e3   Thumb Code    42  main_imxrt1052.o(i.flexspi_nor_hyperbus_read)
    flexspi_nor_hyperbus_write               0x0000340d   Thumb Code    42  main_imxrt1052.o(i.flexspi_nor_hyperbus_write)
    flexspi_nor_hyperflash_cfi               0x00003439   Thumb Code   114  main_imxrt1052.o(i.flexspi_nor_hyperflash_cfi)
    flexspi_nor_wait_bus_busy                0x00003521   Thumb Code    70  main_imxrt1052.o(i.flexspi_nor_wait_bus_busy)
    flexspi_nor_write_enable                 0x00003567   Thumb Code    36  main_imxrt1052.o(i.flexspi_nor_write_enable)
    hyperflash_ip_command_test               0x0000358d   Thumb Code   302  main_imxrt1052.o(i.hyperflash_ip_command_test)
    main                                     0x0000383d   Thumb Code    82  main_imxrt1052.o(i.main)
    sqrt                                     0x000038b5   Thumb Code   106  sqrt.o(i.sqrt)
    system_clock_info                        0x00003921   Thumb Code   130  main_imxrt1052.o(i.system_clock_info)
    armPllConfig_BOARD_BootClockRUN          0x00003b2c   Data           8  clock_config.o(.constdata)
    sysPllConfig_BOARD_BootClockRUN          0x00003b34   Data          16  clock_config.o(.constdata)
    customLUT                                0x00003b44   Data         192  main_imxrt1052.o(.constdata)
    __mathlib_zero                           0x00003c90   Data           8  qnan.o(.constdata)
    SystemCoreClock                          0x20000000   Data           4  system_mimxrt1052.o(.data)
    g_xtalFreq                               0x20000004   Data           4  fsl_clock.o(.data)
    g_rtcXtalFreq                            0x20000008   Data           4  fsl_clock.o(.data)
    deviceconfig                             0x2000001c   Data          32  main_imxrt1052.o(.data)
    Image$$ARM_LIB_HEAP$$ZI$$Base            0x20000464   Number         0  anon$$obj.o ABSOLUTE
    Image$$ARM_LIB_HEAP$$ZI$$Limit           0x20000864   Number         0  anon$$obj.o ABSOLUTE
    Image$$ARM_LIB_STACK$$ZI$$Limit          0x20020000   Number         0  anon$$obj.o ABSOLUTE
    Image$$RW_m_config_text$$Base            0x60000000   Number         0  anon$$obj.o ABSOLUTE
    g_flash_config                           0x60000000   Data         512  uavrs_v2_flexspi_nor_flash.o(.boot_hdr.conf)
    image_vector_table                       0x60001000   Data          32  fsl_flexspi_nor_boot.o(.boot_hdr.ivt)
    boot_data                                0x60001020   Data          16  fsl_flexspi_nor_boot.o(.boot_hdr.boot_data)
    dcd_data                                 0x60001030   Data        1072  uavrs_v2_sdram_ini_dcd.o(.boot_hdr.dcd_data)
    Image$$VECTOR_ROM$$Base                  0x60002000   Number         0  anon$$obj.o ABSOLUTE
    __Vectors                                0x60002000   Data           4  startup_mimxrt1052.o(RESET)
    __Vectors_End                            0x60002400   Data           0  startup_mimxrt1052.o(RESET)
    __main                                   0x60002401   Thumb Code     0  entry.o(.ARM.Collect$$$$00000000)
    _main_stk                                0x60002401   Thumb Code     0  entry4.o(.ARM.Collect$$$$00000003)
    _main_scatterload                        0x60002405   Thumb Code     0  entry5.o(.ARM.Collect$$$$00000004)
    __main_after_scatterload                 0x60002409   Thumb Code     0  entry5.o(.ARM.Collect$$$$00000004)
    _main_clock                              0x60002409   Thumb Code     0  entry7b.o(.ARM.Collect$$$$00000008)
    _main_cpp_init                           0x60002409   Thumb Code     0  entry8b.o(.ARM.Collect$$$$0000000A)
    _main_init                               0x60002409   Thumb Code     0  entry9a.o(.ARM.Collect$$$$0000000B)
    __rt_final_cpp                           0x60002411   Thumb Code     0  entry10a.o(.ARM.Collect$$$$0000000D)
    __rt_final_exit                          0x60002411   Thumb Code     0  entry11a.o(.ARM.Collect$$$$0000000F)
    Reset_Handler                            0x60002415   Thumb Code    24  startup_mimxrt1052.o(.text)
    NMI_Handler                              0x6000242d   Thumb Code     2  startup_mimxrt1052.o(.text)
    HardFault_Handler                        0x6000242f   Thumb Code     2  startup_mimxrt1052.o(.text)
    MemManage_Handler                        0x60002431   Thumb Code     2  startup_mimxrt1052.o(.text)
    BusFault_Handler                         0x60002433   Thumb Code     2  startup_mimxrt1052.o(.text)
    UsageFault_Handler                       0x60002435   Thumb Code     2  startup_mimxrt1052.o(.text)
    SVC_Handler                              0x60002437   Thumb Code     2  startup_mimxrt1052.o(.text)
    DebugMon_Handler                         0x60002439   Thumb Code     2  startup_mimxrt1052.o(.text)
    PendSV_Handler                           0x6000243b   Thumb Code     2  startup_mimxrt1052.o(.text)
    SysTick_Handler                          0x6000243d   Thumb Code     2  startup_mimxrt1052.o(.text)
    DMA0_DMA16_IRQHandler                    0x6000243f   Thumb Code     4  startup_mimxrt1052.o(.text)
    DMA1_DMA17_IRQHandler                    0x60002443   Thumb Code     4  startup_mimxrt1052.o(.text)
    DMA2_DMA18_IRQHandler                    0x60002447   Thumb Code     4  startup_mimxrt1052.o(.text)
    DMA3_DMA19_IRQHandler                    0x6000244b   Thumb Code     4  startup_mimxrt1052.o(.text)
    DMA4_DMA20_IRQHandler                    0x6000244f   Thumb Code     4  startup_mimxrt1052.o(.text)
    DMA5_DMA21_IRQHandler                    0x60002453   Thumb Code     4  startup_mimxrt1052.o(.text)
    DMA6_DMA22_IRQHandler                    0x60002457   Thumb Code     4  startup_mimxrt1052.o(.text)
    DMA7_DMA23_IRQHandler                    0x6000245b   Thumb Code     4  startup_mimxrt1052.o(.text)
    DMA8_DMA24_IRQHandler                    0x6000245f   Thumb Code     4  startup_mimxrt1052.o(.text)
    DMA9_DMA25_IRQHandler                    0x60002463   Thumb Code     4  startup_mimxrt1052.o(.text)
    DMA10_DMA26_IRQHandler                   0x60002467   Thumb Code     4  startup_mimxrt1052.o(.text)
    DMA11_DMA27_IRQHandler                   0x6000246b   Thumb Code     4  startup_mimxrt1052.o(.text)
    DMA12_DMA28_IRQHandler                   0x6000246f   Thumb Code     4  startup_mimxrt1052.o(.text)
    DMA13_DMA29_IRQHandler                   0x60002473   Thumb Code     4  startup_mimxrt1052.o(.text)
    DMA14_DMA30_IRQHandler                   0x60002477   Thumb Code     4  startup_mimxrt1052.o(.text)
    DMA15_DMA31_IRQHandler                   0x6000247b   Thumb Code     4  startup_mimxrt1052.o(.text)
    DMA_ERROR_IRQHandler                     0x6000247f   Thumb Code     4  startup_mimxrt1052.o(.text)
    LPUART1_IRQHandler                       0x60002483   Thumb Code     4  startup_mimxrt1052.o(.text)
    LPUART2_IRQHandler                       0x60002487   Thumb Code     4  startup_mimxrt1052.o(.text)
    LPUART3_IRQHandler                       0x6000248b   Thumb Code     4  startup_mimxrt1052.o(.text)
    LPUART4_IRQHandler                       0x6000248f   Thumb Code     4  startup_mimxrt1052.o(.text)
    LPUART5_IRQHandler                       0x60002493   Thumb Code     4  startup_mimxrt1052.o(.text)
    LPUART6_IRQHandler                       0x60002497   Thumb Code     4  startup_mimxrt1052.o(.text)
    LPUART7_IRQHandler                       0x6000249b   Thumb Code     4  startup_mimxrt1052.o(.text)
    LPUART8_IRQHandler                       0x6000249f   Thumb Code     4  startup_mimxrt1052.o(.text)
    LPI2C1_IRQHandler                        0x600024a3   Thumb Code     4  startup_mimxrt1052.o(.text)
    LPI2C2_IRQHandler                        0x600024a7   Thumb Code     4  startup_mimxrt1052.o(.text)
    LPI2C3_IRQHandler                        0x600024ab   Thumb Code     4  startup_mimxrt1052.o(.text)
    LPI2C4_IRQHandler                        0x600024af   Thumb Code     4  startup_mimxrt1052.o(.text)
    LPSPI1_IRQHandler                        0x600024b3   Thumb Code     4  startup_mimxrt1052.o(.text)
    LPSPI2_IRQHandler                        0x600024b7   Thumb Code     4  startup_mimxrt1052.o(.text)
    LPSPI3_IRQHandler                        0x600024bb   Thumb Code     4  startup_mimxrt1052.o(.text)
    LPSPI4_IRQHandler                        0x600024bf   Thumb Code     4  startup_mimxrt1052.o(.text)
    CAN1_IRQHandler                          0x600024c3   Thumb Code     4  startup_mimxrt1052.o(.text)
    CAN2_IRQHandler                          0x600024c7   Thumb Code     4  startup_mimxrt1052.o(.text)
    SAI1_IRQHandler                          0x600024cb   Thumb Code     4  startup_mimxrt1052.o(.text)
    SAI2_IRQHandler                          0x600024cf   Thumb Code     4  startup_mimxrt1052.o(.text)
    SAI3_RX_IRQHandler                       0x600024d3   Thumb Code     4  startup_mimxrt1052.o(.text)
    SAI3_TX_IRQHandler                       0x600024d7   Thumb Code     4  startup_mimxrt1052.o(.text)
    SPDIF_IRQHandler                         0x600024db   Thumb Code     4  startup_mimxrt1052.o(.text)
    FLEXIO1_IRQHandler                       0x600024df   Thumb Code     4  startup_mimxrt1052.o(.text)
    FLEXIO2_IRQHandler                       0x600024e3   Thumb Code     4  startup_mimxrt1052.o(.text)
    FLEXSPI_IRQHandler                       0x600024e7   Thumb Code     4  startup_mimxrt1052.o(.text)
    USDHC1_IRQHandler                        0x600024eb   Thumb Code     4  startup_mimxrt1052.o(.text)
    USDHC2_IRQHandler                        0x600024ef   Thumb Code     4  startup_mimxrt1052.o(.text)
    ENET_IRQHandler                          0x600024f3   Thumb Code     4  startup_mimxrt1052.o(.text)
    ENET_1588_Timer_IRQHandler               0x600024f7   Thumb Code     4  startup_mimxrt1052.o(.text)
    ACMP1_IRQHandler                         0x600024fb   Thumb Code     0  startup_mimxrt1052.o(.text)
    ACMP2_IRQHandler                         0x600024fb   Thumb Code     0  startup_mimxrt1052.o(.text)
    ACMP3_IRQHandler                         0x600024fb   Thumb Code     0  startup_mimxrt1052.o(.text)
    ACMP4_IRQHandler                         0x600024fb   Thumb Code     0  startup_mimxrt1052.o(.text)
    ADC1_IRQHandler                          0x600024fb   Thumb Code     0  startup_mimxrt1052.o(.text)
    ADC2_IRQHandler                          0x600024fb   Thumb Code     0  startup_mimxrt1052.o(.text)
    ADC_ETC_ERROR_IRQ_IRQHandler             0x600024fb   Thumb Code     0  startup_mimxrt1052.o(.text)
    ADC_ETC_IRQ0_IRQHandler                  0x600024fb   Thumb Code     0  startup_mimxrt1052.o(.text)
    ADC_ETC_IRQ1_IRQHandler                  0x600024fb   Thumb Code     0  startup_mimxrt1052.o(.text)
    ADC_ETC_IRQ2_IRQHandler                  0x600024fb   Thumb Code     0  startup_mimxrt1052.o(.text)
    ANATOP_EVENT0_IRQHandler                 0x600024fb   Thumb Code     0  startup_mimxrt1052.o(.text)
    ANATOP_EVENT1_IRQHandler                 0x600024fb   Thumb Code     0  startup_mimxrt1052.o(.text)
    ANATOP_TAMP_LOW_HIGH_IRQHandler          0x600024fb   Thumb Code     0  startup_mimxrt1052.o(.text)
    ANATOP_TEMP_PANIC_IRQHandler             0x600024fb   Thumb Code     0  startup_mimxrt1052.o(.text)
    BEE_IRQHandler                           0x600024fb   Thumb Code     0  startup_mimxrt1052.o(.text)
    CAN1_DriverIRQHandler                    0x600024fb   Thumb Code     0  startup_mimxrt1052.o(.text)
    CAN2_DriverIRQHandler                    0x600024fb   Thumb Code     0  startup_mimxrt1052.o(.text)
    CCM_1_IRQHandler                         0x600024fb   Thumb Code     0  startup_mimxrt1052.o(.text)
    CCM_2_IRQHandler                         0x600024fb   Thumb Code     0  startup_mimxrt1052.o(.text)
    CORE_IRQHandler                          0x600024fb   Thumb Code     0  startup_mimxrt1052.o(.text)
    CSI_IRQHandler                           0x600024fb   Thumb Code     0  startup_mimxrt1052.o(.text)
    CSU_IRQHandler                           0x600024fb   Thumb Code     0  startup_mimxrt1052.o(.text)
    CTI0_ERROR_IRQHandler                    0x600024fb   Thumb Code     0  startup_mimxrt1052.o(.text)
    CTI1_ERROR_IRQHandler                    0x600024fb   Thumb Code     0  startup_mimxrt1052.o(.text)
    DCDC_IRQHandler                          0x600024fb   Thumb Code     0  startup_mimxrt1052.o(.text)
    DCP_IRQHandler                           0x600024fb   Thumb Code     0  startup_mimxrt1052.o(.text)
    DCP_VMI_IRQHandler                       0x600024fb   Thumb Code     0  startup_mimxrt1052.o(.text)
    DMA0_DMA16_DriverIRQHandler              0x600024fb   Thumb Code     0  startup_mimxrt1052.o(.text)
    DMA10_DMA26_DriverIRQHandler             0x600024fb   Thumb Code     0  startup_mimxrt1052.o(.text)
    DMA11_DMA27_DriverIRQHandler             0x600024fb   Thumb Code     0  startup_mimxrt1052.o(.text)
    DMA12_DMA28_DriverIRQHandler             0x600024fb   Thumb Code     0  startup_mimxrt1052.o(.text)
    DMA13_DMA29_DriverIRQHandler             0x600024fb   Thumb Code     0  startup_mimxrt1052.o(.text)
    DMA14_DMA30_DriverIRQHandler             0x600024fb   Thumb Code     0  startup_mimxrt1052.o(.text)
    DMA15_DMA31_DriverIRQHandler             0x600024fb   Thumb Code     0  startup_mimxrt1052.o(.text)
    DMA1_DMA17_DriverIRQHandler              0x600024fb   Thumb Code     0  startup_mimxrt1052.o(.text)
    DMA2_DMA18_DriverIRQHandler              0x600024fb   Thumb Code     0  startup_mimxrt1052.o(.text)
    DMA3_DMA19_DriverIRQHandler              0x600024fb   Thumb Code     0  startup_mimxrt1052.o(.text)
    DMA4_DMA20_DriverIRQHandler              0x600024fb   Thumb Code     0  startup_mimxrt1052.o(.text)
    DMA5_DMA21_DriverIRQHandler              0x600024fb   Thumb Code     0  startup_mimxrt1052.o(.text)
    DMA6_DMA22_DriverIRQHandler              0x600024fb   Thumb Code     0  startup_mimxrt1052.o(.text)
    DMA7_DMA23_DriverIRQHandler              0x600024fb   Thumb Code     0  startup_mimxrt1052.o(.text)
    DMA8_DMA24_DriverIRQHandler              0x600024fb   Thumb Code     0  startup_mimxrt1052.o(.text)
    DMA9_DMA25_DriverIRQHandler              0x600024fb   Thumb Code     0  startup_mimxrt1052.o(.text)
    DMA_ERROR_DriverIRQHandler               0x600024fb   Thumb Code     0  startup_mimxrt1052.o(.text)
    DefaultISR                               0x600024fb   Thumb Code     0  startup_mimxrt1052.o(.text)
    ENC1_IRQHandler                          0x600024fb   Thumb Code     0  startup_mimxrt1052.o(.text)
    ENC2_IRQHandler                          0x600024fb   Thumb Code     0  startup_mimxrt1052.o(.text)
    ENC3_IRQHandler                          0x600024fb   Thumb Code     0  startup_mimxrt1052.o(.text)
    ENC4_IRQHandler                          0x600024fb   Thumb Code     0  startup_mimxrt1052.o(.text)
    ENET_1588_Timer_DriverIRQHandler         0x600024fb   Thumb Code     0  startup_mimxrt1052.o(.text)
    ENET_DriverIRQHandler                    0x600024fb   Thumb Code     0  startup_mimxrt1052.o(.text)
    EWM_IRQHandler                           0x600024fb   Thumb Code     0  startup_mimxrt1052.o(.text)
    FLEXIO1_DriverIRQHandler                 0x600024fb   Thumb Code     0  startup_mimxrt1052.o(.text)
    FLEXIO2_DriverIRQHandler                 0x600024fb   Thumb Code     0  startup_mimxrt1052.o(.text)
    FLEXRAM_IRQHandler                       0x600024fb   Thumb Code     0  startup_mimxrt1052.o(.text)
    GPC_IRQHandler                           0x600024fb   Thumb Code     0  startup_mimxrt1052.o(.text)
    GPIO1_Combined_0_15_IRQHandler           0x600024fb   Thumb Code     0  startup_mimxrt1052.o(.text)
    GPIO1_Combined_16_31_IRQHandler          0x600024fb   Thumb Code     0  startup_mimxrt1052.o(.text)
    GPIO1_INT0_IRQHandler                    0x600024fb   Thumb Code     0  startup_mimxrt1052.o(.text)
    GPIO1_INT1_IRQHandler                    0x600024fb   Thumb Code     0  startup_mimxrt1052.o(.text)
    GPIO1_INT2_IRQHandler                    0x600024fb   Thumb Code     0  startup_mimxrt1052.o(.text)
    GPIO1_INT3_IRQHandler                    0x600024fb   Thumb Code     0  startup_mimxrt1052.o(.text)
    GPIO1_INT4_IRQHandler                    0x600024fb   Thumb Code     0  startup_mimxrt1052.o(.text)
    GPIO1_INT5_IRQHandler                    0x600024fb   Thumb Code     0  startup_mimxrt1052.o(.text)
    GPIO1_INT6_IRQHandler                    0x600024fb   Thumb Code     0  startup_mimxrt1052.o(.text)
    GPIO1_INT7_IRQHandler                    0x600024fb   Thumb Code     0  startup_mimxrt1052.o(.text)
    GPIO2_Combined_0_15_IRQHandler           0x600024fb   Thumb Code     0  startup_mimxrt1052.o(.text)
    GPIO2_Combined_16_31_IRQHandler          0x600024fb   Thumb Code     0  startup_mimxrt1052.o(.text)
    GPIO3_Combined_0_15_IRQHandler           0x600024fb   Thumb Code     0  startup_mimxrt1052.o(.text)
    GPIO3_Combined_16_31_IRQHandler          0x600024fb   Thumb Code     0  startup_mimxrt1052.o(.text)
    GPIO4_Combined_0_15_IRQHandler           0x600024fb   Thumb Code     0  startup_mimxrt1052.o(.text)
    GPIO4_Combined_16_31_IRQHandler          0x600024fb   Thumb Code     0  startup_mimxrt1052.o(.text)
    GPIO5_Combined_0_15_IRQHandler           0x600024fb   Thumb Code     0  startup_mimxrt1052.o(.text)
    GPIO5_Combined_16_31_IRQHandler          0x600024fb   Thumb Code     0  startup_mimxrt1052.o(.text)
    GPR_IRQ_IRQHandler                       0x600024fb   Thumb Code     0  startup_mimxrt1052.o(.text)
    GPT1_IRQHandler                          0x600024fb   Thumb Code     0  startup_mimxrt1052.o(.text)
    GPT2_IRQHandler                          0x600024fb   Thumb Code     0  startup_mimxrt1052.o(.text)
    KPP_IRQHandler                           0x600024fb   Thumb Code     0  startup_mimxrt1052.o(.text)
    LCDIF_IRQHandler                         0x600024fb   Thumb Code     0  startup_mimxrt1052.o(.text)
    LPI2C1_DriverIRQHandler                  0x600024fb   Thumb Code     0  startup_mimxrt1052.o(.text)
    LPI2C2_DriverIRQHandler                  0x600024fb   Thumb Code     0  startup_mimxrt1052.o(.text)
    LPI2C3_DriverIRQHandler                  0x600024fb   Thumb Code     0  startup_mimxrt1052.o(.text)
    LPI2C4_DriverIRQHandler                  0x600024fb   Thumb Code     0  startup_mimxrt1052.o(.text)
    LPSPI1_DriverIRQHandler                  0x600024fb   Thumb Code     0  startup_mimxrt1052.o(.text)
    LPSPI2_DriverIRQHandler                  0x600024fb   Thumb Code     0  startup_mimxrt1052.o(.text)
    LPSPI3_DriverIRQHandler                  0x600024fb   Thumb Code     0  startup_mimxrt1052.o(.text)
    LPSPI4_DriverIRQHandler                  0x600024fb   Thumb Code     0  startup_mimxrt1052.o(.text)
    NMI_WAKEUP_IRQHandler                    0x600024fb   Thumb Code     0  startup_mimxrt1052.o(.text)
    PIT_IRQHandler                           0x600024fb   Thumb Code     0  startup_mimxrt1052.o(.text)
    PWM1_0_IRQHandler                        0x600024fb   Thumb Code     0  startup_mimxrt1052.o(.text)
    PWM1_1_IRQHandler                        0x600024fb   Thumb Code     0  startup_mimxrt1052.o(.text)
    PWM1_2_IRQHandler                        0x600024fb   Thumb Code     0  startup_mimxrt1052.o(.text)
    PWM1_3_IRQHandler                        0x600024fb   Thumb Code     0  startup_mimxrt1052.o(.text)
    PWM1_FAULT_IRQHandler                    0x600024fb   Thumb Code     0  startup_mimxrt1052.o(.text)
    PWM2_0_IRQHandler                        0x600024fb   Thumb Code     0  startup_mimxrt1052.o(.text)
    PWM2_1_IRQHandler                        0x600024fb   Thumb Code     0  startup_mimxrt1052.o(.text)
    PWM2_2_IRQHandler                        0x600024fb   Thumb Code     0  startup_mimxrt1052.o(.text)
    PWM2_3_IRQHandler                        0x600024fb   Thumb Code     0  startup_mimxrt1052.o(.text)
    PWM2_FAULT_IRQHandler                    0x600024fb   Thumb Code     0  startup_mimxrt1052.o(.text)
    PWM3_0_IRQHandler                        0x600024fb   Thumb Code     0  startup_mimxrt1052.o(.text)
    PWM3_1_IRQHandler                        0x600024fb   Thumb Code     0  startup_mimxrt1052.o(.text)
    PWM3_2_IRQHandler                        0x600024fb   Thumb Code     0  startup_mimxrt1052.o(.text)
    PWM3_3_IRQHandler                        0x600024fb   Thumb Code     0  startup_mimxrt1052.o(.text)
    PWM3_FAULT_IRQHandler                    0x600024fb   Thumb Code     0  startup_mimxrt1052.o(.text)
    PWM4_0_IRQHandler                        0x600024fb   Thumb Code     0  startup_mimxrt1052.o(.text)
    PWM4_1_IRQHandler                        0x600024fb   Thumb Code     0  startup_mimxrt1052.o(.text)
    PWM4_2_IRQHandler                        0x600024fb   Thumb Code     0  startup_mimxrt1052.o(.text)
    PWM4_3_IRQHandler                        0x600024fb   Thumb Code     0  startup_mimxrt1052.o(.text)
    PWM4_FAULT_IRQHandler                    0x600024fb   Thumb Code     0  startup_mimxrt1052.o(.text)
    PXP_IRQHandler                           0x600024fb   Thumb Code     0  startup_mimxrt1052.o(.text)
    RTWDOG_IRQHandler                        0x600024fb   Thumb Code     0  startup_mimxrt1052.o(.text)
    Reserved115_IRQHandler                   0x600024fb   Thumb Code     0  startup_mimxrt1052.o(.text)
    Reserved123_IRQHandler                   0x600024fb   Thumb Code     0  startup_mimxrt1052.o(.text)
    Reserved143_IRQHandler                   0x600024fb   Thumb Code     0  startup_mimxrt1052.o(.text)
    Reserved144_IRQHandler                   0x600024fb   Thumb Code     0  startup_mimxrt1052.o(.text)
    Reserved168_IRQHandler                   0x600024fb   Thumb Code     0  startup_mimxrt1052.o(.text)
    Reserved169_IRQHandler                   0x600024fb   Thumb Code     0  startup_mimxrt1052.o(.text)
    Reserved170_IRQHandler                   0x600024fb   Thumb Code     0  startup_mimxrt1052.o(.text)
    Reserved171_IRQHandler                   0x600024fb   Thumb Code     0  startup_mimxrt1052.o(.text)
    Reserved172_IRQHandler                   0x600024fb   Thumb Code     0  startup_mimxrt1052.o(.text)
    Reserved173_IRQHandler                   0x600024fb   Thumb Code     0  startup_mimxrt1052.o(.text)
    Reserved68_IRQHandler                    0x600024fb   Thumb Code     0  startup_mimxrt1052.o(.text)
    Reserved86_IRQHandler                    0x600024fb   Thumb Code     0  startup_mimxrt1052.o(.text)
    Reserved87_IRQHandler                    0x600024fb   Thumb Code     0  startup_mimxrt1052.o(.text)
    SAI1_DriverIRQHandler                    0x600024fb   Thumb Code     0  startup_mimxrt1052.o(.text)
    SAI2_DriverIRQHandler                    0x600024fb   Thumb Code     0  startup_mimxrt1052.o(.text)
    SAI3_RX_DriverIRQHandler                 0x600024fb   Thumb Code     0  startup_mimxrt1052.o(.text)
    SAI3_TX_DriverIRQHandler                 0x600024fb   Thumb Code     0  startup_mimxrt1052.o(.text)
    SEMC_IRQHandler                          0x600024fb   Thumb Code     0  startup_mimxrt1052.o(.text)
    SJC_ARM_DEBUG_IRQHandler                 0x600024fb   Thumb Code     0  startup_mimxrt1052.o(.text)
    SJC_IRQHandler                           0x600024fb   Thumb Code     0  startup_mimxrt1052.o(.text)
    SNVS_HP_WRAPPER_IRQHandler               0x600024fb   Thumb Code     0  startup_mimxrt1052.o(.text)
    SNVS_HP_WRAPPER_TZ_IRQHandler            0x600024fb   Thumb Code     0  startup_mimxrt1052.o(.text)
    SNVS_LP_WRAPPER_IRQHandler               0x600024fb   Thumb Code     0  startup_mimxrt1052.o(.text)
    SPDIF_DriverIRQHandler                   0x600024fb   Thumb Code     0  startup_mimxrt1052.o(.text)
    SRC_IRQHandler                           0x600024fb   Thumb Code     0  startup_mimxrt1052.o(.text)
    TMR1_IRQHandler                          0x600024fb   Thumb Code     0  startup_mimxrt1052.o(.text)
    TMR2_IRQHandler                          0x600024fb   Thumb Code     0  startup_mimxrt1052.o(.text)
    TMR3_IRQHandler                          0x600024fb   Thumb Code     0  startup_mimxrt1052.o(.text)
    TMR4_IRQHandler                          0x600024fb   Thumb Code     0  startup_mimxrt1052.o(.text)
    TRNG_IRQHandler                          0x600024fb   Thumb Code     0  startup_mimxrt1052.o(.text)
    TSC_DIG_IRQHandler                       0x600024fb   Thumb Code     0  startup_mimxrt1052.o(.text)
    USB_OTG1_IRQHandler                      0x600024fb   Thumb Code     0  startup_mimxrt1052.o(.text)
    USB_OTG2_IRQHandler                      0x600024fb   Thumb Code     0  startup_mimxrt1052.o(.text)
    USB_PHY1_IRQHandler                      0x600024fb   Thumb Code     0  startup_mimxrt1052.o(.text)
    USB_PHY2_IRQHandler                      0x600024fb   Thumb Code     0  startup_mimxrt1052.o(.text)
    USDHC1_DriverIRQHandler                  0x600024fb   Thumb Code     0  startup_mimxrt1052.o(.text)
    USDHC2_DriverIRQHandler                  0x600024fb   Thumb Code     0  startup_mimxrt1052.o(.text)
    WDOG1_IRQHandler                         0x600024fb   Thumb Code     0  startup_mimxrt1052.o(.text)
    WDOG2_IRQHandler                         0x600024fb   Thumb Code     0  startup_mimxrt1052.o(.text)
    XBAR1_IRQ_0_1_IRQHandler                 0x600024fb   Thumb Code     0  startup_mimxrt1052.o(.text)
    XBAR1_IRQ_2_3_IRQHandler                 0x600024fb   Thumb Code     0  startup_mimxrt1052.o(.text)
    __scatterload                            0x600025d1   Thumb Code    28  init.o(.text)
    __scatterload_rt2                        0x600025d1   Thumb Code     0  init.o(.text)
    SystemInit                               0x600025f5   Thumb Code   238  system_mimxrt1052.o(i.SystemInit)
    SystemInitHook                           0x600026fd   Thumb Code     2  system_mimxrt1052.o(i.SystemInitHook)
    __scatterload_copy                       0x600026ff   Thumb Code    14  handlers.o(i.__scatterload_copy)
    __scatterload_null                       0x6000270d   Thumb Code     2  handlers.o(i.__scatterload_null)
    __scatterload_zeroinit                   0x6000270f   Thumb Code    14  handlers.o(i.__scatterload_zeroinit)
    Region$$Table$$Base                      0x6000271c   Number         0  anon$$obj.o(Region$$Table)
    Region$$Table$$Limit                     0x6000274c   Number         0  anon$$obj.o(Region$$Table)



==============================================================================

Memory Map of the image

  Image Entry point : 0x60002401

  Load Region LR_m_rom_config (Base: 0x60000000, Size: 0x00000200, Max: 0x00001000, ABSOLUTE)

    Execution Region RW_m_config_text (Base: 0x60000000, Size: 0x00000200, Max: 0x00001000, ABSOLUTE)

    Base Addr    Size         Type   Attr      Idx    E Section Name        Object

    0x60000000   0x00000200   Data   RO         1435    .boot_hdr.conf      uavrs_v2_flexspi_nor_flash.o



  Load Region LR_m_rom_ivt (Base: 0x60001000, Size: 0x00000460, Max: 0x00001000, ABSOLUTE)

    Execution Region RW_m_ivt_text (Base: 0x60001000, Size: 0x00000460, Max: 0x00001000, ABSOLUTE)

    Base Addr    Size         Type   Attr      Idx    E Section Name        Object

    0x60001000   0x00000020   Data   RO         1403    .boot_hdr.ivt       fsl_flexspi_nor_boot.o
    0x60001020   0x00000010   Data   RO         1402    .boot_hdr.boot_data  fsl_flexspi_nor_boot.o
    0x60001030   0x00000430   Data   RO         1456    .boot_hdr.dcd_data  uavrs_v2_sdram_ini_dcd.o



  Load Region LR_m_text (Base: 0x60002000, Size: 0x00004024, Max: 0x63fffc00, ABSOLUTE)

    Execution Region VECTOR_RAM (Base: 0x00000000, Size: 0x00000400, Max: 0x00000400, ABSOLUTE)

    Base Addr    Size         Type   Attr      Idx    E Section Name        Object

    0x00000000   0x00000400   Zero   RW            1    VECTOR_RAM.bss      anon$$obj.o


    Execution Region ER_m_ram_text (Base: 0x00000400, Size: 0x00003898, Max: 0x0001fc00, ABSOLUTE)

    Base Addr    Size         Type   Attr      Idx    E Section Name        Object

    0x00000400   0x00000062   Code   RO         1698    .text               mc_w.l(uldiv.o)
    0x00000462   0x00000062   Code   RO         1700    .text               mc_w.l(ldiv.o)
    0x000004c4   0x00000024   Code   RO         1704    .text               mc_w.l(memseta.o)
    0x000004e8   0x0000000e   Code   RO         1706    .text               mc_w.l(strlen.o)
    0x000004f6   0x0000001a   Code   RO         1708    .text               mc_w.l(memcmp.o)
    0x00000510   0x00000028   Code   RO         1740    .text               mf_w.l(dfltl.o)
    0x00000538   0x0000004a   Code   RO         1742    .text               mf_w.l(dfixl.o)
    0x00000582   0x0000001e   Code   RO         1795    .text               mc_w.l(llshl.o)
    0x000005a0   0x00000020   Code   RO         1797    .text               mc_w.l(llushr.o)
    0x000005c0   0x00000000   Code   RO         1814    .text               mc_w.l(iusefp.o)
    0x000005c0   0x000000ba   Code   RO         1815    .text               mf_w.l(depilogue.o)
    0x0000067a   0x0000002e   Code   RO         1817    .text               mf_w.l(dscalb.o)
    0x000006a8   0x000002d8   Code   RO         1309    i.BOARD_BootClockRUN  clock_config.o
    0x00000980   0x000001b8   Code   RO         1234    i.BOARD_ConfigMPU   board.o
    0x00000b38   0x00000058   Code   RO         1235    i.BOARD_DebugConsoleSrcFreq  board.o
    0x00000b90   0x0000001c   Code   RO         1236    i.BOARD_InitDebugConsole  board.o
    0x00000bac   0x0000004c   Code   RO         1362    i.BOARD_InitPins    pin_mux.o
    0x00000bf8   0x00000024   Code   RO          566    i.CLOCK_ControlGate  fsl_lpuart.o
    0x00000c1c   0x00000024   Code   RO         1509    i.CLOCK_ControlGate  main_imxrt1052.o
    0x00000c40   0x0000001c   Code   RO         1237    i.CLOCK_GetDiv      board.o
    0x00000c5c   0x000000f8   Code   RO          102    i.CLOCK_GetFreq     fsl_clock.o
    0x00000d54   0x00000020   Code   RO          103    i.CLOCK_GetOscFreq  fsl_clock.o
    0x00000d74   0x0000008c   Code   RO          104    i.CLOCK_GetPeriphClkFreq  fsl_clock.o
    0x00000e00   0x00000188   Code   RO          105    i.CLOCK_GetPllFreq  fsl_clock.o
    0x00000f88   0x00000058   Code   RO          106    i.CLOCK_GetSysPfdFreq  fsl_clock.o
    0x00000fe0   0x00000058   Code   RO          107    i.CLOCK_GetUsb1PfdFreq  fsl_clock.o
    0x00001038   0x0000003c   Code   RO          108    i.CLOCK_InitArmPll  fsl_clock.o
    0x00001074   0x0000003c   Code   RO          114    i.CLOCK_InitSysPll  fsl_clock.o
    0x000010b0   0x00000028   Code   RO          115    i.CLOCK_InitUsb1Pfd  fsl_clock.o
    0x000010d8   0x00000034   Code   RO          116    i.CLOCK_InitUsb1Pll  fsl_clock.o
    0x0000110c   0x00000040   Code   RO         1311    i.CLOCK_SetDiv      clock_config.o
    0x0000114c   0x00000040   Code   RO         1510    i.CLOCK_SetDiv      main_imxrt1052.o
    0x0000118c   0x00000040   Code   RO         1312    i.CLOCK_SetMux      clock_config.o
    0x000011cc   0x00000158   Code   RO         1059    i.ConvertFloatRadixNumToString  fsl_str.o
    0x00001324   0x000000d2   Code   RO         1060    i.ConvertRadixNumToString  fsl_str.o
    0x000013f6   0x00000002   PAD
    0x000013f8   0x00000044   Code   RO         1238    i.CopyAndUseRAMVectorTable  board.o
    0x0000143c   0x0000000e   Code   RO          825    i.DbgConsole_Init   fsl_debug_console.o
    0x0000144a   0x00000002   PAD
    0x0000144c   0x0000002c   Code   RO          826    i.DbgConsole_Printf  fsl_debug_console.o
    0x00001478   0x00000038   Code   RO          828    i.DbgConsole_RelocateLog  fsl_debug_console.o
    0x000014b0   0x0000004a   Code   RO          376    i.FLEXSPI_CheckAndClearError  fsl_flexspi.o
    0x000014fa   0x00000002   PAD
    0x000014fc   0x00000014   Code   RO          378    i.FLEXSPI_DriverIRQHandler  fsl_flexspi.o
    0x00001510   0x00000014   Code   RO         1511    i.FLEXSPI_Enable    main_imxrt1052.o
    0x00001524   0x00000018   Code   RO          379    i.FLEXSPI_GetBusIdleStatus  fsl_flexspi.o
    0x0000153c   0x0000006c   Code   RO          380    i.FLEXSPI_GetDefaultConfig  fsl_flexspi.o
    0x000015a8   0x00000014   Code   RO          381    i.FLEXSPI_GetInstance  fsl_flexspi.o
    0x000015bc   0x000001ac   Code   RO          382    i.FLEXSPI_Init      fsl_flexspi.o
    0x00001768   0x000000a6   Code   RO          383    i.FLEXSPI_ReadBlocking  fsl_flexspi.o
    0x0000180e   0x00000002   PAD
    0x00001810   0x00000174   Code   RO          384    i.FLEXSPI_SetFlashConfig  fsl_flexspi.o
    0x00001984   0x00000010   Code   RO          385    i.FLEXSPI_SoftwareReset  fsl_flexspi.o
    0x00001994   0x00000010   Code   RO         1512    i.FLEXSPI_SoftwareReset  main_imxrt1052.o
    0x000019a4   0x00000010   Code   RO          386    i.FLEXSPI_TransferAbort  fsl_flexspi.o
    0x000019b4   0x000000c6   Code   RO          387    i.FLEXSPI_TransferBlocking  fsl_flexspi.o
    0x00001a7a   0x00000002   PAD
    0x00001a7c   0x0000015e   Code   RO          390    i.FLEXSPI_TransferHandleIRQ  fsl_flexspi.o
    0x00001bda   0x00000002   PAD
    0x00001bdc   0x00000044   Code   RO          392    i.FLEXSPI_UpdateLUT  fsl_flexspi.o
    0x00001c20   0x00000074   Code   RO          393    i.FLEXSPI_WriteBlocking  fsl_flexspi.o
    0x00001c94   0x00000074   Code   RO          525    i.GPIO_PinInit      fsl_gpio.o
    0x00001d08   0x0000006e   Code   RO          526    i.GPIO_PinSetInterruptConfig  fsl_gpio.o
    0x00001d76   0x00000014   Code   RO          527    i.GPIO_PinWrite     fsl_gpio.o
    0x00001d8a   0x0000001c   Code   RO         1363    i.IOMUXC_SetPinMux  pin_mux.o
    0x00001da6   0x0000001c   Code   RO         1513    i.IOMUXC_SetPinMux  main_imxrt1052.o
    0x00001dc2   0x00000002   PAD
    0x00001dc4   0x00000044   Code   RO         1185    i.IO_Init           fsl_io.o
    0x00001e08   0x00000034   Code   RO         1186    i.IO_Transfer       fsl_io.o
    0x00001e3c   0x0000001c   Code   RO         1117    i.LOG_Init          fsl_log.o
    0x00001e58   0x00000016   Code   RO         1118    i.LOG_Pop           fsl_log.o
    0x00001e6e   0x00000004   Code   RO         1119    i.LOG_Push          fsl_log.o
    0x00001e72   0x00000002   PAD
    0x00001e74   0x00000018   Code   RO          567    i.LPUART1_DriverIRQHandler  fsl_lpuart.o
    0x00001e8c   0x00000018   Code   RO          568    i.LPUART2_DriverIRQHandler  fsl_lpuart.o
    0x00001ea4   0x00000018   Code   RO          569    i.LPUART3_DriverIRQHandler  fsl_lpuart.o
    0x00001ebc   0x00000018   Code   RO          570    i.LPUART4_DriverIRQHandler  fsl_lpuart.o
    0x00001ed4   0x00000018   Code   RO          571    i.LPUART5_DriverIRQHandler  fsl_lpuart.o
    0x00001eec   0x00000018   Code   RO          572    i.LPUART6_DriverIRQHandler  fsl_lpuart.o
    0x00001f04   0x00000018   Code   RO          573    i.LPUART7_DriverIRQHandler  fsl_lpuart.o
    0x00001f1c   0x00000018   Code   RO          574    i.LPUART8_DriverIRQHandler  fsl_lpuart.o
    0x00001f34   0x00000050   Code   RO          575    i.LPUART_ClearStatusFlags  fsl_lpuart.o
    0x00001f84   0x00000026   Code   RO          579    i.LPUART_GetDefaultConfig  fsl_lpuart.o
    0x00001faa   0x00000002   PAD
    0x00001fac   0x0000001c   Code   RO          581    i.LPUART_GetInstance  fsl_lpuart.o
    0x00001fc8   0x0000000e   Code   RO          582    i.LPUART_GetStatusFlags  fsl_lpuart.o
    0x00001fd6   0x00000002   PAD
    0x00001fd8   0x000001a0   Code   RO          583    i.LPUART_Init       fsl_lpuart.o
    0x00002178   0x0000008e   Code   RO          584    i.LPUART_ReadBlocking  fsl_lpuart.o
    0x00002206   0x00000014   Code   RO          600    i.LPUART_WriteBlocking  fsl_lpuart.o
    0x0000221a   0x00000002   PAD
    0x0000221c   0x000004da   Code   RO         1062    i.StrFormatPrintf   fsl_str.o
    0x000026f6   0x00000030   Code   RO         1764    i.__ARM_fpclassify  m_wv.l(fpclassify.o)
    0x00002726   0x00000002   PAD
    0x00002728   0x000000c0   Code   RO         1669    i.__hardfp_modf     m_wv.l(modf.o)
    0x000027e8   0x000008d8   Code   RO         1675    i.__hardfp_pow      m_wv.l(pow.o)
    0x000030c0   0x00000070   Code   RO         1766    i.__kernel_poly     m_wv.l(poly.o)
    0x00003130   0x00000020   Code   RO         1744    i.__mathlib_dbl_divzero  m_wv.l(dunder.o)
    0x00003150   0x00000006   Code   RO         1746    i.__mathlib_dbl_infnan2  m_wv.l(dunder.o)
    0x00003156   0x00000002   PAD
    0x00003158   0x00000018   Code   RO         1747    i.__mathlib_dbl_invalid  m_wv.l(dunder.o)
    0x00003170   0x00000018   Code   RO         1748    i.__mathlib_dbl_overflow  m_wv.l(dunder.o)
    0x00003188   0x00000018   Code   RO         1750    i.__mathlib_dbl_underflow  m_wv.l(dunder.o)
    0x000031a0   0x0000000c   Code   RO         1807    i.__set_errno       mc_w.l(errno.o)
    0x000031ac   0x00000108   Code   RO         1515    i.board_init_hyperflash  main_imxrt1052.o
    0x000032b4   0x00000040   Code   RO         1516    i.board_init_led    main_imxrt1052.o
    0x000032f4   0x00000040   Code   RO         1517    i.board_init_power  main_imxrt1052.o
    0x00003334   0x00000012   Code   RO         1518    i.delay             main_imxrt1052.o
    0x00003346   0x00000018   Code   RO         1760    i.fabs              m_wv.l(fabs.o)
    0x0000335e   0x0000003a   Code   RO         1519    i.flexspi_nor_flash_erase_sector  main_imxrt1052.o
    0x00003398   0x0000004a   Code   RO         1520    i.flexspi_nor_flash_page_program  main_imxrt1052.o
    0x000033e2   0x0000002a   Code   RO         1521    i.flexspi_nor_hyperbus_read  main_imxrt1052.o
    0x0000340c   0x0000002a   Code   RO         1522    i.flexspi_nor_hyperbus_write  main_imxrt1052.o
    0x00003436   0x00000002   PAD
    0x00003438   0x000000e8   Code   RO         1523    i.flexspi_nor_hyperflash_cfi  main_imxrt1052.o
    0x00003520   0x00000046   Code   RO         1524    i.flexspi_nor_wait_bus_busy  main_imxrt1052.o
    0x00003566   0x00000024   Code   RO         1525    i.flexspi_nor_write_enable  main_imxrt1052.o
    0x0000358a   0x00000002   PAD
    0x0000358c   0x000002b0   Code   RO         1527    i.hyperflash_ip_command_test  main_imxrt1052.o
    0x0000383c   0x00000078   Code   RO         1528    i.main              main_imxrt1052.o
    0x000038b4   0x0000006a   Code   RO         1771    i.sqrt              m_wv.l(sqrt.o)
    0x0000391e   0x00000002   PAD
    0x00003920   0x00000188   Code   RO         1529    i.system_clock_info  main_imxrt1052.o
    0x00003aa8   0x00000010   Data   RO          120    .constdata          fsl_clock.o
    0x00003ab8   0x00000008   Data   RO          394    .constdata          fsl_flexspi.o
    0x00003ac0   0x00000024   Data   RO          528    .constdata          fsl_gpio.o
    0x00003ae4   0x00000048   Data   RO          602    .constdata          fsl_lpuart.o
    0x00003b2c   0x00000018   Data   RO         1313    .constdata          clock_config.o
    0x00003b44   0x000000c0   Data   RO         1531    .constdata          main_imxrt1052.o
    0x00003c04   0x00000004   PAD
    0x00003c08   0x00000088   Data   RO         1678    .constdata          m_wv.l(pow.o)
    0x00003c90   0x00000008   Data   RO         1768    .constdata          m_wv.l(qnan.o)


    Execution Region RW_m_data (Base: 0x20000000, Size: 0x00000464, Max: 0x0001f800, ABSOLUTE)

    Base Addr    Size         Type   Attr      Idx    E Section Name        Object

    0x20000000   0x00000004   Data   RW           17    .data               system_mimxrt1052.o
    0x20000004   0x00000004   Data   RW          121    .data               fsl_clock.o
    0x20000008   0x00000004   Data   RW          122    .data               fsl_clock.o
    0x2000000c   0x00000004   Data   RW          395    .data               fsl_flexspi.o
    0x20000010   0x00000004   Data   RW          603    .data               fsl_lpuart.o
    0x20000014   0x00000008   Data   RW         1188    .data               fsl_io.o
    0x2000001c   0x00000020   Data   RW         1532    .data               main_imxrt1052.o
    0x2000003c   0x00000004   Data   RW         1808    .data               mc_w.l(errno.o)
    0x20000040   0x00000024   Zero   RW          601    .bss                fsl_lpuart.o
    0x20000064   0x00000400   Zero   RW         1530    .bss                main_imxrt1052.o


    Execution Region ARM_LIB_HEAP (Base: 0x20000464, Size: 0x00000400, Max: 0x00000400, ABSOLUTE)

    Base Addr    Size         Type   Attr      Idx    E Section Name        Object

    0x20000464   0x00000400   Zero   RW            2    ARM_LIB_HEAP.bss    anon$$obj.o


    Execution Region ARM_LIB_STACK (Base: 0x2001fc00, Size: 0x00000400, Max: 0x00000400, ABSOLUTE)

    Base Addr    Size         Type   Attr      Idx    E Section Name        Object

    0x2001fc00   0x00000400   Zero   RW            3    ARM_LIB_STACK.bss   anon$$obj.o


    Execution Region VECTOR_ROM (Base: 0x60002000, Size: 0x00000400, Max: 0x00000400, ABSOLUTE)

    Base Addr    Size         Type   Attr      Idx    E Section Name        Object

    0x60002000   0x00000400   Data   RO            4    RESET               startup_mimxrt1052.o


    Execution Region ER_m_text (Base: 0x60002400, Size: 0x0000034c, Max: 0x03ffdc00, ABSOLUTE)

    Base Addr    Size         Type   Attr      Idx    E Section Name        Object

    0x60002400   0x00000000   Code   RO         1695  * .ARM.Collect$$$$00000000  mc_w.l(entry.o)
    0x60002400   0x00000004   Code   RO         1781    .ARM.Collect$$$$00000003  mc_w.l(entry4.o)
    0x60002404   0x00000004   Code   RO         1784    .ARM.Collect$$$$00000004  mc_w.l(entry5.o)
    0x60002408   0x00000000   Code   RO         1786    .ARM.Collect$$$$00000008  mc_w.l(entry7b.o)
    0x60002408   0x00000000   Code   RO         1788    .ARM.Collect$$$$0000000A  mc_w.l(entry8b.o)
    0x60002408   0x00000008   Code   RO         1789    .ARM.Collect$$$$0000000B  mc_w.l(entry9a.o)
    0x60002410   0x00000000   Code   RO         1791    .ARM.Collect$$$$0000000D  mc_w.l(entry10a.o)
    0x60002410   0x00000000   Code   RO         1793    .ARM.Collect$$$$0000000F  mc_w.l(entry11a.o)
    0x60002410   0x00000004   Code   RO         1782    .ARM.Collect$$$$00002714  mc_w.l(entry4.o)
    0x60002414   0x000001bc   Code   RO            5    .text               startup_mimxrt1052.o
    0x600025d0   0x00000024   Code   RO         1819    .text               mc_w.l(init.o)
    0x600025f4   0x00000108   Code   RO           15    i.SystemInit        system_mimxrt1052.o
    0x600026fc   0x00000002   Code   RO           16    i.SystemInitHook    system_mimxrt1052.o
    0x600026fe   0x0000000e   Code   RO         1844    i.__scatterload_copy  mc_w.l(handlers.o)
    0x6000270c   0x00000002   Code   RO         1845    i.__scatterload_null  mc_w.l(handlers.o)
    0x6000270e   0x0000000e   Code   RO         1846    i.__scatterload_zeroinit  mc_w.l(handlers.o)
    0x6000271c   0x00000030   Data   RO         1842    Region$$Table       anon$$obj.o


    Execution Region RW_m_ncache (Base: 0x81e00000, Size: 0x00000000, Max: 0x00200000, ABSOLUTE)

    **** No section assigned to this execution region ****


==============================================================================

Image component sizes


      Code (inc. data)   RO Data    RW Data    ZI Data      Debug   Object Name

       652         94          0          0          0      63204   board.o
       856        156         24          0          0      13375   clock_config.o
      1200        136         16          8          0      23281   fsl_clock.o
       114          4          0          0          0       3562   fsl_debug_console.o
      1976         44          8          4          0      35548   fsl_flexspi.o
         0          0         48          0          0       2234   fsl_flexspi_nor_boot.o
       246         14         36          0          0       5492   fsl_gpio.o
       120         12          0          8          0       7292   fsl_io.o
        54          0          0          0          0       3404   fsl_log.o
       966        124         72          4         36      31767   fsl_lpuart.o
      1796          0          0          0          0       6490   fsl_str.o
      2328        904        192         32       1024      67790   main_imxrt1052.o
       104         14          0          0          0      70057   pin_mux.o
       444        210       1024          0          0       3212   startup_mimxrt1052.o
       266         26          0          4          0    1390591   system_mimxrt1052.o
         0          0        512          0          0       5953   uavrs_v2_flexspi_nor_flash.o
         0          0       1072          0          0        611   uavrs_v2_sdram_ini_dcd.o

    ----------------------------------------------------------------------
     11148       1738       3056         60       4132    1733863   Object Totals
         0          0         48          0       3072          0   (incl. Generated)
        26          0          4          0          0          0   (incl. Padding)

    ----------------------------------------------------------------------

      Code (inc. data)   RO Data    RW Data    ZI Data      Debug   Library Member Name

       110         60          0          0          0        580   dunder.o
        24          0          0          0          0        124   fabs.o
        48          0          0          0          0        124   fpclassify.o
       192          6          0          0          0        176   modf.o
       112          0          0          0          0        116   poly.o
      2264        300        136          0          0        304   pow.o
         0          0          8          0          0          0   qnan.o
       106          0          0          0          0        140   sqrt.o
         0          0          0          0          0          0   entry.o
         0          0          0          0          0          0   entry10a.o
         0          0          0          0          0          0   entry11a.o
         8          4          0          0          0          0   entry4.o
         4          0          0          0          0          0   entry5.o
         0          0          0          0          0          0   entry7b.o
         0          0          0          0          0          0   entry8b.o
         8          4          0          0          0          0   entry9a.o
        12          6          0          4          0         68   errno.o
        30          0          0          0          0          0   handlers.o
        36          8          0          0          0         68   init.o
         0          0          0          0          0          0   iusefp.o
        98          0          0          0          0         84   ldiv.o
        30          0          0          0          0         68   llshl.o
        32          0          0          0          0         68   llushr.o
        26          0          0          0          0         80   memcmp.o
        36          0          0          0          0        108   memseta.o
        14          0          0          0          0         68   strlen.o
        98          0          0          0          0         92   uldiv.o
       186          0          0          0          0        176   depilogue.o
        74          0          0          0          0         80   dfixl.o
        40          0          0          0          0         80   dfltl.o
        46          0          0          0          0         80   dscalb.o

    ----------------------------------------------------------------------
      3640        388        144          4          0       2684   Library Totals
         6          0          0          0          0          0   (incl. Padding)

    ----------------------------------------------------------------------

      Code (inc. data)   RO Data    RW Data    ZI Data      Debug   Library Name

      2856        366        144          0          0       1564   m_wv.l
       432         22          0          4          0        704   mc_w.l
       346          0          0          0          0        416   mf_w.l

    ----------------------------------------------------------------------
      3640        388        144          4          0       2684   Library Totals

    ----------------------------------------------------------------------

==============================================================================


      Code (inc. data)   RO Data    RW Data    ZI Data      Debug   

     14788       2126       3200         64       4132    1727183   Grand Totals
     14788       2126       3200         64       4132    1727183   ELF Image Totals
     14788       2126       3200         64          0          0   ROM Totals

==============================================================================

    Total RO  Size (Code + RO Data)                17988 (  17.57kB)
    Total RW  Size (RW Data + ZI Data)              4196 (   4.10kB)
    Total ROM Size (Code + RO Data + RW Data)      18052 (  17.63kB)

==============================================================================

