<!doctype html public "-//w3c//dtd html 4.0 transitional//en">
<html><head>
<title>Static Call Graph - [flexspi_nor_release\dev_cdc_vcom_bm.out]</title></head>
<body><HR>
<H1>Static Call Graph for image flexspi_nor_release\dev_cdc_vcom_bm.out</H1><HR>
<BR><P>#&#060CALLGRAPH&#062# ARM Linker, 5050169: Last Updated: Thu Oct 24 09:32:16 2019
<BR><P>
<H3>Maximum Stack Usage =        328 bytes + Unknown(Cycles, Untraceable Function Pointers)</H3><H3>
Call chain for Maximum Stack Depth:</H3>
USB_DeviceCdcAcmEvent &rArr; DbgConsole_Printf &rArr; StrFormatPrintf &rArr; ConvertRadixNumToString
<P>
<H3>
Mutually Recursive functions
</H3> <LI><a href="#[4]">NMI_Handler</a>&nbsp;&nbsp;&nbsp;&rArr;&nbsp;&nbsp;&nbsp;<a href="#[4]">NMI_Handler</a><BR>
 <LI><a href="#[5]">HardFault_Handler</a>&nbsp;&nbsp;&nbsp;&rArr;&nbsp;&nbsp;&nbsp;<a href="#[5]">HardFault_Handler</a><BR>
 <LI><a href="#[6]">MemManage_Handler</a>&nbsp;&nbsp;&nbsp;&rArr;&nbsp;&nbsp;&nbsp;<a href="#[6]">MemManage_Handler</a><BR>
 <LI><a href="#[7]">BusFault_Handler</a>&nbsp;&nbsp;&nbsp;&rArr;&nbsp;&nbsp;&nbsp;<a href="#[7]">BusFault_Handler</a><BR>
 <LI><a href="#[8]">UsageFault_Handler</a>&nbsp;&nbsp;&nbsp;&rArr;&nbsp;&nbsp;&nbsp;<a href="#[8]">UsageFault_Handler</a><BR>
 <LI><a href="#[9]">SVC_Handler</a>&nbsp;&nbsp;&nbsp;&rArr;&nbsp;&nbsp;&nbsp;<a href="#[9]">SVC_Handler</a><BR>
 <LI><a href="#[a]">DebugMon_Handler</a>&nbsp;&nbsp;&nbsp;&rArr;&nbsp;&nbsp;&nbsp;<a href="#[a]">DebugMon_Handler</a><BR>
 <LI><a href="#[b]">PendSV_Handler</a>&nbsp;&nbsp;&nbsp;&rArr;&nbsp;&nbsp;&nbsp;<a href="#[b]">PendSV_Handler</a><BR>
 <LI><a href="#[c]">SysTick_Handler</a>&nbsp;&nbsp;&nbsp;&rArr;&nbsp;&nbsp;&nbsp;<a href="#[c]">SysTick_Handler</a><BR>
</UL>
<P>
<H3>
Function Pointers
</H3><UL>
 <LI><a href="#[88]">ACMP1_IRQHandler</a> from startup_mimxrt1052.o(.text) referenced from startup_mimxrt1052.o(RESET)
 <LI><a href="#[89]">ACMP2_IRQHandler</a> from startup_mimxrt1052.o(.text) referenced from startup_mimxrt1052.o(RESET)
 <LI><a href="#[8a]">ACMP3_IRQHandler</a> from startup_mimxrt1052.o(.text) referenced from startup_mimxrt1052.o(RESET)
 <LI><a href="#[8b]">ACMP4_IRQHandler</a> from startup_mimxrt1052.o(.text) referenced from startup_mimxrt1052.o(RESET)
 <LI><a href="#[50]">ADC1_IRQHandler</a> from startup_mimxrt1052.o(.text) referenced from startup_mimxrt1052.o(RESET)
 <LI><a href="#[51]">ADC2_IRQHandler</a> from startup_mimxrt1052.o(.text) referenced from startup_mimxrt1052.o(RESET)
 <LI><a href="#[86]">ADC_ETC_ERROR_IRQ_IRQHandler</a> from startup_mimxrt1052.o(.text) referenced from startup_mimxrt1052.o(RESET)
 <LI><a href="#[83]">ADC_ETC_IRQ0_IRQHandler</a> from startup_mimxrt1052.o(.text) referenced from startup_mimxrt1052.o(RESET)
 <LI><a href="#[84]">ADC_ETC_IRQ1_IRQHandler</a> from startup_mimxrt1052.o(.text) referenced from startup_mimxrt1052.o(RESET)
 <LI><a href="#[85]">ADC_ETC_IRQ2_IRQHandler</a> from startup_mimxrt1052.o(.text) referenced from startup_mimxrt1052.o(RESET)
 <LI><a href="#[4a]">ANATOP_EVENT0_IRQHandler</a> from startup_mimxrt1052.o(.text) referenced from startup_mimxrt1052.o(RESET)
 <LI><a href="#[4b]">ANATOP_EVENT1_IRQHandler</a> from startup_mimxrt1052.o(.text) referenced from startup_mimxrt1052.o(RESET)
 <LI><a href="#[4c]">ANATOP_TAMP_LOW_HIGH_IRQHandler</a> from startup_mimxrt1052.o(.text) referenced from startup_mimxrt1052.o(RESET)
 <LI><a href="#[4d]">ANATOP_TEMP_PANIC_IRQHandler</a> from startup_mimxrt1052.o(.text) referenced from startup_mimxrt1052.o(RESET)
 <LI><a href="#[44]">BEE_IRQHandler</a> from startup_mimxrt1052.o(.text) referenced from startup_mimxrt1052.o(RESET)
 <LI><a href="#[7]">BusFault_Handler</a> from startup_mimxrt1052.o(.text) referenced from startup_mimxrt1052.o(RESET)
 <LI><a href="#[d2]">CAN1_DriverIRQHandler</a> from startup_mimxrt1052.o(.text) referenced from startup_mimxrt1052.o(.text)
 <LI><a href="#[31]">CAN1_IRQHandler</a> from startup_mimxrt1052.o(.text) referenced from startup_mimxrt1052.o(RESET)
 <LI><a href="#[d3]">CAN2_DriverIRQHandler</a> from startup_mimxrt1052.o(.text) referenced from startup_mimxrt1052.o(.text)
 <LI><a href="#[32]">CAN2_IRQHandler</a> from startup_mimxrt1052.o(.text) referenced from startup_mimxrt1052.o(RESET)
 <LI><a href="#[6c]">CCM_1_IRQHandler</a> from startup_mimxrt1052.o(.text) referenced from startup_mimxrt1052.o(RESET)
 <LI><a href="#[6d]">CCM_2_IRQHandler</a> from startup_mimxrt1052.o(.text) referenced from startup_mimxrt1052.o(RESET)
 <LI><a href="#[20]">CORE_IRQHandler</a> from startup_mimxrt1052.o(.text) referenced from startup_mimxrt1052.o(RESET)
 <LI><a href="#[38]">CSI_IRQHandler</a> from startup_mimxrt1052.o(.text) referenced from startup_mimxrt1052.o(RESET)
 <LI><a href="#[3e]">CSU_IRQHandler</a> from startup_mimxrt1052.o(.text) referenced from startup_mimxrt1052.o(RESET)
 <LI><a href="#[1e]">CTI0_ERROR_IRQHandler</a> from startup_mimxrt1052.o(.text) referenced from startup_mimxrt1052.o(RESET)
 <LI><a href="#[1f]">CTI1_ERROR_IRQHandler</a> from startup_mimxrt1052.o(.text) referenced from startup_mimxrt1052.o(RESET)
 <LI><a href="#[52]">DCDC_IRQHandler</a> from startup_mimxrt1052.o(.text) referenced from startup_mimxrt1052.o(RESET)
 <LI><a href="#[3f]">DCP_IRQHandler</a> from startup_mimxrt1052.o(.text) referenced from startup_mimxrt1052.o(RESET)
 <LI><a href="#[40]">DCP_VMI_IRQHandler</a> from startup_mimxrt1052.o(.text) referenced from startup_mimxrt1052.o(RESET)
 <LI><a href="#[b1]">DMA0_DMA16_DriverIRQHandler</a> from startup_mimxrt1052.o(.text) referenced from startup_mimxrt1052.o(.text)
 <LI><a href="#[d]">DMA0_DMA16_IRQHandler</a> from startup_mimxrt1052.o(.text) referenced from startup_mimxrt1052.o(RESET)
 <LI><a href="#[bb]">DMA10_DMA26_DriverIRQHandler</a> from startup_mimxrt1052.o(.text) referenced from startup_mimxrt1052.o(.text)
 <LI><a href="#[17]">DMA10_DMA26_IRQHandler</a> from startup_mimxrt1052.o(.text) referenced from startup_mimxrt1052.o(RESET)
 <LI><a href="#[bc]">DMA11_DMA27_DriverIRQHandler</a> from startup_mimxrt1052.o(.text) referenced from startup_mimxrt1052.o(.text)
 <LI><a href="#[18]">DMA11_DMA27_IRQHandler</a> from startup_mimxrt1052.o(.text) referenced from startup_mimxrt1052.o(RESET)
 <LI><a href="#[bd]">DMA12_DMA28_DriverIRQHandler</a> from startup_mimxrt1052.o(.text) referenced from startup_mimxrt1052.o(.text)
 <LI><a href="#[19]">DMA12_DMA28_IRQHandler</a> from startup_mimxrt1052.o(.text) referenced from startup_mimxrt1052.o(RESET)
 <LI><a href="#[be]">DMA13_DMA29_DriverIRQHandler</a> from startup_mimxrt1052.o(.text) referenced from startup_mimxrt1052.o(.text)
 <LI><a href="#[1a]">DMA13_DMA29_IRQHandler</a> from startup_mimxrt1052.o(.text) referenced from startup_mimxrt1052.o(RESET)
 <LI><a href="#[bf]">DMA14_DMA30_DriverIRQHandler</a> from startup_mimxrt1052.o(.text) referenced from startup_mimxrt1052.o(.text)
 <LI><a href="#[1b]">DMA14_DMA30_IRQHandler</a> from startup_mimxrt1052.o(.text) referenced from startup_mimxrt1052.o(RESET)
 <LI><a href="#[c0]">DMA15_DMA31_DriverIRQHandler</a> from startup_mimxrt1052.o(.text) referenced from startup_mimxrt1052.o(.text)
 <LI><a href="#[1c]">DMA15_DMA31_IRQHandler</a> from startup_mimxrt1052.o(.text) referenced from startup_mimxrt1052.o(RESET)
 <LI><a href="#[b2]">DMA1_DMA17_DriverIRQHandler</a> from startup_mimxrt1052.o(.text) referenced from startup_mimxrt1052.o(.text)
 <LI><a href="#[e]">DMA1_DMA17_IRQHandler</a> from startup_mimxrt1052.o(.text) referenced from startup_mimxrt1052.o(RESET)
 <LI><a href="#[b3]">DMA2_DMA18_DriverIRQHandler</a> from startup_mimxrt1052.o(.text) referenced from startup_mimxrt1052.o(.text)
 <LI><a href="#[f]">DMA2_DMA18_IRQHandler</a> from startup_mimxrt1052.o(.text) referenced from startup_mimxrt1052.o(RESET)
 <LI><a href="#[b4]">DMA3_DMA19_DriverIRQHandler</a> from startup_mimxrt1052.o(.text) referenced from startup_mimxrt1052.o(.text)
 <LI><a href="#[10]">DMA3_DMA19_IRQHandler</a> from startup_mimxrt1052.o(.text) referenced from startup_mimxrt1052.o(RESET)
 <LI><a href="#[b5]">DMA4_DMA20_DriverIRQHandler</a> from startup_mimxrt1052.o(.text) referenced from startup_mimxrt1052.o(.text)
 <LI><a href="#[11]">DMA4_DMA20_IRQHandler</a> from startup_mimxrt1052.o(.text) referenced from startup_mimxrt1052.o(RESET)
 <LI><a href="#[b6]">DMA5_DMA21_DriverIRQHandler</a> from startup_mimxrt1052.o(.text) referenced from startup_mimxrt1052.o(.text)
 <LI><a href="#[12]">DMA5_DMA21_IRQHandler</a> from startup_mimxrt1052.o(.text) referenced from startup_mimxrt1052.o(RESET)
 <LI><a href="#[b7]">DMA6_DMA22_DriverIRQHandler</a> from startup_mimxrt1052.o(.text) referenced from startup_mimxrt1052.o(.text)
 <LI><a href="#[13]">DMA6_DMA22_IRQHandler</a> from startup_mimxrt1052.o(.text) referenced from startup_mimxrt1052.o(RESET)
 <LI><a href="#[b8]">DMA7_DMA23_DriverIRQHandler</a> from startup_mimxrt1052.o(.text) referenced from startup_mimxrt1052.o(.text)
 <LI><a href="#[14]">DMA7_DMA23_IRQHandler</a> from startup_mimxrt1052.o(.text) referenced from startup_mimxrt1052.o(RESET)
 <LI><a href="#[b9]">DMA8_DMA24_DriverIRQHandler</a> from startup_mimxrt1052.o(.text) referenced from startup_mimxrt1052.o(.text)
 <LI><a href="#[15]">DMA8_DMA24_IRQHandler</a> from startup_mimxrt1052.o(.text) referenced from startup_mimxrt1052.o(RESET)
 <LI><a href="#[ba]">DMA9_DMA25_DriverIRQHandler</a> from startup_mimxrt1052.o(.text) referenced from startup_mimxrt1052.o(.text)
 <LI><a href="#[16]">DMA9_DMA25_IRQHandler</a> from startup_mimxrt1052.o(.text) referenced from startup_mimxrt1052.o(RESET)
 <LI><a href="#[c1]">DMA_ERROR_DriverIRQHandler</a> from startup_mimxrt1052.o(.text) referenced from startup_mimxrt1052.o(.text)
 <LI><a href="#[1d]">DMA_ERROR_IRQHandler</a> from startup_mimxrt1052.o(.text) referenced from startup_mimxrt1052.o(RESET)
 <LI><a href="#[e0]">DbgConsole_RelocateLog</a> from fsl_debug_console.o(i.DbgConsole_RelocateLog) referenced from fsl_debug_console.o(i.DbgConsole_Printf)
 <LI><a href="#[a]">DebugMon_Handler</a> from startup_mimxrt1052.o(.text) referenced from startup_mimxrt1052.o(RESET)
 <LI><a href="#[ad]">DefaultISR</a> from startup_mimxrt1052.o(.text) referenced from startup_mimxrt1052.o(.text)
 <LI><a href="#[ad]">DefaultISR</a> from startup_mimxrt1052.o(.text) referenced 79 times from startup_mimxrt1052.o(RESET)
 <LI><a href="#[8e]">ENC1_IRQHandler</a> from startup_mimxrt1052.o(.text) referenced from startup_mimxrt1052.o(RESET)
 <LI><a href="#[8f]">ENC2_IRQHandler</a> from startup_mimxrt1052.o(.text) referenced from startup_mimxrt1052.o(RESET)
 <LI><a href="#[90]">ENC3_IRQHandler</a> from startup_mimxrt1052.o(.text) referenced from startup_mimxrt1052.o(RESET)
 <LI><a href="#[91]">ENC4_IRQHandler</a> from startup_mimxrt1052.o(.text) referenced from startup_mimxrt1052.o(RESET)
 <LI><a href="#[df]">ENET_1588_Timer_DriverIRQHandler</a> from startup_mimxrt1052.o(.text) referenced from startup_mimxrt1052.o(.text)
 <LI><a href="#[80]">ENET_1588_Timer_IRQHandler</a> from startup_mimxrt1052.o(.text) referenced from startup_mimxrt1052.o(RESET)
 <LI><a href="#[de]">ENET_DriverIRQHandler</a> from startup_mimxrt1052.o(.text) referenced from startup_mimxrt1052.o(.text)
 <LI><a href="#[7f]">ENET_IRQHandler</a> from startup_mimxrt1052.o(.text) referenced from startup_mimxrt1052.o(RESET)
 <LI><a href="#[6b]">EWM_IRQHandler</a> from startup_mimxrt1052.o(.text) referenced from startup_mimxrt1052.o(RESET)
 <LI><a href="#[d9]">FLEXIO1_DriverIRQHandler</a> from startup_mimxrt1052.o(.text) referenced from startup_mimxrt1052.o(.text)
 <LI><a href="#[67]">FLEXIO1_IRQHandler</a> from startup_mimxrt1052.o(.text) referenced from startup_mimxrt1052.o(RESET)
 <LI><a href="#[da]">FLEXIO2_DriverIRQHandler</a> from startup_mimxrt1052.o(.text) referenced from startup_mimxrt1052.o(.text)
 <LI><a href="#[68]">FLEXIO2_IRQHandler</a> from startup_mimxrt1052.o(.text) referenced from startup_mimxrt1052.o(RESET)
 <LI><a href="#[33]">FLEXRAM_IRQHandler</a> from startup_mimxrt1052.o(.text) referenced from startup_mimxrt1052.o(RESET)
 <LI><a href="#[db]">FLEXSPI_DriverIRQHandler</a> from startup_mimxrt1052.o(.text) referenced from startup_mimxrt1052.o(.text)
 <LI><a href="#[79]">FLEXSPI_IRQHandler</a> from startup_mimxrt1052.o(.text) referenced from startup_mimxrt1052.o(RESET)
 <LI><a href="#[6e]">GPC_IRQHandler</a> from startup_mimxrt1052.o(.text) referenced from startup_mimxrt1052.o(RESET)
 <LI><a href="#[5d]">GPIO1_Combined_0_15_IRQHandler</a> from startup_mimxrt1052.o(.text) referenced from startup_mimxrt1052.o(RESET)
 <LI><a href="#[5e]">GPIO1_Combined_16_31_IRQHandler</a> from startup_mimxrt1052.o(.text) referenced from startup_mimxrt1052.o(RESET)
 <LI><a href="#[55]">GPIO1_INT0_IRQHandler</a> from startup_mimxrt1052.o(.text) referenced from startup_mimxrt1052.o(RESET)
 <LI><a href="#[56]">GPIO1_INT1_IRQHandler</a> from startup_mimxrt1052.o(.text) referenced from startup_mimxrt1052.o(RESET)
 <LI><a href="#[57]">GPIO1_INT2_IRQHandler</a> from startup_mimxrt1052.o(.text) referenced from startup_mimxrt1052.o(RESET)
 <LI><a href="#[58]">GPIO1_INT3_IRQHandler</a> from startup_mimxrt1052.o(.text) referenced from startup_mimxrt1052.o(RESET)
 <LI><a href="#[59]">GPIO1_INT4_IRQHandler</a> from startup_mimxrt1052.o(.text) referenced from startup_mimxrt1052.o(RESET)
 <LI><a href="#[5a]">GPIO1_INT5_IRQHandler</a> from startup_mimxrt1052.o(.text) referenced from startup_mimxrt1052.o(RESET)
 <LI><a href="#[5b]">GPIO1_INT6_IRQHandler</a> from startup_mimxrt1052.o(.text) referenced from startup_mimxrt1052.o(RESET)
 <LI><a href="#[5c]">GPIO1_INT7_IRQHandler</a> from startup_mimxrt1052.o(.text) referenced from startup_mimxrt1052.o(RESET)
 <LI><a href="#[5f]">GPIO2_Combined_0_15_IRQHandler</a> from startup_mimxrt1052.o(.text) referenced from startup_mimxrt1052.o(RESET)
 <LI><a href="#[60]">GPIO2_Combined_16_31_IRQHandler</a> from startup_mimxrt1052.o(.text) referenced from startup_mimxrt1052.o(RESET)
 <LI><a href="#[61]">GPIO3_Combined_0_15_IRQHandler</a> from startup_mimxrt1052.o(.text) referenced from startup_mimxrt1052.o(RESET)
 <LI><a href="#[62]">GPIO3_Combined_16_31_IRQHandler</a> from startup_mimxrt1052.o(.text) referenced from startup_mimxrt1052.o(RESET)
 <LI><a href="#[63]">GPIO4_Combined_0_15_IRQHandler</a> from startup_mimxrt1052.o(.text) referenced from startup_mimxrt1052.o(RESET)
 <LI><a href="#[64]">GPIO4_Combined_16_31_IRQHandler</a> from startup_mimxrt1052.o(.text) referenced from startup_mimxrt1052.o(RESET)
 <LI><a href="#[65]">GPIO5_Combined_0_15_IRQHandler</a> from startup_mimxrt1052.o(.text) referenced from startup_mimxrt1052.o(RESET)
 <LI><a href="#[66]">GPIO5_Combined_16_31_IRQHandler</a> from startup_mimxrt1052.o(.text) referenced from startup_mimxrt1052.o(RESET)
 <LI><a href="#[36]">GPR_IRQ_IRQHandler</a> from startup_mimxrt1052.o(.text) referenced from startup_mimxrt1052.o(RESET)
 <LI><a href="#[71]">GPT1_IRQHandler</a> from startup_mimxrt1052.o(.text) referenced from startup_mimxrt1052.o(RESET)
 <LI><a href="#[72]">GPT2_IRQHandler</a> from startup_mimxrt1052.o(.text) referenced from startup_mimxrt1052.o(RESET)
 <LI><a href="#[5]">HardFault_Handler</a> from startup_mimxrt1052.o(.text) referenced from startup_mimxrt1052.o(RESET)
 <LI><a href="#[34]">KPP_IRQHandler</a> from startup_mimxrt1052.o(.text) referenced from startup_mimxrt1052.o(RESET)
 <LI><a href="#[37]">LCDIF_IRQHandler</a> from startup_mimxrt1052.o(.text) referenced from startup_mimxrt1052.o(RESET)
 <LI><a href="#[ca]">LPI2C1_DriverIRQHandler</a> from startup_mimxrt1052.o(.text) referenced from startup_mimxrt1052.o(.text)
 <LI><a href="#[29]">LPI2C1_IRQHandler</a> from startup_mimxrt1052.o(.text) referenced from startup_mimxrt1052.o(RESET)
 <LI><a href="#[cb]">LPI2C2_DriverIRQHandler</a> from startup_mimxrt1052.o(.text) referenced from startup_mimxrt1052.o(.text)
 <LI><a href="#[2a]">LPI2C2_IRQHandler</a> from startup_mimxrt1052.o(.text) referenced from startup_mimxrt1052.o(RESET)
 <LI><a href="#[cc]">LPI2C3_DriverIRQHandler</a> from startup_mimxrt1052.o(.text) referenced from startup_mimxrt1052.o(.text)
 <LI><a href="#[2b]">LPI2C3_IRQHandler</a> from startup_mimxrt1052.o(.text) referenced from startup_mimxrt1052.o(RESET)
 <LI><a href="#[cd]">LPI2C4_DriverIRQHandler</a> from startup_mimxrt1052.o(.text) referenced from startup_mimxrt1052.o(.text)
 <LI><a href="#[2c]">LPI2C4_IRQHandler</a> from startup_mimxrt1052.o(.text) referenced from startup_mimxrt1052.o(RESET)
 <LI><a href="#[ce]">LPSPI1_DriverIRQHandler</a> from startup_mimxrt1052.o(.text) referenced from startup_mimxrt1052.o(.text)
 <LI><a href="#[2d]">LPSPI1_IRQHandler</a> from startup_mimxrt1052.o(.text) referenced from startup_mimxrt1052.o(RESET)
 <LI><a href="#[cf]">LPSPI2_DriverIRQHandler</a> from startup_mimxrt1052.o(.text) referenced from startup_mimxrt1052.o(.text)
 <LI><a href="#[2e]">LPSPI2_IRQHandler</a> from startup_mimxrt1052.o(.text) referenced from startup_mimxrt1052.o(RESET)
 <LI><a href="#[d0]">LPSPI3_DriverIRQHandler</a> from startup_mimxrt1052.o(.text) referenced from startup_mimxrt1052.o(.text)
 <LI><a href="#[2f]">LPSPI3_IRQHandler</a> from startup_mimxrt1052.o(.text) referenced from startup_mimxrt1052.o(RESET)
 <LI><a href="#[d1]">LPSPI4_DriverIRQHandler</a> from startup_mimxrt1052.o(.text) referenced from startup_mimxrt1052.o(.text)
 <LI><a href="#[30]">LPSPI4_IRQHandler</a> from startup_mimxrt1052.o(.text) referenced from startup_mimxrt1052.o(RESET)
 <LI><a href="#[c2]">LPUART1_DriverIRQHandler</a> from fsl_lpuart.o(i.LPUART1_DriverIRQHandler) referenced from startup_mimxrt1052.o(.text)
 <LI><a href="#[21]">LPUART1_IRQHandler</a> from startup_mimxrt1052.o(.text) referenced from startup_mimxrt1052.o(RESET)
 <LI><a href="#[c3]">LPUART2_DriverIRQHandler</a> from fsl_lpuart.o(i.LPUART2_DriverIRQHandler) referenced from startup_mimxrt1052.o(.text)
 <LI><a href="#[22]">LPUART2_IRQHandler</a> from startup_mimxrt1052.o(.text) referenced from startup_mimxrt1052.o(RESET)
 <LI><a href="#[c4]">LPUART3_DriverIRQHandler</a> from fsl_lpuart.o(i.LPUART3_DriverIRQHandler) referenced from startup_mimxrt1052.o(.text)
 <LI><a href="#[23]">LPUART3_IRQHandler</a> from startup_mimxrt1052.o(.text) referenced from startup_mimxrt1052.o(RESET)
 <LI><a href="#[c5]">LPUART4_DriverIRQHandler</a> from fsl_lpuart.o(i.LPUART4_DriverIRQHandler) referenced from startup_mimxrt1052.o(.text)
 <LI><a href="#[24]">LPUART4_IRQHandler</a> from startup_mimxrt1052.o(.text) referenced from startup_mimxrt1052.o(RESET)
 <LI><a href="#[c6]">LPUART5_DriverIRQHandler</a> from fsl_lpuart.o(i.LPUART5_DriverIRQHandler) referenced from startup_mimxrt1052.o(.text)
 <LI><a href="#[25]">LPUART5_IRQHandler</a> from startup_mimxrt1052.o(.text) referenced from startup_mimxrt1052.o(RESET)
 <LI><a href="#[c7]">LPUART6_DriverIRQHandler</a> from fsl_lpuart.o(i.LPUART6_DriverIRQHandler) referenced from startup_mimxrt1052.o(.text)
 <LI><a href="#[26]">LPUART6_IRQHandler</a> from startup_mimxrt1052.o(.text) referenced from startup_mimxrt1052.o(RESET)
 <LI><a href="#[c8]">LPUART7_DriverIRQHandler</a> from fsl_lpuart.o(i.LPUART7_DriverIRQHandler) referenced from startup_mimxrt1052.o(.text)
 <LI><a href="#[27]">LPUART7_IRQHandler</a> from startup_mimxrt1052.o(.text) referenced from startup_mimxrt1052.o(RESET)
 <LI><a href="#[c9]">LPUART8_DriverIRQHandler</a> from fsl_lpuart.o(i.LPUART8_DriverIRQHandler) referenced from startup_mimxrt1052.o(.text)
 <LI><a href="#[28]">LPUART8_IRQHandler</a> from startup_mimxrt1052.o(.text) referenced from startup_mimxrt1052.o(RESET)
 <LI><a href="#[6]">MemManage_Handler</a> from startup_mimxrt1052.o(.text) referenced from startup_mimxrt1052.o(RESET)
 <LI><a href="#[4]">NMI_Handler</a> from startup_mimxrt1052.o(.text) referenced from startup_mimxrt1052.o(RESET)
 <LI><a href="#[ac]">NMI_WAKEUP_IRQHandler</a> from startup_mimxrt1052.o(.text) referenced from startup_mimxrt1052.o(RESET)
 <LI><a href="#[87]">PIT_IRQHandler</a> from startup_mimxrt1052.o(.text) referenced from startup_mimxrt1052.o(RESET)
 <LI><a href="#[73]">PWM1_0_IRQHandler</a> from startup_mimxrt1052.o(.text) referenced from startup_mimxrt1052.o(RESET)
 <LI><a href="#[74]">PWM1_1_IRQHandler</a> from startup_mimxrt1052.o(.text) referenced from startup_mimxrt1052.o(RESET)
 <LI><a href="#[75]">PWM1_2_IRQHandler</a> from startup_mimxrt1052.o(.text) referenced from startup_mimxrt1052.o(RESET)
 <LI><a href="#[76]">PWM1_3_IRQHandler</a> from startup_mimxrt1052.o(.text) referenced from startup_mimxrt1052.o(RESET)
 <LI><a href="#[77]">PWM1_FAULT_IRQHandler</a> from startup_mimxrt1052.o(.text) referenced from startup_mimxrt1052.o(RESET)
 <LI><a href="#[96]">PWM2_0_IRQHandler</a> from startup_mimxrt1052.o(.text) referenced from startup_mimxrt1052.o(RESET)
 <LI><a href="#[97]">PWM2_1_IRQHandler</a> from startup_mimxrt1052.o(.text) referenced from startup_mimxrt1052.o(RESET)
 <LI><a href="#[98]">PWM2_2_IRQHandler</a> from startup_mimxrt1052.o(.text) referenced from startup_mimxrt1052.o(RESET)
 <LI><a href="#[99]">PWM2_3_IRQHandler</a> from startup_mimxrt1052.o(.text) referenced from startup_mimxrt1052.o(RESET)
 <LI><a href="#[9a]">PWM2_FAULT_IRQHandler</a> from startup_mimxrt1052.o(.text) referenced from startup_mimxrt1052.o(RESET)
 <LI><a href="#[9b]">PWM3_0_IRQHandler</a> from startup_mimxrt1052.o(.text) referenced from startup_mimxrt1052.o(RESET)
 <LI><a href="#[9c]">PWM3_1_IRQHandler</a> from startup_mimxrt1052.o(.text) referenced from startup_mimxrt1052.o(RESET)
 <LI><a href="#[9d]">PWM3_2_IRQHandler</a> from startup_mimxrt1052.o(.text) referenced from startup_mimxrt1052.o(RESET)
 <LI><a href="#[9e]">PWM3_3_IRQHandler</a> from startup_mimxrt1052.o(.text) referenced from startup_mimxrt1052.o(RESET)
 <LI><a href="#[9f]">PWM3_FAULT_IRQHandler</a> from startup_mimxrt1052.o(.text) referenced from startup_mimxrt1052.o(RESET)
 <LI><a href="#[a0]">PWM4_0_IRQHandler</a> from startup_mimxrt1052.o(.text) referenced from startup_mimxrt1052.o(RESET)
 <LI><a href="#[a1]">PWM4_1_IRQHandler</a> from startup_mimxrt1052.o(.text) referenced from startup_mimxrt1052.o(RESET)
 <LI><a href="#[a2]">PWM4_2_IRQHandler</a> from startup_mimxrt1052.o(.text) referenced from startup_mimxrt1052.o(RESET)
 <LI><a href="#[a3]">PWM4_3_IRQHandler</a> from startup_mimxrt1052.o(.text) referenced from startup_mimxrt1052.o(RESET)
 <LI><a href="#[a4]">PWM4_FAULT_IRQHandler</a> from startup_mimxrt1052.o(.text) referenced from startup_mimxrt1052.o(RESET)
 <LI><a href="#[39]">PXP_IRQHandler</a> from startup_mimxrt1052.o(.text) referenced from startup_mimxrt1052.o(RESET)
 <LI><a href="#[b]">PendSV_Handler</a> from startup_mimxrt1052.o(.text) referenced from startup_mimxrt1052.o(RESET)
 <LI><a href="#[6a]">RTWDOG_IRQHandler</a> from startup_mimxrt1052.o(.text) referenced from startup_mimxrt1052.o(RESET)
 <LI><a href="#[70]">Reserved115_IRQHandler</a> from startup_mimxrt1052.o(.text) referenced from startup_mimxrt1052.o(RESET)
 <LI><a href="#[78]">Reserved123_IRQHandler</a> from startup_mimxrt1052.o(.text) referenced from startup_mimxrt1052.o(RESET)
 <LI><a href="#[8c]">Reserved143_IRQHandler</a> from startup_mimxrt1052.o(.text) referenced from startup_mimxrt1052.o(RESET)
 <LI><a href="#[8d]">Reserved144_IRQHandler</a> from startup_mimxrt1052.o(.text) referenced from startup_mimxrt1052.o(RESET)
 <LI><a href="#[a5]">Reserved168_IRQHandler</a> from startup_mimxrt1052.o(.text) referenced from startup_mimxrt1052.o(RESET)
 <LI><a href="#[a6]">Reserved169_IRQHandler</a> from startup_mimxrt1052.o(.text) referenced from startup_mimxrt1052.o(RESET)
 <LI><a href="#[a7]">Reserved170_IRQHandler</a> from startup_mimxrt1052.o(.text) referenced from startup_mimxrt1052.o(RESET)
 <LI><a href="#[a8]">Reserved171_IRQHandler</a> from startup_mimxrt1052.o(.text) referenced from startup_mimxrt1052.o(RESET)
 <LI><a href="#[a9]">Reserved172_IRQHandler</a> from startup_mimxrt1052.o(.text) referenced from startup_mimxrt1052.o(RESET)
 <LI><a href="#[aa]">Reserved173_IRQHandler</a> from startup_mimxrt1052.o(.text) referenced from startup_mimxrt1052.o(RESET)
 <LI><a href="#[41]">Reserved68_IRQHandler</a> from startup_mimxrt1052.o(.text) referenced from startup_mimxrt1052.o(RESET)
 <LI><a href="#[53]">Reserved86_IRQHandler</a> from startup_mimxrt1052.o(.text) referenced from startup_mimxrt1052.o(RESET)
 <LI><a href="#[54]">Reserved87_IRQHandler</a> from startup_mimxrt1052.o(.text) referenced from startup_mimxrt1052.o(RESET)
 <LI><a href="#[3]">Reset_Handler</a> from startup_mimxrt1052.o(.text) referenced from startup_mimxrt1052.o(RESET)
 <LI><a href="#[d4]">SAI1_DriverIRQHandler</a> from startup_mimxrt1052.o(.text) referenced from startup_mimxrt1052.o(.text)
 <LI><a href="#[45]">SAI1_IRQHandler</a> from startup_mimxrt1052.o(.text) referenced from startup_mimxrt1052.o(RESET)
 <LI><a href="#[d5]">SAI2_DriverIRQHandler</a> from startup_mimxrt1052.o(.text) referenced from startup_mimxrt1052.o(.text)
 <LI><a href="#[46]">SAI2_IRQHandler</a> from startup_mimxrt1052.o(.text) referenced from startup_mimxrt1052.o(RESET)
 <LI><a href="#[d6]">SAI3_RX_DriverIRQHandler</a> from startup_mimxrt1052.o(.text) referenced from startup_mimxrt1052.o(.text)
 <LI><a href="#[47]">SAI3_RX_IRQHandler</a> from startup_mimxrt1052.o(.text) referenced from startup_mimxrt1052.o(RESET)
 <LI><a href="#[d7]">SAI3_TX_DriverIRQHandler</a> from startup_mimxrt1052.o(.text) referenced from startup_mimxrt1052.o(.text)
 <LI><a href="#[48]">SAI3_TX_IRQHandler</a> from startup_mimxrt1052.o(.text) referenced from startup_mimxrt1052.o(RESET)
 <LI><a href="#[7a]">SEMC_IRQHandler</a> from startup_mimxrt1052.o(.text) referenced from startup_mimxrt1052.o(RESET)
 <LI><a href="#[ab]">SJC_ARM_DEBUG_IRQHandler</a> from startup_mimxrt1052.o(.text) referenced from startup_mimxrt1052.o(RESET)
 <LI><a href="#[43]">SJC_IRQHandler</a> from startup_mimxrt1052.o(.text) referenced from startup_mimxrt1052.o(RESET)
 <LI><a href="#[3b]">SNVS_HP_WRAPPER_IRQHandler</a> from startup_mimxrt1052.o(.text) referenced from startup_mimxrt1052.o(RESET)
 <LI><a href="#[3c]">SNVS_HP_WRAPPER_TZ_IRQHandler</a> from startup_mimxrt1052.o(.text) referenced from startup_mimxrt1052.o(RESET)
 <LI><a href="#[3d]">SNVS_LP_WRAPPER_IRQHandler</a> from startup_mimxrt1052.o(.text) referenced from startup_mimxrt1052.o(RESET)
 <LI><a href="#[d8]">SPDIF_DriverIRQHandler</a> from startup_mimxrt1052.o(.text) referenced from startup_mimxrt1052.o(.text)
 <LI><a href="#[49]">SPDIF_IRQHandler</a> from startup_mimxrt1052.o(.text) referenced from startup_mimxrt1052.o(RESET)
 <LI><a href="#[6f]">SRC_IRQHandler</a> from startup_mimxrt1052.o(.text) referenced from startup_mimxrt1052.o(RESET)
 <LI><a href="#[9]">SVC_Handler</a> from startup_mimxrt1052.o(.text) referenced from startup_mimxrt1052.o(RESET)
 <LI><a href="#[c]">SysTick_Handler</a> from startup_mimxrt1052.o(.text) referenced from startup_mimxrt1052.o(RESET)
 <LI><a href="#[af]">SystemInit</a> from system_mimxrt1052.o(i.SystemInit) referenced from startup_mimxrt1052.o(.text)
 <LI><a href="#[92]">TMR1_IRQHandler</a> from startup_mimxrt1052.o(.text) referenced from startup_mimxrt1052.o(RESET)
 <LI><a href="#[93]">TMR2_IRQHandler</a> from startup_mimxrt1052.o(.text) referenced from startup_mimxrt1052.o(RESET)
 <LI><a href="#[94]">TMR3_IRQHandler</a> from startup_mimxrt1052.o(.text) referenced from startup_mimxrt1052.o(RESET)
 <LI><a href="#[95]">TMR4_IRQHandler</a> from startup_mimxrt1052.o(.text) referenced from startup_mimxrt1052.o(RESET)
 <LI><a href="#[42]">TRNG_IRQHandler</a> from startup_mimxrt1052.o(.text) referenced from startup_mimxrt1052.o(RESET)
 <LI><a href="#[35]">TSC_DIG_IRQHandler</a> from startup_mimxrt1052.o(.text) referenced from startup_mimxrt1052.o(RESET)
 <LI><a href="#[1]">USB_DeviceCallback</a> from virtual_com.o(i.USB_DeviceCallback) referenced 2 times from virtual_com.o(.data)
 <LI><a href="#[e2]">USB_DeviceCdcAcmBulkIn</a> from usb_device_cdc_acm.o(i.USB_DeviceCdcAcmBulkIn) referenced from usb_device_cdc_acm.o(i.USB_DeviceCdcAcmEndpointsInit)
 <LI><a href="#[e3]">USB_DeviceCdcAcmBulkOut</a> from usb_device_cdc_acm.o(i.USB_DeviceCdcAcmBulkOut) referenced from usb_device_cdc_acm.o(i.USB_DeviceCdcAcmEndpointsInit)
 <LI><a href="#[f6]">USB_DeviceCdcAcmDeinit</a> from usb_device_cdc_acm.o(i.USB_DeviceCdcAcmDeinit) referenced from usb_device_class.o(.constdata)
 <LI><a href="#[f7]">USB_DeviceCdcAcmEvent</a> from usb_device_cdc_acm.o(i.USB_DeviceCdcAcmEvent) referenced from usb_device_class.o(.constdata)
 <LI><a href="#[f5]">USB_DeviceCdcAcmInit</a> from usb_device_cdc_acm.o(i.USB_DeviceCdcAcmInit) referenced from usb_device_class.o(.constdata)
 <LI><a href="#[e1]">USB_DeviceCdcAcmInterruptIn</a> from usb_device_cdc_acm.o(i.USB_DeviceCdcAcmInterruptIn) referenced from usb_device_cdc_acm.o(i.USB_DeviceCdcAcmEndpointsInit)
 <LI><a href="#[2]">USB_DeviceCdcVcomCallback</a> from virtual_com.o(i.USB_DeviceCdcVcomCallback) referenced 2 times from virtual_com.o(.data)
 <LI><a href="#[f0]">USB_DeviceCh9GetConfiguration</a> from usb_device_ch9.o(i.USB_DeviceCh9GetConfiguration) referenced from usb_device_ch9.o(.constdata)
 <LI><a href="#[ef]">USB_DeviceCh9GetDescriptor</a> from usb_device_ch9.o(i.USB_DeviceCh9GetDescriptor) referenced from usb_device_ch9.o(.constdata)
 <LI><a href="#[f2]">USB_DeviceCh9GetInterface</a> from usb_device_ch9.o(i.USB_DeviceCh9GetInterface) referenced from usb_device_ch9.o(.constdata)
 <LI><a href="#[ec]">USB_DeviceCh9GetStatus</a> from usb_device_ch9.o(i.USB_DeviceCh9GetStatus) referenced from usb_device_ch9.o(.constdata)
 <LI><a href="#[ee]">USB_DeviceCh9SetAddress</a> from usb_device_ch9.o(i.USB_DeviceCh9SetAddress) referenced from usb_device_ch9.o(.constdata)
 <LI><a href="#[ed]">USB_DeviceCh9SetClearFeature</a> from usb_device_ch9.o(i.USB_DeviceCh9SetClearFeature) referenced 2 times from usb_device_ch9.o(.constdata)
 <LI><a href="#[f1]">USB_DeviceCh9SetConfiguration</a> from usb_device_ch9.o(i.USB_DeviceCh9SetConfiguration) referenced from usb_device_ch9.o(.constdata)
 <LI><a href="#[f3]">USB_DeviceCh9SetInterface</a> from usb_device_ch9.o(i.USB_DeviceCh9SetInterface) referenced from usb_device_ch9.o(.constdata)
 <LI><a href="#[f4]">USB_DeviceCh9SynchFrame</a> from usb_device_ch9.o(i.USB_DeviceCh9SynchFrame) referenced from usb_device_ch9.o(.constdata)
 <LI><a href="#[e4]">USB_DeviceClassCallback</a> from usb_device_class.o(i.USB_DeviceClassCallback) referenced from usb_device_class.o(i.USB_DeviceClassInit)
 <LI><a href="#[e5]">USB_DeviceControlCallback</a> from usb_device_ch9.o(i.USB_DeviceControlCallback) referenced from usb_device_ch9.o(i.USB_DeviceControlPipeInit)
 <LI><a href="#[ea]">USB_DeviceEhciCancel</a> from usb_device_ehci.o(i.USB_DeviceEhciCancel) referenced from usb_device_dci.o(.constdata)
 <LI><a href="#[eb]">USB_DeviceEhciControl</a> from usb_device_ehci.o(i.USB_DeviceEhciControl) referenced from usb_device_dci.o(.constdata)
 <LI><a href="#[e7]">USB_DeviceEhciDeinit</a> from usb_device_ehci.o(i.USB_DeviceEhciDeinit) referenced from usb_device_dci.o(.constdata)
 <LI><a href="#[e6]">USB_DeviceEhciInit</a> from usb_device_ehci.o(i.USB_DeviceEhciInit) referenced from usb_device_dci.o(.constdata)
 <LI><a href="#[e9]">USB_DeviceEhciRecv</a> from usb_device_ehci.o(i.USB_DeviceEhciRecv) referenced from usb_device_dci.o(.constdata)
 <LI><a href="#[e8]">USB_DeviceEhciSend</a> from usb_device_ehci.o(i.USB_DeviceEhciSend) referenced from usb_device_dci.o(.constdata)
 <LI><a href="#[7e]">USB_OTG1_IRQHandler</a> from virtual_com.o(i.USB_OTG1_IRQHandler) referenced from startup_mimxrt1052.o(RESET)
 <LI><a href="#[7d]">USB_OTG2_IRQHandler</a> from virtual_com.o(i.USB_OTG2_IRQHandler) referenced from startup_mimxrt1052.o(RESET)
 <LI><a href="#[4e]">USB_PHY1_IRQHandler</a> from startup_mimxrt1052.o(.text) referenced from startup_mimxrt1052.o(RESET)
 <LI><a href="#[4f]">USB_PHY2_IRQHandler</a> from startup_mimxrt1052.o(.text) referenced from startup_mimxrt1052.o(RESET)
 <LI><a href="#[dc]">USDHC1_DriverIRQHandler</a> from startup_mimxrt1052.o(.text) referenced from startup_mimxrt1052.o(.text)
 <LI><a href="#[7b]">USDHC1_IRQHandler</a> from startup_mimxrt1052.o(.text) referenced from startup_mimxrt1052.o(RESET)
 <LI><a href="#[dd]">USDHC2_DriverIRQHandler</a> from startup_mimxrt1052.o(.text) referenced from startup_mimxrt1052.o(.text)
 <LI><a href="#[7c]">USDHC2_IRQHandler</a> from startup_mimxrt1052.o(.text) referenced from startup_mimxrt1052.o(RESET)
 <LI><a href="#[8]">UsageFault_Handler</a> from startup_mimxrt1052.o(.text) referenced from startup_mimxrt1052.o(RESET)
 <LI><a href="#[69]">WDOG1_IRQHandler</a> from startup_mimxrt1052.o(.text) referenced from startup_mimxrt1052.o(RESET)
 <LI><a href="#[3a]">WDOG2_IRQHandler</a> from startup_mimxrt1052.o(.text) referenced from startup_mimxrt1052.o(RESET)
 <LI><a href="#[81]">XBAR1_IRQ_0_1_IRQHandler</a> from startup_mimxrt1052.o(.text) referenced from startup_mimxrt1052.o(RESET)
 <LI><a href="#[82]">XBAR1_IRQ_2_3_IRQHandler</a> from startup_mimxrt1052.o(.text) referenced from startup_mimxrt1052.o(RESET)
 <LI><a href="#[b0]">__main</a> from entry.o(.ARM.Collect$$$$00000000) referenced from startup_mimxrt1052.o(.text)
 <LI><a href="#[ae]">main</a> from virtual_com.o(i.main) referenced from entry9a.o(.ARM.Collect$$$$0000000B)
</UL>
<P>
<H3>
Global Symbols
</H3>
<P><STRONG><a name="[b0]"></a>__main</STRONG> (Thumb, 0 bytes, Stack size unknown bytes, entry.o(.ARM.Collect$$$$00000000))
<BR>[Address Reference Count : 1]<UL><LI> startup_mimxrt1052.o(.text)
</UL>
<P><STRONG><a name="[15c]"></a>_main_stk</STRONG> (Thumb, 0 bytes, Stack size unknown bytes, entry4.o(.ARM.Collect$$$$00000003))

<P><STRONG><a name="[f8]"></a>_main_scatterload</STRONG> (Thumb, 0 bytes, Stack size unknown bytes, entry5.o(.ARM.Collect$$$$00000004))
<BR><BR>[Calls]<UL><LI><a href="#[f9]">&gt;&gt;</a>&nbsp;&nbsp;&nbsp;__scatterload
</UL>

<P><STRONG><a name="[100]"></a>__main_after_scatterload</STRONG> (Thumb, 0 bytes, Stack size unknown bytes, entry5.o(.ARM.Collect$$$$00000004))
<BR><BR>[Called By]<UL><LI><a href="#[f9]">&gt;&gt;</a>&nbsp;&nbsp;&nbsp;__scatterload
</UL>

<P><STRONG><a name="[15d]"></a>_main_clock</STRONG> (Thumb, 0 bytes, Stack size unknown bytes, entry7b.o(.ARM.Collect$$$$00000008))

<P><STRONG><a name="[15e]"></a>_main_cpp_init</STRONG> (Thumb, 0 bytes, Stack size unknown bytes, entry8b.o(.ARM.Collect$$$$0000000A))

<P><STRONG><a name="[15f]"></a>_main_init</STRONG> (Thumb, 0 bytes, Stack size unknown bytes, entry9a.o(.ARM.Collect$$$$0000000B))

<P><STRONG><a name="[160]"></a>__rt_final_cpp</STRONG> (Thumb, 0 bytes, Stack size unknown bytes, entry10a.o(.ARM.Collect$$$$0000000D))

<P><STRONG><a name="[161]"></a>__rt_final_exit</STRONG> (Thumb, 0 bytes, Stack size unknown bytes, entry11a.o(.ARM.Collect$$$$0000000F))

<P><STRONG><a name="[3]"></a>Reset_Handler</STRONG> (Thumb, 24 bytes, Stack size 0 bytes, startup_mimxrt1052.o(.text))
<BR>[Address Reference Count : 1]<UL><LI> startup_mimxrt1052.o(RESET)
</UL>
<P><STRONG><a name="[4]"></a>NMI_Handler</STRONG> (Thumb, 2 bytes, Stack size 0 bytes, startup_mimxrt1052.o(.text))
<BR><BR>[Calls]<UL><LI><a href="#[4]">&gt;&gt;</a>&nbsp;&nbsp;&nbsp;NMI_Handler
</UL>
<BR>[Called By]<UL><LI><a href="#[4]">&gt;&gt;</a>&nbsp;&nbsp;&nbsp;NMI_Handler
</UL>
<BR>[Address Reference Count : 1]<UL><LI> startup_mimxrt1052.o(RESET)
</UL>
<P><STRONG><a name="[5]"></a>HardFault_Handler</STRONG> (Thumb, 2 bytes, Stack size 0 bytes, startup_mimxrt1052.o(.text))
<BR><BR>[Calls]<UL><LI><a href="#[5]">&gt;&gt;</a>&nbsp;&nbsp;&nbsp;HardFault_Handler
</UL>
<BR>[Called By]<UL><LI><a href="#[5]">&gt;&gt;</a>&nbsp;&nbsp;&nbsp;HardFault_Handler
</UL>
<BR>[Address Reference Count : 1]<UL><LI> startup_mimxrt1052.o(RESET)
</UL>
<P><STRONG><a name="[6]"></a>MemManage_Handler</STRONG> (Thumb, 2 bytes, Stack size 0 bytes, startup_mimxrt1052.o(.text))
<BR><BR>[Calls]<UL><LI><a href="#[6]">&gt;&gt;</a>&nbsp;&nbsp;&nbsp;MemManage_Handler
</UL>
<BR>[Called By]<UL><LI><a href="#[6]">&gt;&gt;</a>&nbsp;&nbsp;&nbsp;MemManage_Handler
</UL>
<BR>[Address Reference Count : 1]<UL><LI> startup_mimxrt1052.o(RESET)
</UL>
<P><STRONG><a name="[7]"></a>BusFault_Handler</STRONG> (Thumb, 2 bytes, Stack size 0 bytes, startup_mimxrt1052.o(.text))
<BR><BR>[Calls]<UL><LI><a href="#[7]">&gt;&gt;</a>&nbsp;&nbsp;&nbsp;BusFault_Handler
</UL>
<BR>[Called By]<UL><LI><a href="#[7]">&gt;&gt;</a>&nbsp;&nbsp;&nbsp;BusFault_Handler
</UL>
<BR>[Address Reference Count : 1]<UL><LI> startup_mimxrt1052.o(RESET)
</UL>
<P><STRONG><a name="[8]"></a>UsageFault_Handler</STRONG> (Thumb, 2 bytes, Stack size 0 bytes, startup_mimxrt1052.o(.text))
<BR><BR>[Calls]<UL><LI><a href="#[8]">&gt;&gt;</a>&nbsp;&nbsp;&nbsp;UsageFault_Handler
</UL>
<BR>[Called By]<UL><LI><a href="#[8]">&gt;&gt;</a>&nbsp;&nbsp;&nbsp;UsageFault_Handler
</UL>
<BR>[Address Reference Count : 1]<UL><LI> startup_mimxrt1052.o(RESET)
</UL>
<P><STRONG><a name="[9]"></a>SVC_Handler</STRONG> (Thumb, 2 bytes, Stack size 0 bytes, startup_mimxrt1052.o(.text))
<BR><BR>[Calls]<UL><LI><a href="#[9]">&gt;&gt;</a>&nbsp;&nbsp;&nbsp;SVC_Handler
</UL>
<BR>[Called By]<UL><LI><a href="#[9]">&gt;&gt;</a>&nbsp;&nbsp;&nbsp;SVC_Handler
</UL>
<BR>[Address Reference Count : 1]<UL><LI> startup_mimxrt1052.o(RESET)
</UL>
<P><STRONG><a name="[a]"></a>DebugMon_Handler</STRONG> (Thumb, 2 bytes, Stack size 0 bytes, startup_mimxrt1052.o(.text))
<BR><BR>[Calls]<UL><LI><a href="#[a]">&gt;&gt;</a>&nbsp;&nbsp;&nbsp;DebugMon_Handler
</UL>
<BR>[Called By]<UL><LI><a href="#[a]">&gt;&gt;</a>&nbsp;&nbsp;&nbsp;DebugMon_Handler
</UL>
<BR>[Address Reference Count : 1]<UL><LI> startup_mimxrt1052.o(RESET)
</UL>
<P><STRONG><a name="[b]"></a>PendSV_Handler</STRONG> (Thumb, 2 bytes, Stack size 0 bytes, startup_mimxrt1052.o(.text))
<BR><BR>[Calls]<UL><LI><a href="#[b]">&gt;&gt;</a>&nbsp;&nbsp;&nbsp;PendSV_Handler
</UL>
<BR>[Called By]<UL><LI><a href="#[b]">&gt;&gt;</a>&nbsp;&nbsp;&nbsp;PendSV_Handler
</UL>
<BR>[Address Reference Count : 1]<UL><LI> startup_mimxrt1052.o(RESET)
</UL>
<P><STRONG><a name="[c]"></a>SysTick_Handler</STRONG> (Thumb, 2 bytes, Stack size 0 bytes, startup_mimxrt1052.o(.text))
<BR><BR>[Calls]<UL><LI><a href="#[c]">&gt;&gt;</a>&nbsp;&nbsp;&nbsp;SysTick_Handler
</UL>
<BR>[Called By]<UL><LI><a href="#[c]">&gt;&gt;</a>&nbsp;&nbsp;&nbsp;SysTick_Handler
</UL>
<BR>[Address Reference Count : 1]<UL><LI> startup_mimxrt1052.o(RESET)
</UL>
<P><STRONG><a name="[d]"></a>DMA0_DMA16_IRQHandler</STRONG> (Thumb, 4 bytes, Stack size 0 bytes, startup_mimxrt1052.o(.text))
<BR>[Address Reference Count : 1]<UL><LI> startup_mimxrt1052.o(RESET)
</UL>
<P><STRONG><a name="[e]"></a>DMA1_DMA17_IRQHandler</STRONG> (Thumb, 4 bytes, Stack size 0 bytes, startup_mimxrt1052.o(.text))
<BR>[Address Reference Count : 1]<UL><LI> startup_mimxrt1052.o(RESET)
</UL>
<P><STRONG><a name="[f]"></a>DMA2_DMA18_IRQHandler</STRONG> (Thumb, 4 bytes, Stack size 0 bytes, startup_mimxrt1052.o(.text))
<BR>[Address Reference Count : 1]<UL><LI> startup_mimxrt1052.o(RESET)
</UL>
<P><STRONG><a name="[10]"></a>DMA3_DMA19_IRQHandler</STRONG> (Thumb, 4 bytes, Stack size 0 bytes, startup_mimxrt1052.o(.text))
<BR>[Address Reference Count : 1]<UL><LI> startup_mimxrt1052.o(RESET)
</UL>
<P><STRONG><a name="[11]"></a>DMA4_DMA20_IRQHandler</STRONG> (Thumb, 4 bytes, Stack size 0 bytes, startup_mimxrt1052.o(.text))
<BR>[Address Reference Count : 1]<UL><LI> startup_mimxrt1052.o(RESET)
</UL>
<P><STRONG><a name="[12]"></a>DMA5_DMA21_IRQHandler</STRONG> (Thumb, 4 bytes, Stack size 0 bytes, startup_mimxrt1052.o(.text))
<BR>[Address Reference Count : 1]<UL><LI> startup_mimxrt1052.o(RESET)
</UL>
<P><STRONG><a name="[13]"></a>DMA6_DMA22_IRQHandler</STRONG> (Thumb, 4 bytes, Stack size 0 bytes, startup_mimxrt1052.o(.text))
<BR>[Address Reference Count : 1]<UL><LI> startup_mimxrt1052.o(RESET)
</UL>
<P><STRONG><a name="[14]"></a>DMA7_DMA23_IRQHandler</STRONG> (Thumb, 4 bytes, Stack size 0 bytes, startup_mimxrt1052.o(.text))
<BR>[Address Reference Count : 1]<UL><LI> startup_mimxrt1052.o(RESET)
</UL>
<P><STRONG><a name="[15]"></a>DMA8_DMA24_IRQHandler</STRONG> (Thumb, 4 bytes, Stack size 0 bytes, startup_mimxrt1052.o(.text))
<BR>[Address Reference Count : 1]<UL><LI> startup_mimxrt1052.o(RESET)
</UL>
<P><STRONG><a name="[16]"></a>DMA9_DMA25_IRQHandler</STRONG> (Thumb, 4 bytes, Stack size 0 bytes, startup_mimxrt1052.o(.text))
<BR>[Address Reference Count : 1]<UL><LI> startup_mimxrt1052.o(RESET)
</UL>
<P><STRONG><a name="[17]"></a>DMA10_DMA26_IRQHandler</STRONG> (Thumb, 4 bytes, Stack size 0 bytes, startup_mimxrt1052.o(.text))
<BR>[Address Reference Count : 1]<UL><LI> startup_mimxrt1052.o(RESET)
</UL>
<P><STRONG><a name="[18]"></a>DMA11_DMA27_IRQHandler</STRONG> (Thumb, 4 bytes, Stack size 0 bytes, startup_mimxrt1052.o(.text))
<BR>[Address Reference Count : 1]<UL><LI> startup_mimxrt1052.o(RESET)
</UL>
<P><STRONG><a name="[19]"></a>DMA12_DMA28_IRQHandler</STRONG> (Thumb, 4 bytes, Stack size 0 bytes, startup_mimxrt1052.o(.text))
<BR>[Address Reference Count : 1]<UL><LI> startup_mimxrt1052.o(RESET)
</UL>
<P><STRONG><a name="[1a]"></a>DMA13_DMA29_IRQHandler</STRONG> (Thumb, 4 bytes, Stack size 0 bytes, startup_mimxrt1052.o(.text))
<BR>[Address Reference Count : 1]<UL><LI> startup_mimxrt1052.o(RESET)
</UL>
<P><STRONG><a name="[1b]"></a>DMA14_DMA30_IRQHandler</STRONG> (Thumb, 4 bytes, Stack size 0 bytes, startup_mimxrt1052.o(.text))
<BR>[Address Reference Count : 1]<UL><LI> startup_mimxrt1052.o(RESET)
</UL>
<P><STRONG><a name="[1c]"></a>DMA15_DMA31_IRQHandler</STRONG> (Thumb, 4 bytes, Stack size 0 bytes, startup_mimxrt1052.o(.text))
<BR>[Address Reference Count : 1]<UL><LI> startup_mimxrt1052.o(RESET)
</UL>
<P><STRONG><a name="[1d]"></a>DMA_ERROR_IRQHandler</STRONG> (Thumb, 4 bytes, Stack size 0 bytes, startup_mimxrt1052.o(.text))
<BR>[Address Reference Count : 1]<UL><LI> startup_mimxrt1052.o(RESET)
</UL>
<P><STRONG><a name="[21]"></a>LPUART1_IRQHandler</STRONG> (Thumb, 4 bytes, Stack size 0 bytes, startup_mimxrt1052.o(.text))
<BR>[Address Reference Count : 1]<UL><LI> startup_mimxrt1052.o(RESET)
</UL>
<P><STRONG><a name="[22]"></a>LPUART2_IRQHandler</STRONG> (Thumb, 4 bytes, Stack size 0 bytes, startup_mimxrt1052.o(.text))
<BR>[Address Reference Count : 1]<UL><LI> startup_mimxrt1052.o(RESET)
</UL>
<P><STRONG><a name="[23]"></a>LPUART3_IRQHandler</STRONG> (Thumb, 4 bytes, Stack size 0 bytes, startup_mimxrt1052.o(.text))
<BR>[Address Reference Count : 1]<UL><LI> startup_mimxrt1052.o(RESET)
</UL>
<P><STRONG><a name="[24]"></a>LPUART4_IRQHandler</STRONG> (Thumb, 4 bytes, Stack size 0 bytes, startup_mimxrt1052.o(.text))
<BR>[Address Reference Count : 1]<UL><LI> startup_mimxrt1052.o(RESET)
</UL>
<P><STRONG><a name="[25]"></a>LPUART5_IRQHandler</STRONG> (Thumb, 4 bytes, Stack size 0 bytes, startup_mimxrt1052.o(.text))
<BR>[Address Reference Count : 1]<UL><LI> startup_mimxrt1052.o(RESET)
</UL>
<P><STRONG><a name="[26]"></a>LPUART6_IRQHandler</STRONG> (Thumb, 4 bytes, Stack size 0 bytes, startup_mimxrt1052.o(.text))
<BR>[Address Reference Count : 1]<UL><LI> startup_mimxrt1052.o(RESET)
</UL>
<P><STRONG><a name="[27]"></a>LPUART7_IRQHandler</STRONG> (Thumb, 4 bytes, Stack size 0 bytes, startup_mimxrt1052.o(.text))
<BR>[Address Reference Count : 1]<UL><LI> startup_mimxrt1052.o(RESET)
</UL>
<P><STRONG><a name="[28]"></a>LPUART8_IRQHandler</STRONG> (Thumb, 4 bytes, Stack size 0 bytes, startup_mimxrt1052.o(.text))
<BR>[Address Reference Count : 1]<UL><LI> startup_mimxrt1052.o(RESET)
</UL>
<P><STRONG><a name="[29]"></a>LPI2C1_IRQHandler</STRONG> (Thumb, 4 bytes, Stack size 0 bytes, startup_mimxrt1052.o(.text))
<BR>[Address Reference Count : 1]<UL><LI> startup_mimxrt1052.o(RESET)
</UL>
<P><STRONG><a name="[2a]"></a>LPI2C2_IRQHandler</STRONG> (Thumb, 4 bytes, Stack size 0 bytes, startup_mimxrt1052.o(.text))
<BR>[Address Reference Count : 1]<UL><LI> startup_mimxrt1052.o(RESET)
</UL>
<P><STRONG><a name="[2b]"></a>LPI2C3_IRQHandler</STRONG> (Thumb, 4 bytes, Stack size 0 bytes, startup_mimxrt1052.o(.text))
<BR>[Address Reference Count : 1]<UL><LI> startup_mimxrt1052.o(RESET)
</UL>
<P><STRONG><a name="[2c]"></a>LPI2C4_IRQHandler</STRONG> (Thumb, 4 bytes, Stack size 0 bytes, startup_mimxrt1052.o(.text))
<BR>[Address Reference Count : 1]<UL><LI> startup_mimxrt1052.o(RESET)
</UL>
<P><STRONG><a name="[2d]"></a>LPSPI1_IRQHandler</STRONG> (Thumb, 4 bytes, Stack size 0 bytes, startup_mimxrt1052.o(.text))
<BR>[Address Reference Count : 1]<UL><LI> startup_mimxrt1052.o(RESET)
</UL>
<P><STRONG><a name="[2e]"></a>LPSPI2_IRQHandler</STRONG> (Thumb, 4 bytes, Stack size 0 bytes, startup_mimxrt1052.o(.text))
<BR>[Address Reference Count : 1]<UL><LI> startup_mimxrt1052.o(RESET)
</UL>
<P><STRONG><a name="[2f]"></a>LPSPI3_IRQHandler</STRONG> (Thumb, 4 bytes, Stack size 0 bytes, startup_mimxrt1052.o(.text))
<BR>[Address Reference Count : 1]<UL><LI> startup_mimxrt1052.o(RESET)
</UL>
<P><STRONG><a name="[30]"></a>LPSPI4_IRQHandler</STRONG> (Thumb, 4 bytes, Stack size 0 bytes, startup_mimxrt1052.o(.text))
<BR>[Address Reference Count : 1]<UL><LI> startup_mimxrt1052.o(RESET)
</UL>
<P><STRONG><a name="[31]"></a>CAN1_IRQHandler</STRONG> (Thumb, 4 bytes, Stack size 0 bytes, startup_mimxrt1052.o(.text))
<BR>[Address Reference Count : 1]<UL><LI> startup_mimxrt1052.o(RESET)
</UL>
<P><STRONG><a name="[32]"></a>CAN2_IRQHandler</STRONG> (Thumb, 4 bytes, Stack size 0 bytes, startup_mimxrt1052.o(.text))
<BR>[Address Reference Count : 1]<UL><LI> startup_mimxrt1052.o(RESET)
</UL>
<P><STRONG><a name="[45]"></a>SAI1_IRQHandler</STRONG> (Thumb, 4 bytes, Stack size 0 bytes, startup_mimxrt1052.o(.text))
<BR>[Address Reference Count : 1]<UL><LI> startup_mimxrt1052.o(RESET)
</UL>
<P><STRONG><a name="[46]"></a>SAI2_IRQHandler</STRONG> (Thumb, 4 bytes, Stack size 0 bytes, startup_mimxrt1052.o(.text))
<BR>[Address Reference Count : 1]<UL><LI> startup_mimxrt1052.o(RESET)
</UL>
<P><STRONG><a name="[47]"></a>SAI3_RX_IRQHandler</STRONG> (Thumb, 4 bytes, Stack size 0 bytes, startup_mimxrt1052.o(.text))
<BR>[Address Reference Count : 1]<UL><LI> startup_mimxrt1052.o(RESET)
</UL>
<P><STRONG><a name="[48]"></a>SAI3_TX_IRQHandler</STRONG> (Thumb, 4 bytes, Stack size 0 bytes, startup_mimxrt1052.o(.text))
<BR>[Address Reference Count : 1]<UL><LI> startup_mimxrt1052.o(RESET)
</UL>
<P><STRONG><a name="[49]"></a>SPDIF_IRQHandler</STRONG> (Thumb, 4 bytes, Stack size 0 bytes, startup_mimxrt1052.o(.text))
<BR>[Address Reference Count : 1]<UL><LI> startup_mimxrt1052.o(RESET)
</UL>
<P><STRONG><a name="[67]"></a>FLEXIO1_IRQHandler</STRONG> (Thumb, 4 bytes, Stack size 0 bytes, startup_mimxrt1052.o(.text))
<BR>[Address Reference Count : 1]<UL><LI> startup_mimxrt1052.o(RESET)
</UL>
<P><STRONG><a name="[68]"></a>FLEXIO2_IRQHandler</STRONG> (Thumb, 4 bytes, Stack size 0 bytes, startup_mimxrt1052.o(.text))
<BR>[Address Reference Count : 1]<UL><LI> startup_mimxrt1052.o(RESET)
</UL>
<P><STRONG><a name="[79]"></a>FLEXSPI_IRQHandler</STRONG> (Thumb, 4 bytes, Stack size 0 bytes, startup_mimxrt1052.o(.text))
<BR>[Address Reference Count : 1]<UL><LI> startup_mimxrt1052.o(RESET)
</UL>
<P><STRONG><a name="[7b]"></a>USDHC1_IRQHandler</STRONG> (Thumb, 4 bytes, Stack size 0 bytes, startup_mimxrt1052.o(.text))
<BR>[Address Reference Count : 1]<UL><LI> startup_mimxrt1052.o(RESET)
</UL>
<P><STRONG><a name="[7c]"></a>USDHC2_IRQHandler</STRONG> (Thumb, 4 bytes, Stack size 0 bytes, startup_mimxrt1052.o(.text))
<BR>[Address Reference Count : 1]<UL><LI> startup_mimxrt1052.o(RESET)
</UL>
<P><STRONG><a name="[7f]"></a>ENET_IRQHandler</STRONG> (Thumb, 4 bytes, Stack size 0 bytes, startup_mimxrt1052.o(.text))
<BR>[Address Reference Count : 1]<UL><LI> startup_mimxrt1052.o(RESET)
</UL>
<P><STRONG><a name="[80]"></a>ENET_1588_Timer_IRQHandler</STRONG> (Thumb, 4 bytes, Stack size 0 bytes, startup_mimxrt1052.o(.text))
<BR>[Address Reference Count : 1]<UL><LI> startup_mimxrt1052.o(RESET)
</UL>
<P><STRONG><a name="[88]"></a>ACMP1_IRQHandler</STRONG> (Thumb, 0 bytes, Stack size 0 bytes, startup_mimxrt1052.o(.text))
<BR>[Address Reference Count : 1]<UL><LI> startup_mimxrt1052.o(RESET)
</UL>
<P><STRONG><a name="[89]"></a>ACMP2_IRQHandler</STRONG> (Thumb, 0 bytes, Stack size 0 bytes, startup_mimxrt1052.o(.text))
<BR>[Address Reference Count : 1]<UL><LI> startup_mimxrt1052.o(RESET)
</UL>
<P><STRONG><a name="[8a]"></a>ACMP3_IRQHandler</STRONG> (Thumb, 0 bytes, Stack size 0 bytes, startup_mimxrt1052.o(.text))
<BR>[Address Reference Count : 1]<UL><LI> startup_mimxrt1052.o(RESET)
</UL>
<P><STRONG><a name="[8b]"></a>ACMP4_IRQHandler</STRONG> (Thumb, 0 bytes, Stack size 0 bytes, startup_mimxrt1052.o(.text))
<BR>[Address Reference Count : 1]<UL><LI> startup_mimxrt1052.o(RESET)
</UL>
<P><STRONG><a name="[50]"></a>ADC1_IRQHandler</STRONG> (Thumb, 0 bytes, Stack size 0 bytes, startup_mimxrt1052.o(.text))
<BR>[Address Reference Count : 1]<UL><LI> startup_mimxrt1052.o(RESET)
</UL>
<P><STRONG><a name="[51]"></a>ADC2_IRQHandler</STRONG> (Thumb, 0 bytes, Stack size 0 bytes, startup_mimxrt1052.o(.text))
<BR>[Address Reference Count : 1]<UL><LI> startup_mimxrt1052.o(RESET)
</UL>
<P><STRONG><a name="[86]"></a>ADC_ETC_ERROR_IRQ_IRQHandler</STRONG> (Thumb, 0 bytes, Stack size 0 bytes, startup_mimxrt1052.o(.text))
<BR>[Address Reference Count : 1]<UL><LI> startup_mimxrt1052.o(RESET)
</UL>
<P><STRONG><a name="[83]"></a>ADC_ETC_IRQ0_IRQHandler</STRONG> (Thumb, 0 bytes, Stack size 0 bytes, startup_mimxrt1052.o(.text))
<BR>[Address Reference Count : 1]<UL><LI> startup_mimxrt1052.o(RESET)
</UL>
<P><STRONG><a name="[84]"></a>ADC_ETC_IRQ1_IRQHandler</STRONG> (Thumb, 0 bytes, Stack size 0 bytes, startup_mimxrt1052.o(.text))
<BR>[Address Reference Count : 1]<UL><LI> startup_mimxrt1052.o(RESET)
</UL>
<P><STRONG><a name="[85]"></a>ADC_ETC_IRQ2_IRQHandler</STRONG> (Thumb, 0 bytes, Stack size 0 bytes, startup_mimxrt1052.o(.text))
<BR>[Address Reference Count : 1]<UL><LI> startup_mimxrt1052.o(RESET)
</UL>
<P><STRONG><a name="[4a]"></a>ANATOP_EVENT0_IRQHandler</STRONG> (Thumb, 0 bytes, Stack size 0 bytes, startup_mimxrt1052.o(.text))
<BR>[Address Reference Count : 1]<UL><LI> startup_mimxrt1052.o(RESET)
</UL>
<P><STRONG><a name="[4b]"></a>ANATOP_EVENT1_IRQHandler</STRONG> (Thumb, 0 bytes, Stack size 0 bytes, startup_mimxrt1052.o(.text))
<BR>[Address Reference Count : 1]<UL><LI> startup_mimxrt1052.o(RESET)
</UL>
<P><STRONG><a name="[4c]"></a>ANATOP_TAMP_LOW_HIGH_IRQHandler</STRONG> (Thumb, 0 bytes, Stack size 0 bytes, startup_mimxrt1052.o(.text))
<BR>[Address Reference Count : 1]<UL><LI> startup_mimxrt1052.o(RESET)
</UL>
<P><STRONG><a name="[4d]"></a>ANATOP_TEMP_PANIC_IRQHandler</STRONG> (Thumb, 0 bytes, Stack size 0 bytes, startup_mimxrt1052.o(.text))
<BR>[Address Reference Count : 1]<UL><LI> startup_mimxrt1052.o(RESET)
</UL>
<P><STRONG><a name="[44]"></a>BEE_IRQHandler</STRONG> (Thumb, 0 bytes, Stack size 0 bytes, startup_mimxrt1052.o(.text))
<BR>[Address Reference Count : 1]<UL><LI> startup_mimxrt1052.o(RESET)
</UL>
<P><STRONG><a name="[d2]"></a>CAN1_DriverIRQHandler</STRONG> (Thumb, 0 bytes, Stack size 0 bytes, startup_mimxrt1052.o(.text))
<BR>[Address Reference Count : 1]<UL><LI> startup_mimxrt1052.o(.text)
</UL>
<P><STRONG><a name="[d3]"></a>CAN2_DriverIRQHandler</STRONG> (Thumb, 0 bytes, Stack size 0 bytes, startup_mimxrt1052.o(.text))
<BR>[Address Reference Count : 1]<UL><LI> startup_mimxrt1052.o(.text)
</UL>
<P><STRONG><a name="[6c]"></a>CCM_1_IRQHandler</STRONG> (Thumb, 0 bytes, Stack size 0 bytes, startup_mimxrt1052.o(.text))
<BR>[Address Reference Count : 1]<UL><LI> startup_mimxrt1052.o(RESET)
</UL>
<P><STRONG><a name="[6d]"></a>CCM_2_IRQHandler</STRONG> (Thumb, 0 bytes, Stack size 0 bytes, startup_mimxrt1052.o(.text))
<BR>[Address Reference Count : 1]<UL><LI> startup_mimxrt1052.o(RESET)
</UL>
<P><STRONG><a name="[20]"></a>CORE_IRQHandler</STRONG> (Thumb, 0 bytes, Stack size 0 bytes, startup_mimxrt1052.o(.text))
<BR>[Address Reference Count : 1]<UL><LI> startup_mimxrt1052.o(RESET)
</UL>
<P><STRONG><a name="[38]"></a>CSI_IRQHandler</STRONG> (Thumb, 0 bytes, Stack size 0 bytes, startup_mimxrt1052.o(.text))
<BR>[Address Reference Count : 1]<UL><LI> startup_mimxrt1052.o(RESET)
</UL>
<P><STRONG><a name="[3e]"></a>CSU_IRQHandler</STRONG> (Thumb, 0 bytes, Stack size 0 bytes, startup_mimxrt1052.o(.text))
<BR>[Address Reference Count : 1]<UL><LI> startup_mimxrt1052.o(RESET)
</UL>
<P><STRONG><a name="[1e]"></a>CTI0_ERROR_IRQHandler</STRONG> (Thumb, 0 bytes, Stack size 0 bytes, startup_mimxrt1052.o(.text))
<BR>[Address Reference Count : 1]<UL><LI> startup_mimxrt1052.o(RESET)
</UL>
<P><STRONG><a name="[1f]"></a>CTI1_ERROR_IRQHandler</STRONG> (Thumb, 0 bytes, Stack size 0 bytes, startup_mimxrt1052.o(.text))
<BR>[Address Reference Count : 1]<UL><LI> startup_mimxrt1052.o(RESET)
</UL>
<P><STRONG><a name="[52]"></a>DCDC_IRQHandler</STRONG> (Thumb, 0 bytes, Stack size 0 bytes, startup_mimxrt1052.o(.text))
<BR>[Address Reference Count : 1]<UL><LI> startup_mimxrt1052.o(RESET)
</UL>
<P><STRONG><a name="[3f]"></a>DCP_IRQHandler</STRONG> (Thumb, 0 bytes, Stack size 0 bytes, startup_mimxrt1052.o(.text))
<BR>[Address Reference Count : 1]<UL><LI> startup_mimxrt1052.o(RESET)
</UL>
<P><STRONG><a name="[40]"></a>DCP_VMI_IRQHandler</STRONG> (Thumb, 0 bytes, Stack size 0 bytes, startup_mimxrt1052.o(.text))
<BR>[Address Reference Count : 1]<UL><LI> startup_mimxrt1052.o(RESET)
</UL>
<P><STRONG><a name="[b1]"></a>DMA0_DMA16_DriverIRQHandler</STRONG> (Thumb, 0 bytes, Stack size 0 bytes, startup_mimxrt1052.o(.text))
<BR>[Address Reference Count : 1]<UL><LI> startup_mimxrt1052.o(.text)
</UL>
<P><STRONG><a name="[bb]"></a>DMA10_DMA26_DriverIRQHandler</STRONG> (Thumb, 0 bytes, Stack size 0 bytes, startup_mimxrt1052.o(.text))
<BR>[Address Reference Count : 1]<UL><LI> startup_mimxrt1052.o(.text)
</UL>
<P><STRONG><a name="[bc]"></a>DMA11_DMA27_DriverIRQHandler</STRONG> (Thumb, 0 bytes, Stack size 0 bytes, startup_mimxrt1052.o(.text))
<BR>[Address Reference Count : 1]<UL><LI> startup_mimxrt1052.o(.text)
</UL>
<P><STRONG><a name="[bd]"></a>DMA12_DMA28_DriverIRQHandler</STRONG> (Thumb, 0 bytes, Stack size 0 bytes, startup_mimxrt1052.o(.text))
<BR>[Address Reference Count : 1]<UL><LI> startup_mimxrt1052.o(.text)
</UL>
<P><STRONG><a name="[be]"></a>DMA13_DMA29_DriverIRQHandler</STRONG> (Thumb, 0 bytes, Stack size 0 bytes, startup_mimxrt1052.o(.text))
<BR>[Address Reference Count : 1]<UL><LI> startup_mimxrt1052.o(.text)
</UL>
<P><STRONG><a name="[bf]"></a>DMA14_DMA30_DriverIRQHandler</STRONG> (Thumb, 0 bytes, Stack size 0 bytes, startup_mimxrt1052.o(.text))
<BR>[Address Reference Count : 1]<UL><LI> startup_mimxrt1052.o(.text)
</UL>
<P><STRONG><a name="[c0]"></a>DMA15_DMA31_DriverIRQHandler</STRONG> (Thumb, 0 bytes, Stack size 0 bytes, startup_mimxrt1052.o(.text))
<BR>[Address Reference Count : 1]<UL><LI> startup_mimxrt1052.o(.text)
</UL>
<P><STRONG><a name="[b2]"></a>DMA1_DMA17_DriverIRQHandler</STRONG> (Thumb, 0 bytes, Stack size 0 bytes, startup_mimxrt1052.o(.text))
<BR>[Address Reference Count : 1]<UL><LI> startup_mimxrt1052.o(.text)
</UL>
<P><STRONG><a name="[b3]"></a>DMA2_DMA18_DriverIRQHandler</STRONG> (Thumb, 0 bytes, Stack size 0 bytes, startup_mimxrt1052.o(.text))
<BR>[Address Reference Count : 1]<UL><LI> startup_mimxrt1052.o(.text)
</UL>
<P><STRONG><a name="[b4]"></a>DMA3_DMA19_DriverIRQHandler</STRONG> (Thumb, 0 bytes, Stack size 0 bytes, startup_mimxrt1052.o(.text))
<BR>[Address Reference Count : 1]<UL><LI> startup_mimxrt1052.o(.text)
</UL>
<P><STRONG><a name="[b5]"></a>DMA4_DMA20_DriverIRQHandler</STRONG> (Thumb, 0 bytes, Stack size 0 bytes, startup_mimxrt1052.o(.text))
<BR>[Address Reference Count : 1]<UL><LI> startup_mimxrt1052.o(.text)
</UL>
<P><STRONG><a name="[b6]"></a>DMA5_DMA21_DriverIRQHandler</STRONG> (Thumb, 0 bytes, Stack size 0 bytes, startup_mimxrt1052.o(.text))
<BR>[Address Reference Count : 1]<UL><LI> startup_mimxrt1052.o(.text)
</UL>
<P><STRONG><a name="[b7]"></a>DMA6_DMA22_DriverIRQHandler</STRONG> (Thumb, 0 bytes, Stack size 0 bytes, startup_mimxrt1052.o(.text))
<BR>[Address Reference Count : 1]<UL><LI> startup_mimxrt1052.o(.text)
</UL>
<P><STRONG><a name="[b8]"></a>DMA7_DMA23_DriverIRQHandler</STRONG> (Thumb, 0 bytes, Stack size 0 bytes, startup_mimxrt1052.o(.text))
<BR>[Address Reference Count : 1]<UL><LI> startup_mimxrt1052.o(.text)
</UL>
<P><STRONG><a name="[b9]"></a>DMA8_DMA24_DriverIRQHandler</STRONG> (Thumb, 0 bytes, Stack size 0 bytes, startup_mimxrt1052.o(.text))
<BR>[Address Reference Count : 1]<UL><LI> startup_mimxrt1052.o(.text)
</UL>
<P><STRONG><a name="[ba]"></a>DMA9_DMA25_DriverIRQHandler</STRONG> (Thumb, 0 bytes, Stack size 0 bytes, startup_mimxrt1052.o(.text))
<BR>[Address Reference Count : 1]<UL><LI> startup_mimxrt1052.o(.text)
</UL>
<P><STRONG><a name="[c1]"></a>DMA_ERROR_DriverIRQHandler</STRONG> (Thumb, 0 bytes, Stack size 0 bytes, startup_mimxrt1052.o(.text))
<BR>[Address Reference Count : 1]<UL><LI> startup_mimxrt1052.o(.text)
</UL>
<P><STRONG><a name="[ad]"></a>DefaultISR</STRONG> (Thumb, 0 bytes, Stack size 0 bytes, startup_mimxrt1052.o(.text))
<BR>[Address Reference Count : 2]<UL><LI> startup_mimxrt1052.o(.text)
<LI> startup_mimxrt1052.o(RESET)
</UL>
<P><STRONG><a name="[8e]"></a>ENC1_IRQHandler</STRONG> (Thumb, 0 bytes, Stack size 0 bytes, startup_mimxrt1052.o(.text))
<BR>[Address Reference Count : 1]<UL><LI> startup_mimxrt1052.o(RESET)
</UL>
<P><STRONG><a name="[8f]"></a>ENC2_IRQHandler</STRONG> (Thumb, 0 bytes, Stack size 0 bytes, startup_mimxrt1052.o(.text))
<BR>[Address Reference Count : 1]<UL><LI> startup_mimxrt1052.o(RESET)
</UL>
<P><STRONG><a name="[90]"></a>ENC3_IRQHandler</STRONG> (Thumb, 0 bytes, Stack size 0 bytes, startup_mimxrt1052.o(.text))
<BR>[Address Reference Count : 1]<UL><LI> startup_mimxrt1052.o(RESET)
</UL>
<P><STRONG><a name="[91]"></a>ENC4_IRQHandler</STRONG> (Thumb, 0 bytes, Stack size 0 bytes, startup_mimxrt1052.o(.text))
<BR>[Address Reference Count : 1]<UL><LI> startup_mimxrt1052.o(RESET)
</UL>
<P><STRONG><a name="[df]"></a>ENET_1588_Timer_DriverIRQHandler</STRONG> (Thumb, 0 bytes, Stack size 0 bytes, startup_mimxrt1052.o(.text))
<BR>[Address Reference Count : 1]<UL><LI> startup_mimxrt1052.o(.text)
</UL>
<P><STRONG><a name="[de]"></a>ENET_DriverIRQHandler</STRONG> (Thumb, 0 bytes, Stack size 0 bytes, startup_mimxrt1052.o(.text))
<BR>[Address Reference Count : 1]<UL><LI> startup_mimxrt1052.o(.text)
</UL>
<P><STRONG><a name="[6b]"></a>EWM_IRQHandler</STRONG> (Thumb, 0 bytes, Stack size 0 bytes, startup_mimxrt1052.o(.text))
<BR>[Address Reference Count : 1]<UL><LI> startup_mimxrt1052.o(RESET)
</UL>
<P><STRONG><a name="[d9]"></a>FLEXIO1_DriverIRQHandler</STRONG> (Thumb, 0 bytes, Stack size 0 bytes, startup_mimxrt1052.o(.text))
<BR>[Address Reference Count : 1]<UL><LI> startup_mimxrt1052.o(.text)
</UL>
<P><STRONG><a name="[da]"></a>FLEXIO2_DriverIRQHandler</STRONG> (Thumb, 0 bytes, Stack size 0 bytes, startup_mimxrt1052.o(.text))
<BR>[Address Reference Count : 1]<UL><LI> startup_mimxrt1052.o(.text)
</UL>
<P><STRONG><a name="[33]"></a>FLEXRAM_IRQHandler</STRONG> (Thumb, 0 bytes, Stack size 0 bytes, startup_mimxrt1052.o(.text))
<BR>[Address Reference Count : 1]<UL><LI> startup_mimxrt1052.o(RESET)
</UL>
<P><STRONG><a name="[db]"></a>FLEXSPI_DriverIRQHandler</STRONG> (Thumb, 0 bytes, Stack size 0 bytes, startup_mimxrt1052.o(.text))
<BR>[Address Reference Count : 1]<UL><LI> startup_mimxrt1052.o(.text)
</UL>
<P><STRONG><a name="[6e]"></a>GPC_IRQHandler</STRONG> (Thumb, 0 bytes, Stack size 0 bytes, startup_mimxrt1052.o(.text))
<BR>[Address Reference Count : 1]<UL><LI> startup_mimxrt1052.o(RESET)
</UL>
<P><STRONG><a name="[5d]"></a>GPIO1_Combined_0_15_IRQHandler</STRONG> (Thumb, 0 bytes, Stack size 0 bytes, startup_mimxrt1052.o(.text))
<BR>[Address Reference Count : 1]<UL><LI> startup_mimxrt1052.o(RESET)
</UL>
<P><STRONG><a name="[5e]"></a>GPIO1_Combined_16_31_IRQHandler</STRONG> (Thumb, 0 bytes, Stack size 0 bytes, startup_mimxrt1052.o(.text))
<BR>[Address Reference Count : 1]<UL><LI> startup_mimxrt1052.o(RESET)
</UL>
<P><STRONG><a name="[55]"></a>GPIO1_INT0_IRQHandler</STRONG> (Thumb, 0 bytes, Stack size 0 bytes, startup_mimxrt1052.o(.text))
<BR>[Address Reference Count : 1]<UL><LI> startup_mimxrt1052.o(RESET)
</UL>
<P><STRONG><a name="[56]"></a>GPIO1_INT1_IRQHandler</STRONG> (Thumb, 0 bytes, Stack size 0 bytes, startup_mimxrt1052.o(.text))
<BR>[Address Reference Count : 1]<UL><LI> startup_mimxrt1052.o(RESET)
</UL>
<P><STRONG><a name="[57]"></a>GPIO1_INT2_IRQHandler</STRONG> (Thumb, 0 bytes, Stack size 0 bytes, startup_mimxrt1052.o(.text))
<BR>[Address Reference Count : 1]<UL><LI> startup_mimxrt1052.o(RESET)
</UL>
<P><STRONG><a name="[58]"></a>GPIO1_INT3_IRQHandler</STRONG> (Thumb, 0 bytes, Stack size 0 bytes, startup_mimxrt1052.o(.text))
<BR>[Address Reference Count : 1]<UL><LI> startup_mimxrt1052.o(RESET)
</UL>
<P><STRONG><a name="[59]"></a>GPIO1_INT4_IRQHandler</STRONG> (Thumb, 0 bytes, Stack size 0 bytes, startup_mimxrt1052.o(.text))
<BR>[Address Reference Count : 1]<UL><LI> startup_mimxrt1052.o(RESET)
</UL>
<P><STRONG><a name="[5a]"></a>GPIO1_INT5_IRQHandler</STRONG> (Thumb, 0 bytes, Stack size 0 bytes, startup_mimxrt1052.o(.text))
<BR>[Address Reference Count : 1]<UL><LI> startup_mimxrt1052.o(RESET)
</UL>
<P><STRONG><a name="[5b]"></a>GPIO1_INT6_IRQHandler</STRONG> (Thumb, 0 bytes, Stack size 0 bytes, startup_mimxrt1052.o(.text))
<BR>[Address Reference Count : 1]<UL><LI> startup_mimxrt1052.o(RESET)
</UL>
<P><STRONG><a name="[5c]"></a>GPIO1_INT7_IRQHandler</STRONG> (Thumb, 0 bytes, Stack size 0 bytes, startup_mimxrt1052.o(.text))
<BR>[Address Reference Count : 1]<UL><LI> startup_mimxrt1052.o(RESET)
</UL>
<P><STRONG><a name="[5f]"></a>GPIO2_Combined_0_15_IRQHandler</STRONG> (Thumb, 0 bytes, Stack size 0 bytes, startup_mimxrt1052.o(.text))
<BR>[Address Reference Count : 1]<UL><LI> startup_mimxrt1052.o(RESET)
</UL>
<P><STRONG><a name="[60]"></a>GPIO2_Combined_16_31_IRQHandler</STRONG> (Thumb, 0 bytes, Stack size 0 bytes, startup_mimxrt1052.o(.text))
<BR>[Address Reference Count : 1]<UL><LI> startup_mimxrt1052.o(RESET)
</UL>
<P><STRONG><a name="[61]"></a>GPIO3_Combined_0_15_IRQHandler</STRONG> (Thumb, 0 bytes, Stack size 0 bytes, startup_mimxrt1052.o(.text))
<BR>[Address Reference Count : 1]<UL><LI> startup_mimxrt1052.o(RESET)
</UL>
<P><STRONG><a name="[62]"></a>GPIO3_Combined_16_31_IRQHandler</STRONG> (Thumb, 0 bytes, Stack size 0 bytes, startup_mimxrt1052.o(.text))
<BR>[Address Reference Count : 1]<UL><LI> startup_mimxrt1052.o(RESET)
</UL>
<P><STRONG><a name="[63]"></a>GPIO4_Combined_0_15_IRQHandler</STRONG> (Thumb, 0 bytes, Stack size 0 bytes, startup_mimxrt1052.o(.text))
<BR>[Address Reference Count : 1]<UL><LI> startup_mimxrt1052.o(RESET)
</UL>
<P><STRONG><a name="[64]"></a>GPIO4_Combined_16_31_IRQHandler</STRONG> (Thumb, 0 bytes, Stack size 0 bytes, startup_mimxrt1052.o(.text))
<BR>[Address Reference Count : 1]<UL><LI> startup_mimxrt1052.o(RESET)
</UL>
<P><STRONG><a name="[65]"></a>GPIO5_Combined_0_15_IRQHandler</STRONG> (Thumb, 0 bytes, Stack size 0 bytes, startup_mimxrt1052.o(.text))
<BR>[Address Reference Count : 1]<UL><LI> startup_mimxrt1052.o(RESET)
</UL>
<P><STRONG><a name="[66]"></a>GPIO5_Combined_16_31_IRQHandler</STRONG> (Thumb, 0 bytes, Stack size 0 bytes, startup_mimxrt1052.o(.text))
<BR>[Address Reference Count : 1]<UL><LI> startup_mimxrt1052.o(RESET)
</UL>
<P><STRONG><a name="[36]"></a>GPR_IRQ_IRQHandler</STRONG> (Thumb, 0 bytes, Stack size 0 bytes, startup_mimxrt1052.o(.text))
<BR>[Address Reference Count : 1]<UL><LI> startup_mimxrt1052.o(RESET)
</UL>
<P><STRONG><a name="[71]"></a>GPT1_IRQHandler</STRONG> (Thumb, 0 bytes, Stack size 0 bytes, startup_mimxrt1052.o(.text))
<BR>[Address Reference Count : 1]<UL><LI> startup_mimxrt1052.o(RESET)
</UL>
<P><STRONG><a name="[72]"></a>GPT2_IRQHandler</STRONG> (Thumb, 0 bytes, Stack size 0 bytes, startup_mimxrt1052.o(.text))
<BR>[Address Reference Count : 1]<UL><LI> startup_mimxrt1052.o(RESET)
</UL>
<P><STRONG><a name="[34]"></a>KPP_IRQHandler</STRONG> (Thumb, 0 bytes, Stack size 0 bytes, startup_mimxrt1052.o(.text))
<BR>[Address Reference Count : 1]<UL><LI> startup_mimxrt1052.o(RESET)
</UL>
<P><STRONG><a name="[37]"></a>LCDIF_IRQHandler</STRONG> (Thumb, 0 bytes, Stack size 0 bytes, startup_mimxrt1052.o(.text))
<BR>[Address Reference Count : 1]<UL><LI> startup_mimxrt1052.o(RESET)
</UL>
<P><STRONG><a name="[ca]"></a>LPI2C1_DriverIRQHandler</STRONG> (Thumb, 0 bytes, Stack size 0 bytes, startup_mimxrt1052.o(.text))
<BR>[Address Reference Count : 1]<UL><LI> startup_mimxrt1052.o(.text)
</UL>
<P><STRONG><a name="[cb]"></a>LPI2C2_DriverIRQHandler</STRONG> (Thumb, 0 bytes, Stack size 0 bytes, startup_mimxrt1052.o(.text))
<BR>[Address Reference Count : 1]<UL><LI> startup_mimxrt1052.o(.text)
</UL>
<P><STRONG><a name="[cc]"></a>LPI2C3_DriverIRQHandler</STRONG> (Thumb, 0 bytes, Stack size 0 bytes, startup_mimxrt1052.o(.text))
<BR>[Address Reference Count : 1]<UL><LI> startup_mimxrt1052.o(.text)
</UL>
<P><STRONG><a name="[cd]"></a>LPI2C4_DriverIRQHandler</STRONG> (Thumb, 0 bytes, Stack size 0 bytes, startup_mimxrt1052.o(.text))
<BR>[Address Reference Count : 1]<UL><LI> startup_mimxrt1052.o(.text)
</UL>
<P><STRONG><a name="[ce]"></a>LPSPI1_DriverIRQHandler</STRONG> (Thumb, 0 bytes, Stack size 0 bytes, startup_mimxrt1052.o(.text))
<BR>[Address Reference Count : 1]<UL><LI> startup_mimxrt1052.o(.text)
</UL>
<P><STRONG><a name="[cf]"></a>LPSPI2_DriverIRQHandler</STRONG> (Thumb, 0 bytes, Stack size 0 bytes, startup_mimxrt1052.o(.text))
<BR>[Address Reference Count : 1]<UL><LI> startup_mimxrt1052.o(.text)
</UL>
<P><STRONG><a name="[d0]"></a>LPSPI3_DriverIRQHandler</STRONG> (Thumb, 0 bytes, Stack size 0 bytes, startup_mimxrt1052.o(.text))
<BR>[Address Reference Count : 1]<UL><LI> startup_mimxrt1052.o(.text)
</UL>
<P><STRONG><a name="[d1]"></a>LPSPI4_DriverIRQHandler</STRONG> (Thumb, 0 bytes, Stack size 0 bytes, startup_mimxrt1052.o(.text))
<BR>[Address Reference Count : 1]<UL><LI> startup_mimxrt1052.o(.text)
</UL>
<P><STRONG><a name="[ac]"></a>NMI_WAKEUP_IRQHandler</STRONG> (Thumb, 0 bytes, Stack size 0 bytes, startup_mimxrt1052.o(.text))
<BR>[Address Reference Count : 1]<UL><LI> startup_mimxrt1052.o(RESET)
</UL>
<P><STRONG><a name="[87]"></a>PIT_IRQHandler</STRONG> (Thumb, 0 bytes, Stack size 0 bytes, startup_mimxrt1052.o(.text))
<BR>[Address Reference Count : 1]<UL><LI> startup_mimxrt1052.o(RESET)
</UL>
<P><STRONG><a name="[73]"></a>PWM1_0_IRQHandler</STRONG> (Thumb, 0 bytes, Stack size 0 bytes, startup_mimxrt1052.o(.text))
<BR>[Address Reference Count : 1]<UL><LI> startup_mimxrt1052.o(RESET)
</UL>
<P><STRONG><a name="[74]"></a>PWM1_1_IRQHandler</STRONG> (Thumb, 0 bytes, Stack size 0 bytes, startup_mimxrt1052.o(.text))
<BR>[Address Reference Count : 1]<UL><LI> startup_mimxrt1052.o(RESET)
</UL>
<P><STRONG><a name="[75]"></a>PWM1_2_IRQHandler</STRONG> (Thumb, 0 bytes, Stack size 0 bytes, startup_mimxrt1052.o(.text))
<BR>[Address Reference Count : 1]<UL><LI> startup_mimxrt1052.o(RESET)
</UL>
<P><STRONG><a name="[76]"></a>PWM1_3_IRQHandler</STRONG> (Thumb, 0 bytes, Stack size 0 bytes, startup_mimxrt1052.o(.text))
<BR>[Address Reference Count : 1]<UL><LI> startup_mimxrt1052.o(RESET)
</UL>
<P><STRONG><a name="[77]"></a>PWM1_FAULT_IRQHandler</STRONG> (Thumb, 0 bytes, Stack size 0 bytes, startup_mimxrt1052.o(.text))
<BR>[Address Reference Count : 1]<UL><LI> startup_mimxrt1052.o(RESET)
</UL>
<P><STRONG><a name="[96]"></a>PWM2_0_IRQHandler</STRONG> (Thumb, 0 bytes, Stack size 0 bytes, startup_mimxrt1052.o(.text))
<BR>[Address Reference Count : 1]<UL><LI> startup_mimxrt1052.o(RESET)
</UL>
<P><STRONG><a name="[97]"></a>PWM2_1_IRQHandler</STRONG> (Thumb, 0 bytes, Stack size 0 bytes, startup_mimxrt1052.o(.text))
<BR>[Address Reference Count : 1]<UL><LI> startup_mimxrt1052.o(RESET)
</UL>
<P><STRONG><a name="[98]"></a>PWM2_2_IRQHandler</STRONG> (Thumb, 0 bytes, Stack size 0 bytes, startup_mimxrt1052.o(.text))
<BR>[Address Reference Count : 1]<UL><LI> startup_mimxrt1052.o(RESET)
</UL>
<P><STRONG><a name="[99]"></a>PWM2_3_IRQHandler</STRONG> (Thumb, 0 bytes, Stack size 0 bytes, startup_mimxrt1052.o(.text))
<BR>[Address Reference Count : 1]<UL><LI> startup_mimxrt1052.o(RESET)
</UL>
<P><STRONG><a name="[9a]"></a>PWM2_FAULT_IRQHandler</STRONG> (Thumb, 0 bytes, Stack size 0 bytes, startup_mimxrt1052.o(.text))
<BR>[Address Reference Count : 1]<UL><LI> startup_mimxrt1052.o(RESET)
</UL>
<P><STRONG><a name="[9b]"></a>PWM3_0_IRQHandler</STRONG> (Thumb, 0 bytes, Stack size 0 bytes, startup_mimxrt1052.o(.text))
<BR>[Address Reference Count : 1]<UL><LI> startup_mimxrt1052.o(RESET)
</UL>
<P><STRONG><a name="[9c]"></a>PWM3_1_IRQHandler</STRONG> (Thumb, 0 bytes, Stack size 0 bytes, startup_mimxrt1052.o(.text))
<BR>[Address Reference Count : 1]<UL><LI> startup_mimxrt1052.o(RESET)
</UL>
<P><STRONG><a name="[9d]"></a>PWM3_2_IRQHandler</STRONG> (Thumb, 0 bytes, Stack size 0 bytes, startup_mimxrt1052.o(.text))
<BR>[Address Reference Count : 1]<UL><LI> startup_mimxrt1052.o(RESET)
</UL>
<P><STRONG><a name="[9e]"></a>PWM3_3_IRQHandler</STRONG> (Thumb, 0 bytes, Stack size 0 bytes, startup_mimxrt1052.o(.text))
<BR>[Address Reference Count : 1]<UL><LI> startup_mimxrt1052.o(RESET)
</UL>
<P><STRONG><a name="[9f]"></a>PWM3_FAULT_IRQHandler</STRONG> (Thumb, 0 bytes, Stack size 0 bytes, startup_mimxrt1052.o(.text))
<BR>[Address Reference Count : 1]<UL><LI> startup_mimxrt1052.o(RESET)
</UL>
<P><STRONG><a name="[a0]"></a>PWM4_0_IRQHandler</STRONG> (Thumb, 0 bytes, Stack size 0 bytes, startup_mimxrt1052.o(.text))
<BR>[Address Reference Count : 1]<UL><LI> startup_mimxrt1052.o(RESET)
</UL>
<P><STRONG><a name="[a1]"></a>PWM4_1_IRQHandler</STRONG> (Thumb, 0 bytes, Stack size 0 bytes, startup_mimxrt1052.o(.text))
<BR>[Address Reference Count : 1]<UL><LI> startup_mimxrt1052.o(RESET)
</UL>
<P><STRONG><a name="[a2]"></a>PWM4_2_IRQHandler</STRONG> (Thumb, 0 bytes, Stack size 0 bytes, startup_mimxrt1052.o(.text))
<BR>[Address Reference Count : 1]<UL><LI> startup_mimxrt1052.o(RESET)
</UL>
<P><STRONG><a name="[a3]"></a>PWM4_3_IRQHandler</STRONG> (Thumb, 0 bytes, Stack size 0 bytes, startup_mimxrt1052.o(.text))
<BR>[Address Reference Count : 1]<UL><LI> startup_mimxrt1052.o(RESET)
</UL>
<P><STRONG><a name="[a4]"></a>PWM4_FAULT_IRQHandler</STRONG> (Thumb, 0 bytes, Stack size 0 bytes, startup_mimxrt1052.o(.text))
<BR>[Address Reference Count : 1]<UL><LI> startup_mimxrt1052.o(RESET)
</UL>
<P><STRONG><a name="[39]"></a>PXP_IRQHandler</STRONG> (Thumb, 0 bytes, Stack size 0 bytes, startup_mimxrt1052.o(.text))
<BR>[Address Reference Count : 1]<UL><LI> startup_mimxrt1052.o(RESET)
</UL>
<P><STRONG><a name="[6a]"></a>RTWDOG_IRQHandler</STRONG> (Thumb, 0 bytes, Stack size 0 bytes, startup_mimxrt1052.o(.text))
<BR>[Address Reference Count : 1]<UL><LI> startup_mimxrt1052.o(RESET)
</UL>
<P><STRONG><a name="[70]"></a>Reserved115_IRQHandler</STRONG> (Thumb, 0 bytes, Stack size 0 bytes, startup_mimxrt1052.o(.text))
<BR>[Address Reference Count : 1]<UL><LI> startup_mimxrt1052.o(RESET)
</UL>
<P><STRONG><a name="[78]"></a>Reserved123_IRQHandler</STRONG> (Thumb, 0 bytes, Stack size 0 bytes, startup_mimxrt1052.o(.text))
<BR>[Address Reference Count : 1]<UL><LI> startup_mimxrt1052.o(RESET)
</UL>
<P><STRONG><a name="[8c]"></a>Reserved143_IRQHandler</STRONG> (Thumb, 0 bytes, Stack size 0 bytes, startup_mimxrt1052.o(.text))
<BR>[Address Reference Count : 1]<UL><LI> startup_mimxrt1052.o(RESET)
</UL>
<P><STRONG><a name="[8d]"></a>Reserved144_IRQHandler</STRONG> (Thumb, 0 bytes, Stack size 0 bytes, startup_mimxrt1052.o(.text))
<BR>[Address Reference Count : 1]<UL><LI> startup_mimxrt1052.o(RESET)
</UL>
<P><STRONG><a name="[a5]"></a>Reserved168_IRQHandler</STRONG> (Thumb, 0 bytes, Stack size 0 bytes, startup_mimxrt1052.o(.text))
<BR>[Address Reference Count : 1]<UL><LI> startup_mimxrt1052.o(RESET)
</UL>
<P><STRONG><a name="[a6]"></a>Reserved169_IRQHandler</STRONG> (Thumb, 0 bytes, Stack size 0 bytes, startup_mimxrt1052.o(.text))
<BR>[Address Reference Count : 1]<UL><LI> startup_mimxrt1052.o(RESET)
</UL>
<P><STRONG><a name="[a7]"></a>Reserved170_IRQHandler</STRONG> (Thumb, 0 bytes, Stack size 0 bytes, startup_mimxrt1052.o(.text))
<BR>[Address Reference Count : 1]<UL><LI> startup_mimxrt1052.o(RESET)
</UL>
<P><STRONG><a name="[a8]"></a>Reserved171_IRQHandler</STRONG> (Thumb, 0 bytes, Stack size 0 bytes, startup_mimxrt1052.o(.text))
<BR>[Address Reference Count : 1]<UL><LI> startup_mimxrt1052.o(RESET)
</UL>
<P><STRONG><a name="[a9]"></a>Reserved172_IRQHandler</STRONG> (Thumb, 0 bytes, Stack size 0 bytes, startup_mimxrt1052.o(.text))
<BR>[Address Reference Count : 1]<UL><LI> startup_mimxrt1052.o(RESET)
</UL>
<P><STRONG><a name="[aa]"></a>Reserved173_IRQHandler</STRONG> (Thumb, 0 bytes, Stack size 0 bytes, startup_mimxrt1052.o(.text))
<BR>[Address Reference Count : 1]<UL><LI> startup_mimxrt1052.o(RESET)
</UL>
<P><STRONG><a name="[41]"></a>Reserved68_IRQHandler</STRONG> (Thumb, 0 bytes, Stack size 0 bytes, startup_mimxrt1052.o(.text))
<BR>[Address Reference Count : 1]<UL><LI> startup_mimxrt1052.o(RESET)
</UL>
<P><STRONG><a name="[53]"></a>Reserved86_IRQHandler</STRONG> (Thumb, 0 bytes, Stack size 0 bytes, startup_mimxrt1052.o(.text))
<BR>[Address Reference Count : 1]<UL><LI> startup_mimxrt1052.o(RESET)
</UL>
<P><STRONG><a name="[54]"></a>Reserved87_IRQHandler</STRONG> (Thumb, 0 bytes, Stack size 0 bytes, startup_mimxrt1052.o(.text))
<BR>[Address Reference Count : 1]<UL><LI> startup_mimxrt1052.o(RESET)
</UL>
<P><STRONG><a name="[d4]"></a>SAI1_DriverIRQHandler</STRONG> (Thumb, 0 bytes, Stack size 0 bytes, startup_mimxrt1052.o(.text))
<BR>[Address Reference Count : 1]<UL><LI> startup_mimxrt1052.o(.text)
</UL>
<P><STRONG><a name="[d5]"></a>SAI2_DriverIRQHandler</STRONG> (Thumb, 0 bytes, Stack size 0 bytes, startup_mimxrt1052.o(.text))
<BR>[Address Reference Count : 1]<UL><LI> startup_mimxrt1052.o(.text)
</UL>
<P><STRONG><a name="[d6]"></a>SAI3_RX_DriverIRQHandler</STRONG> (Thumb, 0 bytes, Stack size 0 bytes, startup_mimxrt1052.o(.text))
<BR>[Address Reference Count : 1]<UL><LI> startup_mimxrt1052.o(.text)
</UL>
<P><STRONG><a name="[d7]"></a>SAI3_TX_DriverIRQHandler</STRONG> (Thumb, 0 bytes, Stack size 0 bytes, startup_mimxrt1052.o(.text))
<BR>[Address Reference Count : 1]<UL><LI> startup_mimxrt1052.o(.text)
</UL>
<P><STRONG><a name="[7a]"></a>SEMC_IRQHandler</STRONG> (Thumb, 0 bytes, Stack size 0 bytes, startup_mimxrt1052.o(.text))
<BR>[Address Reference Count : 1]<UL><LI> startup_mimxrt1052.o(RESET)
</UL>
<P><STRONG><a name="[ab]"></a>SJC_ARM_DEBUG_IRQHandler</STRONG> (Thumb, 0 bytes, Stack size 0 bytes, startup_mimxrt1052.o(.text))
<BR>[Address Reference Count : 1]<UL><LI> startup_mimxrt1052.o(RESET)
</UL>
<P><STRONG><a name="[43]"></a>SJC_IRQHandler</STRONG> (Thumb, 0 bytes, Stack size 0 bytes, startup_mimxrt1052.o(.text))
<BR>[Address Reference Count : 1]<UL><LI> startup_mimxrt1052.o(RESET)
</UL>
<P><STRONG><a name="[3b]"></a>SNVS_HP_WRAPPER_IRQHandler</STRONG> (Thumb, 0 bytes, Stack size 0 bytes, startup_mimxrt1052.o(.text))
<BR>[Address Reference Count : 1]<UL><LI> startup_mimxrt1052.o(RESET)
</UL>
<P><STRONG><a name="[3c]"></a>SNVS_HP_WRAPPER_TZ_IRQHandler</STRONG> (Thumb, 0 bytes, Stack size 0 bytes, startup_mimxrt1052.o(.text))
<BR>[Address Reference Count : 1]<UL><LI> startup_mimxrt1052.o(RESET)
</UL>
<P><STRONG><a name="[3d]"></a>SNVS_LP_WRAPPER_IRQHandler</STRONG> (Thumb, 0 bytes, Stack size 0 bytes, startup_mimxrt1052.o(.text))
<BR>[Address Reference Count : 1]<UL><LI> startup_mimxrt1052.o(RESET)
</UL>
<P><STRONG><a name="[d8]"></a>SPDIF_DriverIRQHandler</STRONG> (Thumb, 0 bytes, Stack size 0 bytes, startup_mimxrt1052.o(.text))
<BR>[Address Reference Count : 1]<UL><LI> startup_mimxrt1052.o(.text)
</UL>
<P><STRONG><a name="[6f]"></a>SRC_IRQHandler</STRONG> (Thumb, 0 bytes, Stack size 0 bytes, startup_mimxrt1052.o(.text))
<BR>[Address Reference Count : 1]<UL><LI> startup_mimxrt1052.o(RESET)
</UL>
<P><STRONG><a name="[92]"></a>TMR1_IRQHandler</STRONG> (Thumb, 0 bytes, Stack size 0 bytes, startup_mimxrt1052.o(.text))
<BR>[Address Reference Count : 1]<UL><LI> startup_mimxrt1052.o(RESET)
</UL>
<P><STRONG><a name="[93]"></a>TMR2_IRQHandler</STRONG> (Thumb, 0 bytes, Stack size 0 bytes, startup_mimxrt1052.o(.text))
<BR>[Address Reference Count : 1]<UL><LI> startup_mimxrt1052.o(RESET)
</UL>
<P><STRONG><a name="[94]"></a>TMR3_IRQHandler</STRONG> (Thumb, 0 bytes, Stack size 0 bytes, startup_mimxrt1052.o(.text))
<BR>[Address Reference Count : 1]<UL><LI> startup_mimxrt1052.o(RESET)
</UL>
<P><STRONG><a name="[95]"></a>TMR4_IRQHandler</STRONG> (Thumb, 0 bytes, Stack size 0 bytes, startup_mimxrt1052.o(.text))
<BR>[Address Reference Count : 1]<UL><LI> startup_mimxrt1052.o(RESET)
</UL>
<P><STRONG><a name="[42]"></a>TRNG_IRQHandler</STRONG> (Thumb, 0 bytes, Stack size 0 bytes, startup_mimxrt1052.o(.text))
<BR>[Address Reference Count : 1]<UL><LI> startup_mimxrt1052.o(RESET)
</UL>
<P><STRONG><a name="[35]"></a>TSC_DIG_IRQHandler</STRONG> (Thumb, 0 bytes, Stack size 0 bytes, startup_mimxrt1052.o(.text))
<BR>[Address Reference Count : 1]<UL><LI> startup_mimxrt1052.o(RESET)
</UL>
<P><STRONG><a name="[4e]"></a>USB_PHY1_IRQHandler</STRONG> (Thumb, 0 bytes, Stack size 0 bytes, startup_mimxrt1052.o(.text))
<BR>[Address Reference Count : 1]<UL><LI> startup_mimxrt1052.o(RESET)
</UL>
<P><STRONG><a name="[4f]"></a>USB_PHY2_IRQHandler</STRONG> (Thumb, 0 bytes, Stack size 0 bytes, startup_mimxrt1052.o(.text))
<BR>[Address Reference Count : 1]<UL><LI> startup_mimxrt1052.o(RESET)
</UL>
<P><STRONG><a name="[dc]"></a>USDHC1_DriverIRQHandler</STRONG> (Thumb, 0 bytes, Stack size 0 bytes, startup_mimxrt1052.o(.text))
<BR>[Address Reference Count : 1]<UL><LI> startup_mimxrt1052.o(.text)
</UL>
<P><STRONG><a name="[dd]"></a>USDHC2_DriverIRQHandler</STRONG> (Thumb, 0 bytes, Stack size 0 bytes, startup_mimxrt1052.o(.text))
<BR>[Address Reference Count : 1]<UL><LI> startup_mimxrt1052.o(.text)
</UL>
<P><STRONG><a name="[69]"></a>WDOG1_IRQHandler</STRONG> (Thumb, 0 bytes, Stack size 0 bytes, startup_mimxrt1052.o(.text))
<BR>[Address Reference Count : 1]<UL><LI> startup_mimxrt1052.o(RESET)
</UL>
<P><STRONG><a name="[3a]"></a>WDOG2_IRQHandler</STRONG> (Thumb, 0 bytes, Stack size 0 bytes, startup_mimxrt1052.o(.text))
<BR>[Address Reference Count : 1]<UL><LI> startup_mimxrt1052.o(RESET)
</UL>
<P><STRONG><a name="[81]"></a>XBAR1_IRQ_0_1_IRQHandler</STRONG> (Thumb, 0 bytes, Stack size 0 bytes, startup_mimxrt1052.o(.text))
<BR>[Address Reference Count : 1]<UL><LI> startup_mimxrt1052.o(RESET)
</UL>
<P><STRONG><a name="[82]"></a>XBAR1_IRQ_2_3_IRQHandler</STRONG> (Thumb, 0 bytes, Stack size 0 bytes, startup_mimxrt1052.o(.text))
<BR>[Address Reference Count : 1]<UL><LI> startup_mimxrt1052.o(RESET)
</UL>
<P><STRONG><a name="[fa]"></a>__aeabi_uldivmod</STRONG> (Thumb, 98 bytes, Stack size 40 bytes, uldiv.o(.text))
<BR><BR>[Stack]<UL><LI>Max Depth = 40<LI>Call Chain = __aeabi_uldivmod
</UL>
<BR>[Calls]<UL><LI><a href="#[fb]">&gt;&gt;</a>&nbsp;&nbsp;&nbsp;__aeabi_llsr
<LI><a href="#[fc]">&gt;&gt;</a>&nbsp;&nbsp;&nbsp;__aeabi_llsl
</UL>
<BR>[Called By]<UL><LI><a href="#[10f]">&gt;&gt;</a>&nbsp;&nbsp;&nbsp;CLOCK_GetPllFreq
</UL>

<P><STRONG><a name="[fe]"></a>__aeabi_memset</STRONG> (Thumb, 14 bytes, Stack size 0 bytes, memseta.o(.text), UNUSED)
<BR><BR>[Called By]<UL><LI><a href="#[ff]">&gt;&gt;</a>&nbsp;&nbsp;&nbsp;_memset$wrapper
<LI><a href="#[fd]">&gt;&gt;</a>&nbsp;&nbsp;&nbsp;__aeabi_memclr
</UL>

<P><STRONG><a name="[162]"></a>__aeabi_memset4</STRONG> (Thumb, 0 bytes, Stack size 0 bytes, memseta.o(.text), UNUSED)

<P><STRONG><a name="[163]"></a>__aeabi_memset8</STRONG> (Thumb, 0 bytes, Stack size 0 bytes, memseta.o(.text), UNUSED)

<P><STRONG><a name="[fd]"></a>__aeabi_memclr</STRONG> (Thumb, 4 bytes, Stack size 0 bytes, memseta.o(.text), UNUSED)
<BR><BR>[Calls]<UL><LI><a href="#[fe]">&gt;&gt;</a>&nbsp;&nbsp;&nbsp;__aeabi_memset
</UL>

<P><STRONG><a name="[119]"></a>__aeabi_memclr4</STRONG> (Thumb, 0 bytes, Stack size 0 bytes, memseta.o(.text))
<BR><BR>[Called By]<UL><LI><a href="#[104]">&gt;&gt;</a>&nbsp;&nbsp;&nbsp;DbgConsole_Printf
</UL>

<P><STRONG><a name="[164]"></a>__aeabi_memclr8</STRONG> (Thumb, 0 bytes, Stack size 0 bytes, memseta.o(.text), UNUSED)

<P><STRONG><a name="[ff]"></a>_memset$wrapper</STRONG> (Thumb, 18 bytes, Stack size 8 bytes, memseta.o(.text), UNUSED)
<BR><BR>[Calls]<UL><LI><a href="#[fe]">&gt;&gt;</a>&nbsp;&nbsp;&nbsp;__aeabi_memset
[...]
</UL>

<P><STRONG><a name="[13d]"></a>USB_OsaMutexCreate</STRONG> (Thumb, 14 bytes, Stack size 0 bytes, usb_osa_bm.o(i.USB_OsaMutexCreate))
<BR><BR>[Called By]<UL><LI><a href="#[f5]">&gt;&gt;</a>&nbsp;&nbsp;&nbsp;USB_DeviceCdcAcmInit
</UL>

<P><STRONG><a name="[133]"></a>USB_OsaMutexDestroy</STRONG> (Thumb, 4 bytes, Stack size 0 bytes, usb_osa_bm.o(i.USB_OsaMutexDestroy))
<BR><BR>[Called By]<UL><LI><a href="#[f6]">&gt;&gt;</a>&nbsp;&nbsp;&nbsp;USB_DeviceCdcAcmDeinit
</UL>

<P><STRONG><a name="[16a]"></a>__scatterload_copy</STRONG> (Thumb, 14 bytes, Stack size unknown bytes, handlers.o(i.__scatterload_copy), UNUSED)

<P><STRONG><a name="[16b]"></a>__scatterload_null</STRONG> (Thumb, 2 bytes, Stack size unknown bytes, handlers.o(i.__scatterload_null), UNUSED)

<P><STRONG><a name="[16c]"></a>__scatterload_zeroinit</STRONG> (Thumb, 14 bytes, Stack size unknown bytes, handlers.o(i.__scatterload_zeroinit), UNUSED)

<P><STRONG><a name="[ae]"></a>main</STRONG> (Thumb, 26 bytes, Stack size 0 bytes, virtual_com.o(i.main))
<BR><BR>[Stack]<UL><LI>Max Depth = 280<LI>Call Chain = main &rArr; APPInit &rArr; DbgConsole_Printf &rArr; StrFormatPrintf &rArr; ConvertRadixNumToString
</UL>
<BR>[Calls]<UL><LI><a href="#[113]">&gt;&gt;</a>&nbsp;&nbsp;&nbsp;BOARD_InitPins
<LI><a href="#[111]">&gt;&gt;</a>&nbsp;&nbsp;&nbsp;BOARD_InitDebugConsole
<LI><a href="#[15b]">&gt;&gt;</a>&nbsp;&nbsp;&nbsp;BOARD_ConfigMPU
<LI><a href="#[109]">&gt;&gt;</a>&nbsp;&nbsp;&nbsp;BOARD_BootClockRUN
<LI><a href="#[107]">&gt;&gt;</a>&nbsp;&nbsp;&nbsp;APPTask
<LI><a href="#[101]">&gt;&gt;</a>&nbsp;&nbsp;&nbsp;APPInit
</UL>
<BR>[Address Reference Count : 1]<UL><LI> entry9a.o(.ARM.Collect$$$$0000000B)
</UL><P>
<H3>
Local Symbols
</H3>
<P><STRONG><a name="[110]"></a>CLOCK_GetDiv</STRONG> (Thumb, 24 bytes, Stack size 8 bytes, board.o(i.CLOCK_GetDiv))
<BR><BR>[Stack]<UL><LI>Max Depth = 8<LI>Call Chain = CLOCK_GetDiv
</UL>
<BR>[Called By]<UL><LI><a href="#[10e]">&gt;&gt;</a>&nbsp;&nbsp;&nbsp;BOARD_DebugConsoleSrcFreq
</UL>

<P><STRONG><a name="[10d]"></a>CLOCK_SetDiv</STRONG> (Thumb, 70 bytes, Stack size 16 bytes, clock_config.o(i.CLOCK_SetDiv))
<BR><BR>[Stack]<UL><LI>Max Depth = 16<LI>Call Chain = CLOCK_SetDiv
</UL>
<BR>[Called By]<UL><LI><a href="#[109]">&gt;&gt;</a>&nbsp;&nbsp;&nbsp;BOARD_BootClockRUN
</UL>

<P><STRONG><a name="[10a]"></a>CLOCK_SetMux</STRONG> (Thumb, 70 bytes, Stack size 16 bytes, clock_config.o(i.CLOCK_SetMux))
<BR><BR>[Stack]<UL><LI>Max Depth = 16<LI>Call Chain = CLOCK_SetMux
</UL>
<BR>[Called By]<UL><LI><a href="#[109]">&gt;&gt;</a>&nbsp;&nbsp;&nbsp;BOARD_BootClockRUN
</UL>

<P><STRONG><a name="[114]"></a>IOMUXC_SetPinMux</STRONG> (Thumb, 28 bytes, Stack size 12 bytes, pin_mux.o(i.IOMUXC_SetPinMux))
<BR><BR>[Stack]<UL><LI>Max Depth = 12<LI>Call Chain = IOMUXC_SetPinMux
</UL>
<BR>[Called By]<UL><LI><a href="#[113]">&gt;&gt;</a>&nbsp;&nbsp;&nbsp;BOARD_InitPins
</UL>

<P><STRONG><a name="[14e]"></a>USB_DeviceEhciCancelControlPipe</STRONG> (Thumb, 200 bytes, Stack size 48 bytes, usb_device_ehci.o(i.USB_DeviceEhciCancelControlPipe))
<BR><BR>[Stack]<UL><LI>Max Depth = 80<LI>Call Chain = USB_DeviceEhciCancelControlPipe &rArr; USB_DeviceNotificationTrigger &rArr; USB_DeviceNotification
</UL>
<BR>[Calls]<UL><LI><a href="#[14d]">&gt;&gt;</a>&nbsp;&nbsp;&nbsp;USB_DeviceNotificationTrigger
</UL>
<BR>[Called By]<UL><LI><a href="#[154]">&gt;&gt;</a>&nbsp;&nbsp;&nbsp;USB_DeviceEhciInterruptTokenDone
</UL>

<P><STRONG><a name="[150]"></a>USB_DeviceEhciEndpointDeinit</STRONG> (Thumb, 142 bytes, Stack size 32 bytes, usb_device_ehci.o(i.USB_DeviceEhciEndpointDeinit))
<BR><BR>[Stack]<UL><LI>Max Depth = 120<LI>Call Chain = USB_DeviceEhciEndpointDeinit &rArr; USB_DeviceEhciCancel &rArr; USB_DeviceNotificationTrigger &rArr; USB_DeviceNotification
</UL>
<BR>[Calls]<UL><LI><a href="#[ea]">&gt;&gt;</a>&nbsp;&nbsp;&nbsp;USB_DeviceEhciCancel
</UL>
<BR>[Called By]<UL><LI><a href="#[eb]">&gt;&gt;</a>&nbsp;&nbsp;&nbsp;USB_DeviceEhciControl
</UL>

<P><STRONG><a name="[14f]"></a>USB_DeviceEhciEndpointInit</STRONG> (Thumb, 292 bytes, Stack size 40 bytes, usb_device_ehci.o(i.USB_DeviceEhciEndpointInit))
<BR><BR>[Stack]<UL><LI>Max Depth = 128<LI>Call Chain = USB_DeviceEhciEndpointInit &rArr; USB_DeviceEhciCancel &rArr; USB_DeviceNotificationTrigger &rArr; USB_DeviceNotification
</UL>
<BR>[Calls]<UL><LI><a href="#[ea]">&gt;&gt;</a>&nbsp;&nbsp;&nbsp;USB_DeviceEhciCancel
</UL>
<BR>[Called By]<UL><LI><a href="#[eb]">&gt;&gt;</a>&nbsp;&nbsp;&nbsp;USB_DeviceEhciControl
</UL>

<P><STRONG><a name="[151]"></a>USB_DeviceEhciEndpointStall</STRONG> (Thumb, 118 bytes, Stack size 24 bytes, usb_device_ehci.o(i.USB_DeviceEhciEndpointStall))
<BR><BR>[Stack]<UL><LI>Max Depth = 112<LI>Call Chain = USB_DeviceEhciEndpointStall &rArr; USB_DeviceEhciCancel &rArr; USB_DeviceNotificationTrigger &rArr; USB_DeviceNotification
</UL>
<BR>[Calls]<UL><LI><a href="#[ea]">&gt;&gt;</a>&nbsp;&nbsp;&nbsp;USB_DeviceEhciCancel
</UL>
<BR>[Called By]<UL><LI><a href="#[eb]">&gt;&gt;</a>&nbsp;&nbsp;&nbsp;USB_DeviceEhciControl
</UL>

<P><STRONG><a name="[152]"></a>USB_DeviceEhciEndpointUnstall</STRONG> (Thumb, 94 bytes, Stack size 16 bytes, usb_device_ehci.o(i.USB_DeviceEhciEndpointUnstall))
<BR><BR>[Stack]<UL><LI>Max Depth = 104<LI>Call Chain = USB_DeviceEhciEndpointUnstall &rArr; USB_DeviceEhciCancel &rArr; USB_DeviceNotificationTrigger &rArr; USB_DeviceNotification
</UL>
<BR>[Calls]<UL><LI><a href="#[ea]">&gt;&gt;</a>&nbsp;&nbsp;&nbsp;USB_DeviceEhciCancel
</UL>
<BR>[Called By]<UL><LI><a href="#[eb]">&gt;&gt;</a>&nbsp;&nbsp;&nbsp;USB_DeviceEhciControl
</UL>

<P><STRONG><a name="[155]"></a>USB_DeviceEhciFillSetupBuffer</STRONG> (Thumb, 122 bytes, Stack size 20 bytes, usb_device_ehci.o(i.USB_DeviceEhciFillSetupBuffer))
<BR><BR>[Stack]<UL><LI>Max Depth = 20<LI>Call Chain = USB_DeviceEhciFillSetupBuffer
</UL>
<BR>[Called By]<UL><LI><a href="#[154]">&gt;&gt;</a>&nbsp;&nbsp;&nbsp;USB_DeviceEhciInterruptTokenDone
</UL>

<P><STRONG><a name="[154]"></a>USB_DeviceEhciInterruptTokenDone</STRONG> (Thumb, 524 bytes, Stack size 56 bytes, usb_device_ehci.o(i.USB_DeviceEhciInterruptTokenDone))
<BR><BR>[Stack]<UL><LI>Max Depth = 136<LI>Call Chain = USB_DeviceEhciInterruptTokenDone &rArr; USB_DeviceEhciCancelControlPipe &rArr; USB_DeviceNotificationTrigger &rArr; USB_DeviceNotification
</UL>
<BR>[Calls]<UL><LI><a href="#[14d]">&gt;&gt;</a>&nbsp;&nbsp;&nbsp;USB_DeviceNotificationTrigger
<LI><a href="#[155]">&gt;&gt;</a>&nbsp;&nbsp;&nbsp;USB_DeviceEhciFillSetupBuffer
<LI><a href="#[14e]">&gt;&gt;</a>&nbsp;&nbsp;&nbsp;USB_DeviceEhciCancelControlPipe
</UL>
<BR>[Called By]<UL><LI><a href="#[156]">&gt;&gt;</a>&nbsp;&nbsp;&nbsp;USB_DeviceEhciIsrFunction
</UL>

<P><STRONG><a name="[153]"></a>USB_DeviceEhciSetDefaultState</STRONG> (Thumb, 174 bytes, Stack size 20 bytes, usb_device_ehci.o(i.USB_DeviceEhciSetDefaultState))
<BR><BR>[Stack]<UL><LI>Max Depth = 20<LI>Call Chain = USB_DeviceEhciSetDefaultState
</UL>
<BR>[Called By]<UL><LI><a href="#[e6]">&gt;&gt;</a>&nbsp;&nbsp;&nbsp;USB_DeviceEhciInit
<LI><a href="#[eb]">&gt;&gt;</a>&nbsp;&nbsp;&nbsp;USB_DeviceEhciControl
</UL>

<P><STRONG><a name="[157]"></a>USB_DeviceEhciTransfer</STRONG> (Thumb, 440 bytes, Stack size 64 bytes, usb_device_ehci.o(i.USB_DeviceEhciTransfer))
<BR><BR>[Stack]<UL><LI>Max Depth = 64<LI>Call Chain = USB_DeviceEhciTransfer
</UL>
<BR>[Calls]<UL><LI><a href="#[12c]">&gt;&gt;</a>&nbsp;&nbsp;&nbsp;USB_OsaExitCritical
<LI><a href="#[12b]">&gt;&gt;</a>&nbsp;&nbsp;&nbsp;USB_OsaEnterCritical
</UL>
<BR>[Called By]<UL><LI><a href="#[e8]">&gt;&gt;</a>&nbsp;&nbsp;&nbsp;USB_DeviceEhciSend
<LI><a href="#[e9]">&gt;&gt;</a>&nbsp;&nbsp;&nbsp;USB_DeviceEhciRecv
</UL>

<P><STRONG><a name="[117]"></a>CLOCK_GetOscFreq</STRONG> (Thumb, 20 bytes, Stack size 0 bytes, fsl_clock.o(i.CLOCK_GetOscFreq))
<BR><BR>[Called By]<UL><LI><a href="#[10f]">&gt;&gt;</a>&nbsp;&nbsp;&nbsp;CLOCK_GetPllFreq
</UL>

<P><STRONG><a name="[126]"></a>CLOCK_ControlGate</STRONG> (Thumb, 38 bytes, Stack size 8 bytes, fsl_lpuart.o(i.CLOCK_ControlGate))
<BR><BR>[Stack]<UL><LI>Max Depth = 8<LI>Call Chain = CLOCK_ControlGate
</UL>
<BR>[Called By]<UL><LI><a href="#[11e]">&gt;&gt;</a>&nbsp;&nbsp;&nbsp;LPUART_Init
</UL>

<P><STRONG><a name="[12a]"></a>USB_DeviceAllocateHandle</STRONG> (Thumb, 64 bytes, Stack size 16 bytes, usb_device_dci.o(i.USB_DeviceAllocateHandle))
<BR><BR>[Stack]<UL><LI>Max Depth = 16<LI>Call Chain = USB_DeviceAllocateHandle
</UL>
<BR>[Calls]<UL><LI><a href="#[12c]">&gt;&gt;</a>&nbsp;&nbsp;&nbsp;USB_OsaExitCritical
<LI><a href="#[12b]">&gt;&gt;</a>&nbsp;&nbsp;&nbsp;USB_OsaEnterCritical
</UL>
<BR>[Called By]<UL><LI><a href="#[146]">&gt;&gt;</a>&nbsp;&nbsp;&nbsp;USB_DeviceInit
</UL>

<P><STRONG><a name="[14c]"></a>USB_DeviceControl</STRONG> (Thumb, 20 bytes, Stack size 0 bytes, usb_device_dci.o(i.USB_DeviceControl))
<BR><BR>[Called By]<UL><LI><a href="#[106]">&gt;&gt;</a>&nbsp;&nbsp;&nbsp;USB_DeviceRun
<LI><a href="#[139]">&gt;&gt;</a>&nbsp;&nbsp;&nbsp;USB_DeviceUnstallEndpoint
<LI><a href="#[138]">&gt;&gt;</a>&nbsp;&nbsp;&nbsp;USB_DeviceStallEndpoint
<LI><a href="#[13f]">&gt;&gt;</a>&nbsp;&nbsp;&nbsp;USB_DeviceSetStatus
<LI><a href="#[137]">&gt;&gt;</a>&nbsp;&nbsp;&nbsp;USB_DeviceInitEndpoint
<LI><a href="#[13e]">&gt;&gt;</a>&nbsp;&nbsp;&nbsp;USB_DeviceGetStatus
<LI><a href="#[135]">&gt;&gt;</a>&nbsp;&nbsp;&nbsp;USB_DeviceDeinitEndpoint
<LI><a href="#[158]">&gt;&gt;</a>&nbsp;&nbsp;&nbsp;USB_DeviceNotification
</UL>

<P><STRONG><a name="[14b]"></a>USB_DeviceFreeHandle</STRONG> (Thumb, 28 bytes, Stack size 16 bytes, usb_device_dci.o(i.USB_DeviceFreeHandle))
<BR><BR>[Stack]<UL><LI>Max Depth = 16<LI>Call Chain = USB_DeviceFreeHandle
</UL>
<BR>[Calls]<UL><LI><a href="#[12c]">&gt;&gt;</a>&nbsp;&nbsp;&nbsp;USB_OsaExitCritical
<LI><a href="#[12b]">&gt;&gt;</a>&nbsp;&nbsp;&nbsp;USB_OsaEnterCritical
</UL>
<BR>[Called By]<UL><LI><a href="#[146]">&gt;&gt;</a>&nbsp;&nbsp;&nbsp;USB_DeviceInit
<LI><a href="#[147]">&gt;&gt;</a>&nbsp;&nbsp;&nbsp;USB_DeviceDeinit
</UL>

<P><STRONG><a name="[158]"></a>USB_DeviceNotification</STRONG> (Thumb, 146 bytes, Stack size 32 bytes, usb_device_dci.o(i.USB_DeviceNotification))
<BR><BR>[Stack]<UL><LI>Max Depth = 32<LI>Call Chain = USB_DeviceNotification
</UL>
<BR>[Calls]<UL><LI><a href="#[14c]">&gt;&gt;</a>&nbsp;&nbsp;&nbsp;USB_DeviceControl
</UL>
<BR>[Called By]<UL><LI><a href="#[14d]">&gt;&gt;</a>&nbsp;&nbsp;&nbsp;USB_DeviceNotificationTrigger
</UL>

<P><STRONG><a name="[159]"></a>USB_DeviceTransfer</STRONG> (Thumb, 118 bytes, Stack size 32 bytes, usb_device_dci.o(i.USB_DeviceTransfer))
<BR><BR>[Stack]<UL><LI>Max Depth = 32<LI>Call Chain = USB_DeviceTransfer
</UL>
<BR>[Calls]<UL><LI><a href="#[12c]">&gt;&gt;</a>&nbsp;&nbsp;&nbsp;USB_OsaExitCritical
<LI><a href="#[12b]">&gt;&gt;</a>&nbsp;&nbsp;&nbsp;USB_OsaEnterCritical
</UL>
<BR>[Called By]<UL><LI><a href="#[13a]">&gt;&gt;</a>&nbsp;&nbsp;&nbsp;USB_DeviceSendRequest
<LI><a href="#[13b]">&gt;&gt;</a>&nbsp;&nbsp;&nbsp;USB_DeviceRecvRequest
</UL>

<P><STRONG><a name="[f0]"></a>USB_DeviceCh9GetConfiguration</STRONG> (Thumb, 52 bytes, Stack size 24 bytes, usb_device_ch9.o(i.USB_DeviceCh9GetConfiguration))
<BR><BR>[Stack]<UL><LI>Max Depth = 120<LI>Call Chain = USB_DeviceCh9GetConfiguration &rArr; USB_DeviceClassCallback &rArr; USB_DeviceControlPipeInit &rArr; USB_DeviceDeinitEndpoint
</UL>
<BR>[Calls]<UL><LI><a href="#[13e]">&gt;&gt;</a>&nbsp;&nbsp;&nbsp;USB_DeviceGetStatus
<LI><a href="#[e4]">&gt;&gt;</a>&nbsp;&nbsp;&nbsp;USB_DeviceClassCallback
</UL>
<BR>[Address Reference Count : 1]<UL><LI> usb_device_ch9.o(.constdata)
</UL>
<P><STRONG><a name="[ef]"></a>USB_DeviceCh9GetDescriptor</STRONG> (Thumb, 128 bytes, Stack size 48 bytes, usb_device_ch9.o(i.USB_DeviceCh9GetDescriptor))
<BR><BR>[Stack]<UL><LI>Max Depth = 144<LI>Call Chain = USB_DeviceCh9GetDescriptor &rArr; USB_DeviceClassCallback &rArr; USB_DeviceControlPipeInit &rArr; USB_DeviceDeinitEndpoint
</UL>
<BR>[Calls]<UL><LI><a href="#[13e]">&gt;&gt;</a>&nbsp;&nbsp;&nbsp;USB_DeviceGetStatus
<LI><a href="#[e4]">&gt;&gt;</a>&nbsp;&nbsp;&nbsp;USB_DeviceClassCallback
</UL>
<BR>[Address Reference Count : 1]<UL><LI> usb_device_ch9.o(.constdata)
</UL>
<P><STRONG><a name="[f2]"></a>USB_DeviceCh9GetInterface</STRONG> (Thumb, 64 bytes, Stack size 32 bytes, usb_device_ch9.o(i.USB_DeviceCh9GetInterface))
<BR><BR>[Stack]<UL><LI>Max Depth = 128<LI>Call Chain = USB_DeviceCh9GetInterface &rArr; USB_DeviceClassCallback &rArr; USB_DeviceControlPipeInit &rArr; USB_DeviceDeinitEndpoint
</UL>
<BR>[Calls]<UL><LI><a href="#[13e]">&gt;&gt;</a>&nbsp;&nbsp;&nbsp;USB_DeviceGetStatus
<LI><a href="#[e4]">&gt;&gt;</a>&nbsp;&nbsp;&nbsp;USB_DeviceClassCallback
</UL>
<BR>[Address Reference Count : 1]<UL><LI> usb_device_ch9.o(.constdata)
</UL>
<P><STRONG><a name="[ec]"></a>USB_DeviceCh9GetStatus</STRONG> (Thumb, 138 bytes, Stack size 40 bytes, usb_device_ch9.o(i.USB_DeviceCh9GetStatus))
<BR><BR>[Stack]<UL><LI>Max Depth = 48<LI>Call Chain = USB_DeviceCh9GetStatus &rArr; USB_DeviceGetStatus
</UL>
<BR>[Calls]<UL><LI><a href="#[13e]">&gt;&gt;</a>&nbsp;&nbsp;&nbsp;USB_DeviceGetStatus
</UL>
<BR>[Address Reference Count : 1]<UL><LI> usb_device_ch9.o(.constdata)
</UL>
<P><STRONG><a name="[ee]"></a>USB_DeviceCh9SetAddress</STRONG> (Thumb, 86 bytes, Stack size 24 bytes, usb_device_ch9.o(i.USB_DeviceCh9SetAddress))
<BR><BR>[Stack]<UL><LI>Max Depth = 32<LI>Call Chain = USB_DeviceCh9SetAddress &rArr; USB_DeviceSetStatus
</UL>
<BR>[Calls]<UL><LI><a href="#[13f]">&gt;&gt;</a>&nbsp;&nbsp;&nbsp;USB_DeviceSetStatus
<LI><a href="#[13e]">&gt;&gt;</a>&nbsp;&nbsp;&nbsp;USB_DeviceGetStatus
</UL>
<BR>[Address Reference Count : 1]<UL><LI> usb_device_ch9.o(.constdata)
</UL>
<P><STRONG><a name="[ed]"></a>USB_DeviceCh9SetClearFeature</STRONG> (Thumb, 146 bytes, Stack size 24 bytes, usb_device_ch9.o(i.USB_DeviceCh9SetClearFeature))
<BR><BR>[Stack]<UL><LI>Max Depth = 120<LI>Call Chain = USB_DeviceCh9SetClearFeature &rArr; USB_DeviceClassCallback &rArr; USB_DeviceControlPipeInit &rArr; USB_DeviceDeinitEndpoint
</UL>
<BR>[Calls]<UL><LI><a href="#[139]">&gt;&gt;</a>&nbsp;&nbsp;&nbsp;USB_DeviceUnstallEndpoint
<LI><a href="#[138]">&gt;&gt;</a>&nbsp;&nbsp;&nbsp;USB_DeviceStallEndpoint
<LI><a href="#[13e]">&gt;&gt;</a>&nbsp;&nbsp;&nbsp;USB_DeviceGetStatus
<LI><a href="#[140]">&gt;&gt;</a>&nbsp;&nbsp;&nbsp;USB_DeviceClassEvent
<LI><a href="#[e4]">&gt;&gt;</a>&nbsp;&nbsp;&nbsp;USB_DeviceClassCallback
</UL>
<BR>[Address Reference Count : 1]<UL><LI> usb_device_ch9.o(.constdata)
</UL>
<P><STRONG><a name="[f1]"></a>USB_DeviceCh9SetConfiguration</STRONG> (Thumb, 88 bytes, Stack size 16 bytes, usb_device_ch9.o(i.USB_DeviceCh9SetConfiguration))
<BR><BR>[Stack]<UL><LI>Max Depth = 112<LI>Call Chain = USB_DeviceCh9SetConfiguration &rArr; USB_DeviceClassCallback &rArr; USB_DeviceControlPipeInit &rArr; USB_DeviceDeinitEndpoint
</UL>
<BR>[Calls]<UL><LI><a href="#[13f]">&gt;&gt;</a>&nbsp;&nbsp;&nbsp;USB_DeviceSetStatus
<LI><a href="#[13e]">&gt;&gt;</a>&nbsp;&nbsp;&nbsp;USB_DeviceGetStatus
<LI><a href="#[140]">&gt;&gt;</a>&nbsp;&nbsp;&nbsp;USB_DeviceClassEvent
<LI><a href="#[e4]">&gt;&gt;</a>&nbsp;&nbsp;&nbsp;USB_DeviceClassCallback
</UL>
<BR>[Address Reference Count : 1]<UL><LI> usb_device_ch9.o(.constdata)
</UL>
<P><STRONG><a name="[f3]"></a>USB_DeviceCh9SetInterface</STRONG> (Thumb, 62 bytes, Stack size 16 bytes, usb_device_ch9.o(i.USB_DeviceCh9SetInterface))
<BR><BR>[Stack]<UL><LI>Max Depth = 112<LI>Call Chain = USB_DeviceCh9SetInterface &rArr; USB_DeviceClassCallback &rArr; USB_DeviceControlPipeInit &rArr; USB_DeviceDeinitEndpoint
</UL>
<BR>[Calls]<UL><LI><a href="#[13e]">&gt;&gt;</a>&nbsp;&nbsp;&nbsp;USB_DeviceGetStatus
<LI><a href="#[140]">&gt;&gt;</a>&nbsp;&nbsp;&nbsp;USB_DeviceClassEvent
<LI><a href="#[e4]">&gt;&gt;</a>&nbsp;&nbsp;&nbsp;USB_DeviceClassCallback
</UL>
<BR>[Address Reference Count : 1]<UL><LI> usb_device_ch9.o(.constdata)
</UL>
<P><STRONG><a name="[f4]"></a>USB_DeviceCh9SynchFrame</STRONG> (Thumb, 64 bytes, Stack size 32 bytes, usb_device_ch9.o(i.USB_DeviceCh9SynchFrame))
<BR><BR>[Stack]<UL><LI>Max Depth = 40<LI>Call Chain = USB_DeviceCh9SynchFrame &rArr; USB_DeviceGetStatus
</UL>
<BR>[Calls]<UL><LI><a href="#[13e]">&gt;&gt;</a>&nbsp;&nbsp;&nbsp;USB_DeviceGetStatus
</UL>
<BR>[Address Reference Count : 1]<UL><LI> usb_device_ch9.o(.constdata)
</UL>
<P><STRONG><a name="[14a]"></a>USB_DeviceControlCallbackFeedback</STRONG> (Thumb, 100 bytes, Stack size 16 bytes, usb_device_ch9.o(i.USB_DeviceControlCallbackFeedback))
<BR><BR>[Stack]<UL><LI>Max Depth = 48<LI>Call Chain = USB_DeviceControlCallbackFeedback &rArr; USB_DeviceSendRequest &rArr; USB_DeviceTransfer
</UL>
<BR>[Calls]<UL><LI><a href="#[138]">&gt;&gt;</a>&nbsp;&nbsp;&nbsp;USB_DeviceStallEndpoint
<LI><a href="#[13a]">&gt;&gt;</a>&nbsp;&nbsp;&nbsp;USB_DeviceSendRequest
<LI><a href="#[13b]">&gt;&gt;</a>&nbsp;&nbsp;&nbsp;USB_DeviceRecvRequest
</UL>
<BR>[Called By]<UL><LI><a href="#[e5]">&gt;&gt;</a>&nbsp;&nbsp;&nbsp;USB_DeviceControlCallback
</UL>

<P><STRONG><a name="[141]"></a>USB_DeviceClassAllocateHandle</STRONG> (Thumb, 66 bytes, Stack size 16 bytes, usb_device_class.o(i.USB_DeviceClassAllocateHandle))
<BR><BR>[Stack]<UL><LI>Max Depth = 16<LI>Call Chain = USB_DeviceClassAllocateHandle
</UL>
<BR>[Calls]<UL><LI><a href="#[12c]">&gt;&gt;</a>&nbsp;&nbsp;&nbsp;USB_OsaExitCritical
<LI><a href="#[12b]">&gt;&gt;</a>&nbsp;&nbsp;&nbsp;USB_OsaEnterCritical
</UL>
<BR>[Called By]<UL><LI><a href="#[103]">&gt;&gt;</a>&nbsp;&nbsp;&nbsp;USB_DeviceClassInit
</UL>

<P><STRONG><a name="[144]"></a>USB_DeviceClassFreeHandle</STRONG> (Thumb, 50 bytes, Stack size 16 bytes, usb_device_class.o(i.USB_DeviceClassFreeHandle))
<BR><BR>[Stack]<UL><LI>Max Depth = 16<LI>Call Chain = USB_DeviceClassFreeHandle
</UL>
<BR>[Calls]<UL><LI><a href="#[12c]">&gt;&gt;</a>&nbsp;&nbsp;&nbsp;USB_OsaExitCritical
<LI><a href="#[12b]">&gt;&gt;</a>&nbsp;&nbsp;&nbsp;USB_OsaEnterCritical
</UL>
<BR>[Called By]<UL><LI><a href="#[103]">&gt;&gt;</a>&nbsp;&nbsp;&nbsp;USB_DeviceClassInit
</UL>

<P><STRONG><a name="[145]"></a>USB_DeviceClassGetHandleByControllerId</STRONG> (Thumb, 46 bytes, Stack size 16 bytes, usb_device_class.o(i.USB_DeviceClassGetHandleByControllerId))
<BR><BR>[Stack]<UL><LI>Max Depth = 16<LI>Call Chain = USB_DeviceClassGetHandleByControllerId
</UL>
<BR>[Calls]<UL><LI><a href="#[12c]">&gt;&gt;</a>&nbsp;&nbsp;&nbsp;USB_OsaExitCritical
<LI><a href="#[12b]">&gt;&gt;</a>&nbsp;&nbsp;&nbsp;USB_OsaEnterCritical
</UL>
<BR>[Called By]<UL><LI><a href="#[12d]">&gt;&gt;</a>&nbsp;&nbsp;&nbsp;USB_DeviceClassGetSpeed
</UL>

<P><STRONG><a name="[142]"></a>USB_DeviceClassGetHandleByDeviceHandle</STRONG> (Thumb, 42 bytes, Stack size 16 bytes, usb_device_class.o(i.USB_DeviceClassGetHandleByDeviceHandle))
<BR><BR>[Stack]<UL><LI>Max Depth = 16<LI>Call Chain = USB_DeviceClassGetHandleByDeviceHandle
</UL>
<BR>[Calls]<UL><LI><a href="#[12c]">&gt;&gt;</a>&nbsp;&nbsp;&nbsp;USB_OsaExitCritical
<LI><a href="#[12b]">&gt;&gt;</a>&nbsp;&nbsp;&nbsp;USB_OsaEnterCritical
</UL>
<BR>[Called By]<UL><LI><a href="#[140]">&gt;&gt;</a>&nbsp;&nbsp;&nbsp;USB_DeviceClassEvent
<LI><a href="#[e4]">&gt;&gt;</a>&nbsp;&nbsp;&nbsp;USB_DeviceClassCallback
</UL>

<P><STRONG><a name="[127]"></a>ConvertRadixNumToString</STRONG> (Thumb, 112 bytes, Stack size 16 bytes, fsl_str.o(i.ConvertRadixNumToString))
<BR><BR>[Stack]<UL><LI>Max Depth = 16<LI>Call Chain = ConvertRadixNumToString
</UL>
<BR>[Called By]<UL><LI><a href="#[11a]">&gt;&gt;</a>&nbsp;&nbsp;&nbsp;StrFormatPrintf
</UL>

<P><STRONG><a name="[e0]"></a>DbgConsole_RelocateLog</STRONG> (Thumb, 56 bytes, Stack size 32 bytes, fsl_debug_console.o(i.DbgConsole_RelocateLog))
<BR><BR>[Stack]<UL><LI>Max Depth = 92<LI>Call Chain = DbgConsole_RelocateLog &rArr; LOG_Push &rArr; LOG_Pop &rArr; IO_Transfer &rArr; LPUART_ReadBlocking &rArr; LPUART_ClearStatusFlags
</UL>
<BR>[Calls]<UL><LI><a href="#[11b]">&gt;&gt;</a>&nbsp;&nbsp;&nbsp;LOG_Push
</UL>
<BR>[Address Reference Count : 1]<UL><LI> fsl_debug_console.o(i.DbgConsole_Printf)
</UL><P>
<H3>
Undefined Global Symbols
</H3><HR></body></html>
